ColoringBook — журнал запуска 2026-08-17 21:03:42
[bootstrap] каталог логов: D:/Godot/ColoringBook/logs
PlantCatalog ready: 9 variants x kinds
=== ColoringBook Bootstrap | BUILD STAMP: 2026-08-17-V322 (сжатие считалось ДО построения поля и выходило единицей)
[shaders] res://assets/shaders/terrain.gdshader — ок
[shaders] res://assets/shaders/water.gdshader — ок
[shaders] res://assets/shaders/foliage.gdshader — ок
[shaders] res://assets/shaders/impostor.gdshader — ок
[shaders] res://assets/shaders/sketch_id.gdshader — ок
[shaders] res://assets/shaders/sketch_depth.gdshader — ок
[shaders] res://assets/shaders/sketch_normal.gdshader — ок
[bootstrap] MaxFps=60, VSync=Disabled
[устройство] Windows, построение полное, уровень при запуске, журнал в res://logs, ядер 8
[bootstrap] StartupMode = Level
[разведка] поле 241x241 за 10874 мс, место (-22,1, 12,0) км от середины территории
[нрав] поднятие 7,7 м (разброс 0,52, период 17 км), врез 31, осыпание 0,014, итераций 365
[фон-эрозия] поле 481x481 за 50918 мс
[высоты] размах поля 3284 м, сжатие 0,76, дно 1000 м, верх 3500 м
[плитка] 5 км, ячейка 30 м, за 5760 мс
[маршруты] окно 20 км: опор 183, рёбер 320, сеть 418,6 км, за 11918 мс
[пояса] лес 0,491, редколесье 0,710, альпика 0,773, осыпь 0,802, скала 0,836, снег 0,851
[пояса] пределы выборки 110,8..360,7 ед (1000..3500 м), смещение -10,7 ед
[фон-материал] шейдер рельефа, размах высот 100,0..350,0 ед
[рельеф] средний уклон 25,1°, p95 48,0°, перепад 744 м, круче 35° 23%, доля дна 67%, шпилей 0
[старт] опора сети: вид 50%, (126, 180), сток 331, в 2,2 км от середины поля при пределе 5,4; опор всего 183
[дыра] высоты в точке старта: поле 2788 м, меш 2777 м, разница 11 м; накрывает кольцо 0, ячейка 30 м
[дыра] камера обхода садится на высоту ПОЛЯ, а видит меш: камера НАД поверхностью на 11 м
[дыра] треугольников рельефа вокруг точки: в 100 м — 41, в 500 м — 1084, в 2000 м — 13883
[дыра] место разведки (-22,1, 12,0) км от середины территории; игрок в 2197 м от середины ПОЛЯ
[дыра] половины колец, км: 4:28,8, 3:14,4, 2:7,2, 1:3,6, 0:1,8
[покров] по площади (3318 км²): Grassland 13,2%, Forest 43,3%, Shrubland 21,0%, Alpine 7,0%, Scree 6,1%, Rock 2,3%, Snow 7,1%
[вода] ячеек покрова по кольцам: 30м:2 60м:0 120м:0 240м:0 480м:0
[дренаж] сетка 241, область 58 км, 91 мс
[рельеф-отчёт] D:/Godot/ColoringBook/logs\20260817_210456_terrain.json
[рельеф-сетки] D:/Godot/ColoringBook/logs\20260817_210456_terrain.bin
[журнал] D:/Godot/ColoringBook/logs\20260817_210342_session.log
[фон-щели] одиночных рёбер 3360, из них на внешнем крае есть; радиусы от 180 до 2880 ед (границы колец: 180, 360, 720, 1440, 2880)
[фон-меш] рельеф: граней вверх 115200, вниз 0 (0,0%), вырожденных 0 | расхождение на стыке колец 0,0 м
[фон-пандус] наибольший уклон переходной полосы 29,4°, ширина полосы 8 ячеек (240..1920 м)
[фон] колец 5, шаг 30..480 м, область 58 км, четырёхугольников 57600, треугольников 115200
[растительность] поставлено 47011 вокруг игрока (выбор точки 0 мс, расстановка 185 мс)
[veg] раскладка по узлам за 469 мс
[veg] преград у деревьев: 4909, узлов MultiMesh: 14
[время] рельеф и меш: 73361 мс
--- Seed 42 | Season Summer ---
уровень из колец, сид 42
[камера] обзор на (126, 180), наклон 35°, удаление 2,2 км
[bootstrap] mode=Level (main scene). P = switch to plant gallery.
[bootstrap] galleryActive=False regions=0 | terrain: mesh=null visible=True | rivers: mesh=null visible=True | water: mesh=null visible=True | vegRoot: children=42 visible=True | galleryRoot=none
[impostor] Bush/2: ЗАПОЛНЕННОСТЬ СИЛУЭТА 85%, мелких дырок 10,8%  <-- МОНОЛИТ | ракурсов 8, отношение сторон 0,80, сторона кадра 2,95 лок.ед., центр 1,12, непрозрачных точек кадра 29,0%
[impostor] Bush/0: ЗАПОЛНЕННОСТЬ СИЛУЭТА 86%, мелких дырок 10,4%  <-- МОНОЛИТ | ракурсов 8, отношение сторон 0,47, сторона кадра 0,76 лок.ед., центр 0,09, непрозрачных точек кадра 21,2%
[impostor] Bush/1: ЗАПОЛНЕННОСТЬ СИЛУЭТА 85%, мелких дырок 9,5%  <-- МОНОЛИТ | ракурсов 8, отношение сторон 0,56, сторона кадра 1,13 лок.ед., центр 0,28, непрозрачных точек кадра 27,9%
[impostor] Flower/0: ЗАПОЛНЕННОСТЬ СИЛУЭТА 58%, мелких дырок 9,0% | ракурсов 8, отношение сторон 1,27, сторона кадра 1,04 лок.ед., центр 0,49, непрозрачных точек кадра 18,0%
[impostor] Pine/0: ЗАПОЛНЕННОСТЬ СИЛУЭТА 70%, мелких дырок 20,2% | ракурсов 8, отношение сторон 3,31, сторона кадра 8,04 лок.ед., центр 3,82, непрозрачных точек кадра 5,6%
[impostor] Pine/2: ЗАПОЛНЕННОСТЬ СИЛУЭТА 76%, мелких дырок 17,3% | ракурсов 8, отношение сторон 3,87, сторона кадра 9,82 лок.ед., центр 4,67, непрозрачных точек кадра 5,6%
[impostor] Pine/1: ЗАПОЛНЕННОСТЬ СИЛУЭТА 77%, мелких дырок 15,0% | ракурсов 8, отношение сторон 2,56, сторона кадра 9,86 лок.ед., центр 4,69, непрозрачных точек кадра 12,7%
[lod1] Bush/2: ЗАПОЛНЕННОСТЬ 86% (+1 к полному), мелких дырок 9,1% (-1,7 к полному)
[lod1] Bush/0: ЗАПОЛНЕННОСТЬ 88% (+2 к полному), мелких дырок 8,5% (-1,9 к полному)
[lod1] Bush/1: ЗАПОЛНЕННОСТЬ 86% (+1 к полному), мелких дырок 8,6% (-0,9 к полному)
[lod1] Flower/0: ЗАПОЛНЕННОСТЬ 64% (+6 к полному), мелких дырок 7,0% (-2,0 к полному)
[lod1] Pine/0: ЗАПОЛНЕННОСТЬ 49% (-22 к полному), мелких дырок 33,1% (+12,9 к полному)  <-- КРОНА РАСПАЛАСЬ  <-- СЫПЬ ОТ ПРОРЕЖИВАНИЯ
[lod1] Pine/2: ЗАПОЛНЕННОСТЬ 58% (-18 к полному), мелких дырок 38,6% (+21,3 к полному)  <-- КРОНА РАСПАЛАСЬ  <-- СЫПЬ ОТ ПРОРЕЖИВАНИЯ
[lod1] Pine/1: ЗАПОЛНЕННОСТЬ 46% (-31 к полному), мелких дырок 22,1% (+7,1 к полному)  <-- КРОНА РАСПАЛАСЬ
[рост] самоорганизация: выращено 0, осталось 0, сброшено затенённых 0, прорежено 0
[PERF] fps=60,0 frame=4,61ms draw=17 prim=192302 obj=619 vram=211,6MB tex=92,8MB | veg: full=0 lod1=0 hide=14828 instVis=32183 instHide=14828 chunks=14
[обход] 23 поз из точки (126, 180), земля 2788 м
[telemetry] обход уровня записан: D:/Godot/ColoringBook/logs\20260817_180503_seed42_sweep.json
[обход] 23 поз из точки (126, 180), земля 2788 м
[кадр] глаз 0°: неба 42%, пятен 2, крупнейшее 65%, ПУСТОТЫ 42% (в нижней половине 0%)
[sketch] шаблон: областей 73, из них удобных без увеличения 13, крупных заливок 3, непригодных 0; самая большая занимает 45% кадра, чернил 3,8%
[sketch] обход глаз 0°: шаблон: областей 73, из них удобных без увеличения 13, крупных заливок 3, непригодных 0; самая большая занимает 45% кадра, чернил 3,8%
[кадр] глаз 45°: неба 42%, пятен 2, крупнейшее 65%, ПУСТОТЫ 42% (в нижней половине 0%)
[sketch] шаблон: областей 98, из них удобных без увеличения 27, крупных заливок 2, непригодных 0; самая большая занимает 44% кадра, чернил 3,4%
[sketch] обход глаз 45°: шаблон: областей 98, из них удобных без увеличения 27, крупных заливок 2, непригодных 0; самая большая занимает 44% кадра, чернил 3,4%
[кадр] глаз 90°: неба 42%, пятен 2, крупнейшее 66%, ПУСТОТЫ 43% (в нижней половине 0%)
[sketch] шаблон: областей 106, из них удобных без увеличения 27, крупных заливок 1, непригодных 0; самая большая занимает 74% кадра, чернил 3,5%
[sketch] обход глаз 90°: шаблон: областей 106, из них удобных без увеличения 27, крупных заливок 1, непригодных 0; самая большая занимает 74% кадра, чернил 3,5%
[кадр] глаз 135°: неба 41%, пятен 2, крупнейшее 66%, ПУСТОТЫ 42% (в нижней половине 0%)
[sketch] шаблон: областей 104, из них удобных без увеличения 37, крупных заливок 2, непригодных 0; самая большая занимает 48% кадра, чернил 4,1%
[sketch] обход глаз 135°: шаблон: областей 104, из них удобных без увеличения 37, крупных заливок 2, непригодных 0; самая большая занимает 48% кадра, чернил 4,1%
[кадр] глаз 180°: неба 41%, пятен 3, крупнейшее 65%, ПУСТОТЫ 40% (в нижней половине 0%)
[sketch] шаблон: областей 111, из них удобных без увеличения 34, крупных заливок 3, непригодных 0; самая большая занимает 40% кадра, чернил 4,3%
[sketch] обход глаз 180°: шаблон: областей 111, из них удобных без увеличения 34, крупных заливок 3, непригодных 0; самая большая занимает 40% кадра, чернил 4,3%
[кадр] глаз 225°: неба 42%, пятен 4, крупнейшее 62%, ПУСТОТЫ 40% (в нижней половине 0%)
[PERF] fps=4,0 frame=2188,27ms draw=46 prim=1752162 obj=664 vram=238,6MB tex=120,3MB | veg: full=502 lod1=527 hide=14382 instVis=32629 instHide=14382 chunks=14
[sketch] шаблон: областей 127, из них удобных без увеличения 26, крупных заливок 2, непригодных 0; самая большая занимает 49% кадра, чернил 4,4%
[sketch] обход глаз 225°: шаблон: областей 127, из них удобных без увеличения 26, крупных заливок 2, непригодных 0; самая большая занимает 49% кадра, чернил 4,4%
[кадр] глаз 270°: неба 41%, пятен 4, крупнейшее 61%, ПУСТОТЫ 39% (в нижней половине 0%)
[sketch] шаблон: областей 112, из них удобных без увеличения 28, крупных заливок 2, непригодных 0; самая большая занимает 38% кадра, чернил 4,3%
[sketch] обход глаз 270°: шаблон: областей 112, из них удобных без увеличения 28, крупных заливок 2, непригодных 0; самая большая занимает 38% кадра, чернил 4,3%
[кадр] глаз 315°: неба 42%, пятен 3, крупнейшее 64%, ПУСТОТЫ 41% (в нижней половине 0%)
[sketch] шаблон: областей 87, из них удобных без увеличения 24, крупных заливок 2, непригодных 0; самая большая занимает 46% кадра, чернил 4,3%
[sketch] обход глаз 315°: шаблон: областей 87, из них удобных без увеличения 24, крупных заливок 2, непригодных 0; самая большая занимает 46% кадра, чернил 4,3%
[кадр] шар 0°: неба 37%, пятен 4, крупнейшее 33%, ПУСТОТЫ 34% (в нижней половине 0%)
[sketch] шаблон: областей 7, из них удобных без увеличения 0, крупных заливок 2, непригодных 0; самая большая занимает 61% кадра, чернил 0,8%
[sketch] обход шар 0°: шаблон: областей 7, из них удобных без увеличения 0, крупных заливок 2, непригодных 0; самая большая занимает 61% кадра, чернил 0,8%
[кадр] шар 90°: неба 35%, пятен 4, крупнейшее 57%, ПУСТОТЫ 34% (в нижней половине 0%)
[sketch] шаблон: областей 32, из них удобных без увеличения 7, крупных заливок 2, непригодных 0; самая большая занимает 45% кадра, чернил 4,0%
[sketch] обход шар 90°: шаблон: областей 32, из них удобных без увеличения 7, крупных заливок 2, непригодных 0; самая большая занимает 45% кадра, чернил 4,0%
[кадр] шар 180°: неба 41%, пятен 3, крупнейшее 60%, ПУСТОТЫ 34% (в нижней половине 0%)
[sketch] шаблон: областей 13, из них удобных без увеличения 5, крупных заливок 2, непригодных 0; самая большая занимает 56% кадра, чернил 1,6%
[sketch] обход шар 180°: шаблон: областей 13, из них удобных без увеличения 5, крупных заливок 2, непригодных 0; самая большая занимает 56% кадра, чернил 1,6%
[кадр] шар 270°: неба 42%, пятен 6, крупнейшее 33%, ПУСТОТЫ 34% (в нижней половине 0%)
[sketch] шаблон: областей 3, из них удобных без увеличения 1, крупных заливок 2, непригодных 0; самая большая занимает 64% кадра, чернил 0,4%
[sketch] обход шар 270°: шаблон: областей 3, из них удобных без увеличения 1, крупных заливок 2, непригодных 0; самая большая занимает 64% кадра, чернил 0,4%
[кадр] обзор: неба 16%, пятен 3, крупнейшее 33%, ПУСТОТЫ 9% (в нижней половине 0%)
[sketch] шаблон: областей 16, из них удобных без увеличения 1, крупных заливок 2, непригодных 0; самая большая занимает 71% кадра, чернил 1,5%
[sketch] обход обзор: шаблон: областей 16, из них удобных без увеличения 1, крупных заливок 2, непригодных 0; самая большая занимает 71% кадра, чернил 1,5%
[кадр] под ноги: неба 0%, пятен 10, крупнейшее 24%, ПУСТОТЫ 0% (в нижней половине 0%)
[sketch] шаблон: областей 5, из них удобных без увеличения 3, крупных заливок 2, непригодных 0; самая большая занимает 67% кадра, чернил 0,9%
[sketch] обход под ноги: шаблон: областей 5, из них удобных без увеличения 3, крупных заливок 2, непригодных 0; самая большая занимает 67% кадра, чернил 0,9%
[кадр] уровень сверху: неба 54%, пятен 5, крупнейшее 59%, ПУСТОТЫ 50% (в нижней половине 50%)
[PERF] fps=4,0 frame=1491,88ms draw=17 prim=192334 obj=635 vram=238,6MB tex=120,3MB | veg: full=0 lod1=0 hide=14828 instVis=32183 instHide=14828 chunks=14
[sketch] шаблон: областей 1, из них удобных без увеличения 0, крупных заливок 1, непригодных 0; самая большая занимает 100% кадра, чернил 0,0%
[sketch] обход уровень сверху: шаблон: областей 1, из них удобных без увеличения 0, крупных заливок 1, непригодных 0; самая большая занимает 100% кадра, чернил 0,0%
[кадр] уровень с юга: неба 57%, пятен 4, крупнейшее 61%, ПУСТОТЫ 53% (в нижней половине 22%)
[sketch] шаблон: областей 1, из них удобных без увеличения 0, крупных заливок 1, непригодных 0; самая большая занимает 100% кадра, чернил 0,0%
[sketch] обход уровень с юга: шаблон: областей 1, из них удобных без увеличения 0, крупных заливок 1, непригодных 0; самая большая занимает 100% кадра, чернил 0,0%
[кадр] уровень с юго-запада: неба 79%, пятен 2, крупнейшее 96%, ПУСТОТЫ 78% (в нижней половине 64%)
[sketch] шаблон: областей 1, из них удобных без увеличения 0, крупных заливок 1, непригодных 0; самая большая занимает 100% кадра, чернил 0,0%
[sketch] обход уровень с юго-запада: шаблон: областей 1, из них удобных без увеличения 0, крупных заливок 1, непригодных 0; самая большая занимает 100% кадра, чернил 0,0%
[кадр] уровень с запада: неба 58%, пятен 6, крупнейшее 55%, ПУСТОТЫ 53% (в нижней половине 23%)
[sketch] шаблон: областей 1, из них удобных без увеличения 0, крупных заливок 1, непригодных 0; самая большая занимает 100% кадра, чернил 0,0%
[sketch] обход уровень с запада: шаблон: областей 1, из них удобных без увеличения 0, крупных заливок 1, непригодных 0; самая большая занимает 100% кадра, чернил 0,0%
[кадр] уровень с северо-запада: неба 79%, пятен 2, крупнейшее 96%, ПУСТОТЫ 77% (в нижней половине 65%)
[sketch] шаблон: областей 1, из них удобных без увеличения 0, крупных заливок 1, непригодных 0; самая большая занимает 100% кадра, чернил 0,0%
[sketch] обход уровень с северо-запада: шаблон: областей 1, из них удобных без увеличения 0, крупных заливок 1, непригодных 0; самая большая занимает 100% кадра, чернил 0,0%
[кадр] уровень с севера: неба 56%, пятен 5, крупнейшее 58%, ПУСТОТЫ 52% (в нижней половине 20%)
[sketch] шаблон: областей 1, из них удобных без увеличения 0, крупных заливок 1, непригодных 0; самая большая занимает 100% кадра, чернил 0,0%
[sketch] обход уровень с севера: шаблон: областей 1, из них удобных без увеличения 0, крупных заливок 1, непригодных 0; самая большая занимает 100% кадра, чернил 0,0%
[кадр] уровень с северо-востока: неба 79%, пятен 1, крупнейшее 97%, ПУСТОТЫ 77% (в нижней половине 64%)
[sketch] шаблон: областей 1, из них удобных без увеличения 0, крупных заливок 1, непригодных 0; самая большая занимает 100% кадра, чернил 0,0%
[sketch] обход уровень с северо-востока: шаблон: областей 1, из них удобных без увеличения 0, крупных заливок 1, непригодных 0; самая большая занимает 100% кадра, чернил 0,0%
[кадр] уровень с востока: неба 56%, пятен 4, крупнейшее 54%, ПУСТОТЫ 53% (в нижней половине 21%)
[sketch] шаблон: областей 1, из них удобных без увеличения 0, крупных заливок 1, непригодных 0; самая большая занимает 100% кадра, чернил 0,0%
[sketch] обход уровень с востока: шаблон: областей 1, из них удобных без увеличения 0, крупных заливок 1, непригодных 0; самая большая занимает 100% кадра, чернил 0,0%
[кадр] уровень с юго-востока: неба 79%, пятен 1, крупнейшее 97%, ПУСТОТЫ 78% (в нижней половине 64%)
[sketch] шаблон: областей 1, из них удобных без увеличения 0, крупных заливок 1, непригодных 0; самая большая занимает 100% кадра, чернил 0,0%
[sketch] обход уровень с юго-востока: шаблон: областей 1, из них удобных без увеличения 0, крупных заливок 1, непригодных 0; самая большая занимает 100% кадра, чернил 0,0%
[telemetry] снимков сохранено: 23 в D:/Godot/ColoringBook/logs\20260817_180503_seed42_sweep_shots
[PERF] fps=6,0 frame=1465,31ms draw=17 prim=192314 obj=625 vram=209,0MB tex=89,3MB | veg: full=0 lod1=0 hide=14828 instVis=32183 instHide=14828 chunks=14
[PERF] fps=60,0 frame=2,92ms draw=17 prim=192302 obj=619 vram=209,0MB tex=89,3MB | veg: full=0 lod1=0 hide=14828 instVis=32183 instHide=14828 chunks=14
[PERF] fps=60,0 frame=3,50ms draw=17 prim=192302 obj=619 vram=209,0MB tex=89,3MB | veg: full=0 lod1=0 hide=14828 instVis=32183 instHide=14828 chunks=14
[PERF] fps=60,0 frame=2,89ms draw=17 prim=192302 obj=619 vram=209,0MB tex=89,3MB | veg: full=0 lod1=0 hide=14828 instVis=32183 instHide=14828 chunks=14
[PERF] fps=60,0 frame=4,56ms draw=17 prim=192302 obj=619 vram=209,0MB tex=89,3MB | veg: full=0 lod1=0 hide=14828 instVis=32183 instHide=14828 chunks=14
[PERF] fps=60,0 frame=2,65ms draw=17 prim=192302 obj=619 vram=209,0MB tex=89,3MB | veg: full=0 lod1=0 hide=14828 instVis=32183 instHide=14828 chunks=14
[PERF] fps=60,0 frame=3,45ms draw=17 prim=192302 obj=619 vram=209,0MB tex=89,3MB | veg: full=0 lod1=0 hide=14828 instVis=32183 instHide=14828 chunks=14
[PERF] fps=60,0 frame=3,19ms draw=17 prim=192302 obj=619 vram=209,0MB tex=89,3MB | veg: full=0 lod1=0 hide=14828 instVis=32183 instHide=14828 chunks=14
[PERF] fps=60,0 frame=3,10ms draw=17 prim=192302 obj=619 vram=209,0MB tex=89,3MB | veg: full=0 lod1=0 hide=14828 instVis=32183 instHide=14828 chunks=14
[PERF] fps=60,0 frame=3,64ms draw=17 prim=192302 obj=619 vram=209,0MB tex=89,3MB | veg: full=0 lod1=0 hide=14828 instVis=32183 instHide=14828 chunks=14
[PERF] fps=60,0 frame=2,70ms draw=17 prim=192302 obj=619 vram=209,0MB tex=89,3MB | veg: full=0 lod1=0 hide=14828 instVis=32183 instHide=14828 chunks=14
[PERF] fps=60,0 frame=2,84ms draw=17 prim=192302 obj=619 vram=209,0MB tex=89,3MB | veg: full=0 lod1=0 hide=14828 instVis=32183 instHide=14828 chunks=14
[PERF] fps=60,0 frame=3,67ms draw=17 prim=192302 obj=619 vram=209,0MB tex=89,3MB | veg: full=0 lod1=0 hide=14828 instVis=32183 instHide=14828 chunks=14
[PERF] fps=60,0 frame=2,76ms draw=17 prim=192302 obj=619 vram=209,0MB tex=89,3MB | veg: full=0 lod1=0 hide=14828 instVis=32183 instHide=14828 chunks=14
[PERF] fps=60,0 frame=2,94ms draw=17 prim=192302 obj=619 vram=209,0MB tex=89,3MB | veg: full=0 lod1=0 hide=14828 instVis=32183 instHide=14828 chunks=14
[PERF] fps=60,0 frame=3,19ms draw=17 prim=192302 obj=619 vram=209,0MB tex=89,3MB | veg: full=0 lod1=0 hide=14828 instVis=32183 instHide=14828 chunks=14
[PERF] fps=60,0 frame=3,45ms draw=17 prim=192302 obj=619 vram=209,0MB tex=89,3MB | veg: full=0 lod1=0 hide=14828 instVis=32183 instHide=14828 chunks=14
[PERF] fps=60,0 frame=2,55ms draw=17 prim=192302 obj=619 vram=209,0MB tex=89,3MB | veg: full=0 lod1=0 hide=14828 instVis=32183 instHide=14828 chunks=14
[PERF] fps=60,0 frame=2,52ms draw=17 prim=192302 obj=619 vram=209,0MB tex=89,3MB | veg: full=0 lod1=0 hide=14828 instVis=32183 instHide=14828 chunks=14
[PERF] fps=60,0 frame=2,78ms draw=17 prim=192302 obj=619 vram=209,0MB tex=89,3MB | veg: full=0 lod1=0 hide=14828 instVis=32183 instHide=14828 chunks=14
[PERF] fps=60,0 frame=2,48ms draw=17 prim=192302 obj=619 vram=209,0MB tex=89,3MB | veg: full=0 lod1=0 hide=14828 instVis=32183 instHide=14828 chunks=14
[PERF] fps=60,0 frame=2,49ms draw=17 prim=192302 obj=619 vram=209,0MB tex=89,3MB | veg: full=0 lod1=0 hide=14828 instVis=32183 instHide=14828 chunks=14
[PERF] fps=60,0 frame=4,63ms draw=17 prim=192302 obj=619 vram=209,0MB tex=89,3MB | veg: full=0 lod1=0 hide=14828 instVis=32183 instHide=14828 chunks=14
[PERF] fps=60,0 frame=3,06ms draw=17 prim=192302 obj=619 vram=209,0MB tex=89,3MB | veg: full=0 lod1=0 hide=14828 instVis=32183 instHide=14828 chunks=14
[PERF] fps=60,0 frame=5,92ms draw=17 prim=192302 obj=619 vram=209,0MB tex=89,3MB | veg: full=0 lod1=0 hide=14828 instVis=32183 instHide=14828 chunks=14
[PERF] fps=60,0 frame=6,90ms draw=17 prim=192302 obj=619 vram=209,0MB tex=89,3MB | veg: full=0 lod1=0 hide=14828 instVis=32183 instHide=14828 chunks=14
[PERF] fps=60,0 frame=3,43ms draw=17 prim=192302 obj=619 vram=209,0MB tex=89,3MB | veg: full=0 lod1=0 hide=14828 instVis=32183 instHide=14828 chunks=14
[PERF] fps=60,0 frame=3,47ms draw=17 prim=192302 obj=619 vram=209,0MB tex=89,3MB | veg: full=0 lod1=0 hide=14828 instVis=32183 instHide=14828 chunks=14
[PERF] fps=60,0 frame=3,34ms draw=17 prim=192302 obj=619 vram=209,0MB tex=89,3MB | veg: full=0 lod1=0 hide=14828 instVis=32183 instHide=14828 chunks=14
[PERF] fps=59,0 frame=4,35ms draw=17 prim=192302 obj=619 vram=209,0MB tex=89,3MB | veg: full=0 lod1=0 hide=14828 instVis=32183 instHide=14828 chunks=14
[PERF] fps=60,0 frame=3,25ms draw=17 prim=192302 obj=619 vram=209,0MB tex=89,3MB | veg: full=0 lod1=0 hide=14828 instVis=32183 instHide=14828 chunks=14
