ColoringBook — журнал запуска 2026-08-17 21:45:20
[bootstrap] каталог логов: D:/Godot/ColoringBook/logs
PlantCatalog ready: 9 variants x kinds
=== ColoringBook Bootstrap | BUILD STAMP: 2026-08-17-V324 (игрок стоял внутри чащи: неба 6%; прогалина 60 м)
[shaders] res://assets/shaders/terrain.gdshader — ок
[shaders] res://assets/shaders/water.gdshader — ок
[shaders] res://assets/shaders/foliage.gdshader — ок
[shaders] res://assets/shaders/impostor.gdshader — ок
[shaders] res://assets/shaders/sketch_id.gdshader — ок
[shaders] res://assets/shaders/sketch_depth.gdshader — ок
[shaders] res://assets/shaders/sketch_normal.gdshader — ок
[bootstrap] MaxFps=60, VSync=Disabled
[устройство] Windows, построение полное, уровень при запуске, журнал в res://logs, ядер 8
[bootstrap] StartupMode = Level
[разведка] поле 241x241 за 11089 мс, место (-22,1, 12,0) км от середины территории
[нрав] поднятие 7,7 м (разброс 0,52, период 17 км), врез 31, осыпание 0,014, итераций 365
[фон-эрозия] поле 481x481 за 53506 мс
[высоты] размах поля 3284 м, сжатие 0,76, дно 1000 м, верх 3500 м
[плитка] 5 км, ячейка 30 м, за 5829 мс
[маршруты] окно 20 км: опор 183, рёбер 320, сеть 418,6 км, за 11682 мс
[пояса] лес 0,491, редколесье 0,710, альпика 0,773, осыпь 0,802, скала 0,836, снег 0,851
[пояса] пределы выборки 110,8..360,7 ед (1000..3500 м), смещение -10,7 ед
[фон-материал] шейдер рельефа, размах высот 100,0..350,0 ед
[рельеф] средний уклон 25,1°, p95 48,0°, перепад 744 м, круче 35° 23%, доля дна 67%, шпилей 0
[старт] пояс Forest, высота 2772 м
[старт] опора сети: вид 58%, (423, 324), сток 10, в 5,3 км от середины поля при пределе 5,4; опор всего 183
[дыра] высоты в точке старта: поле 2772 м, меш 2771 м, разница 0 м; накрывает кольцо 2, ячейка 120 м
[дыра] камера обхода садится на высоту ПОЛЯ, а видит меш: камера НАД поверхностью на 0 м
[дыра] треугольников рельефа вокруг точки: в 100 м — 5, в 500 м — 110, в 2000 м — 2739
[дыра] место разведки (-22,1, 12,0) км от середины территории; игрок в 5328 м от середины ПОЛЯ
[дыра] половины колец, км: 4:28,8, 3:14,4, 2:7,2, 1:3,6, 0:1,8
[покров] по площади (3318 км²): Grassland 13,2%, Forest 43,3%, Shrubland 21,0%, Alpine 7,0%, Scree 6,1%, Rock 2,3%, Snow 7,1%
[вода] ячеек покрова по кольцам: 30м:2 60м:0 120м:0 240м:0 480м:0
[дренаж] сетка 241, область 58 км, 74 мс
[рельеф-отчёт] D:/Godot/ColoringBook/logs\20260817_214636_terrain.json
[рельеф-сетки] D:/Godot/ColoringBook/logs\20260817_214636_terrain.bin
[журнал] D:/Godot/ColoringBook/logs\20260817_214520_session.log
[фон-щели] одиночных рёбер 3360, из них на внешнем крае есть; радиусы от 180 до 2880 ед (границы колец: 180, 360, 720, 1440, 2880)
[фон-меш] рельеф: граней вверх 115200, вниз 0 (0,0%), вырожденных 0 | расхождение на стыке колец 0,0 м
[фон-пандус] наибольший уклон переходной полосы 29,4°, ширина полосы 8 ячеек (240..1920 м)
[фон] колец 5, шаг 30..480 м, область 58 км, четырёхугольников 57600, треугольников 115200
[растительность] поставлено 47407 вокруг игрока (выбор точки 0 мс, расстановка 150 мс)
[veg] раскладка по узлам за 574 мс
[veg] преград у деревьев: 18732, узлов MultiMesh: 26
[время] рельеф и меш: 75812 мс
--- Seed 42 | Season Summer ---
уровень из колец, сид 42
[камера] обзор на (423, 324), наклон 35°, удаление 2,2 км
[bootstrap] mode=Level (main scene). P = switch to plant gallery.
[bootstrap] galleryActive=False regions=0 | terrain: mesh=null visible=True | rivers: mesh=null visible=True | water: mesh=null visible=True | vegRoot: children=78 visible=True | galleryRoot=none
[impostor] Pine/2: ЗАПОЛНЕННОСТЬ СИЛУЭТА 76%, мелких дырок 17,3% | ракурсов 8, отношение сторон 3,87, сторона кадра 9,82 лок.ед., центр 4,67, непрозрачных точек кадра 5,6%
[impostor] Pine/0: ЗАПОЛНЕННОСТЬ СИЛУЭТА 70%, мелких дырок 20,2% | ракурсов 8, отношение сторон 3,31, сторона кадра 8,04 лок.ед., центр 3,82, непрозрачных точек кадра 5,6%
[impostor] Flower/0: ЗАПОЛНЕННОСТЬ СИЛУЭТА 58%, мелких дырок 9,0% | ракурсов 8, отношение сторон 1,27, сторона кадра 1,04 лок.ед., центр 0,49, непрозрачных точек кадра 18,0%
[impostor] Pine/1: ЗАПОЛНЕННОСТЬ СИЛУЭТА 77%, мелких дырок 15,0% | ракурсов 8, отношение сторон 2,56, сторона кадра 9,86 лок.ед., центр 4,69, непрозрачных точек кадра 12,7%
[impostor] Bush/0: ЗАПОЛНЕННОСТЬ СИЛУЭТА 86%, мелких дырок 10,4%  <-- МОНОЛИТ | ракурсов 8, отношение сторон 0,47, сторона кадра 0,76 лок.ед., центр 0,09, непрозрачных точек кадра 21,2%
[impostor] Bush/2: ЗАПОЛНЕННОСТЬ СИЛУЭТА 85%, мелких дырок 10,8%  <-- МОНОЛИТ | ракурсов 8, отношение сторон 0,80, сторона кадра 2,95 лок.ед., центр 1,12, непрозрачных точек кадра 29,0%
[impostor] Bush/1: ЗАПОЛНЕННОСТЬ СИЛУЭТА 85%, мелких дырок 9,5%  <-- МОНОЛИТ | ракурсов 8, отношение сторон 0,56, сторона кадра 1,13 лок.ед., центр 0,28, непрозрачных точек кадра 27,9%
[lod1] Pine/2: ЗАПОЛНЕННОСТЬ 58% (-18 к полному), мелких дырок 38,6% (+21,3 к полному)  <-- КРОНА РАСПАЛАСЬ  <-- СЫПЬ ОТ ПРОРЕЖИВАНИЯ
[lod1] Pine/0: ЗАПОЛНЕННОСТЬ 49% (-22 к полному), мелких дырок 33,1% (+12,9 к полному)  <-- КРОНА РАСПАЛАСЬ  <-- СЫПЬ ОТ ПРОРЕЖИВАНИЯ
[lod1] Flower/0: ЗАПОЛНЕННОСТЬ 64% (+6 к полному), мелких дырок 7,0% (-2,0 к полному)
[lod1] Pine/1: ЗАПОЛНЕННОСТЬ 46% (-31 к полному), мелких дырок 22,1% (+7,1 к полному)  <-- КРОНА РАСПАЛАСЬ
[lod1] Bush/0: ЗАПОЛНЕННОСТЬ 88% (+2 к полному), мелких дырок 8,5% (-1,9 к полному)
[lod1] Bush/2: ЗАПОЛНЕННОСТЬ 86% (+1 к полному), мелких дырок 9,1% (-1,7 к полному)
[lod1] Bush/1: ЗАПОЛНЕННОСТЬ 86% (+1 к полному), мелких дырок 8,6% (-0,9 к полному)
[рост] самоорганизация: выращено 0, осталось 0, сброшено затенённых 0, прорежено 0
[PERF] fps=60,0 frame=18,09ms draw=27 prim=202574 obj=629 vram=220,3MB tex=92,8MB | veg: full=0 lod1=0 hide=10088 instVis=37319 instHide=10088 chunks=26
[PERF] fps=60,0 frame=2,02ms draw=27 prim=202574 obj=629 vram=220,3MB tex=92,8MB | veg: full=0 lod1=0 hide=10088 instVis=37319 instHide=10088 chunks=26
[PERF] fps=60,0 frame=2,29ms draw=27 prim=202574 obj=629 vram=220,3MB tex=92,8MB | veg: full=0 lod1=0 hide=10088 instVis=37319 instHide=10088 chunks=26
[PERF] fps=60,0 frame=2,32ms draw=27 prim=202574 obj=629 vram=220,3MB tex=92,8MB | veg: full=0 lod1=0 hide=10088 instVis=37319 instHide=10088 chunks=26
[обход] 23 поз из точки (423, 324), земля 2772 м
[telemetry] обход уровня записан: D:/Godot/ColoringBook/logs\20260817_184654_seed42_sweep.json
[обход] 23 поз из точки (423, 324), земля 2772 м
[кадр] глаз 0°: неба 15%, пятен 8, крупнейшее 29%, ПУСТОТЫ 17% (в нижней половине 0%)
[sketch] шаблон: областей 178, из них удобных без увеличения 56, крупных заливок 2, непригодных 0; самая большая занимает 49% кадра, чернил 5,6%
[sketch] обход глаз 0°: шаблон: областей 178, из них удобных без увеличения 56, крупных заливок 2, непригодных 0; самая большая занимает 49% кадра, чернил 5,6%
[кадр] глаз 45°: неба 2%, пятен 9, крупнейшее 31%, ПУСТОТЫ 5% (в нижней половине 0%)
[sketch] шаблон: областей 272, из них удобных без увеличения 90, крупных заливок 1, непригодных 0; самая большая занимает 46% кадра, чернил 7,4%
[sketch] обход глаз 45°: шаблон: областей 272, из них удобных без увеличения 90, крупных заливок 1, непригодных 0; самая большая занимает 46% кадра, чернил 7,4%
[кадр] глаз 90°: неба 1%, пятен 8, крупнейшее 32%, ПУСТОТЫ 3% (в нижней половине 0%)
[PERF] fps=4,0 frame=1906,53ms draw=72 prim=2538596 obj=686 vram=245,1MB tex=120,3MB | veg: full=356 lod1=734 hide=9735 instVis=37672 instHide=9735 chunks=26
[sketch] шаблон: областей 234, из них удобных без увеличения 68, крупных заливок 2, непригодных 0; самая большая занимает 44% кадра, чернил 7,3%
[sketch] обход глаз 90°: шаблон: областей 234, из них удобных без увеличения 68, крупных заливок 2, непригодных 0; самая большая занимает 44% кадра, чернил 7,3%
[кадр] глаз 135°: неба 0%, пятен 8, крупнейшее 31%, ПУСТОТЫ 2% (в нижней половине 0%)
[sketch] шаблон: областей 241, из них удобных без увеличения 73, крупных заливок 3, непригодных 0; самая большая занимает 45% кадра, чернил 7,9%
[sketch] обход глаз 135°: шаблон: областей 241, из них удобных без увеличения 73, крупных заливок 3, непригодных 0; самая большая занимает 45% кадра, чернил 7,9%
[кадр] глаз 180°: неба 1%, пятен 10, крупнейшее 22%, ПУСТОТЫ 2% (в нижней половине 0%)
[sketch] шаблон: областей 231, из них удобных без увеличения 59, крупных заливок 4, непригодных 0; самая большая занимает 42% кадра, чернил 6,9%
[sketch] обход глаз 180°: шаблон: областей 231, из них удобных без увеличения 59, крупных заливок 4, непригодных 0; самая большая занимает 42% кадра, чернил 6,9%
[кадр] глаз 225°: неба 0%, пятен 6, крупнейшее 26%, ПУСТОТЫ 1% (в нижней половине 0%)
[sketch] шаблон: областей 223, из них удобных без увеличения 61, крупных заливок 3, непригодных 0; самая большая занимает 45% кадра, чернил 6,6%
[sketch] обход глаз 225°: шаблон: областей 223, из них удобных без увеличения 61, крупных заливок 3, непригодных 0; самая большая занимает 45% кадра, чернил 6,6%
[кадр] глаз 270°: неба 11%, пятен 10, крупнейшее 20%, ПУСТОТЫ 14% (в нижней половине 0%)
[sketch] шаблон: областей 186, из них удобных без увеличения 48, крупных заливок 4, непригодных 0; самая большая занимает 46% кадра, чернил 5,2%
[sketch] обход глаз 270°: шаблон: областей 186, из них удобных без увеличения 48, крупных заливок 4, непригодных 0; самая большая занимает 46% кадра, чернил 5,2%
[кадр] глаз 315°: неба 11%, пятен 9, крупнейшее 27%, ПУСТОТЫ 15% (в нижней половине 0%)
[sketch] шаблон: областей 185, из них удобных без увеличения 55, крупных заливок 2, непригодных 0; самая большая занимает 49% кадра, чернил 5,4%
[sketch] обход глаз 315°: шаблон: областей 185, из них удобных без увеличения 55, крупных заливок 2, непригодных 0; самая большая занимает 49% кадра, чернил 5,4%
[кадр] шар 0°: неба 37%, пятен 3, крупнейшее 62%, ПУСТОТЫ 34% (в нижней половине 0%)
[sketch] шаблон: областей 2, из них удобных без увеличения 0, крупных заливок 2, непригодных 0; самая большая занимает 63% кадра, чернил 0,4%
[sketch] обход шар 0°: шаблон: областей 2, из них удобных без увеличения 0, крупных заливок 2, непригодных 0; самая большая занимает 63% кадра, чернил 0,4%
[кадр] шар 90°: неба 35%, пятен 2, крупнейшее 63%, ПУСТОТЫ 34% (в нижней половине 0%)
[sketch] шаблон: областей 29, из них удобных без увеличения 12, крупных заливок 2, непригодных 0; самая большая занимает 48% кадра, чернил 3,4%
[sketch] обход шар 90°: шаблон: областей 29, из них удобных без увеличения 12, крупных заливок 2, непригодных 0; самая большая занимает 48% кадра, чернил 3,4%
[кадр] шар 180°: неба 37%, пятен 4, крупнейшее 50%, ПУСТОТЫ 34% (в нижней половине 0%)
[sketch] шаблон: областей 33, из них удобных без увеличения 10, крупных заливок 2, непригодных 0; самая большая занимает 43% кадра, чернил 4,9%
[sketch] обход шар 180°: шаблон: областей 33, из них удобных без увеличения 10, крупных заливок 2, непригодных 0; самая большая занимает 43% кадра, чернил 4,9%
[PERF] fps=6,0 frame=1658,54ms draw=40 prim=401436 obj=650 vram=247,2MB tex=120,3MB | veg: full=0 lod1=0 hide=10088 instVis=37319 instHide=10088 chunks=26
[кадр] шар 270°: неба 39%, пятен 4, крупнейшее 33%, ПУСТОТЫ 34% (в нижней половине 0%)
[sketch] шаблон: областей 20, из них удобных без увеличения 5, крупных заливок 2, непригодных 0; самая большая занимает 51% кадра, чернил 2,7%
[sketch] обход шар 270°: шаблон: областей 20, из них удобных без увеличения 5, крупных заливок 2, непригодных 0; самая большая занимает 51% кадра, чернил 2,7%
[кадр] обзор: неба 15%, пятен 4, крупнейшее 33%, ПУСТОТЫ 9% (в нижней половине 0%)
[sketch] шаблон: областей 11, из них удобных без увеличения 1, крупных заливок 2, непригодных 0; самая большая занимает 64% кадра, чернил 1,7%
[sketch] обход обзор: шаблон: областей 11, из них удобных без увеличения 1, крупных заливок 2, непригодных 0; самая большая занимает 64% кадра, чернил 1,7%
[кадр] под ноги: неба 0%, пятен 6, крупнейшее 33%, ПУСТОТЫ 0% (в нижней половине 0%)
[sketch] шаблон: областей 1, из них удобных без увеличения 0, крупных заливок 1, непригодных 0; самая большая занимает 100% кадра, чернил 0,0%
[sketch] обход под ноги: шаблон: областей 1, из них удобных без увеличения 0, крупных заливок 1, непригодных 0; самая большая занимает 100% кадра, чернил 0,0%
[кадр] уровень сверху: неба 54%, пятен 5, крупнейшее 59%, ПУСТОТЫ 50% (в нижней половине 50%)
[sketch] шаблон: областей 1, из них удобных без увеличения 0, крупных заливок 1, непригодных 0; самая большая занимает 100% кадра, чернил 0,0%
[sketch] обход уровень сверху: шаблон: областей 1, из них удобных без увеличения 0, крупных заливок 1, непригодных 0; самая большая занимает 100% кадра, чернил 0,0%
[кадр] уровень с юга: неба 57%, пятен 4, крупнейшее 61%, ПУСТОТЫ 53% (в нижней половине 22%)
[sketch] шаблон: областей 1, из них удобных без увеличения 0, крупных заливок 1, непригодных 0; самая большая занимает 100% кадра, чернил 0,0%
[sketch] обход уровень с юга: шаблон: областей 1, из них удобных без увеличения 0, крупных заливок 1, непригодных 0; самая большая занимает 100% кадра, чернил 0,0%
[кадр] уровень с юго-запада: неба 79%, пятен 2, крупнейшее 96%, ПУСТОТЫ 78% (в нижней половине 64%)
[sketch] шаблон: областей 1, из них удобных без увеличения 0, крупных заливок 1, непригодных 0; самая большая занимает 100% кадра, чернил 0,0%
[sketch] обход уровень с юго-запада: шаблон: областей 1, из них удобных без увеличения 0, крупных заливок 1, непригодных 0; самая большая занимает 100% кадра, чернил 0,0%
[кадр] уровень с запада: неба 58%, пятен 6, крупнейшее 55%, ПУСТОТЫ 53% (в нижней половине 23%)
[sketch] шаблон: областей 1, из них удобных без увеличения 0, крупных заливок 1, непригодных 0; самая большая занимает 100% кадра, чернил 0,0%
[sketch] обход уровень с запада: шаблон: областей 1, из них удобных без увеличения 0, крупных заливок 1, непригодных 0; самая большая занимает 100% кадра, чернил 0,0%
[кадр] уровень с северо-запада: неба 79%, пятен 2, крупнейшее 96%, ПУСТОТЫ 77% (в нижней половине 65%)
[sketch] шаблон: областей 1, из них удобных без увеличения 0, крупных заливок 1, непригодных 0; самая большая занимает 100% кадра, чернил 0,0%
[sketch] обход уровень с северо-запада: шаблон: областей 1, из них удобных без увеличения 0, крупных заливок 1, непригодных 0; самая большая занимает 100% кадра, чернил 0,0%
[кадр] уровень с севера: неба 56%, пятен 5, крупнейшее 58%, ПУСТОТЫ 52% (в нижней половине 20%)
[PERF] fps=2,0 frame=429,68ms draw=27 prim=202590 obj=637 vram=229,1MB tex=104,3MB | veg: full=0 lod1=0 hide=10088 instVis=37319 instHide=10088 chunks=26
[sketch] шаблон: областей 1, из них удобных без увеличения 0, крупных заливок 1, непригодных 0; самая большая занимает 100% кадра, чернил 0,0%
[sketch] обход уровень с севера: шаблон: областей 1, из них удобных без увеличения 0, крупных заливок 1, непригодных 0; самая большая занимает 100% кадра, чернил 0,0%
[кадр] уровень с северо-востока: неба 79%, пятен 1, крупнейшее 97%, ПУСТОТЫ 77% (в нижней половине 64%)
[sketch] шаблон: областей 1, из них удобных без увеличения 0, крупных заливок 1, непригодных 0; самая большая занимает 100% кадра, чернил 0,0%
[sketch] обход уровень с северо-востока: шаблон: областей 1, из них удобных без увеличения 0, крупных заливок 1, непригодных 0; самая большая занимает 100% кадра, чернил 0,0%
[кадр] уровень с востока: неба 56%, пятен 4, крупнейшее 54%, ПУСТОТЫ 53% (в нижней половине 21%)
[sketch] шаблон: областей 1, из них удобных без увеличения 0, крупных заливок 1, непригодных 0; самая большая занимает 100% кадра, чернил 0,0%
[sketch] обход уровень с востока: шаблон: областей 1, из них удобных без увеличения 0, крупных заливок 1, непригодных 0; самая большая занимает 100% кадра, чернил 0,0%
[кадр] уровень с юго-востока: неба 79%, пятен 1, крупнейшее 97%, ПУСТОТЫ 78% (в нижней половине 64%)
[sketch] шаблон: областей 1, из них удобных без увеличения 0, крупных заливок 1, непригодных 0; самая большая занимает 100% кадра, чернил 0,0%
[sketch] обход уровень с юго-востока: шаблон: областей 1, из них удобных без увеличения 0, крупных заливок 1, непригодных 0; самая большая занимает 100% кадра, чернил 0,0%
[telemetry] снимков сохранено: 23 в D:/Godot/ColoringBook/logs\20260817_184654_seed42_sweep_shots
[PERF] fps=51,0 frame=3,00ms draw=27 prim=202578 obj=631 vram=214,0MB tex=89,3MB | veg: full=0 lod1=0 hide=10088 instVis=37319 instHide=10088 chunks=26
[PERF] fps=60,0 frame=3,08ms draw=27 prim=202578 obj=631 vram=214,0MB tex=89,3MB | veg: full=0 lod1=0 hide=10088 instVis=37319 instHide=10088 chunks=26
[PERF] fps=60,0 frame=2,39ms draw=27 prim=202578 obj=631 vram=214,0MB tex=89,3MB | veg: full=0 lod1=0 hide=10088 instVis=37319 instHide=10088 chunks=26
[PERF] fps=60,0 frame=3,07ms draw=27 prim=202578 obj=631 vram=214,0MB tex=89,3MB | veg: full=0 lod1=0 hide=10088 instVis=37319 instHide=10088 chunks=26
[PERF] fps=60,0 frame=2,91ms draw=27 prim=202578 obj=631 vram=214,0MB tex=89,3MB | veg: full=0 lod1=0 hide=10088 instVis=37319 instHide=10088 chunks=26
[PERF] fps=60,0 frame=3,94ms draw=27 prim=202578 obj=631 vram=214,0MB tex=89,3MB | veg: full=0 lod1=0 hide=10088 instVis=37319 instHide=10088 chunks=26
[PERF] fps=60,0 frame=3,47ms draw=27 prim=202578 obj=631 vram=214,0MB tex=89,3MB | veg: full=0 lod1=0 hide=10088 instVis=37319 instHide=10088 chunks=26
[PERF] fps=60,0 frame=4,45ms draw=27 prim=202578 obj=631 vram=214,0MB tex=89,3MB | veg: full=0 lod1=0 hide=10088 instVis=37319 instHide=10088 chunks=26
