ColoringBook — журнал запуска 2026-08-18 15:32:07
[bootstrap] каталог логов: D:/Godot/ColoringBook/logs
PlantCatalog ready: 9 variants x kinds
=== ColoringBook Bootstrap | BUILD STAMP: 2026-08-18-V342 (уклон 15.4 -> 22.2°: поднятие ещё на 40%, отклонение форм не пострадало)
[shaders] res://assets/shaders/terrain.gdshader — ок
[shaders] res://assets/shaders/water.gdshader — ок
[shaders] res://assets/shaders/foliage.gdshader — ок
[shaders] res://assets/shaders/impostor.gdshader — ок
[shaders] res://assets/shaders/sketch_id.gdshader — ок
[shaders] res://assets/shaders/sketch_depth.gdshader — ок
[shaders] res://assets/shaders/sketch_normal.gdshader — ок
[bootstrap] MaxFps=60, VSync=Disabled
[устройство] Windows, построение полное, уровень при запуске, журнал в res://logs, ядер 8
[bootstrap] StartupMode = Level
[разведка] поле 241x241 за 9652 мс, место (27,8, 40,8) км от середины территории
[нрав] поднятие 21,7 м (разброс 2,38, период 17 км), врез 31, осыпание 0,014, итераций 365
[фон-эрозия] поле 961x961 за 178748 мс
[высоты] размах поля 17549 м, сжатие 0,30, дно 1000 м, верх 6265 м
[озёра] залитых ячеек 92991 из 923521 (10,1% поля)
[плитка] 5 км, ячейка 30 м, за 6050 мс
[маршруты] окно 20 км: опор 36, рёбер 3, сеть 5,0 км, за 350 мс
[пояса] лес 0,194, редколесье 0,272, альпика 0,330, осыпь 0,369, скала 0,408, снег 0,389
[пояса] пределы выборки 21,4..536,2 ед (1000..6148 м), смещение 78,6 ед
[фон-материал] шейдер рельефа, размах высот 100,0..614,8 ед
[рельеф] средний уклон 10,2°, p95 22,4°, перепад 1444 м, круче 35° 0%, доля дна 43%, шпилей 179  <-- ПОЛОГО  <-- ШПИЛИ
[старт] пояс Snow, высота 3148 м
[старт] опора сети: вид 50%, (-297, -657), сток 1, в 7,2 км от середины поля при пределе 172,8; опор всего 36
[дыра] высоты в точке старта: поле 3148 м, меш 3146 м, разница 3 м; накрывает кольцо 0, ячейка 120 м
[дыра] камера обхода садится на высоту ПОЛЯ, а видит меш: камера НАД поверхностью на 3 м
[дыра] треугольников рельефа вокруг точки: в 100 м — 4, в 500 м — 114, в 2000 м — 1742
[дыра] место разведки (27,8, 40,8) км от середины территории; игрок в 7210 м от середины ПОЛЯ
[дыра] половины колец, км: 0:57,6
[покров] по площади (13271 км²): Water 11,3%, Grassland 21,6%, Forest 12,1%, Shrubland 8,1%, Alpine 6,9%, Scree 6,5%, Rock 4,4%, Snow 29,1%
[вода] ячеек покрова по кольцам: 120м:104340
[дренаж] сетка 241, область 115 км, 75 мс
[рельеф-отчёт] D:/Godot/ColoringBook/logs\20260818_153555_terrain.json
[рельеф-сетки] D:/Godot/ColoringBook/logs\20260818_153555_terrain.bin
[журнал] D:/Godot/ColoringBook/logs\20260818_153207_session.log
[фон-щели] одиночных рёбер 3840, из них на внешнем крае есть; радиусы от 5760 до 5760 ед (границы колец: 5760)
[фон-меш] рельеф: граней вверх 1843200, вниз 0 (0,0%), вырожденных 0 | расхождение на стыке колец 0,0 м
[фон-пандус] наибольший уклон переходной полосы 0,0°, ширина полосы 8 ячеек (960..480 м)
[фон] колец 1, шаг 120..120 м, область 115 км, четырёхугольников 921600, треугольников 1843200
[растительность] ОТКЛЮЧЕНА (LevelView3D.VegetationOn = false)
[время] рельеф и меш: 226867 мс
--- Seed 42 | Season Summer ---
уровень из колец, сид 42
[камера] обзор на (-297, -657), наклон 35°, удаление 2,2 км
[bootstrap] mode=Level (main scene). P = switch to plant gallery.
[bootstrap] galleryActive=False regions=0 | terrain: mesh=null visible=True | rivers: mesh=null visible=True | water: mesh=null visible=True | vegRoot: children=0 visible=True | galleryRoot=none
[PERF] fps=56,0 frame=46,79ms draw=7 prim=1844376 obj=589 vram=429,5MB tex=82,5MB | veg: full=0 lod1=0 hide=0 instVis=0 instHide=0 chunks=0
[PERF] fps=60,0 frame=2,72ms draw=7 prim=1844372 obj=587 vram=429,5MB tex=82,5MB | veg: full=0 lod1=0 hide=0 instVis=0 instHide=0 chunks=0
[PERF] fps=60,0 frame=2,04ms draw=7 prim=1844372 obj=587 vram=429,5MB tex=82,5MB | veg: full=0 lod1=0 hide=0 instVis=0 instHide=0 chunks=0
[PERF] fps=60,0 frame=1,71ms draw=7 prim=1844368 obj=585 vram=429,5MB tex=82,5MB | veg: full=0 lod1=0 hide=0 instVis=0 instHide=0 chunks=0
[PERF] fps=60,0 frame=1,74ms draw=7 prim=1844368 obj=585 vram=429,5MB tex=82,5MB | veg: full=0 lod1=0 hide=0 instVis=0 instHide=0 chunks=0
[PERF] fps=60,0 frame=2,93ms draw=7 prim=1844380 obj=591 vram=429,5MB tex=82,5MB | veg: full=0 lod1=0 hide=0 instVis=0 instHide=0 chunks=0
[PERF] fps=60,0 frame=1,94ms draw=7 prim=1844380 obj=591 vram=429,5MB tex=82,5MB | veg: full=0 lod1=0 hide=0 instVis=0 instHide=0 chunks=0
[PERF] fps=60,0 frame=1,93ms draw=7 prim=1844380 obj=591 vram=429,5MB tex=82,5MB | veg: full=0 lod1=0 hide=0 instVis=0 instHide=0 chunks=0
[PERF] fps=60,0 frame=2,07ms draw=7 prim=1844384 obj=593 vram=429,5MB tex=82,5MB | veg: full=0 lod1=0 hide=0 instVis=0 instHide=0 chunks=0
[PERF] fps=60,0 frame=1,71ms draw=7 prim=1844388 obj=595 vram=429,5MB tex=82,5MB | veg: full=0 lod1=0 hide=0 instVis=0 instHide=0 chunks=0
[PERF] fps=60,0 frame=2,03ms draw=7 prim=1844384 obj=593 vram=429,5MB tex=82,5MB | veg: full=0 lod1=0 hide=0 instVis=0 instHide=0 chunks=0
[PERF] fps=60,0 frame=2,01ms draw=7 prim=1844384 obj=593 vram=429,5MB tex=82,5MB | veg: full=0 lod1=0 hide=0 instVis=0 instHide=0 chunks=0
[PERF] fps=60,0 frame=1,82ms draw=7 prim=1844384 obj=593 vram=429,5MB tex=82,5MB | veg: full=0 lod1=0 hide=0 instVis=0 instHide=0 chunks=0
[PERF] fps=60,0 frame=2,59ms draw=7 prim=1844380 obj=591 vram=429,5MB tex=82,5MB | veg: full=0 lod1=0 hide=0 instVis=0 instHide=0 chunks=0
[PERF] fps=60,0 frame=1,71ms draw=7 prim=1844380 obj=591 vram=429,5MB tex=82,5MB | veg: full=0 lod1=0 hide=0 instVis=0 instHide=0 chunks=0
[PERF] fps=60,0 frame=1,91ms draw=7 prim=1844380 obj=591 vram=429,5MB tex=82,5MB | veg: full=0 lod1=0 hide=0 instVis=0 instHide=0 chunks=0
[PERF] fps=60,0 frame=2,29ms draw=7 prim=1844380 obj=591 vram=429,5MB tex=82,5MB | veg: full=0 lod1=0 hide=0 instVis=0 instHide=0 chunks=0
[PERF] fps=60,0 frame=1,69ms draw=7 prim=1844380 obj=591 vram=429,5MB tex=82,5MB | veg: full=0 lod1=0 hide=0 instVis=0 instHide=0 chunks=0
[обход] 18 поз: весь уровень, четверти, глаз из (-297, -657), шар
[telemetry] обход уровня записан: D:/Godot/ColoringBook/logs\20260818_123654_seed42_sweep.json
[обход] 18 поз: весь уровень, четверти, глаз из (-297, -657), шар
[кадр] весь уровень сверху: неба 64%, пятен 9, крупнейшее 26%, ПУСТОТЫ 48% (в нижней половине 48%)
[sketch] шаблон: областей 1, из них удобных без увеличения 0, крупных заливок 1, непригодных 0; самая большая занимает 100% кадра, чернил 0,0%
[sketch] обход весь уровень сверху: шаблон: областей 1, из них удобных без увеличения 0, крупных заливок 1, непригодных 0; самая большая занимает 100% кадра, чернил 0,0%
[кадр] весь уровень косо 0°: неба 64%, пятен 4, крупнейшее 40%, ПУСТОТЫ 41% (в нижней половине 6%)
[sketch] шаблон: областей 1, из них удобных без увеличения 0, крупных заливок 1, непригодных 0; самая большая занимает 100% кадра, чернил 0,0%
[sketch] обход весь уровень косо 0°: шаблон: областей 1, из них удобных без увеличения 0, крупных заливок 1, непригодных 0; самая большая занимает 100% кадра, чернил 0,0%
[кадр] весь уровень косо 120°: неба 49%, пятен 6, крупнейшее 49%, ПУСТОТЫ 39% (в нижней половине 5%)
[sketch] шаблон: областей 1, из них удобных без увеличения 0, крупных заливок 1, непригодных 0; самая большая занимает 100% кадра, чернил 0,0%
[sketch] обход весь уровень косо 120°: шаблон: областей 1, из них удобных без увеличения 0, крупных заливок 1, непригодных 0; самая большая занимает 100% кадра, чернил 0,0%
[кадр] весь уровень косо 240°: неба 62%, пятен 7, крупнейшее 40%, ПУСТОТЫ 39% (в нижней половине 5%)
[sketch] шаблон: областей 1, из них удобных без увеличения 0, крупных заливок 1, непригодных 0; самая большая занимает 100% кадра, чернил 0,0%
[sketch] обход весь уровень косо 240°: шаблон: областей 1, из них удобных без увеличения 0, крупных заливок 1, непригодных 0; самая большая занимает 100% кадра, чернил 0,0%
[кадр] четверть 1: неба 55%, пятен 7, крупнейшее 31%, ПУСТОТЫ 30% (в нижней половине 3%)
[PERF] fps=6,0 frame=1178,59ms draw=8 prim=3687588 obj=596 vram=466,1MB tex=113,5MB | veg: full=0 lod1=0 hide=0 instVis=0 instHide=0 chunks=0
[sketch] шаблон: областей 1, из них удобных без увеличения 0, крупных заливок 1, непригодных 0; самая большая занимает 100% кадра, чернил 0,0%
[sketch] обход четверть 1: шаблон: областей 1, из них удобных без увеличения 0, крупных заливок 1, непригодных 0; самая большая занимает 100% кадра, чернил 0,0%
[кадр] четверть 2: неба 50%, пятен 9, крупнейшее 32%, ПУСТОТЫ 29% (в нижней половине 2%)
[sketch] шаблон: областей 1, из них удобных без увеличения 0, крупных заливок 1, непригодных 0; самая большая занимает 100% кадра, чернил 0,0%
[sketch] обход четверть 2: шаблон: областей 1, из них удобных без увеличения 0, крупных заливок 1, непригодных 0; самая большая занимает 100% кадра, чернил 0,0%
[кадр] четверть 3: неба 40%, пятен 4, крупнейшее 57%, ПУСТОТЫ 35% (в нижней половине 3%)
[sketch] шаблон: областей 1, из них удобных без увеличения 0, крупных заливок 1, непригодных 0; самая большая занимает 100% кадра, чернил 0,0%
[sketch] обход четверть 3: шаблон: областей 1, из них удобных без увеличения 0, крупных заливок 1, непригодных 0; самая большая занимает 100% кадра, чернил 0,0%
[кадр] четверть 4: неба 43%, пятен 7, крупнейшее 55%, ПУСТОТЫ 34% (в нижней половине 2%)
[sketch] шаблон: областей 1, из них удобных без увеличения 0, крупных заливок 1, непригодных 0; самая большая занимает 100% кадра, чернил 0,0%
[sketch] обход четверть 4: шаблон: областей 1, из них удобных без увеличения 0, крупных заливок 1, непригодных 0; самая большая занимает 100% кадра, чернил 0,0%
[кадр] глаз 0°: неба 22%, пятен 11, крупнейшее 23%, ПУСТОТЫ 23% (в нижней половине 46%)
[sketch] шаблон: областей 14, из них удобных без увеличения 9, крупных заливок 3, непригодных 0; самая большая занимает 33% кадра, чернил 2,1%
[sketch] обход глаз 0°: шаблон: областей 14, из них удобных без увеличения 9, крупных заливок 3, непригодных 0; самая большая занимает 33% кадра, чернил 2,1%
[кадр] глаз 45°: неба 23%, пятен 10, крупнейшее 24%, ПУСТОТЫ 24% (в нижней половине 47%)
[sketch] шаблон: областей 19, из них удобных без увеличения 14, крупных заливок 3, непригодных 0; самая большая занимает 36% кадра, чернил 2,6%
[sketch] обход глаз 45°: шаблон: областей 19, из них удобных без увеличения 14, крупных заливок 3, непригодных 0; самая большая занимает 36% кадра, чернил 2,6%
[кадр] глаз 90°: неба 23%, пятен 10, крупнейшее 26%, ПУСТОТЫ 23% (в нижней половине 47%)
[sketch] шаблон: областей 17, из них удобных без увеличения 8, крупных заливок 3, непригодных 0; самая большая занимает 42% кадра, чернил 2,4%
[sketch] обход глаз 90°: шаблон: областей 17, из них удобных без увеличения 8, крупных заливок 3, непригодных 0; самая большая занимает 42% кадра, чернил 2,4%
[кадр] глаз 135°: неба 28%, пятен 9, крупнейшее 29%, ПУСТОТЫ 28% (в нижней половине 57%)
[sketch] шаблон: областей 12, из них удобных без увеличения 6, крупных заливок 3, непригодных 0; самая большая занимает 49% кадра, чернил 1,7%
[sketch] обход глаз 135°: шаблон: областей 12, из них удобных без увеличения 6, крупных заливок 3, непригодных 0; самая большая занимает 49% кадра, чернил 1,7%
[кадр] глаз 180°: неба 30%, пятен 10, крупнейшее 33%, ПУСТОТЫ 30% (в нижней половине 61%)
[sketch] шаблон: областей 10, из них удобных без увеличения 6, крупных заливок 2, непригодных 0; самая большая занимает 43% кадра, чернил 1,8%
[sketch] обход глаз 180°: шаблон: областей 10, из них удобных без увеличения 6, крупных заливок 2, непригодных 0; самая большая занимает 43% кадра, чернил 1,8%
[PERF] fps=2,0 frame=465,32ms draw=8 prim=3687588 obj=596 vram=466,9MB tex=113,5MB | veg: full=0 lod1=0 hide=0 instVis=0 instHide=0 chunks=0
[кадр] глаз 225°: неба 25%, пятен 8, крупнейшее 32%, ПУСТОТЫ 25% (в нижней половине 50%)
[sketch] шаблон: областей 14, из них удобных без увеличения 10, крупных заливок 3, непригодных 0; самая большая занимает 38% кадра, чернил 3,1%
[sketch] обход глаз 225°: шаблон: областей 14, из них удобных без увеличения 10, крупных заливок 3, непригодных 0; самая большая занимает 38% кадра, чернил 3,1%
[кадр] глаз 270°: неба 11%, пятен 9, крупнейшее 26%, ПУСТОТЫ 12% (в нижней половине 24%)
[sketch] шаблон: областей 8, из них удобных без увеличения 5, крупных заливок 3, непригодных 0; самая большая занимает 35% кадра, чернил 2,5%
[sketch] обход глаз 270°: шаблон: областей 8, из них удобных без увеличения 5, крупных заливок 3, непригодных 0; самая большая занимает 35% кадра, чернил 2,5%
[кадр] глаз 315°: неба 18%, пятен 9, крупнейшее 30%, ПУСТОТЫ 19% (в нижней половине 38%)
[sketch] шаблон: областей 11, из них удобных без увеличения 6, крупных заливок 4, непригодных 0; самая большая занимает 38% кадра, чернил 2,1%
[sketch] обход глаз 315°: шаблон: областей 11, из них удобных без увеличения 6, крупных заливок 4, непригодных 0; самая большая занимает 38% кадра, чернил 2,1%
[кадр] шар 0°: неба 45%, пятен 8, крупнейшее 33%, ПУСТОТЫ 33% (в нижней половине 0%)
[sketch] шаблон: областей 2, из них удобных без увеличения 0, крупных заливок 2, непригодных 0; самая большая занимает 53% кадра, чернил 0,5%
[sketch] обход шар 0°: шаблон: областей 2, из них удобных без увеличения 0, крупных заливок 2, непригодных 0; самая большая занимает 53% кадра, чернил 0,5%
[кадр] шар 180°: неба 98%, пятен 6, крупнейшее 31%, ПУСТОТЫ 31% (в нижней половине 0%)
[sketch] шаблон: областей 2, из них удобных без увеличения 0, крупных заливок 2, непригодных 0; самая большая занимает 61% кадра, чернил 0,6%
[sketch] обход шар 180°: шаблон: областей 2, из них удобных без увеличения 0, крупных заливок 2, непригодных 0; самая большая занимает 61% кадра, чернил 0,6%
[telemetry] снимков сохранено: 18 в D:/Godot/ColoringBook/logs\20260818_123654_seed42_sweep_shots
[PERF] fps=39,0 frame=19,96ms draw=7 prim=1844384 obj=593 vram=435,4MB tex=82,5MB | veg: full=0 lod1=0 hide=0 instVis=0 instHide=0 chunks=0
[PERF] fps=60,0 frame=2,07ms draw=7 prim=1844372 obj=587 vram=435,4MB tex=82,5MB | veg: full=0 lod1=0 hide=0 instVis=0 instHide=0 chunks=0
[PERF] fps=60,0 frame=1,85ms draw=7 prim=1844368 obj=585 vram=435,4MB tex=82,5MB | veg: full=0 lod1=0 hide=0 instVis=0 instHide=0 chunks=0
[PERF] fps=60,0 frame=2,11ms draw=7 prim=1844360 obj=581 vram=435,4MB tex=82,5MB | veg: full=0 lod1=0 hide=0 instVis=0 instHide=0 chunks=0
[PERF] fps=60,0 frame=1,77ms draw=7 prim=1844356 obj=579 vram=435,4MB tex=82,5MB | veg: full=0 lod1=0 hide=0 instVis=0 instHide=0 chunks=0
[PERF] fps=60,0 frame=2,84ms draw=7 prim=1844368 obj=585 vram=435,4MB tex=82,5MB | veg: full=0 lod1=0 hide=0 instVis=0 instHide=0 chunks=0
[PERF] fps=60,0 frame=1,75ms draw=7 prim=1844372 obj=587 vram=435,4MB tex=82,5MB | veg: full=0 lod1=0 hide=0 instVis=0 instHide=0 chunks=0
[PERF] fps=60,0 frame=1,82ms draw=7 prim=1844372 obj=587 vram=435,4MB tex=82,5MB | veg: full=0 lod1=0 hide=0 instVis=0 instHide=0 chunks=0
[PERF] fps=60,0 frame=1,81ms draw=7 prim=1844360 obj=581 vram=435,4MB tex=82,5MB | veg: full=0 lod1=0 hide=0 instVis=0 instHide=0 chunks=0
[PERF] fps=60,0 frame=2,19ms draw=7 prim=1844372 obj=587 vram=435,4MB tex=82,5MB | veg: full=0 lod1=0 hide=0 instVis=0 instHide=0 chunks=0
[PERF] fps=60,0 frame=1,80ms draw=7 prim=1844360 obj=581 vram=435,4MB tex=82,5MB | veg: full=0 lod1=0 hide=0 instVis=0 instHide=0 chunks=0
[PERF] fps=60,0 frame=2,99ms draw=7 prim=1844368 obj=585 vram=435,4MB tex=82,5MB | veg: full=0 lod1=0 hide=0 instVis=0 instHide=0 chunks=0
[PERF] fps=60,0 frame=2,45ms draw=7 prim=1844368 obj=585 vram=435,4MB tex=82,5MB | veg: full=0 lod1=0 hide=0 instVis=0 instHide=0 chunks=0
[PERF] fps=60,0 frame=1,91ms draw=7 prim=1844368 obj=585 vram=435,4MB tex=82,5MB | veg: full=0 lod1=0 hide=0 instVis=0 instHide=0 chunks=0
[PERF] fps=60,0 frame=1,92ms draw=7 prim=1844368 obj=585 vram=435,4MB tex=82,5MB | veg: full=0 lod1=0 hide=0 instVis=0 instHide=0 chunks=0
[PERF] fps=60,0 frame=1,57ms draw=7 prim=1844368 obj=585 vram=435,4MB tex=82,5MB | veg: full=0 lod1=0 hide=0 instVis=0 instHide=0 chunks=0
[PERF] fps=60,0 frame=1,83ms draw=7 prim=1844376 obj=589 vram=435,4MB tex=82,5MB | veg: full=0 lod1=0 hide=0 instVis=0 instHide=0 chunks=0
[PERF] fps=60,0 frame=3,14ms draw=7 prim=1844376 obj=589 vram=435,4MB tex=82,5MB | veg: full=0 lod1=0 hide=0 instVis=0 instHide=0 chunks=0
[PERF] fps=60,0 frame=2,98ms draw=7 prim=1844376 obj=589 vram=435,4MB tex=82,5MB | veg: full=0 lod1=0 hide=0 instVis=0 instHide=0 chunks=0
[PERF] fps=60,0 frame=2,76ms draw=7 prim=1844376 obj=589 vram=435,4MB tex=82,5MB | veg: full=0 lod1=0 hide=0 instVis=0 instHide=0 chunks=0
[PERF] fps=60,0 frame=2,18ms draw=7 prim=1844376 obj=589 vram=435,4MB tex=82,5MB | veg: full=0 lod1=0 hide=0 instVis=0 instHide=0 chunks=0
