ColoringBook — журнал запуска 2026-08-22 10:51:39
[bootstrap] каталог логов: D:/Godot/ColoringBook/logs
PlantCatalog ready: 9 variants x kinds
=== ColoringBook Bootstrap | BUILD STAMP: 2026-08-22-V390 (найдена мера «схемы распайки»: извилистость русел 1.18 при норме 1.3-3.0; клетки 3x3)
[shaders] res://assets/shaders/terrain.gdshader — ок
[shaders] res://assets/shaders/water.gdshader — ок
[shaders] res://assets/shaders/foliage.gdshader — ок
[shaders] res://assets/shaders/impostor.gdshader — ок
[shaders] res://assets/shaders/sketch_id.gdshader — ок
[shaders] res://assets/shaders/sketch_depth.gdshader — ок
[shaders] res://assets/shaders/sketch_normal.gdshader — ок
[bootstrap] MaxFps=60, VSync=Disabled
[устройство] стол, поле полное, уровень при запуске, журнал в res://logs, ядер 8
[bootstrap] StartupMode = Level
[разведка] поле 241x241 за 19339 мс, место (-25,0, -20,6) км от середины территории
[нрав] поднятие 8,7 м (разброс 1,60, период 17 км), врез 22, осыпание 0,003, итераций 905
[фон-эрозия] поле 961x961 за 310904 мс
[высоты] размах поля 5753 м, дно 800 м, верх 6553 м
[плитка] 5 км, ячейка 30 м, за 6082 мс
[высоты] p10 1418 м, медиана 2490, p90 3685, разница p10-p90 2267 м (в Альпах 2000-2500)
[вода] 6,2% площади (норма Альп 1.5-6)
[озёра] 16 крупнее 0.05 км², крупнейшее 171,8 км²
[острова] 5, крупнейший 0,49 км²
[озёра-подробно] впадин 24 крупнее 1 км², ячеек во впадинах 107247 (11,6% поля), сжатие 1,00
  чаша км² | глубина м | залито %
     420,6 |         1 |        0   <- вода лужей на дне
     248,5 |        55 |       84
     232,6 |       216 |       30   <- вода лужей на дне
     200,1 |       960 |       86
     105,7 |        35 |       87
     103,5 |        40 |       64
      73,1 |        18 |        0   <- вода лужей на дне
      25,0 |        54 |       43
[русла] прямых отрезков 365, медиана 600 м, p90 2400 м, наибольший 9720 м (в природе прямой участок до 1-2 км)
[проверка] 13 из 19 в норме
  НАРУШЕНО [рельеф] гребни: 5,2% (норма 6,0..10,0)
  НАРУШЕНО [вода] доля площади: 6,2% (норма 1,5..6,0)
  НАРУШЕНО [озёра] крупнейшее: 171,8 км² (норма 0,0..50,0) — горные озёра 0.01-20 км²
  НАРУШЕНО [русла] наибольший прямой: 4200,0 м (норма 0,0..4000,0)
  НАРУШЕНО [русла] кусков сети: 66,0 (норма 1,0..20,0) — река должна быть единой нитью
  НАРУШЕНО [русла] обрывков короче 3 км: 9,0 (норма 0,0..5,0)
  годно [рельеф] разница высот p10-p90: 2266,7 м
  годно [рельеф] медиана высоты: 2490,1 м
  годно [рельеф] уклон на ячейке поля: 24,7°
  годно [рельеф] отклонение форм: 15,4
  годно [рельеф] ровные места: 40,7%
  годно [вода] русло ПОВЕРХ озера: 0,0%
  годно [вода] сухая кайма дальше 240 м от воды: 1,0%
  годно [озёра] число крупнее 0.05 км²: 16,0
  годно [озёра] вытянутых втрое и более: 0,0
  годно [озёра] в вереницах: 5,0
  годно [русла] прямой участок p90: 960,0 м
  годно [русла] доля площади: 1,6%
  годно [острова] число: 5,0
[чаши-поштучно] чаша км² | под водой % | глубина м | вытянут
     225,0 |          92 |        55 |     1,0
     214,3 |          33 |       216 |     1,0   <- ПОЛУПУСТАЯ
     186,7 |          92 |       960 |     1,2
      92,1 |         100 |        35 |     1,0
      65,8 |         100 |        40 |     1,1
      14,7 |         100 |        70 |     1,7
      11,4 |         100 |        53 |     1,1
      10,8 |         100 |        54 |     1,5
       5,1 |           0 |        24 |     1,1   <- ПОЛУПУСТАЯ
       1,6 |         100 |        40 |     1,2
       1,5 |         100 |        41 |     1,3
       0,9 |         100 |        41 |     1,8
[области] сетка 8x8, клетка 14,4 км
  клетка | высота м | уклон | вода% | озёр | русло%
  0,0    |     2490 |  23,9 |   0,0 |    0 |    0,0
  1,0    |     2962 |  32,2 |   0,0 |    0 |    1,1
  2,0    |     2179 |  26,3 |   0,0 |    0 |    1,4
  3,0    |     1421 |   4,8 |   0,0 |    0 |    1,5
  4,0    |     1267 |   8,9 |   5,6 |    2 |    1,7
  5,0    |     1184 |  13,1 |   0,0 |    0 |    2,5
  6,0    |     2256 |  33,5 |   0,0 |    0 |    1,6
  7,0    |     2126 |  16,7 |   0,0 |    0 |    0,6
  0,1    |     3232 |  33,5 |   0,0 |    0 |    0,4
  1,1    |     2171 |  21,5 |   0,0 |    0 |    2,5
  2,1    |     1785 |  11,7 |   0,0 |    0 |    2,6
  3,1    |     1887 |  20,5 |   0,0 |    0 |    1,6
  4,1    |     1912 |  27,2 |   0,2 |    0 |    1,7
  5,1    |     1825 |  28,3 |   0,0 |    0 |    2,4
  6,1    |     2827 |  31,5 |   2,7 |    0 |    0,6
  7,1    |     2432 |  19,9 |   4,3 |    1 |    1,5
  0,2    |     3032 |  40,1 |   0,0 |    0 |    1,0
  1,2    |     2880 |  29,8 |   0,0 |    0 |    1,5
  2,2    |     2701 |  34,5 |   0,0 |    0 |    1,4
  3,2    |     2548 |  23,7 |  12,8 |    0 |    2,0
  4,2    |     2792 |  31,4 |  14,6 |    1 |    0,9
  5,2    |     2649 |  24,2 |  22,4 |    0 |    1,1
  6,2    |     3053 |  30,0 |   9,8 |    0 |    1,0
  7,2    |     3722 |  38,3 |   0,0 |    0 |    1,2
  0,3    |     1693 |  12,6 |   0,0 |    0 |    2,1
  1,3    |     2698 |  36,0 |   0,2 |    0 |    1,2
  2,3    |     3097 |  34,3 |   6,2 |    0 |    0,4
  3,3    |     2225 |   7,6 |  56,9 |    1 |    3,0
  4,3    |     2796 |  25,8 |  10,4 |    0 |    1,4
  5,3    |     2539 |  13,6 |  38,5 |    1 |    2,6
  6,3    |     2953 |  27,0 |  10,5 |    0 |    1,7
  7,3    |     3677 |  32,5 |   0,0 |    0 |    1,3
  0,4    |     1829 |  22,8 |  18,5 |    2 |    1,4
  1,4    |     1625 |  15,3 |   7,2 |    0 |    2,7
  2,4    |     2864 |  38,1 |   0,0 |    0 |    0,8
  3,4    |     3227 |  35,7 |   0,6 |    0 |    1,0
  4,4    |     3573 |  37,7 |   0,0 |    0 |    0,7
  5,4    |     3005 |  25,4 |   0,8 |    1 |    1,5
  6,4    |     3699 |  37,7 |   0,0 |    0 |    1,1
  7,4    |     3839 |  35,3 |   0,0 |    0 |    1,5
  0,5    |     1327 |  10,6 |   7,6 |    0 |    2,1
  1,5    |     1600 |  14,7 |   3,3 |    0 |    1,5
  2,5    |     2271 |  28,0 |   0,0 |    0 |    2,4
  3,5    |     3106 |  33,2 |   0,0 |    0 |    1,5
  4,5    |     2824 |  25,5 |  10,4 |    0 |    1,2
  5,5    |     2435 |  18,9 |  31,8 |    1 |    2,2
  6,5    |     3674 |  36,7 |   0,0 |    0 |    1,3
  7,5    |     4317 |  41,5 |   0,0 |    0 |    0,8
  0,6    |     1258 |   5,6 |   0,0 |    0 |    2,7
  1,6    |     2220 |  33,8 |   0,0 |    0 |    0,8
  2,6    |     2584 |  24,3 |   0,7 |    1 |    0,9
  3,6    |     1905 |   7,3 |   0,0 |    0 |    2,2
  4,6    |     2167 |  14,2 |   2,4 |    0 |    1,9
  5,6    |     2891 |  26,6 |   0,0 |    0 |    1,0
  6,6    |     2573 |  14,8 |  15,7 |    1 |    3,1
  7,6    |     2954 |  26,4 |  12,2 |    1 |    2,3
  0,7    |     1900 |  24,1 |   0,0 |    0 |    1,3
  1,7    |     2345 |  33,5 |   0,0 |    0 |    1,5
  2,7    |     2098 |  15,2 |   0,0 |    0 |    0,9
  3,7    |     1955 |  10,6 |   0,0 |    0 |    0,8
  4,7    |     1695 |  12,0 |   0,0 |    0 |    1,7
  5,7    |     2946 |  28,1 |   0,0 |    0 |    0,5
  6,7    |     2717 |  19,5 |   2,4 |    2 |    2,6
  7,7    |     3223 |  29,8 |   3,9 |    1 |    1,8
[маршруты] окно 20 км: опор 57, рёбер 12, сеть 26,2 км, за 1025 мс
[пояса] лес 0,205, редколесье 0,298, альпика 0,356, осыпь 0,402, скала 0,464, снег 0,534
[пояса] пределы выборки 83,4..650,0 ед (800..6466 м), смещение -3,4 ед
[кольца] построено 1 за 8149 мс: высоты и покров 7707 мс, прочее 443 мс
[фон-материал] шейдер рельефа, размах высот 80,0..646,6 ед
[рельеф вокруг игрока] средний уклон 11,9°, p95 28,5°, перепад 5510 м, круче 35° 2%, доля дна 58%, шпилей 276  <-- ПОЛОГО  <-- ШПИЛИ
[рельеф вся территория] средний уклон 11,9°, p95 28,5°, перепад 5510 м, круче 35° 2%, доля дна 58%, шпилей 276  <-- ПОЛОГО  <-- ШПИЛИ
[старт] пояс Rock, высота 2869 м
[старт] опора сети: вид 38%, (198, -54), сток 1, в 2,1 км от середины поля при пределе 172,8; опор всего 57
[дыра] высоты в точке старта: поле 2869 м, меш 2868 м, разница 1 м; накрывает кольцо 0, ячейка 120 м
[дыра] камера обхода садится на высоту ПОЛЯ, а видит меш: камера НАД поверхностью на 1 м
[дыра] треугольников рельефа вокруг точки: в 100 м — 2, в 500 м — 104, в 2000 м — 1746
[дыра] место разведки (-25,0, -20,6) км от середины территории; игрок в 2052 м от середины ПОЛЯ
[дыра] половины колец, км: 0:57,6
[покров] по площади (13271 км²): Water 6,2%, Grassland 27,0%, Forest 16,3%, Shrubland 13,7%, Alpine 8,9%, Scree 9,9%, Rock 10,9%, Snow 7,0%
[вода] ячеек покрова по кольцам: 120м:57610
[дренаж] сетка 961, область 115 км, 1759 мс
[рельеф-отчёт] D:/Godot/ColoringBook/logs\20260822_105747_terrain.json
[рельеф-сетки] D:/Godot/ColoringBook/logs\20260822_105747_terrain.bin
[журнал] D:/Godot/ColoringBook/logs\20260822_105139_session.log
[фон-щели] одиночных рёбер 3840, из них на внешнем крае есть; радиусы от 5760 до 5760 ед (границы колец: 5760)
[фон-меш] рельеф: граней вверх 1843200, вниз 0 (0,0%), вырожденных 0 | расхождение на стыке колец 0,0 м
[фон-пандус] наибольший уклон переходной полосы 0,0°, ширина полосы 8 ячеек (960..480 м)
[фон] колец 1, шаг 120..120 м, область 115 км, четырёхугольников 921600, треугольников 1843200
[растительность] ОТКЛЮЧЕНА (LevelView3D.VegetationOn = false)
[время] рельеф и меш: 368010 мс
--- Seed 42 | Season Summer ---
уровень из колец, сид 42
[камера] обзор на (198, -54), наклон 35°, удаление 76,0 км
[bootstrap] mode=Level (main scene). P = switch to plant gallery.
[bootstrap] galleryActive=False regions=0 | terrain: mesh=null visible=True | rivers: mesh=null visible=True | water: mesh=null visible=True | vegRoot: children=0 visible=True | galleryRoot=none
[PERF] fps=60,0 frame=2,17ms draw=7 prim=1844372 obj=587 vram=383,9MB tex=81,8MB | veg: full=0 lod1=0 hide=0 instVis=0 instHide=0 chunks=0
[обход] 8 поз: весь уровень, четверти, глаз из (198, -54), шар
[telemetry] обход уровня записан: D:/Godot/ColoringBook/logs\20260822_075756_seed42_sweep.json
[обход] 8 поз: весь уровень, четверти, глаз из (198, -54), шар
[кадр 000] весь уровень сверху: камера (0,0, 0,0) км, над землёй 78278 м, взгляд вниз 100%, охват 120,1 км
[кадр] весь уровень сверху: неба 53%, пятен 4, крупнейшее 55%, ПУСТОТЫ 48% (в нижней половине 48%)
[PERF] fps=55,0 frame=5,20ms draw=7 prim=1844372 obj=587 vram=418,7MB tex=112,8MB | veg: full=0 lod1=0 hide=0 instVis=0 instHide=0 chunks=0
[sketch] шаблон: областей 1, из них удобных без увеличения 0, крупных заливок 1, непригодных 0; самая большая занимает 100% кадра, чернил 0,0%
[sketch] обход весь уровень сверху: шаблон: областей 1, из них удобных без увеличения 0, крупных заливок 1, непригодных 0; самая большая занимает 100% кадра, чернил 0,0%
[кадр 001] весь уровень косо 0°: камера (-0,0, -49,9) км, над землёй 37656 м, взгляд вниз 62%, охват 57,8 км
[кадр] весь уровень косо 0°: неба 44%, пятен 6, крупнейшее 50%, ПУСТОТЫ 40% (в нижней половине 6%)
[sketch] шаблон: областей 1, из них удобных без увеличения 0, крупных заливок 1, непригодных 0; самая большая занимает 100% кадра, чернил 0,0%
[sketch] обход весь уровень косо 0°: шаблон: областей 1, из них удобных без увеличения 0, крупных заливок 1, непригодных 0; самая большая занимает 100% кадра, чернил 0,0%
[кадр 002] весь уровень косо 120°: камера (-43,2, 25,0) км, над землёй 37105 м, взгляд вниз 62%, охват 56,9 км
[кадр] весь уровень косо 120°: неба 43%, пятен 5, крупнейшее 55%, ПУСТОТЫ 38% (в нижней половине 4%)
[sketch] шаблон: областей 1, из них удобных без увеличения 0, крупных заливок 1, непригодных 0; самая большая занимает 100% кадра, чернил 0,0%
[sketch] обход весь уровень косо 120°: шаблон: областей 1, из них удобных без увеличения 0, крупных заливок 1, непригодных 0; самая большая занимает 100% кадра, чернил 0,0%
[кадр 003] весь уровень косо 240°: камера (43,2, 25,0) км, над землёй 35876 м, взгляд вниз 62%, охват 55,1 км
[кадр] весь уровень косо 240°: неба 53%, пятен 9, крупнейшее 45%, ПУСТОТЫ 40% (в нижней половине 5%)
[sketch] шаблон: областей 1, из них удобных без увеличения 0, крупных заливок 1, непригодных 0; самая большая занимает 100% кадра, чернил 0,0%
[sketch] обход весь уровень косо 240°: шаблон: областей 1, из них удобных без увеличения 0, крупных заливок 1, непригодных 0; самая большая занимает 100% кадра, чернил 0,0%
[кадр 004] четверть 1: камера (-25,3, -51,8) км, над землёй 17814 м, взгляд вниз 57%, охват 27,3 км
[кадр] четверть 1: неба 30%, пятен 8, крупнейшее 31%, ПУСТОТЫ 28% (в нижней половине 2%)
[sketch] шаблон: областей 1, из них удобных без увеличения 0, крупных заливок 1, непригодных 0; самая большая занимает 100% кадра, чернил 0,0%
[sketch] обход четверть 1: шаблон: областей 1, из них удобных без увеличения 0, крупных заливок 1, непригодных 0; самая большая занимает 100% кадра, чернил 0,0%
[кадр 005] четверть 2: камера (25,3, -51,8) км, над землёй 20080 м, взгляд вниз 57%, охват 30,8 км
[кадр] четверть 2: неба 31%, пятен 7, крупнейшее 31%, ПУСТОТЫ 29% (в нижней половине 2%)
[sketch] шаблон: областей 1, из них удобных без увеличения 0, крупных заливок 1, непригодных 0; самая большая занимает 100% кадра, чернил 0,0%
[sketch] обход четверть 2: шаблон: областей 1, из них удобных без увеличения 0, крупных заливок 1, непригодных 0; самая большая занимает 100% кадра, чернил 0,0%
[кадр 006] четверть 3: камера (-25,3, -1,1) км, над землёй 17786 м, взгляд вниз 57%, охват 27,3 км
[кадр] четверть 3: неба 37%, пятен 4, крупнейшее 61%, ПУСТОТЫ 35% (в нижней половине 3%)
[sketch] шаблон: областей 1, из них удобных без увеличения 0, крупных заливок 1, непригодных 0; самая большая занимает 100% кадра, чернил 0,0%
[sketch] обход четверть 3: шаблон: областей 1, из них удобных без увеличения 0, крупных заливок 1, непригодных 0; самая большая занимает 100% кадра, чернил 0,0%
[кадр 007] четверть 4: камера (25,3, -1,1) км, над землёй 18745 м, взгляд вниз 57%, охват 28,8 км
[кадр] четверть 4: неба 52%, пятен 10, крупнейшее 35%, ПУСТОТЫ 34% (в нижней половине 1%)
[sketch] шаблон: областей 1, из них удобных без увеличения 0, крупных заливок 1, непригодных 0; самая большая занимает 100% кадра, чернил 0,0%
[sketch] обход четверть 4: шаблон: областей 1, из них удобных без увеличения 0, крупных заливок 1, непригодных 0; самая большая занимает 100% кадра, чернил 0,0%
[кадр 008] четверть 0,0 сверху: камера (-28,8, -28,8) км, над землёй 41286 м, взгляд вниз 100%, охват 63,4 км
[кадр] четверть 0,0 сверху: неба 32%, пятен 7, крупнейшее 30%, ПУСТОТЫ 28% (в нижней половине 24%)
[sketch] шаблон: областей 1, из них удобных без увеличения 0, крупных заливок 1, непригодных 0; самая большая занимает 100% кадра, чернил 0,0%
[sketch] обход четверть 0,0 сверху: шаблон: областей 1, из них удобных без увеличения 0, крупных заливок 1, непригодных 0; самая большая занимает 100% кадра, чернил 0,0%
[кадр 009] четверть 1,0 сверху: камера (28,8, -28,8) км, над землёй 41286 м, взгляд вниз 100%, охват 63,4 км
[кадр] четверть 1,0 сверху: неба 40%, пятен 8, крупнейшее 47%, ПУСТОТЫ 28% (в нижней половине 31%)
[PERF] fps=4,0 frame=1299,27ms draw=7 prim=1844380 obj=591 vram=421,3MB tex=112,8MB | veg: full=0 lod1=0 hide=0 instVis=0 instHide=0 chunks=0
[sketch] шаблон: областей 1, из них удобных без увеличения 0, крупных заливок 1, непригодных 0; самая большая занимает 100% кадра, чернил 0,0%
[sketch] обход четверть 1,0 сверху: шаблон: областей 1, из них удобных без увеличения 0, крупных заливок 1, непригодных 0; самая большая занимает 100% кадра, чернил 0,0%
[кадр 010] четверть 0,1 сверху: камера (-28,8, 28,8) км, над землёй 41286 м, взгляд вниз 100%, охват 63,4 км
[кадр] четверть 0,1 сверху: неба 33%, пятен 9, крупнейшее 29%, ПУСТОТЫ 29% (в нижней половине 25%)
[sketch] шаблон: областей 1, из них удобных без увеличения 0, крупных заливок 1, непригодных 0; самая большая занимает 100% кадра, чернил 0,0%
[sketch] обход четверть 0,1 сверху: шаблон: областей 1, из них удобных без увеличения 0, крупных заливок 1, непригодных 0; самая большая занимает 100% кадра, чернил 0,0%
[кадр 011] четверть 1,1 сверху: камера (28,8, 28,8) км, над землёй 41286 м, взгляд вниз 100%, охват 63,4 км
[кадр] четверть 1,1 сверху: неба 45%, пятен 11, крупнейшее 30%, ПУСТОТЫ 27% (в нижней половине 29%)
[sketch] шаблон: областей 1, из них удобных без увеличения 0, крупных заливок 1, непригодных 0; самая большая занимает 100% кадра, чернил 0,0%
[sketch] обход четверть 1,1 сверху: шаблон: областей 1, из них удобных без увеличения 0, крупных заливок 1, непригодных 0; самая большая занимает 100% кадра, чернил 0,0%
[кадр 012] клетка 0,0 из 3x3: камера (-38,4, -38,4) км, над землёй 27524 м, взгляд вниз 100%, охват 42,2 км
[кадр] клетка 0,0 из 3x3: неба 34%, пятен 8, крупнейшее 30%, ПУСТОТЫ 27% (в нижней половине 23%)
[sketch] шаблон: областей 1, из них удобных без увеличения 0, крупных заливок 1, непригодных 0; самая большая занимает 100% кадра, чернил 0,0%
[sketch] обход клетка 0,0 из 3x3: шаблон: областей 1, из них удобных без увеличения 0, крупных заливок 1, непригодных 0; самая большая занимает 100% кадра, чернил 0,0%
[кадр 013] клетка 1,0 из 3x3: камера (0,0, -38,4) км, над землёй 27524 м, взгляд вниз 100%, охват 42,2 км
[кадр] клетка 1,0 из 3x3: неба 26%, пятен 8, крупнейшее 31%, ПУСТОТЫ 25% (в нижней половине 24%)
[sketch] шаблон: областей 1, из них удобных без увеличения 0, крупных заливок 1, непригодных 0; самая большая занимает 100% кадра, чернил 0,0%
[sketch] обход клетка 1,0 из 3x3: шаблон: областей 1, из них удобных без увеличения 0, крупных заливок 1, непригодных 0; самая большая занимает 100% кадра, чернил 0,0%
[кадр 014] клетка 2,0 из 3x3: камера (38,4, -38,4) км, над землёй 27524 м, взгляд вниз 100%, охват 42,2 км
[кадр] клетка 2,0 из 3x3: неба 35%, пятен 7, крупнейшее 31%, ПУСТОТЫ 27% (в нижней половине 29%)
[sketch] шаблон: областей 1, из них удобных без увеличения 0, крупных заливок 1, непригодных 0; самая большая занимает 100% кадра, чернил 0,0%
[sketch] обход клетка 2,0 из 3x3: шаблон: областей 1, из них удобных без увеличения 0, крупных заливок 1, непригодных 0; самая большая занимает 100% кадра, чернил 0,0%
[кадр 015] клетка 0,1 из 3x3: камера (-38,4, 0,0) км, над землёй 27524 м, взгляд вниз 100%, охват 42,2 км
[кадр] клетка 0,1 из 3x3: неба 13%, пятен 8, крупнейшее 20%, ПУСТОТЫ 5% (в нижней половине 0%)
[sketch] шаблон: областей 1, из них удобных без увеличения 0, крупных заливок 1, непригодных 0; самая большая занимает 100% кадра, чернил 0,0%
[sketch] обход клетка 0,1 из 3x3: шаблон: областей 1, из них удобных без увеличения 0, крупных заливок 1, непригодных 0; самая большая занимает 100% кадра, чернил 0,0%
[кадр 016] клетка 1,1 из 3x3: камера (0,0, 0,0) км, над землёй 27524 м, взгляд вниз 100%, охват 42,2 км
[кадр] клетка 1,1 из 3x3: неба 10%, пятен 15, крупнейшее 17%, ПУСТОТЫ 0% (в нижней половине 0%)
[sketch] шаблон: областей 1, из них удобных без увеличения 0, крупных заливок 1, непригодных 0; самая большая занимает 100% кадра, чернил 0,0%
[sketch] обход клетка 1,1 из 3x3: шаблон: областей 1, из них удобных без увеличения 0, крупных заливок 1, непригодных 0; самая большая занимает 100% кадра, чернил 0,0%
[кадр 017] клетка 2,1 из 3x3: камера (38,4, 0,0) км, над землёй 27524 м, взгляд вниз 100%, охват 42,2 км
[кадр] клетка 2,1 из 3x3: неба 32%, пятен 14, крупнейшее 32%, ПУСТОТЫ 3% (в нижней половине 7%)
[sketch] шаблон: областей 1, из них удобных без увеличения 0, крупных заливок 1, непригодных 0; самая большая занимает 100% кадра, чернил 0,0%
[sketch] обход клетка 2,1 из 3x3: шаблон: областей 1, из них удобных без увеличения 0, крупных заливок 1, непригодных 0; самая большая занимает 100% кадра, чернил 0,0%
[кадр 018] клетка 0,2 из 3x3: камера (-38,4, 38,4) км, над землёй 27524 м, взгляд вниз 100%, охват 42,2 км
[кадр] клетка 0,2 из 3x3: неба 30%, пятен 5, крупнейшее 31%, ПУСТОТЫ 29% (в нижней половине 24%)
[PERF] fps=4,0 frame=1228,80ms draw=7 prim=1844376 obj=589 vram=420,9MB tex=112,8MB | veg: full=0 lod1=0 hide=0 instVis=0 instHide=0 chunks=0
[sketch] шаблон: областей 1, из них удобных без увеличения 0, крупных заливок 1, непригодных 0; самая большая занимает 100% кадра, чернил 0,0%
[sketch] обход клетка 0,2 из 3x3: шаблон: областей 1, из них удобных без увеличения 0, крупных заливок 1, непригодных 0; самая большая занимает 100% кадра, чернил 0,0%
[кадр 019] клетка 1,2 из 3x3: камера (0,0, 38,4) км, над землёй 27524 м, взгляд вниз 100%, охват 42,2 км
[кадр] клетка 1,2 из 3x3: неба 33%, пятен 8, крупнейшее 29%, ПУСТОТЫ 24% (в нижней половине 23%)
[sketch] шаблон: областей 1, из них удобных без увеличения 0, крупных заливок 1, непригодных 0; самая большая занимает 100% кадра, чернил 0,0%
[sketch] обход клетка 1,2 из 3x3: шаблон: областей 1, из них удобных без увеличения 0, крупных заливок 1, непригодных 0; самая большая занимает 100% кадра, чернил 0,0%
[кадр 020] клетка 2,2 из 3x3: камера (38,4, 38,4) км, над землёй 27524 м, взгляд вниз 100%, охват 42,2 км
[кадр] клетка 2,2 из 3x3: неба 49%, пятен 9, крупнейшее 30%, ПУСТОТЫ 23% (в нижней половине 23%)
[sketch] шаблон: областей 1, из них удобных без увеличения 0, крупных заливок 1, непригодных 0; самая большая занимает 100% кадра, чернил 0,0%
[sketch] обход клетка 2,2 из 3x3: шаблон: областей 1, из них удобных без увеличения 0, крупных заливок 1, непригодных 0; самая большая занимает 100% кадра, чернил 0,0%
[кадр 021] озеро 0,9 км²: камера (3,1, -56,4) км, над землёй 1830 м, взгляд вниз 100%, охват 2,8 км
[кадр] озеро 0,9 км²: неба 15%, пятен 8, крупнейшее 33%, ПУСТОТЫ 15% (в нижней половине 28%)
[sketch] шаблон: областей 2, из них удобных без увеличения 0, крупных заливок 2, непригодных 0; самая большая занимает 85% кадра, чернил 0,3%
[sketch] обход озеро 0,9 км²: шаблон: областей 2, из них удобных без увеличения 0, крупных заливок 2, непригодных 0; самая большая занимает 85% кадра, чернил 0,3%
[кадр 022] озеро 10,8 км²: камера (9,9, -45,8) км, над землёй 7037 м, взгляд вниз 100%, охват 10,8 км
[кадр] озеро 10,8 км²: неба 0%, пятен 17, крупнейшее 18%, ПУСТОТЫ 0% (в нижней половине 0%)
[sketch] шаблон: областей 1, из них удобных без увеличения 0, крупных заливок 1, непригодных 0; самая большая занимает 100% кадра, чернил 0,0%
[sketch] обход озеро 10,8 км²: шаблон: областей 1, из них удобных без увеличения 0, крупных заливок 1, непригодных 0; самая большая занимает 100% кадра, чернил 0,0%
[кадр 023] озеро 14,7 км²: камера (43,5, -36,4) км, над землёй 7882 м, взгляд вниз 100%, охват 12,1 км
[кадр] озеро 14,7 км²: неба 7%, пятен 14, крупнейшее 26%, ПУСТОТЫ 0% (в нижней половине 0%)
[sketch] шаблон: областей 1, из них удобных без увеличения 0, крупных заливок 1, непригодных 0; самая большая занимает 100% кадра, чернил 0,0%
[sketch] обход озеро 14,7 км²: шаблон: областей 1, из них удобных без увеличения 0, крупных заливок 1, непригодных 0; самая большая занимает 100% кадра, чернил 0,0%
[кадр 024] озеро 171,8 км²: камера (25,3, -12,4) км, над землёй 25898 м, взгляд вниз 100%, охват 39,7 км
[кадр] озеро 171,8 км²: неба 15%, пятен 16, крупнейшее 16%, ПУСТОТЫ 1% (в нижней половине 0%)
[sketch] шаблон: областей 1, из них удобных без увеличения 0, крупных заливок 1, непригодных 0; самая большая занимает 100% кадра, чернил 0,0%
[sketch] обход озеро 171,8 км²: шаблон: областей 1, из них удобных без увеличения 0, крупных заливок 1, непригодных 0; самая большая занимает 100% кадра, чернил 0,0%
[кадр 025] озеро 150,0 км²: камера (-8,1, -7,9) км, над землёй 27868 м, взгляд вниз 100%, охват 42,8 км
[кадр] озеро 150,0 км²: неба 8%, пятен 15, крупнейшее 13%, ПУСТОТЫ 0% (в нижней половине 0%)
[sketch] шаблон: областей 1, из них удобных без увеличения 0, крупных заливок 1, непригодных 0; самая большая занимает 100% кадра, чернил 0,0%
[sketch] обход озеро 150,0 км²: шаблон: областей 1, из них удобных без увеличения 0, крупных заливок 1, непригодных 0; самая большая занимает 100% кадра, чернил 0,0%
[кадр 026] озеро 57,8 км²: камера (2,9, -15,6) км, над землёй 12245 м, взгляд вниз 100%, охват 18,8 км
[кадр] озеро 57,8 км²: неба 3%, пятен 10, крупнейшее 25%, ПУСТОТЫ 0% (в нижней половине 0%)
[sketch] шаблон: областей 1, из них удобных без увеличения 0, крупных заливок 1, непригодных 0; самая большая занимает 100% кадра, чернил 0,0%
[sketch] обход озеро 57,8 км²: шаблон: областей 1, из них удобных без увеличения 0, крупных заливок 1, непригодных 0; самая большая занимает 100% кадра, чернил 0,0%
[кадр 027] озеро 11,4 км²: камера (-44,0, 1,8) км, над землёй 6756 м, взгляд вниз 100%, охват 10,4 км
[кадр] озеро 11,4 км²: неба 0%, пятен 15, крупнейшее 27%, ПУСТОТЫ 0% (в нижней половине 0%)
[PERF] fps=6,0 frame=1244,69ms draw=8 prim=3687584 obj=594 vram=422,6MB tex=112,8MB | veg: full=0 lod1=0 hide=0 instVis=0 instHide=0 chunks=0
[sketch] шаблон: областей 1, из них удобных без увеличения 0, крупных заливок 1, непригодных 0; самая большая занимает 100% кадра, чернил 0,0%
[sketch] обход озеро 11,4 км²: шаблон: областей 1, из них удобных без увеличения 0, крупных заливок 1, непригодных 0; самая большая занимает 100% кадра, чернил 0,0%
[кадр 028] озеро 1,6 км²: камера (18,2, 7,1) км, над землёй 1689 м, взгляд вниз 100%, охват 2,6 км
[кадр] озеро 1,6 км²: неба 0%, пятен 11, крупнейшее 24%, ПУСТОТЫ 0% (в нижней половине 0%)
[sketch] шаблон: областей 1, из них удобных без увеличения 0, крупных заливок 1, непригодных 0; самая большая занимает 100% кадра, чернил 0,0%
[sketch] обход озеро 1,6 км²: шаблон: областей 1, из них удобных без увеличения 0, крупных заливок 1, непригодных 0; самая большая занимает 100% кадра, чернил 0,0%
[кадр 029] озеро 65,8 км²: камера (-45,0, 13,3) км, над землёй 12104 м, взгляд вниз 100%, охват 18,6 км
[кадр] озеро 65,8 км²: неба 5%, пятен 16, крупнейшее 25%, ПУСТОТЫ 5% (в нижней половине 10%)
[sketch] шаблон: областей 1, из них удобных без увеличения 0, крупных заливок 1, непригодных 0; самая большая занимает 100% кадра, чернил 0,0%
[sketch] обход озеро 65,8 км²: шаблон: областей 1, из них удобных без увеличения 0, крупных заливок 1, непригодных 0; самая большая занимает 100% кадра, чернил 0,0%
[кадр 030] озеро 92,1 км²: камера (17,0, 23,4) км, над землёй 18157 м, взгляд вниз 100%, охват 27,9 км
[кадр] озеро 92,1 км²: неба 17%, пятен 12, крупнейшее 19%, ПУСТОТЫ 0% (в нижней половине 0%)
[sketch] шаблон: областей 1, из них удобных без увеличения 0, крупных заливок 1, непригодных 0; самая большая занимает 100% кадра, чернил 0,0%
[sketch] обход озеро 92,1 км²: шаблон: областей 1, из них удобных без увеличения 0, крупных заливок 1, непригодных 0; самая большая занимает 100% кадра, чернил 0,0%
[кадр 031] озеро 1,5 км²: камера (-18,7, 30,7) км, над землёй 1689 м, взгляд вниз 100%, охват 2,6 км
[кадр] озеро 1,5 км²: неба 0%, пятен 10, крупнейшее 24%, ПУСТОТЫ 0% (в нижней половине 0%)
[sketch] шаблон: областей 1, из них удобных без увеличения 0, крупных заливок 1, непригодных 0; самая большая занимает 100% кадра, чернил 0,0%
[sketch] обход озеро 1,5 км²: шаблон: областей 1, из них удобных без увеличения 0, крупных заливок 1, непригодных 0; самая большая занимает 100% кадра, чернил 0,0%
[кадр 032] озеро 55,9 км²: камера (41,8, 36,1) км, над землёй 16468 м, взгляд вниз 100%, охват 25,3 км
[кадр] озеро 55,9 км²: неба 25%, пятен 7, крупнейшее 26%, ПУСТОТЫ 5% (в нижней половине 0%)
[sketch] шаблон: областей 1, из них удобных без увеличения 0, крупных заливок 1, непригодных 0; самая большая занимает 100% кадра, чернил 0,0%
[sketch] обход озеро 55,9 км²: шаблон: областей 1, из них удобных без увеличения 0, крупных заливок 1, непригодных 0; самая большая занимает 100% кадра, чернил 0,0%
[кадр 033] озеро 1,4 км²: камера (44,8, 42,1) км, над землёй 1970 м, взгляд вниз 100%, охват 3,0 км
[кадр] озеро 1,4 км²: неба 0%, пятен 6, крупнейшее 33%, ПУСТОТЫ 0% (в нижней половине 0%)
[sketch] шаблон: областей 1, из них удобных без увеличения 0, крупных заливок 1, непригодных 0; самая большая занимает 100% кадра, чернил 0,0%
[sketch] обход озеро 1,4 км²: шаблон: областей 1, из них удобных без увеличения 0, крупных заливок 1, непригодных 0; самая большая занимает 100% кадра, чернил 0,0%
[кадр 034] озеро 7,9 км²: камера (44,7, 46,5) км, над землёй 4222 м, взгляд вниз 100%, охват 6,5 км
[кадр] озеро 7,9 км²: неба 0%, пятен 14, крупнейшее 24%, ПУСТОТЫ 0% (в нижней половине 0%)
[sketch] шаблон: областей 1, из них удобных без увеличения 0, крупных заливок 1, непригодных 0; самая большая занимает 100% кадра, чернил 0,0%
[sketch] обход озеро 7,9 км²: шаблон: областей 1, из них удобных без увеличения 0, крупных заливок 1, непригодных 0; самая большая занимает 100% кадра, чернил 0,0%
[кадр 035] озеро 4,5 км²: камера (40,4, 46,7) км, над землёй 3659 м, взгляд вниз 100%, охват 5,6 км
[кадр] озеро 4,5 км²: неба 0%, пятен 9, крупнейшее 28%, ПУСТОТЫ 0% (в нижней половине 0%)
[sketch] шаблон: областей 1, из них удобных без увеличения 0, крупных заливок 1, непригодных 0; самая большая занимает 100% кадра, чернил 0,0%
[sketch] обход озеро 4,5 км²: шаблон: областей 1, из них удобных без увеличения 0, крупных заливок 1, непригодных 0; самая большая занимает 100% кадра, чернил 0,0%
[кадр 036] озеро 0,6 км²: камера (42,7, 52,4) км, над землёй 1830 м, взгляд вниз 100%, охват 2,8 км
[кадр] озеро 0,6 км²: неба 0%, пятен 13, крупнейшее 27%, ПУСТОТЫ 0% (в нижней половине 0%)
[PERF] fps=6,0 frame=1140,83ms draw=8 prim=3687584 obj=594 vram=420,4MB tex=112,8MB | veg: full=0 lod1=0 hide=0 instVis=0 instHide=0 chunks=0
[sketch] шаблон: областей 1, из них удобных без увеличения 0, крупных заливок 1, непригодных 0; самая большая занимает 100% кадра, чернил 0,0%
[sketch] обход озеро 0,6 км²: шаблон: областей 1, из них удобных без увеличения 0, крупных заливок 1, непригодных 0; самая большая занимает 100% кадра, чернил 0,0%
[telemetry] снимков сохранено: 37 в D:/Godot/ColoringBook/logs\20260822_075756_seed42_sweep_shots
[PERF] fps=60,0 frame=3,54ms draw=7 prim=1844372 obj=587 vram=389,8MB tex=81,8MB | veg: full=0 lod1=0 hide=0 instVis=0 instHide=0 chunks=0
[PERF] fps=60,0 frame=2,61ms draw=7 prim=1844372 obj=587 vram=389,8MB tex=81,8MB | veg: full=0 lod1=0 hide=0 instVis=0 instHide=0 chunks=0
[PERF] fps=60,0 frame=2,34ms draw=7 prim=1844372 obj=587 vram=389,8MB tex=81,8MB | veg: full=0 lod1=0 hide=0 instVis=0 instHide=0 chunks=0
[PERF] fps=60,0 frame=1,98ms draw=7 prim=1844372 obj=587 vram=389,8MB tex=81,8MB | veg: full=0 lod1=0 hide=0 instVis=0 instHide=0 chunks=0
[PERF] fps=60,0 frame=3,29ms draw=7 prim=1844372 obj=587 vram=389,8MB tex=81,8MB | veg: full=0 lod1=0 hide=0 instVis=0 instHide=0 chunks=0
[PERF] fps=60,0 frame=2,65ms draw=7 prim=1844372 obj=587 vram=389,8MB tex=81,8MB | veg: full=0 lod1=0 hide=0 instVis=0 instHide=0 chunks=0
[PERF] fps=60,0 frame=2,72ms draw=7 prim=1844372 obj=587 vram=389,8MB tex=81,8MB | veg: full=0 lod1=0 hide=0 instVis=0 instHide=0 chunks=0
[PERF] fps=60,0 frame=1,76ms draw=7 prim=1844372 obj=587 vram=389,8MB tex=81,8MB | veg: full=0 lod1=0 hide=0 instVis=0 instHide=0 chunks=0
[PERF] fps=60,0 frame=1,98ms draw=7 prim=1844372 obj=587 vram=389,8MB tex=81,8MB | veg: full=0 lod1=0 hide=0 instVis=0 instHide=0 chunks=0
[PERF] fps=60,0 frame=11,70ms draw=7 prim=1844376 obj=589 vram=389,8MB tex=81,8MB | veg: full=0 lod1=0 hide=0 instVis=0 instHide=0 chunks=0
