ColoringBook — журнал запуска 2026-08-19 04:49:52
[bootstrap] каталог логов: D:/Godot/ColoringBook/logs
PlantCatalog ready: 9 variants x kinds
=== ColoringBook Bootstrap | BUILD STAMP: 2026-08-19-V361 (чистка: 9 подмен, 4 недействующих параметра, мёртвый код; игровой режим восстановлен)
[shaders] res://assets/shaders/terrain.gdshader — ок
[shaders] res://assets/shaders/water.gdshader — ок
[shaders] res://assets/shaders/foliage.gdshader — ок
[shaders] res://assets/shaders/impostor.gdshader — ок
[shaders] res://assets/shaders/sketch_id.gdshader — ок
[shaders] res://assets/shaders/sketch_depth.gdshader — ок
[shaders] res://assets/shaders/sketch_normal.gdshader — ок
[bootstrap] MaxFps=60, VSync=Disabled
[устройство] стол, поле полное, уровень при запуске, журнал в res://logs, ядер 8
[bootstrap] StartupMode = Level
[разведка] поле 241x241 за 18865 мс, место (-16,3, -26,4) км от середины территории
[нрав] поднятие 7,8 м (разброс 1,19, период 17 км), врез 31, осыпание 0,014, итераций 905
[фон-эрозия] поле 481x481 за 96666 мс
[высоты] размах поля 4826 м, дно 800 м, верх 5626 м
[озёра] залитых ячеек 77 из 231361 (0,0% поля)
[плитка] 5 км, ячейка 30 м, за 6398 мс
[маршруты] окно 20 км: опор 99, рёбер 107, сеть 212,5 км, за 5147 мс
[пояса] лес 0,428, редколесье 0,523, альпика 0,580, осыпь 0,618, скала 0,663, снег 0,706
[пояса] пределы выборки 225,7..708,3 ед (800..5626 м), смещение -145,7 ед
[фон-материал] шейдер рельефа, размах высот 80,0..562,6 ед
[рельеф] средний уклон 29,1°, p95 46,6°, перепад 944 м, круче 35° 25%, доля дна 23%, шпилей 0
[старт] пояс Snow, высота 4424 м
[старт] опора сети: вид 50%, (432, 171), сток 24, в 4,6 км от середины поля при пределе 5,4; опор всего 99
[дыра] высоты в точке старта: поле 4424 м, меш 4420 м, разница 4 м; накрывает кольцо 2, ячейка 120 м
[дыра] камера обхода садится на высоту ПОЛЯ, а видит меш: камера НАД поверхностью на 4 м
[дыра] треугольников рельефа вокруг точки: в 100 м — 5, в 500 м — 110, в 2000 м — 3179
[дыра] место разведки (-16,3, -26,4) км от середины территории; игрок в 4646 м от середины ПОЛЯ
[дыра] половины колец, км: 4:28,8, 3:14,4, 2:7,2, 1:3,6, 0:1,8
[покров] по площади (3318 км²): Water 6,1%, Grassland 27,4%, Forest 18,4%, Shrubland 13,9%, Alpine 9,5%, Scree 9,6%, Rock 6,9%, Snow 8,2%
[вода] ячеек покрова по кольцам: 30м:699 60м:419 120м:404 240м:801 480м:963
[дренаж] сетка 961, область 58 км, 1452 мс
[рельеф-отчёт] D:/Godot/ColoringBook/logs\20260819_045147_terrain.json
[рельеф-сетки] D:/Godot/ColoringBook/logs\20260819_045147_terrain.bin
[журнал] D:/Godot/ColoringBook/logs\20260819_044952_session.log
[фон-щели] одиночных рёбер 3360, из них на внешнем крае есть; радиусы от 180 до 2880 ед (границы колец: 180, 360, 720, 1440, 2880)
[фон-меш] рельеф: граней вверх 115200, вниз 0 (0,0%), вырожденных 0 | расхождение на стыке колец 0,0 м
[фон-пандус] наибольший уклон переходной полосы 4,2°, ширина полосы 8 ячеек (240..1920 м)
[фон] колец 5, шаг 30..480 м, область 58 км, четырёхугольников 57600, треугольников 115200
[растительность] поставлено 0 вокруг игрока (выбор точки 0 мс, расстановка 104 мс)
[время] рельеф и меш: 114688 мс
--- Seed 42 | Season Summer ---
уровень из колец, сид 42
[камера] обзор на (432, 171), наклон 35°, удаление 2,2 км
[bootstrap] mode=Level (main scene). P = switch to plant gallery.
[bootstrap] galleryActive=False regions=0 | terrain: mesh=null visible=True | rivers: mesh=null visible=True | water: mesh=null visible=True | vegRoot: children=0 visible=True | galleryRoot=none
[PERF] fps=60,0 frame=2,28ms draw=7 prim=127876 obj=579 vram=148,0MB tex=68,3MB | veg: full=0 lod1=0 hide=0 instVis=0 instHide=0 chunks=0
[PERF] fps=60,0 frame=1,88ms draw=7 prim=127892 obj=587 vram=148,0MB tex=68,3MB | veg: full=0 lod1=0 hide=0 instVis=0 instHide=0 chunks=0
[PERF] fps=60,0 frame=2,11ms draw=7 prim=127872 obj=577 vram=148,0MB tex=68,3MB | veg: full=0 lod1=0 hide=0 instVis=0 instHide=0 chunks=0
[PERF] fps=60,0 frame=1,95ms draw=7 prim=127868 obj=575 vram=148,0MB tex=68,3MB | veg: full=0 lod1=0 hide=0 instVis=0 instHide=0 chunks=0
[обход] 18 поз: весь уровень, четверти, глаз из (432, 171), шар
[telemetry] обход уровня записан: D:/Godot/ColoringBook/logs\20260819_015259_seed42_sweep.json
[обход] 18 поз: весь уровень, четверти, глаз из (432, 171), шар
[кадр] весь уровень сверху: неба 51%, пятен 10, крупнейшее 23%, ПУСТОТЫ 43% (в нижней половине 42%)
[sketch] шаблон: областей 1, из них удобных без увеличения 0, крупных заливок 1, непригодных 0; самая большая занимает 100% кадра, чернил 0,0%
[sketch] обход весь уровень сверху: шаблон: областей 1, из них удобных без увеличения 0, крупных заливок 1, непригодных 0; самая большая занимает 100% кадра, чернил 0,0%
[кадр] весь уровень косо 0°: неба 45%, пятен 6, крупнейшее 55%, ПУСТОТЫ 36% (в нижней половине 2%)
[PERF] fps=4,0 frame=1245,24ms draw=7 prim=127876 obj=579 vram=183,3MB tex=99,3MB | veg: full=0 lod1=0 hide=0 instVis=0 instHide=0 chunks=0
[sketch] шаблон: областей 1, из них удобных без увеличения 0, крупных заливок 1, непригодных 0; самая большая занимает 100% кадра, чернил 0,0%
[sketch] обход весь уровень косо 0°: шаблон: областей 1, из них удобных без увеличения 0, крупных заливок 1, непригодных 0; самая большая занимает 100% кадра, чернил 0,0%
[кадр] весь уровень косо 120°: неба 40%, пятен 10, крупнейшее 52%, ПУСТОТЫ 35% (в нижней половине 3%)
[sketch] шаблон: областей 1, из них удобных без увеличения 0, крупных заливок 1, непригодных 0; самая большая занимает 100% кадра, чернил 0,0%
[sketch] обход весь уровень косо 120°: шаблон: областей 1, из них удобных без увеличения 0, крупных заливок 1, непригодных 0; самая большая занимает 100% кадра, чернил 0,0%
[кадр] весь уровень косо 240°: неба 41%, пятен 6, крупнейшее 52%, ПУСТОТЫ 36% (в нижней половине 2%)
[sketch] шаблон: областей 1, из них удобных без увеличения 0, крупных заливок 1, непригодных 0; самая большая занимает 100% кадра, чернил 0,0%
[sketch] обход весь уровень косо 240°: шаблон: областей 1, из них удобных без увеличения 0, крупных заливок 1, непригодных 0; самая большая занимает 100% кадра, чернил 0,0%
[кадр] четверть 1: неба 55%, пятен 4, крупнейшее 38%, ПУСТОТЫ 29% (в нижней половине 2%)
[sketch] шаблон: областей 1, из них удобных без увеличения 0, крупных заливок 1, непригодных 0; самая большая занимает 100% кадра, чернил 0,0%
[sketch] обход четверть 1: шаблон: областей 1, из них удобных без увеличения 0, крупных заливок 1, непригодных 0; самая большая занимает 100% кадра, чернил 0,0%
[кадр] четверть 2: неба 37%, пятен 6, крупнейшее 46%, ПУСТОТЫ 28% (в нижней половине 0%)
[sketch] шаблон: областей 1, из них удобных без увеличения 0, крупных заливок 1, непригодных 0; самая большая занимает 100% кадра, чернил 0,0%
[sketch] обход четверть 2: шаблон: областей 1, из них удобных без увеличения 0, крупных заливок 1, непригодных 0; самая большая занимает 100% кадра, чернил 0,0%
[кадр] четверть 3: неба 40%, пятен 5, крупнейшее 61%, ПУСТОТЫ 38% (в нижней половине 6%)
[sketch] шаблон: областей 1, из них удобных без увеличения 0, крупных заливок 1, непригодных 0; самая большая занимает 100% кадра, чернил 0,0%
[sketch] обход четверть 3: шаблон: областей 1, из них удобных без увеличения 0, крупных заливок 1, непригодных 0; самая большая занимает 100% кадра, чернил 0,0%
[кадр] четверть 4: неба 48%, пятен 5, крупнейшее 51%, ПУСТОТЫ 34% (в нижней половине 1%)
[sketch] шаблон: областей 1, из них удобных без увеличения 0, крупных заливок 1, непригодных 0; самая большая занимает 100% кадра, чернил 0,0%
[sketch] обход четверть 4: шаблон: областей 1, из них удобных без увеличения 0, крупных заливок 1, непригодных 0; самая большая занимает 100% кадра, чернил 0,0%
[кадр] глаз 0°: неба 96%, пятен 4, крупнейшее 48%, ПУСТОТЫ 44% (в нижней половине 1%)
[sketch] шаблон: областей 8, из них удобных без увеличения 3, крупных заливок 4, непригодных 0; самая большая занимает 46% кадра, чернил 2,6%
[sketch] обход глаз 0°: шаблон: областей 8, из них удобных без увеличения 3, крупных заливок 4, непригодных 0; самая большая занимает 46% кадра, чернил 2,6%
[кадр] глаз 45°: неба 98%, пятен 5, крупнейшее 37%, ПУСТОТЫ 36% (в нижней половине 3%)
[sketch] шаблон: областей 11, из них удобных без увеличения 4, крупных заливок 4, непригодных 0; самая большая занимает 36% кадра, чернил 3,0%
[sketch] обход глаз 45°: шаблон: областей 11, из них удобных без увеличения 4, крупных заливок 4, непригодных 0; самая большая занимает 36% кадра, чернил 3,0%
[кадр] глаз 90°: неба 100%, пятен 5, крупнейшее 31%, ПУСТОТЫ 20% (в нижней половине 0%)
[PERF] fps=4,0 frame=1501,16ms draw=8 prim=254596 obj=580 vram=185,4MB tex=99,3MB | veg: full=0 lod1=0 hide=0 instVis=0 instHide=0 chunks=0
[sketch] шаблон: областей 10, из них удобных без увеличения 3, крупных заливок 4, непригодных 0; самая большая занимает 35% кадра, чернил 3,0%
[sketch] обход глаз 90°: шаблон: областей 10, из них удобных без увеличения 3, крупных заливок 4, непригодных 0; самая большая занимает 35% кадра, чернил 3,0%
[кадр] глаз 135°: неба 100%, пятен 4, крупнейшее 63%, ПУСТОТЫ 9% (в нижней половине 0%)
[sketch] шаблон: областей 10, из них удобных без увеличения 2, крупных заливок 3, непригодных 0; самая большая занимает 56% кадра, чернил 4,2%
[sketch] обход глаз 135°: шаблон: областей 10, из них удобных без увеличения 2, крупных заливок 3, непригодных 0; самая большая занимает 56% кадра, чернил 4,2%
[кадр] глаз 180°: неба 100%, пятен 5, крупнейшее 58%, ПУСТОТЫ 11% (в нижней половине 0%)
[sketch] шаблон: областей 12, из них удобных без увеличения 9, крупных заливок 2, непригодных 0; самая большая занимает 52% кадра, чернил 3,8%
[sketch] обход глаз 180°: шаблон: областей 12, из них удобных без увеличения 9, крупных заливок 2, непригодных 0; самая большая занимает 52% кадра, чернил 3,8%
[кадр] глаз 225°: неба 100%, пятен 1, крупнейшее 100%, ПУСТОТЫ 20% (в нижней половине 0%)
[sketch] шаблон: областей 23, из них удобных без увеличения 14, крупных заливок 3, непригодных 0; самая большая занимает 36% кадра, чернил 3,4%
[sketch] обход глаз 225°: шаблон: областей 23, из них удобных без увеличения 14, крупных заливок 3, непригодных 0; самая большая занимает 36% кадра, чернил 3,4%
[кадр] глаз 270°: неба 99%, пятен 3, крупнейшее 66%, ПУСТОТЫ 34% (в нижней половине 0%)
[sketch] шаблон: областей 18, из них удобных без увеличения 8, крупных заливок 4, непригодных 0; самая большая занимает 33% кадра, чернил 3,1%
[sketch] обход глаз 270°: шаблон: областей 18, из них удобных без увеличения 8, крупных заливок 4, непригодных 0; самая большая занимает 33% кадра, чернил 3,1%
[кадр] глаз 315°: неба 95%, пятен 2, крупнейшее 52%, ПУСТОТЫ 44% (в нижней половине 3%)
[sketch] шаблон: областей 13, из них удобных без увеличения 7, крупных заливок 2, непригодных 0; самая большая занимает 46% кадра, чернил 2,6%
[sketch] обход глаз 315°: шаблон: областей 13, из них удобных без увеличения 7, крупных заливок 2, непригодных 0; самая большая занимает 46% кадра, чернил 2,6%
[кадр] шар 0°: неба 80%, пятен 7, крупнейшее 60%, ПУСТОТЫ 39% (в нижней половине 0%)
[sketch] шаблон: областей 2, из них удобных без увеличения 0, крупных заливок 2, непригодных 0; самая большая занимает 50% кадра, чернил 0,5%
[sketch] обход шар 0°: шаблон: областей 2, из них удобных без увеличения 0, крупных заливок 2, непригодных 0; самая большая занимает 50% кадра, чернил 0,5%
[кадр] шар 180°: неба 82%, пятен 7, крупнейшее 56%, ПУСТОТЫ 36% (в нижней половине 0%)
[sketch] шаблон: областей 2, из них удобных без увеличения 0, крупных заливок 2, непригодных 0; самая большая занимает 51% кадра, чернил 0,5%
[sketch] обход шар 180°: шаблон: областей 2, из них удобных без увеличения 0, крупных заливок 2, непригодных 0; самая большая занимает 51% кадра, чернил 0,5%
[telemetry] снимков сохранено: 18 в D:/Godot/ColoringBook/logs\20260819_015259_seed42_sweep_shots
[PERF] fps=27,0 frame=13,89ms draw=7 prim=127876 obj=579 vram=153,9MB tex=68,3MB | veg: full=0 lod1=0 hide=0 instVis=0 instHide=0 chunks=0
[PERF] fps=60,0 frame=2,09ms draw=7 prim=127868 obj=575 vram=153,9MB tex=68,3MB | veg: full=0 lod1=0 hide=0 instVis=0 instHide=0 chunks=0
[PERF] fps=60,0 frame=2,33ms draw=7 prim=127868 obj=575 vram=153,9MB tex=68,3MB | veg: full=0 lod1=0 hide=0 instVis=0 instHide=0 chunks=0
[PERF] fps=60,0 frame=1,93ms draw=7 prim=127868 obj=575 vram=153,9MB tex=68,3MB | veg: full=0 lod1=0 hide=0 instVis=0 instHide=0 chunks=0
[PERF] fps=60,0 frame=2,92ms draw=7 prim=127868 obj=575 vram=153,9MB tex=68,3MB | veg: full=0 lod1=0 hide=0 instVis=0 instHide=0 chunks=0
[PERF] fps=59,0 frame=3,79ms draw=7 prim=127868 obj=575 vram=153,9MB tex=68,3MB | veg: full=0 lod1=0 hide=0 instVis=0 instHide=0 chunks=0
