ColoringBook — журнал запуска 2026-08-18 16:41:14
[bootstrap] каталог логов: D:/Godot/ColoringBook/logs
PlantCatalog ready: 9 variants x kinds
=== ColoringBook Bootstrap | BUILD STAMP: 2026-08-18-V345 (крутизна взята ПЕРИОДОМ поднятия, а не его силой: уклон 14.9 -> 22.0°)
[shaders] res://assets/shaders/terrain.gdshader — ок
[shaders] res://assets/shaders/water.gdshader — ок
[shaders] res://assets/shaders/foliage.gdshader — ок
[shaders] res://assets/shaders/impostor.gdshader — ок
[shaders] res://assets/shaders/sketch_id.gdshader — ок
[shaders] res://assets/shaders/sketch_depth.gdshader — ок
[shaders] res://assets/shaders/sketch_normal.gdshader — ок
[bootstrap] MaxFps=60, VSync=Disabled
[устройство] Windows, построение полное, уровень при запуске, журнал в res://logs, ядер 8
[bootstrap] StartupMode = Level
[разведка] поле 241x241 за 10082 мс, место (19,7, -47,0) км от середины территории
[нрав] поднятие 10,9 м (разброс 2,38, период 6 км), врез 31, осыпание 0,014, итераций 365
[фон-эрозия] поле 961x961 за 182635 мс
[высоты] размах поля 6823 м, сжатие 0,44, дно 1000 м, верх 4000 м
[озёра] залитых ячеек 173725 из 923521 (18,8% поля)
[плитка] 5 км, ячейка 30 м, за 6773 мс
[маршруты] окно 20 км: опор 69, рёбер 49, сеть 131,4 км, за 3756 мс
[пояса] лес 0,342, редколесье 0,484, альпика 0,590, осыпь 0,661, скала 0,731, снег 0,696
[пояса] пределы выборки 35,6..318,2 ед (1033..3859 м), смещение 67,7 ед
[фон-материал] шейдер рельефа, размах высот 103,3..385,9 ед
[рельеф] средний уклон 10,2°, p95 22,4°, перепад 1444 м, круче 35° 0%, доля дна 43%, шпилей 179  <-- ПОЛОГО  <-- ШПИЛИ
[старт] пояс Grassland, высота 1947 м
[старт] опора сети: вид 62%, (36, 27), сток 3203, в 0,4 км от середины поля при пределе 172,8; опор всего 69
[дыра] высоты в точке старта: поле 1947 м, меш 2410 м, разница -463 м; накрывает кольцо 0, ячейка 120 м
[дыра] камера обхода садится на высоту ПОЛЯ, а видит меш: камера ПОД ПОВЕРХНОСТЬЮ на 463 м
[дыра] треугольников рельефа вокруг точки: в 100 м — 5, в 500 м — 110, в 2000 м — 1741
[дыра] место разведки (19,7, -47,0) км от середины территории; игрок в 450 м от середины ПОЛЯ
[дыра] половины колец, км: 0:57,6
[покров] по площади (13271 км²): Water 20,2%, Grassland 8,2%, Forest 21,6%, Shrubland 27,6%, Alpine 10,8%, Scree 5,4%, Rock 2,0%, Snow 4,2%
[вода] ячеек покрова по кольцам: 120м:186274
[дренаж] сетка 241, область 115 км, 80 мс
[рельеф-отчёт] D:/Godot/ColoringBook/logs\20260818_164514_terrain.json
[рельеф-сетки] D:/Godot/ColoringBook/logs\20260818_164514_terrain.bin
[журнал] D:/Godot/ColoringBook/logs\20260818_164114_session.log
[фон-щели] одиночных рёбер 3840, из них на внешнем крае есть; радиусы от 5760 до 5760 ед (границы колец: 5760)
[фон-меш] рельеф: граней вверх 1843200, вниз 0 (0,0%), вырожденных 0 | расхождение на стыке колец 0,0 м
[фон-пандус] наибольший уклон переходной полосы 0,0°, ширина полосы 8 ячеек (960..480 м)
[фон] колец 1, шаг 120..120 м, область 115 км, четырёхугольников 921600, треугольников 1843200
[растительность] ОТКЛЮЧЕНА (LevelView3D.VegetationOn = false)
[время] рельеф и меш: 239753 мс
--- Seed 42 | Season Summer ---
уровень из колец, сид 42
[камера] обзор на (36, 27), наклон 35°, удаление 2,2 км
[bootstrap] mode=Level (main scene). P = switch to plant gallery.
[bootstrap] galleryActive=False regions=0 | terrain: mesh=null visible=True | rivers: mesh=null visible=True | water: mesh=null visible=True | vegRoot: children=0 visible=True | galleryRoot=none
[PERF] fps=60,0 frame=2,67ms draw=7 prim=1844352 obj=577 vram=385,6MB tex=81,8MB | veg: full=0 lod1=0 hide=0 instVis=0 instHide=0 chunks=0
[PERF] fps=60,0 frame=2,14ms draw=7 prim=1844356 obj=579 vram=385,6MB tex=81,8MB | veg: full=0 lod1=0 hide=0 instVis=0 instHide=0 chunks=0
[PERF] fps=60,0 frame=2,14ms draw=7 prim=1844360 obj=581 vram=385,6MB tex=81,8MB | veg: full=0 lod1=0 hide=0 instVis=0 instHide=0 chunks=0
[PERF] fps=60,0 frame=2,17ms draw=7 prim=1844360 obj=581 vram=385,6MB tex=81,8MB | veg: full=0 lod1=0 hide=0 instVis=0 instHide=0 chunks=0
[PERF] fps=60,0 frame=2,31ms draw=7 prim=1844352 obj=577 vram=385,6MB tex=81,8MB | veg: full=0 lod1=0 hide=0 instVis=0 instHide=0 chunks=0
[PERF] fps=60,0 frame=2,15ms draw=7 prim=1844352 obj=577 vram=385,6MB tex=81,8MB | veg: full=0 lod1=0 hide=0 instVis=0 instHide=0 chunks=0
[обход] 18 поз: весь уровень, четверти, глаз из (36, 27), шар
[telemetry] обход уровня записан: D:/Godot/ColoringBook/logs\20260818_134738_seed42_sweep.json
[обход] 18 поз: весь уровень, четверти, глаз из (36, 27), шар
[кадр] весь уровень сверху: неба 50%, пятен 2, крупнейшее 58%, ПУСТОТЫ 49% (в нижней половине 48%)
[sketch] шаблон: областей 1, из них удобных без увеличения 0, крупных заливок 1, непригодных 0; самая большая занимает 100% кадра, чернил 0,0%
[sketch] обход весь уровень сверху: шаблон: областей 1, из них удобных без увеличения 0, крупных заливок 1, непригодных 0; самая большая занимает 100% кадра, чернил 0,0%
[кадр] весь уровень косо 0°: неба 44%, пятен 4, крупнейшее 56%, ПУСТОТЫ 41% (в нижней половине 6%)
[sketch] шаблон: областей 1, из них удобных без увеличения 0, крупных заливок 1, непригодных 0; самая большая занимает 100% кадра, чернил 0,0%
[sketch] обход весь уровень косо 0°: шаблон: областей 1, из них удобных без увеличения 0, крупных заливок 1, непригодных 0; самая большая занимает 100% кадра, чернил 0,0%
[кадр] весь уровень косо 120°: неба 42%, пятен 4, крупнейшее 52%, ПУСТОТЫ 39% (в нижней половине 4%)
[sketch] шаблон: областей 1, из них удобных без увеличения 0, крупных заливок 1, непригодных 0; самая большая занимает 100% кадра, чернил 0,0%
[sketch] обход весь уровень косо 120°: шаблон: областей 1, из них удобных без увеличения 0, крупных заливок 1, непригодных 0; самая большая занимает 100% кадра, чернил 0,0%
[кадр] весь уровень косо 240°: неба 42%, пятен 4, крупнейшее 57%, ПУСТОТЫ 39% (в нижней половине 5%)
[sketch] шаблон: областей 1, из них удобных без увеличения 0, крупных заливок 1, непригодных 0; самая большая занимает 100% кадра, чернил 0,0%
[sketch] обход весь уровень косо 240°: шаблон: областей 1, из них удобных без увеличения 0, крупных заливок 1, непригодных 0; самая большая занимает 100% кадра, чернил 0,0%
[кадр] четверть 1: неба 36%, пятен 7, крупнейшее 56%, ПУСТОТЫ 30% (в нижней половине 3%)
[sketch] шаблон: областей 1, из них удобных без увеличения 0, крупных заливок 1, непригодных 0; самая большая занимает 100% кадра, чернил 0,0%
[sketch] обход четверть 1: шаблон: областей 1, из них удобных без увеличения 0, крупных заливок 1, непригодных 0; самая большая занимает 100% кадра, чернил 0,0%
[кадр] четверть 2: неба 30%, пятен 10, крупнейшее 29%, ПУСТОТЫ 29% (в нижней половине 2%)
[sketch] шаблон: областей 1, из них удобных без увеличения 0, крупных заливок 1, непригодных 0; самая большая занимает 100% кадра, чернил 0,0%
[sketch] обход четверть 2: шаблон: областей 1, из них удобных без увеличения 0, крупных заливок 1, непригодных 0; самая большая занимает 100% кадра, чернил 0,0%
[кадр] четверть 3: неба 36%, пятен 9, крупнейшее 54%, ПУСТОТЫ 35% (в нижней половине 3%)
[sketch] шаблон: областей 1, из них удобных без увеличения 0, крупных заливок 1, непригодных 0; самая большая занимает 100% кадра, чернил 0,0%
[sketch] обход четверть 3: шаблон: областей 1, из них удобных без увеличения 0, крупных заливок 1, непригодных 0; самая большая занимает 100% кадра, чернил 0,0%
[кадр] четверть 4: неба 38%, пятен 5, крупнейшее 59%, ПУСТОТЫ 36% (в нижней половине 3%)
[sketch] шаблон: областей 1, из них удобных без увеличения 0, крупных заливок 1, непригодных 0; самая большая занимает 100% кадра, чернил 0,0%
[sketch] обход четверть 4: шаблон: областей 1, из них удобных без увеличения 0, крупных заливок 1, непригодных 0; самая большая занимает 100% кадра, чернил 0,0%
[кадр] глаз 0°: неба 52%, пятен 4, крупнейшее 53%, ПУСТОТЫ 53% (в нижней половине 100%)
[PERF] fps=6,0 frame=1202,86ms draw=8 prim=3687564 obj=584 vram=423,9MB tex=112,8MB | veg: full=0 lod1=0 hide=0 instVis=0 instHide=0 chunks=0
[sketch] шаблон: областей 2, из них удобных без увеличения 0, крупных заливок 2, непригодных 0; самая большая занимает 62% кадра, чернил 0,4%
[sketch] обход глаз 0°: шаблон: областей 2, из них удобных без увеличения 0, крупных заливок 2, непригодных 0; самая большая занимает 62% кадра, чернил 0,4%
[кадр] глаз 45°: неба 52%, пятен 4, крупнейшее 53%, ПУСТОТЫ 53% (в нижней половине 100%)
[sketch] шаблон: областей 2, из них удобных без увеличения 0, крупных заливок 2, непригодных 0; самая большая занимает 61% кадра, чернил 0,4%
[sketch] обход глаз 45°: шаблон: областей 2, из них удобных без увеличения 0, крупных заливок 2, непригодных 0; самая большая занимает 61% кадра, чернил 0,4%
[кадр] глаз 90°: неба 52%, пятен 4, крупнейшее 53%, ПУСТОТЫ 53% (в нижней половине 100%)
[sketch] шаблон: областей 2, из них удобных без увеличения 0, крупных заливок 2, непригодных 0; самая большая занимает 62% кадра, чернил 0,4%
[sketch] обход глаз 90°: шаблон: областей 2, из них удобных без увеличения 0, крупных заливок 2, непригодных 0; самая большая занимает 62% кадра, чернил 0,4%
[кадр] глаз 135°: неба 52%, пятен 4, крупнейшее 53%, ПУСТОТЫ 53% (в нижней половине 100%)
[sketch] шаблон: областей 4, из них удобных без увеличения 1, крупных заливок 2, непригодных 0; самая большая занимает 64% кадра, чернил 0,5%
[sketch] обход глаз 135°: шаблон: областей 4, из них удобных без увеличения 1, крупных заливок 2, непригодных 0; самая большая занимает 64% кадра, чернил 0,5%
[кадр] глаз 180°: неба 52%, пятен 6, крупнейшее 53%, ПУСТОТЫ 53% (в нижней половине 100%)
[sketch] шаблон: областей 1, из них удобных без увеличения 0, крупных заливок 1, непригодных 0; самая большая занимает 100% кадра, чернил 0,5%
[sketch] обход глаз 180°: шаблон: областей 1, из них удобных без увеличения 0, крупных заливок 1, непригодных 0; самая большая занимает 100% кадра, чернил 0,5%
[кадр] глаз 225°: неба 52%, пятен 3, крупнейшее 53%, ПУСТОТЫ 53% (в нижней половине 100%)
[sketch] шаблон: областей 2, из них удобных без увеличения 0, крупных заливок 2, непригодных 0; самая большая занимает 65% кадра, чернил 0,4%
[sketch] обход глаз 225°: шаблон: областей 2, из них удобных без увеличения 0, крупных заливок 2, непригодных 0; самая большая занимает 65% кадра, чернил 0,4%
[кадр] глаз 270°: неба 52%, пятен 3, крупнейшее 53%, ПУСТОТЫ 53% (в нижней половине 100%)
[sketch] шаблон: областей 2, из них удобных без увеличения 0, крупных заливок 2, непригодных 0; самая большая занимает 65% кадра, чернил 0,5%
[sketch] обход глаз 270°: шаблон: областей 2, из них удобных без увеличения 0, крупных заливок 2, непригодных 0; самая большая занимает 65% кадра, чернил 0,5%
[кадр] глаз 315°: неба 52%, пятен 3, крупнейшее 53%, ПУСТОТЫ 53% (в нижней половине 100%)
[sketch] шаблон: областей 3, из них удобных без увеличения 0, крупных заливок 2, непригодных 0; самая большая занимает 64% кадра, чернил 0,5%
[sketch] обход глаз 315°: шаблон: областей 3, из них удобных без увеличения 0, крупных заливок 2, непригодных 0; самая большая занимает 64% кадра, чернил 0,5%
[кадр] шар 0°: неба 30%, пятен 3, крупнейшее 33%, ПУСТОТЫ 22% (в нижней половине 0%)
[sketch] шаблон: областей 11, из них удобных без увеличения 6, крупных заливок 3, непригодных 0; самая большая занимает 24% кадра, чернил 2,8%
[sketch] обход шар 0°: шаблон: областей 11, из них удобных без увеличения 6, крупных заливок 3, непригодных 0; самая большая занимает 24% кадра, чернил 2,8%
[PERF] fps=4,0 frame=1487,74ms draw=8 prim=3687564 obj=584 vram=423,0MB tex=112,8MB | veg: full=0 lod1=0 hide=0 instVis=0 instHide=0 chunks=0
[кадр] шар 180°: неба 23%, пятен 6, крупнейшее 33%, ПУСТОТЫ 20% (в нижней половине 0%)
[sketch] шаблон: областей 12, из них удобных без увеличения 9, крупных заливок 2, непригодных 0; самая большая занимает 29% кадра, чернил 3,2%
[sketch] обход шар 180°: шаблон: областей 12, из них удобных без увеличения 9, крупных заливок 2, непригодных 0; самая большая занимает 29% кадра, чернил 3,2%
[telemetry] снимков сохранено: 18 в D:/Godot/ColoringBook/logs\20260818_134738_seed42_sweep_shots
[PERF] fps=60,0 frame=2,58ms draw=7 prim=1844352 obj=577 vram=391,1MB tex=81,8MB | veg: full=0 lod1=0 hide=0 instVis=0 instHide=0 chunks=0
[PERF] fps=60,0 frame=4,13ms draw=7 prim=1844352 obj=577 vram=391,1MB tex=81,8MB | veg: full=0 lod1=0 hide=0 instVis=0 instHide=0 chunks=0
[PERF] fps=60,0 frame=3,15ms draw=7 prim=1844352 obj=577 vram=391,1MB tex=81,8MB | veg: full=0 lod1=0 hide=0 instVis=0 instHide=0 chunks=0
[PERF] fps=60,0 frame=2,28ms draw=7 prim=1844352 obj=577 vram=391,1MB tex=81,8MB | veg: full=0 lod1=0 hide=0 instVis=0 instHide=0 chunks=0
[PERF] fps=60,0 frame=2,59ms draw=7 prim=1844352 obj=577 vram=391,1MB tex=81,8MB | veg: full=0 lod1=0 hide=0 instVis=0 instHide=0 chunks=0
[PERF] fps=60,0 frame=2,19ms draw=7 prim=1844352 obj=577 vram=391,1MB tex=81,8MB | veg: full=0 lod1=0 hide=0 instVis=0 instHide=0 chunks=0
[PERF] fps=60,0 frame=2,17ms draw=7 prim=1844352 obj=577 vram=391,1MB tex=81,8MB | veg: full=0 lod1=0 hide=0 instVis=0 instHide=0 chunks=0
[PERF] fps=60,0 frame=1,75ms draw=7 prim=1844352 obj=577 vram=391,1MB tex=81,8MB | veg: full=0 lod1=0 hide=0 instVis=0 instHide=0 chunks=0
[PERF] fps=60,0 frame=1,99ms draw=7 prim=1844352 obj=577 vram=391,1MB tex=81,8MB | veg: full=0 lod1=0 hide=0 instVis=0 instHide=0 chunks=0
[PERF] fps=60,0 frame=1,77ms draw=7 prim=1844352 obj=577 vram=391,1MB tex=81,8MB | veg: full=0 lod1=0 hide=0 instVis=0 instHide=0 chunks=0
[PERF] fps=60,0 frame=1,71ms draw=7 prim=1844352 obj=577 vram=391,1MB tex=81,8MB | veg: full=0 lod1=0 hide=0 instVis=0 instHide=0 chunks=0
[PERF] fps=60,0 frame=1,88ms draw=7 prim=1844352 obj=577 vram=391,1MB tex=81,8MB | veg: full=0 lod1=0 hide=0 instVis=0 instHide=0 chunks=0
[PERF] fps=60,0 frame=2,13ms draw=7 prim=1844352 obj=577 vram=391,1MB tex=81,8MB | veg: full=0 lod1=0 hide=0 instVis=0 instHide=0 chunks=0
[PERF] fps=60,0 frame=1,88ms draw=7 prim=1844352 obj=577 vram=391,1MB tex=81,8MB | veg: full=0 lod1=0 hide=0 instVis=0 instHide=0 chunks=0
[PERF] fps=60,0 frame=1,73ms draw=7 prim=1844352 obj=577 vram=391,1MB tex=81,8MB | veg: full=0 lod1=0 hide=0 instVis=0 instHide=0 chunks=0
[PERF] fps=60,0 frame=1,80ms draw=7 prim=1844352 obj=577 vram=391,1MB tex=81,8MB | veg: full=0 lod1=0 hide=0 instVis=0 instHide=0 chunks=0
[PERF] fps=60,0 frame=1,72ms draw=7 prim=1844352 obj=577 vram=391,1MB tex=81,8MB | veg: full=0 lod1=0 hide=0 instVis=0 instHide=0 chunks=0
[PERF] fps=60,0 frame=1,78ms draw=7 prim=1844352 obj=577 vram=391,1MB tex=81,8MB | veg: full=0 lod1=0 hide=0 instVis=0 instHide=0 chunks=0
[PERF] fps=60,0 frame=1,78ms draw=7 prim=1844352 obj=577 vram=391,1MB tex=81,8MB | veg: full=0 lod1=0 hide=0 instVis=0 instHide=0 chunks=0
[PERF] fps=60,0 frame=1,41ms draw=7 prim=1844352 obj=577 vram=391,1MB tex=81,8MB | veg: full=0 lod1=0 hide=0 instVis=0 instHide=0 chunks=0
[PERF] fps=60,0 frame=1,85ms draw=7 prim=1844352 obj=577 vram=391,1MB tex=81,8MB | veg: full=0 lod1=0 hide=0 instVis=0 instHide=0 chunks=0
[PERF] fps=60,0 frame=2,03ms draw=7 prim=1844352 obj=577 vram=391,1MB tex=81,8MB | veg: full=0 lod1=0 hide=0 instVis=0 instHide=0 chunks=0
[PERF] fps=60,0 frame=1,93ms draw=7 prim=1844352 obj=577 vram=391,1MB tex=81,8MB | veg: full=0 lod1=0 hide=0 instVis=0 instHide=0 chunks=0
[PERF] fps=60,0 frame=2,00ms draw=7 prim=1844352 obj=577 vram=391,1MB tex=81,8MB | veg: full=0 lod1=0 hide=0 instVis=0 instHide=0 chunks=0
[PERF] fps=60,0 frame=1,70ms draw=7 prim=1844352 obj=577 vram=391,1MB tex=81,8MB | veg: full=0 lod1=0 hide=0 instVis=0 instHide=0 chunks=0
[PERF] fps=60,0 frame=2,00ms draw=7 prim=1844352 obj=577 vram=391,1MB tex=81,8MB | veg: full=0 lod1=0 hide=0 instVis=0 instHide=0 chunks=0
[PERF] fps=60,0 frame=1,88ms draw=7 prim=1844352 obj=577 vram=391,1MB tex=81,8MB | veg: full=0 lod1=0 hide=0 instVis=0 instHide=0 chunks=0
[PERF] fps=61,0 frame=1,74ms draw=7 prim=1844352 obj=577 vram=391,1MB tex=81,8MB | veg: full=0 lod1=0 hide=0 instVis=0 instHide=0 chunks=0
[PERF] fps=60,0 frame=1,95ms draw=7 prim=1844352 obj=577 vram=391,1MB tex=81,8MB | veg: full=0 lod1=0 hide=0 instVis=0 instHide=0 chunks=0
[PERF] fps=60,0 frame=1,75ms draw=7 prim=1844352 obj=577 vram=391,1MB tex=81,8MB | veg: full=0 lod1=0 hide=0 instVis=0 instHide=0 chunks=0
[PERF] fps=60,0 frame=2,06ms draw=7 prim=1844352 obj=577 vram=391,1MB tex=81,8MB | veg: full=0 lod1=0 hide=0 instVis=0 instHide=0 chunks=0
[PERF] fps=60,0 frame=1,92ms draw=7 prim=1844352 obj=577 vram=391,1MB tex=81,8MB | veg: full=0 lod1=0 hide=0 instVis=0 instHide=0 chunks=0
[PERF] fps=60,0 frame=2,17ms draw=7 prim=1844352 obj=577 vram=391,1MB tex=81,8MB | veg: full=0 lod1=0 hide=0 instVis=0 instHide=0 chunks=0
[PERF] fps=60,0 frame=2,34ms draw=7 prim=1844352 obj=577 vram=391,1MB tex=81,8MB | veg: full=0 lod1=0 hide=0 instVis=0 instHide=0 chunks=0
[PERF] fps=60,0 frame=1,76ms draw=7 prim=1844352 obj=577 vram=391,1MB tex=81,8MB | veg: full=0 lod1=0 hide=0 instVis=0 instHide=0 chunks=0
[PERF] fps=60,0 frame=1,71ms draw=7 prim=1844352 obj=577 vram=391,1MB tex=81,8MB | veg: full=0 lod1=0 hide=0 instVis=0 instHide=0 chunks=0
[PERF] fps=60,0 frame=2,47ms draw=7 prim=1844352 obj=577 vram=391,1MB tex=81,8MB | veg: full=0 lod1=0 hide=0 instVis=0 instHide=0 chunks=0
[PERF] fps=60,0 frame=1,70ms draw=7 prim=1844352 obj=577 vram=391,1MB tex=81,8MB | veg: full=0 lod1=0 hide=0 instVis=0 instHide=0 chunks=0
[PERF] fps=60,0 frame=1,99ms draw=7 prim=1844352 obj=577 vram=391,1MB tex=81,8MB | veg: full=0 lod1=0 hide=0 instVis=0 instHide=0 chunks=0
[PERF] fps=60,0 frame=1,72ms draw=7 prim=1844352 obj=577 vram=391,1MB tex=81,8MB | veg: full=0 lod1=0 hide=0 instVis=0 instHide=0 chunks=0
[PERF] fps=60,0 frame=1,74ms draw=7 prim=1844352 obj=577 vram=391,1MB tex=81,8MB | veg: full=0 lod1=0 hide=0 instVis=0 instHide=0 chunks=0
[PERF] fps=60,0 frame=2,17ms draw=7 prim=1844352 obj=577 vram=391,1MB tex=81,8MB | veg: full=0 lod1=0 hide=0 instVis=0 instHide=0 chunks=0
[PERF] fps=60,0 frame=1,91ms draw=7 prim=1844352 obj=577 vram=391,1MB tex=81,8MB | veg: full=0 lod1=0 hide=0 instVis=0 instHide=0 chunks=0
[PERF] fps=60,0 frame=1,99ms draw=7 prim=1844352 obj=577 vram=391,1MB tex=81,8MB | veg: full=0 lod1=0 hide=0 instVis=0 instHide=0 chunks=0
[PERF] fps=60,0 frame=1,91ms draw=7 prim=1844352 obj=577 vram=391,1MB tex=81,8MB | veg: full=0 lod1=0 hide=0 instVis=0 instHide=0 chunks=0
[PERF] fps=60,0 frame=1,73ms draw=7 prim=1844352 obj=577 vram=391,1MB tex=81,8MB | veg: full=0 lod1=0 hide=0 instVis=0 instHide=0 chunks=0
[PERF] fps=60,0 frame=1,74ms draw=7 prim=1844352 obj=577 vram=391,1MB tex=81,8MB | veg: full=0 lod1=0 hide=0 instVis=0 instHide=0 chunks=0
[PERF] fps=60,0 frame=1,73ms draw=7 prim=1844352 obj=577 vram=391,1MB tex=81,8MB | veg: full=0 lod1=0 hide=0 instVis=0 instHide=0 chunks=0
[PERF] fps=60,0 frame=2,59ms draw=7 prim=1844352 obj=577 vram=391,1MB tex=81,8MB | veg: full=0 lod1=0 hide=0 instVis=0 instHide=0 chunks=0
[PERF] fps=60,0 frame=1,90ms draw=7 prim=1844352 obj=577 vram=391,1MB tex=81,8MB | veg: full=0 lod1=0 hide=0 instVis=0 instHide=0 chunks=0
[PERF] fps=60,0 frame=2,16ms draw=7 prim=1844352 obj=577 vram=391,1MB tex=81,8MB | veg: full=0 lod1=0 hide=0 instVis=0 instHide=0 chunks=0
[PERF] fps=60,0 frame=1,96ms draw=7 prim=1844352 obj=577 vram=391,1MB tex=81,8MB | veg: full=0 lod1=0 hide=0 instVis=0 instHide=0 chunks=0
[PERF] fps=60,0 frame=2,12ms draw=7 prim=1844352 obj=577 vram=391,1MB tex=81,8MB | veg: full=0 lod1=0 hide=0 instVis=0 instHide=0 chunks=0
[PERF] fps=60,0 frame=2,73ms draw=7 prim=1844352 obj=577 vram=391,1MB tex=81,8MB | veg: full=0 lod1=0 hide=0 instVis=0 instHide=0 chunks=0
[PERF] fps=60,0 frame=1,91ms draw=7 prim=1844352 obj=577 vram=391,1MB tex=81,8MB | veg: full=0 lod1=0 hide=0 instVis=0 instHide=0 chunks=0
[PERF] fps=60,0 frame=2,01ms draw=7 prim=1844352 obj=577 vram=391,1MB tex=81,8MB | veg: full=0 lod1=0 hide=0 instVis=0 instHide=0 chunks=0
[PERF] fps=60,0 frame=2,11ms draw=7 prim=1844352 obj=577 vram=391,1MB tex=81,8MB | veg: full=0 lod1=0 hide=0 instVis=0 instHide=0 chunks=0
[PERF] fps=60,0 frame=2,04ms draw=7 prim=1844352 obj=577 vram=391,1MB tex=81,8MB | veg: full=0 lod1=0 hide=0 instVis=0 instHide=0 chunks=0
[PERF] fps=60,0 frame=1,90ms draw=7 prim=1844352 obj=577 vram=391,1MB tex=81,8MB | veg: full=0 lod1=0 hide=0 instVis=0 instHide=0 chunks=0
[PERF] fps=60,0 frame=2,08ms draw=7 prim=1844352 obj=577 vram=391,1MB tex=81,8MB | veg: full=0 lod1=0 hide=0 instVis=0 instHide=0 chunks=0
[PERF] fps=60,0 frame=1,99ms draw=7 prim=1844352 obj=577 vram=391,1MB tex=81,8MB | veg: full=0 lod1=0 hide=0 instVis=0 instHide=0 chunks=0
[PERF] fps=60,0 frame=1,69ms draw=7 prim=1844352 obj=577 vram=391,1MB tex=81,8MB | veg: full=0 lod1=0 hide=0 instVis=0 instHide=0 chunks=0
[PERF] fps=60,0 frame=1,84ms draw=7 prim=1844352 obj=577 vram=391,1MB tex=81,8MB | veg: full=0 lod1=0 hide=0 instVis=0 instHide=0 chunks=0
[PERF] fps=60,0 frame=1,74ms draw=7 prim=1844352 obj=577 vram=391,1MB tex=81,8MB | veg: full=0 lod1=0 hide=0 instVis=0 instHide=0 chunks=0
[PERF] fps=60,0 frame=3,07ms draw=7 prim=1844352 obj=577 vram=391,1MB tex=81,8MB | veg: full=0 lod1=0 hide=0 instVis=0 instHide=0 chunks=0
