ColoringBook — журнал запуска 2026-08-21 20:54:53
[bootstrap] каталог логов: D:/Godot/ColoringBook/logs
PlantCatalog ready: 9 variants x kinds
=== ColoringBook Bootstrap | BUILD STAMP: 2026-08-21-V385 (замер построения колец; убран мёртвый код; построение 205 -> 85 с)
[shaders] res://assets/shaders/terrain.gdshader — ок
[shaders] res://assets/shaders/water.gdshader — ок
[shaders] res://assets/shaders/foliage.gdshader — ок
[shaders] res://assets/shaders/impostor.gdshader — ок
[shaders] res://assets/shaders/sketch_id.gdshader — ок
[shaders] res://assets/shaders/sketch_depth.gdshader — ок
[shaders] res://assets/shaders/sketch_normal.gdshader — ок
[bootstrap] MaxFps=60, VSync=Disabled
[устройство] стол, поле полное, уровень при запуске, журнал в res://logs, ядер 8
[bootstrap] StartupMode = Level
[разведка] поле 241x241 за 14182 мс, место (-31,2, 16,8) км от середины территории
[нрав] поднятие 8,7 м (разброс 0,71, период 17 км), врез 22, осыпание 0,003, итераций 905
[фон-эрозия] поле 961x961 за 229287 мс
[высоты] размах поля 6222 м, дно 800 м, верх 7075 м
[плитка] 5 км, ячейка 30 м, за 4218 мс
[высоты] p10 2580 м, медиана 4077, p90 5029, разница p10-p90 2449 м (в Альпах 2000-2500)
[вода] 1,6% площади (норма Альп 1.5-6)
[озёра] 0 крупнее 0.05 км²
[острова] 0
[озёра-подробно] впадин 0 крупнее 1 км², ячеек во впадинах 0 (0,0% поля), сжатие 0,96
[русла] прямых отрезков 359, медиана 720 м, p90 2160 м, наибольший 15120 м (в природе прямой участок до 1-2 км)
[проверка] 14 из 19 в норме
  НАРУШЕНО [рельеф] медиана высоты: 4077,0 м (норма 1500,0..2800,0) — в Альпах около 1800
  НАРУШЕНО [озёра] число крупнее 0.05 км²: 0,0 (норма 5,0..60,0)
  НАРУШЕНО [русла] наибольший прямой: 15120,0 м (норма 0,0..4000,0)
  НАРУШЕНО [русла] кусков сети: 35,0 (норма 1,0..20,0) — река должна быть единой нитью
  НАРУШЕНО [острова] число: 0,0 (норма 1,0..30,0)
  годно [рельеф] разница высот p10-p90: 2449,2 м
  годно [рельеф] уклон на ячейке поля: 23,0°
  годно [рельеф] отклонение форм: 17,1
  годно [рельеф] гребни: 6,0%
  годно [рельеф] ровные места: 36,0%
  годно [вода] доля площади: 1,6%
  годно [вода] русло ПОВЕРХ озера: 0,0%
  годно [вода] сухая кайма дальше 240 м от воды: 0,0%
  годно [озёра] крупнейшее: 0,0 км²
  годно [озёра] вытянутых втрое и более: 0,0
  годно [озёра] в вереницах: 0,0
  годно [русла] прямой участок p90: 1440,0 м
  годно [русла] доля площади: 1,6%
  годно [русла] обрывков короче 3 км: 3,0
[чаши-поштучно] чаша км² | под водой % | глубина м | вытянут
[области] сетка 8x8, клетка 14,4 км
  клетка | высота м | уклон | вода% | озёр | русло%
  0,0    |     4160 |  12,3 |   0,0 |    0 |    1,0
  1,0    |     4598 |  22,4 |   0,0 |    0 |    1,6
  2,0    |     4774 |  35,0 |   0,0 |    0 |    0,6
  3,0    |     3036 |  29,9 |   0,0 |    0 |    2,6
  4,0    |     2157 |  25,8 |   0,0 |    0 |    2,8
  5,0    |     2569 |  34,6 |   0,0 |    0 |    1,7
  6,0    |     3839 |  15,4 |   0,0 |    0 |    2,4
  7,0    |     5000 |  25,3 |   0,0 |    0 |    1,2
  0,1    |     4359 |  21,7 |   0,0 |    0 |    0,8
  1,1    |     3984 |  16,5 |   0,0 |    0 |    1,2
  2,1    |     4456 |  28,2 |   0,0 |    0 |    1,4
  3,1    |     3830 |  37,3 |   0,0 |    0 |    1,6
  4,1    |     3419 |  32,4 |   0,0 |    0 |    1,5
  5,1    |     4436 |  26,5 |   0,0 |    0 |    0,5
  6,1    |     4256 |  17,7 |   0,0 |    0 |    1,7
  7,1    |     4924 |  20,2 |   0,0 |    0 |    0,9
  0,2    |     3941 |  17,8 |   0,0 |    0 |    1,9
  1,2    |     3476 |  12,0 |   0,0 |    0 |    3,3
  2,2    |     4016 |  18,7 |   0,0 |    0 |    2,3
  3,2    |     4827 |  26,2 |   0,0 |    0 |    0,7
  4,2    |     4623 |  26,5 |   0,0 |    0 |    0,7
  5,2    |     3884 |  15,6 |   0,0 |    0 |    3,0
  6,2    |     4309 |  22,3 |   0,0 |    0 |    1,9
  7,2    |     5311 |  28,6 |   0,0 |    0 |    0,4
  0,3    |     3661 |  19,4 |   0,0 |    0 |    0,9
  1,3    |     4049 |  18,7 |   0,0 |    0 |    1,0
  2,3    |     4429 |  26,6 |   0,0 |    0 |    1,0
  3,3    |     3974 |  17,7 |   0,0 |    0 |    2,4
  4,3    |     4013 |  18,9 |   0,0 |    0 |    0,7
  5,3    |     3878 |  16,0 |   0,0 |    0 |    2,0
  6,3    |     4297 |  20,5 |   0,0 |    0 |    0,7
  7,3    |     4345 |  17,2 |   0,0 |    0 |    2,2
  0,4    |     2611 |  23,1 |   0,0 |    0 |    2,7
  1,4    |     3607 |  30,6 |   0,0 |    0 |    1,3
  2,4    |     4419 |  22,2 |   0,0 |    0 |    1,3
  3,4    |     3757 |  12,2 |   0,0 |    0 |    1,0
  4,4    |     3553 |  11,1 |   0,0 |    0 |    1,9
  5,4    |     4356 |  18,9 |   0,0 |    0 |    1,4
  6,4    |     4553 |  17,8 |   0,0 |    0 |    1,1
  7,4    |     4189 |  13,7 |   0,0 |    0 |    2,1
  0,5    |     2052 |  25,9 |   0,0 |    0 |    3,0
  1,5    |     3721 |  30,4 |   0,0 |    0 |    0,9
  2,5    |     4376 |  14,9 |   0,0 |    0 |    2,1
  3,5    |     4178 |  16,4 |   0,0 |    0 |    1,7
  4,5    |     4116 |  15,0 |   0,0 |    0 |    0,9
  5,5    |     4310 |  19,0 |   0,0 |    0 |    1,7
  6,5    |     4886 |  26,9 |   0,0 |    0 |    0,4
  7,5    |     4368 |  25,2 |   0,0 |    0 |    0,5
  0,6    |     2314 |  25,9 |   0,0 |    0 |    2,5
  1,6    |     3907 |  33,0 |   0,0 |    0 |    0,8
  2,6    |     5155 |  22,7 |   0,0 |    0 |    1,2
  3,6    |     4775 |  22,4 |   0,0 |    0 |    1,3
  4,6    |     4042 |  14,6 |   0,0 |    0 |    1,5
  5,6    |     3363 |  26,4 |   0,0 |    0 |    1,3
  6,6    |     3470 |  35,5 |   0,0 |    0 |    1,1
  7,6    |     2992 |  25,6 |   0,0 |    0 |    2,4
  0,7    |     3968 |  37,3 |   0,0 |    0 |    1,8
  1,7    |     4926 |  31,8 |   0,0 |    0 |    1,5
  2,7    |     5483 |  28,7 |   0,0 |    0 |    0,8
  3,7    |     4590 |  19,7 |   0,0 |    0 |    2,5
  4,7    |     3931 |  24,5 |   0,0 |    0 |    1,0
  5,7    |     2614 |  28,4 |   0,0 |    0 |    2,3
  6,7    |     1983 |  23,8 |   0,0 |    0 |    3,2
  7,7    |     2324 |  24,4 |   0,0 |    0 |    1,8
[маршруты] окно 20 км: опор 82, рёбер 93, сеть 190,3 км, за 4589 мс
[пояса] лес 0,478, редколесье 0,546, альпика 0,592, осыпь 0,629, скала 0,675, снег 0,719
[пояса] пределы выборки 148,5..770,7 ед (853..7075 м), смещение -63,2 ед
[кольца] построено 1 за 7427 мс: высоты и покров 6965 мс, прочее 463 мс
[фон-материал] шейдер рельефа, размах высот 85,3..707,5 ед
[рельеф вокруг игрока] средний уклон 9,9°, p95 22,5°, перепад 5824 м, круче 35° 1%, доля дна 12%, шпилей 186  <-- ПОЛОГО  <-- ШПИЛИ
[рельеф вся территория] средний уклон 9,9°, p95 22,5°, перепад 5824 м, круче 35° 1%, доля дна 12%, шпилей 186  <-- ПОЛОГО  <-- ШПИЛИ
[старт] пояс Forest, высота 4316 м
[старт] опора сети: вид 58%, (963, -540), сток 1, в 11,0 км от середины поля при пределе 172,8; опор всего 82
[дыра] высоты в точке старта: поле 4316 м, меш 4500 м, разница -184 м; накрывает кольцо 0, ячейка 120 м
[дыра] камера обхода садится на высоту ПОЛЯ, а видит меш: камера ПОД ПОВЕРХНОСТЬЮ на 184 м
[дыра] треугольников рельефа вокруг точки: в 100 м — 5, в 500 м — 110, в 2000 м — 1741
[дыра] место разведки (-31,2, 16,8) км от середины территории; игрок в 11041 м от середины ПОЛЯ
[дыра] половины колец, км: 0:57,6
[покров] по площади (13271 км²): Water 1,6%, Grassland 28,1%, Forest 18,3%, Shrubland 13,9%, Alpine 9,6%, Scree 11,6%, Rock 8,8%, Snow 8,2%
[вода] ячеек покрова по кольцам: 120м:14637
[дренаж] сетка 961, область 115 км, 1315 мс
[рельеф-отчёт] D:/Godot/ColoringBook/logs\20260821_205942_terrain.json
[рельеф-сетки] D:/Godot/ColoringBook/logs\20260821_205942_terrain.bin
[журнал] D:/Godot/ColoringBook/logs\20260821_205453_session.log
[фон-щели] одиночных рёбер 3840, из них на внешнем крае есть; радиусы от 5760 до 5760 ед (границы колец: 5760)
[фон-меш] рельеф: граней вверх 1843200, вниз 0 (0,0%), вырожденных 0 | расхождение на стыке колец 0,0 м
[фон-пандус] наибольший уклон переходной полосы 0,0°, ширина полосы 8 ячеек (960..480 м)
[фон] колец 1, шаг 120..120 м, область 115 км, четырёхугольников 921600, треугольников 1843200
[растительность] ОТКЛЮЧЕНА (LevelView3D.VegetationOn = false)
[время] рельеф и меш: 287742 мс
--- Seed 42 | Season Summer ---
уровень из колец, сид 42
[камера] обзор на (963, -540), наклон 35°, удаление 76,0 км
[bootstrap] mode=Level (main scene). P = switch to plant gallery.
[bootstrap] galleryActive=False regions=0 | terrain: mesh=null visible=True | rivers: mesh=null visible=True | water: mesh=null visible=True | vegRoot: children=0 visible=True | galleryRoot=none
[PERF] fps=60,0 frame=2,39ms draw=7 prim=1844376 obj=589 vram=364,9MB tex=68,3MB | veg: full=0 lod1=0 hide=0 instVis=0 instHide=0 chunks=0
[PERF] fps=60,0 frame=2,10ms draw=7 prim=1844376 obj=589 vram=364,9MB tex=68,3MB | veg: full=0 lod1=0 hide=0 instVis=0 instHide=0 chunks=0
[обход] 18 поз: весь уровень, четверти, глаз из (963, -540), шар
[telemetry] обход уровня записан: D:/Godot/ColoringBook/logs\20260821_175951_seed42_sweep.json
[обход] 18 поз: весь уровень, четверти, глаз из (963, -540), шар
[кадр 000] весь уровень сверху: камера (0,0, 0,0) км, над землёй 77320 м, взгляд вниз 100%
[кадр] весь уровень сверху: неба 53%, пятен 7, крупнейшее 31%, ПУСТОТЫ 46% (в нижней половине 45%)
[sketch] шаблон: областей 1, из них удобных без увеличения 0, крупных заливок 1, непригодных 0; самая большая занимает 100% кадра, чернил 0,0%
[sketch] обход весь уровень сверху: шаблон: областей 1, из них удобных без увеличения 0, крупных заливок 1, непригодных 0; самая большая занимает 100% кадра, чернил 0,0%
[кадр 001] весь уровень косо 0°: камера (-0,0, -49,9) км, над землёй 36363 м, взгляд вниз 62%
[кадр] весь уровень косо 0°: неба 45%, пятен 9, крупнейшее 55%, ПУСТОТЫ 39% (в нижней половине 4%)
[sketch] шаблон: областей 1, из них удобных без увеличения 0, крупных заливок 1, непригодных 0; самая большая занимает 100% кадра, чернил 0,0%
[sketch] обход весь уровень косо 0°: шаблон: областей 1, из них удобных без увеличения 0, крупных заливок 1, непригодных 0; самая большая занимает 100% кадра, чернил 0,0%
[кадр 002] весь уровень косо 120°: камера (-43,2, 25,0) км, над землёй 36709 м, взгляд вниз 62%
[кадр] весь уровень косо 120°: неба 46%, пятен 9, крупнейшее 51%, ПУСТОТЫ 37% (в нижней половине 3%)
[sketch] шаблон: областей 1, из них удобных без увеличения 0, крупных заливок 1, непригодных 0; самая большая занимает 100% кадра, чернил 0,0%
[sketch] обход весь уровень косо 120°: шаблон: областей 1, из них удобных без увеличения 0, крупных заливок 1, непригодных 0; самая большая занимает 100% кадра, чернил 0,0%
[кадр 003] весь уровень косо 240°: камера (43,2, 25,0) км, над землёй 34750 м, взгляд вниз 62%
[кадр] весь уровень косо 240°: неба 50%, пятен 8, крупнейшее 49%, ПУСТОТЫ 37% (в нижней половине 2%)
[PERF] fps=4,0 frame=1275,90ms draw=8 prim=3687584 obj=594 vram=402,8MB tex=99,3MB | veg: full=0 lod1=0 hide=0 instVis=0 instHide=0 chunks=0
[sketch] шаблон: областей 1, из них удобных без увеличения 0, крупных заливок 1, непригодных 0; самая большая занимает 100% кадра, чернил 0,0%
[sketch] обход весь уровень косо 240°: шаблон: областей 1, из них удобных без увеличения 0, крупных заливок 1, непригодных 0; самая большая занимает 100% кадра, чернил 0,0%
[кадр 004] четверть 1: камера (-25,3, -51,8) км, над землёй 16843 м, взгляд вниз 57%
[кадр] четверть 1: неба 34%, пятен 8, крупнейшее 28%, ПУСТОТЫ 28% (в нижней половине 1%)
[sketch] шаблон: областей 1, из них удобных без увеличения 0, крупных заливок 1, непригодных 0; самая большая занимает 100% кадра, чернил 0,0%
[sketch] обход четверть 1: шаблон: областей 1, из них удобных без увеличения 0, крупных заливок 1, непригодных 0; самая большая занимает 100% кадра, чернил 0,0%
[кадр 005] четверть 2: камера (25,3, -51,8) км, над землёй 20268 м, взгляд вниз 57%
[кадр] четверть 2: неба 39%, пятен 7, крупнейшее 54%, ПУСТОТЫ 28% (в нижней половине 1%)
[sketch] шаблон: областей 1, из них удобных без увеличения 0, крупных заливок 1, непригодных 0; самая большая занимает 100% кадра, чернил 0,0%
[sketch] обход четверть 2: шаблон: областей 1, из них удобных без увеличения 0, крупных заливок 1, непригодных 0; самая большая занимает 100% кадра, чернил 0,0%
[кадр 006] четверть 3: камера (-25,3, -1,1) км, над землёй 17940 м, взгляд вниз 57%
[кадр] четверть 3: неба 42%, пятен 6, крупнейшее 57%, ПУСТОТЫ 37% (в нижней половине 4%)
[sketch] шаблон: областей 1, из них удобных без увеличения 0, крупных заливок 1, непригодных 0; самая большая занимает 100% кадра, чернил 0,0%
[sketch] обход четверть 3: шаблон: областей 1, из них удобных без увеличения 0, крупных заливок 1, непригодных 0; самая большая занимает 100% кадра, чернил 0,0%
[кадр 007] четверть 4: камера (25,3, -1,1) км, над землёй 18730 м, взгляд вниз 57%
[кадр] четверть 4: неба 45%, пятен 8, крупнейшее 47%, ПУСТОТЫ 36% (в нижней половине 2%)
[sketch] шаблон: областей 1, из них удобных без увеличения 0, крупных заливок 1, непригодных 0; самая большая занимает 100% кадра, чернил 0,0%
[sketch] обход четверть 4: шаблон: областей 1, из них удобных без увеличения 0, крупных заливок 1, непригодных 0; самая большая занимает 100% кадра, чернил 0,0%
[кадр 008] глаз 0°: камера (9,6, -5,4) км, над землёй 2 м, взгляд вниз 5%
[кадр] глаз 0°: неба 43%, пятен 3, крупнейшее 44%, ПУСТОТЫ 44% (в нижней половине 88%)
[sketch] шаблон: областей 4, из них удобных без увеличения 1, крупных заливок 3, непригодных 0; самая большая занимает 47% кадра, чернил 0,8%
[sketch] обход глаз 0°: шаблон: областей 4, из них удобных без увеличения 1, крупных заливок 3, непригодных 0; самая большая занимает 47% кадра, чернил 0,8%
[кадр 009] глаз 45°: камера (9,6, -5,4) км, над землёй 2 м, взгляд вниз 5%
[кадр] глаз 45°: неба 43%, пятен 4, крупнейшее 45%, ПУСТОТЫ 44% (в нижней половине 88%)
[sketch] шаблон: областей 2, из них удобных без увеличения 0, крупных заливок 2, непригодных 0; самая большая занимает 55% кадра, чернил 0,5%
[sketch] обход глаз 45°: шаблон: областей 2, из них удобных без увеличения 0, крупных заливок 2, непригодных 0; самая большая занимает 55% кадра, чернил 0,5%
[кадр 010] глаз 90°: камера (9,6, -5,4) км, над землёй 2 м, взгляд вниз 5%
[кадр] глаз 90°: неба 46%, пятен 4, крупнейшее 48%, ПУСТОТЫ 47% (в нижней половине 94%)
[sketch] шаблон: областей 4, из них удобных без увеличения 1, крупных заливок 2, непригодных 0; самая большая занимает 50% кадра, чернил 0,5%
[sketch] обход глаз 90°: шаблон: областей 4, из них удобных без увеличения 1, крупных заливок 2, непригодных 0; самая большая занимает 50% кадра, чернил 0,5%
[кадр 011] глаз 135°: камера (9,6, -5,4) км, над землёй 2 м, взгляд вниз 5%
[кадр] глаз 135°: неба 46%, пятен 4, крупнейшее 48%, ПУСТОТЫ 47% (в нижней половине 95%)
[sketch] шаблон: областей 4, из них удобных без увеличения 1, крупных заливок 2, непригодных 0; самая большая занимает 51% кадра, чернил 0,4%
[sketch] обход глаз 135°: шаблон: областей 4, из них удобных без увеличения 1, крупных заливок 2, непригодных 0; самая большая занимает 51% кадра, чернил 0,4%
[кадр 012] глаз 180°: камера (9,6, -5,4) км, над землёй 2 м, взгляд вниз 5%
[кадр] глаз 180°: неба 47%, пятен 5, крупнейшее 48%, ПУСТОТЫ 48% (в нижней половине 96%)
[PERF] fps=6,0 frame=1651,05ms draw=8 prim=3687584 obj=594 vram=401,5MB tex=99,3MB | veg: full=0 lod1=0 hide=0 instVis=0 instHide=0 chunks=0
[sketch] шаблон: областей 2, из них удобных без увеличения 0, крупных заливок 2, непригодных 0; самая большая занимает 51% кадра, чернил 0,4%
[sketch] обход глаз 180°: шаблон: областей 2, из них удобных без увеличения 0, крупных заливок 2, непригодных 0; самая большая занимает 51% кадра, чернил 0,4%
[кадр 013] глаз 225°: камера (9,6, -5,4) км, над землёй 2 м, взгляд вниз 5%
[кадр] глаз 225°: неба 46%, пятен 5, крупнейшее 48%, ПУСТОТЫ 47% (в нижней половине 95%)
[sketch] шаблон: областей 3, из них удобных без увеличения 0, крупных заливок 2, непригодных 0; самая большая занимает 50% кадра, чернил 0,5%
[sketch] обход глаз 225°: шаблон: областей 3, из них удобных без увеличения 0, крупных заливок 2, непригодных 0; самая большая занимает 50% кадра, чернил 0,5%
[кадр 014] глаз 270°: камера (9,6, -5,4) км, над землёй 2 м, взгляд вниз 5%
[кадр] глаз 270°: неба 45%, пятен 4, крупнейшее 46%, ПУСТОТЫ 46% (в нижней половине 93%)
[sketch] шаблон: областей 4, из них удобных без увеличения 0, крупных заливок 2, непригодных 0; самая большая занимает 52% кадра, чернил 0,5%
[sketch] обход глаз 270°: шаблон: областей 4, из них удобных без увеличения 0, крупных заливок 2, непригодных 0; самая большая занимает 52% кадра, чернил 0,5%
[кадр 015] глаз 315°: камера (9,6, -5,4) км, над землёй 2 м, взгляд вниз 5%
[кадр] глаз 315°: неба 42%, пятен 4, крупнейшее 44%, ПУСТОТЫ 43% (в нижней половине 86%)
[sketch] шаблон: областей 3, из них удобных без увеличения 1, крупных заливок 2, непригодных 0; самая большая занимает 55% кадра, чернил 0,5%
[sketch] обход глаз 315°: шаблон: областей 3, из них удобных без увеличения 1, крупных заливок 2, непригодных 0; самая большая занимает 55% кадра, чернил 0,5%
[кадр 016] шар 0°: камера (9,6, -5,4) км, над землёй 500 м, взгляд вниз 24%
[кадр] шар 0°: неба 34%, пятен 5, крупнейшее 33%, ПУСТОТЫ 33% (в нижней половине 0%)
[sketch] шаблон: областей 2, из них удобных без увеличения 1, крупных заливок 1, непригодных 0; самая большая занимает 99% кадра, чернил 0,5%
[sketch] обход шар 0°: шаблон: областей 2, из них удобных без увеличения 1, крупных заливок 1, непригодных 0; самая большая занимает 99% кадра, чернил 0,5%
[кадр 017] шар 180°: камера (9,6, -5,4) км, над землёй 500 м, взгляд вниз 24%
[кадр] шар 180°: неба 36%, пятен 4, крупнейшее 62%, ПУСТОТЫ 32% (в нижней половине 0%)
[sketch] шаблон: областей 2, из них удобных без увеличения 0, крупных заливок 2, непригодных 0; самая большая занимает 59% кадра, чернил 0,4%
[sketch] обход шар 180°: шаблон: областей 2, из них удобных без увеличения 0, крупных заливок 2, непригодных 0; самая большая занимает 59% кадра, чернил 0,4%
[кадр 018] русло сверху: камера (-37,0, -24,4) км, над землёй 2500 м, взгляд вниз 98%
[кадр] русло сверху: неба 0%, пятен 9, крупнейшее 32%, ПУСТОТЫ 0% (в нижней половине 0%)
[sketch] шаблон: областей 1, из них удобных без увеличения 0, крупных заливок 1, непригодных 0; самая большая занимает 100% кадра, чернил 0,0%
[sketch] обход русло сверху: шаблон: областей 1, из них удобных без увеличения 0, крупных заливок 1, непригодных 0; самая большая занимает 100% кадра, чернил 0,0%
[кадр 019] русло с берега: камера (-37,0, -24,4) км, над землёй 2 м, взгляд вниз 8%
[кадр] русло с берега: неба 54%, пятен 4, крупнейшее 56%, ПУСТОТЫ 55% (в нижней половине 100%)
[sketch] шаблон: областей 2, из них удобных без увеличения 0, крупных заливок 2, непригодных 0; самая большая занимает 60% кадра, чернил 0,4%
[sketch] обход русло с берега: шаблон: областей 2, из них удобных без увеличения 0, крупных заливок 2, непригодных 0; самая большая занимает 60% кадра, чернил 0,4%
[telemetry] снимков сохранено: 20 в D:/Godot/ColoringBook/logs\20260821_175951_seed42_sweep_shots
[PERF] fps=6,0 frame=1533,72ms draw=7 prim=1844384 obj=593 vram=370,4MB tex=68,3MB | veg: full=0 lod1=0 hide=0 instVis=0 instHide=0 chunks=0
[PERF] fps=60,0 frame=3,11ms draw=7 prim=1844376 obj=589 vram=370,4MB tex=68,3MB | veg: full=0 lod1=0 hide=0 instVis=0 instHide=0 chunks=0
[PERF] fps=60,0 frame=2,62ms draw=7 prim=1844376 obj=589 vram=370,4MB tex=68,3MB | veg: full=0 lod1=0 hide=0 instVis=0 instHide=0 chunks=0
[PERF] fps=60,0 frame=3,07ms draw=7 prim=1844376 obj=589 vram=370,4MB tex=68,3MB | veg: full=0 lod1=0 hide=0 instVis=0 instHide=0 chunks=0
[PERF] fps=60,0 frame=3,16ms draw=7 prim=1844376 obj=589 vram=370,4MB tex=68,3MB | veg: full=0 lod1=0 hide=0 instVis=0 instHide=0 chunks=0
[PERF] fps=60,0 frame=3,03ms draw=7 prim=1844376 obj=589 vram=370,4MB tex=68,3MB | veg: full=0 lod1=0 hide=0 instVis=0 instHide=0 chunks=0
[PERF] fps=60,0 frame=3,02ms draw=7 prim=1844376 obj=589 vram=370,4MB tex=68,3MB | veg: full=0 lod1=0 hide=0 instVis=0 instHide=0 chunks=0
[PERF] fps=60,0 frame=2,63ms draw=7 prim=1844376 obj=589 vram=370,4MB tex=68,3MB | veg: full=0 lod1=0 hide=0 instVis=0 instHide=0 chunks=0
[PERF] fps=60,0 frame=2,17ms draw=7 prim=1844376 obj=589 vram=370,4MB tex=68,3MB | veg: full=0 lod1=0 hide=0 instVis=0 instHide=0 chunks=0
[PERF] fps=60,0 frame=2,09ms draw=7 prim=1844376 obj=589 vram=370,4MB tex=68,3MB | veg: full=0 lod1=0 hide=0 instVis=0 instHide=0 chunks=0
[PERF] fps=60,0 frame=2,18ms draw=7 prim=1844376 obj=589 vram=370,4MB tex=68,3MB | veg: full=0 lod1=0 hide=0 instVis=0 instHide=0 chunks=0
[PERF] fps=60,0 frame=2,17ms draw=7 prim=1844376 obj=589 vram=370,4MB tex=68,3MB | veg: full=0 lod1=0 hide=0 instVis=0 instHide=0 chunks=0
[PERF] fps=60,0 frame=2,15ms draw=7 prim=1844376 obj=589 vram=370,4MB tex=68,3MB | veg: full=0 lod1=0 hide=0 instVis=0 instHide=0 chunks=0
[PERF] fps=60,0 frame=2,64ms draw=7 prim=1844376 obj=589 vram=370,4MB tex=68,3MB | veg: full=0 lod1=0 hide=0 instVis=0 instHide=0 chunks=0
[PERF] fps=60,0 frame=2,03ms draw=7 prim=1844376 obj=589 vram=370,4MB tex=68,3MB | veg: full=0 lod1=0 hide=0 instVis=0 instHide=0 chunks=0
[PERF] fps=60,0 frame=2,07ms draw=7 prim=1844376 obj=589 vram=370,4MB tex=68,3MB | veg: full=0 lod1=0 hide=0 instVis=0 instHide=0 chunks=0
[PERF] fps=60,0 frame=2,07ms draw=7 prim=1844376 obj=589 vram=370,4MB tex=68,3MB | veg: full=0 lod1=0 hide=0 instVis=0 instHide=0 chunks=0
[PERF] fps=60,0 frame=3,17ms draw=7 prim=1844376 obj=589 vram=370,4MB tex=68,3MB | veg: full=0 lod1=0 hide=0 instVis=0 instHide=0 chunks=0
[PERF] fps=60,0 frame=1,71ms draw=7 prim=1844376 obj=589 vram=370,4MB tex=68,3MB | veg: full=0 lod1=0 hide=0 instVis=0 instHide=0 chunks=0
[PERF] fps=60,0 frame=1,85ms draw=7 prim=1844376 obj=589 vram=370,4MB tex=68,3MB | veg: full=0 lod1=0 hide=0 instVis=0 instHide=0 chunks=0
[PERF] fps=60,0 frame=1,93ms draw=7 prim=1844376 obj=589 vram=370,4MB tex=68,3MB | veg: full=0 lod1=0 hide=0 instVis=0 instHide=0 chunks=0
[PERF] fps=60,0 frame=2,15ms draw=7 prim=1844376 obj=589 vram=370,4MB tex=68,3MB | veg: full=0 lod1=0 hide=0 instVis=0 instHide=0 chunks=0
[PERF] fps=60,0 frame=2,03ms draw=7 prim=1844376 obj=589 vram=370,4MB tex=68,3MB | veg: full=0 lod1=0 hide=0 instVis=0 instHide=0 chunks=0
[PERF] fps=60,0 frame=1,91ms draw=7 prim=1844376 obj=589 vram=370,4MB tex=68,3MB | veg: full=0 lod1=0 hide=0 instVis=0 instHide=0 chunks=0
[PERF] fps=60,0 frame=2,10ms draw=7 prim=1844376 obj=589 vram=370,4MB tex=68,3MB | veg: full=0 lod1=0 hide=0 instVis=0 instHide=0 chunks=0
[PERF] fps=60,0 frame=2,31ms draw=7 prim=1844376 obj=589 vram=370,4MB tex=68,3MB | veg: full=0 lod1=0 hide=0 instVis=0 instHide=0 chunks=0
[PERF] fps=60,0 frame=2,90ms draw=7 prim=1844376 obj=589 vram=370,4MB tex=68,3MB | veg: full=0 lod1=0 hide=0 instVis=0 instHide=0 chunks=0
[PERF] fps=60,0 frame=3,17ms draw=7 prim=1844376 obj=589 vram=370,4MB tex=68,3MB | veg: full=0 lod1=0 hide=0 instVis=0 instHide=0 chunks=0
[PERF] fps=60,0 frame=3,21ms draw=7 prim=1844376 obj=589 vram=370,4MB tex=68,3MB | veg: full=0 lod1=0 hide=0 instVis=0 instHide=0 chunks=0
[PERF] fps=60,0 frame=2,13ms draw=7 prim=1844376 obj=589 vram=370,4MB tex=68,3MB | veg: full=0 lod1=0 hide=0 instVis=0 instHide=0 chunks=0
[PERF] fps=60,0 frame=2,01ms draw=7 prim=1844376 obj=589 vram=370,4MB tex=68,3MB | veg: full=0 lod1=0 hide=0 instVis=0 instHide=0 chunks=0
[PERF] fps=60,0 frame=2,67ms draw=7 prim=1844376 obj=589 vram=370,4MB tex=68,3MB | veg: full=0 lod1=0 hide=0 instVis=0 instHide=0 chunks=0
[PERF] fps=60,0 frame=2,08ms draw=7 prim=1844376 obj=589 vram=370,4MB tex=68,3MB | veg: full=0 lod1=0 hide=0 instVis=0 instHide=0 chunks=0
[PERF] fps=60,0 frame=1,89ms draw=7 prim=1844376 obj=589 vram=370,4MB tex=68,3MB | veg: full=0 lod1=0 hide=0 instVis=0 instHide=0 chunks=0
