ColoringBook — журнал запуска 2026-08-18 12:33:57
[bootstrap] каталог логов: D:/Godot/ColoringBook/logs
PlantCatalog ready: 9 variants x kinds
=== ColoringBook Bootstrap | BUILD STAMP: 2026-08-18-V336 (РЕШЁТКА СЛОМАНА: поднятие тремя волнами; озёра 7.1% -> 0.8-4.3% сами)
[shaders] res://assets/shaders/terrain.gdshader — ок
[shaders] res://assets/shaders/water.gdshader — ок
[shaders] res://assets/shaders/foliage.gdshader — ок
[shaders] res://assets/shaders/impostor.gdshader — ок
[shaders] res://assets/shaders/sketch_id.gdshader — ок
[shaders] res://assets/shaders/sketch_depth.gdshader — ок
[shaders] res://assets/shaders/sketch_normal.gdshader — ок
[bootstrap] MaxFps=60, VSync=Disabled
[устройство] Windows, построение полное, уровень при запуске, журнал в res://logs, ядер 8
[bootstrap] StartupMode = Level
[разведка] поле 241x241 за 9354 мс, место (16,1, 22,3) км от середины территории
[нрав] поднятие 7,7 м (разброс 1,19, период 17 км), врез 31, осыпание 0,014, итераций 365
[фон-эрозия] поле 481x481 за 47510 мс
[высоты] размах поля 4543 м, сжатие 0,55, дно 1000 м, верх 3500 м
[озёра] залитых ячеек 11140 из 231361 (4,8% поля)
[плитка] 5 км, ячейка 30 м, за 5601 мс
[маршруты] окно 20 км: опор 40, рёбер 57, сеть 158,0 км, за 3078 мс
[пояса] лес 0,330, редколесье 0,582, альпика 0,670, осыпь 0,706, скала 0,737, снег 0,753
[пояса] пределы выборки 71,8..320,9 ед (1000..3491 м), смещение 28,2 ед
[фон-материал] шейдер рельефа, размах высот 100,0..349,1 ед
[рельеф] средний уклон 25,1°, p95 48,0°, перепад 744 м, круче 35° 23%, доля дна 67%, шпилей 0
[старт] пояс Lake, высота 2359 м
[старт] опора сети: вид 50%, (333, 270), сток 14, в 4,3 км от середины поля при пределе 5,4; опор всего 40
[дыра] высоты в точке старта: поле 2359 м, меш 2366 м, разница -7 м; накрывает кольцо 1, ячейка 60 м
[дыра] камера обхода садится на высоту ПОЛЯ, а видит меш: камера ПОД ПОВЕРХНОСТЬЮ на 7 м
[дыра] треугольников рельефа вокруг точки: в 100 м — 16, в 500 м — 379, в 2000 м — 4190
[дыра] место разведки (16,1, 22,3) км от середины территории; игрок в 4287 м от середины ПОЛЯ
[дыра] половины колец, км: 4:28,8, 3:14,4, 2:7,2, 1:3,6, 0:1,8
[покров] по площади (3318 км²): Water 4,9%, Grassland 12,8%, Forest 39,1%, Shrubland 20,5%, Alpine 7,2%, Scree 6,0%, Rock 2,3%, Snow 7,2%
[вода] ячеек покрова по кольцам: 30м:4727 60м:6821 120м:6454 240м:2189 480м:689
[дренаж] сетка 241, область 58 км, 73 мс
[рельеф-отчёт] D:/Godot/ColoringBook/logs\20260818_123457_terrain.json
[рельеф-сетки] D:/Godot/ColoringBook/logs\20260818_123457_terrain.bin
[журнал] D:/Godot/ColoringBook/logs\20260818_123356_session.log
[фон-щели] одиночных рёбер 3360, из них на внешнем крае есть; радиусы от 180 до 2880 ед (границы колец: 180, 360, 720, 1440, 2880)
[фон-меш] рельеф: граней вверх 115200, вниз 0 (0,0%), вырожденных 0 | расхождение на стыке колец 0,0 м
[фон-пандус] наибольший уклон переходной полосы 34,6°, ширина полосы 8 ячеек (240..1920 м)
[фон] колец 5, шаг 30..480 м, область 58 км, четырёхугольников 57600, треугольников 115200
[растительность] ОТКЛЮЧЕНА (LevelView3D.VegetationOn = false)
[время] рельеф и меш: 60186 мс
--- Seed 42 | Season Summer ---
уровень из колец, сид 42
[камера] обзор на (333, 270), наклон 35°, удаление 2,2 км
[bootstrap] mode=Level (main scene). P = switch to plant gallery.
[bootstrap] galleryActive=False regions=0 | terrain: mesh=null visible=True | rivers: mesh=null visible=True | water: mesh=null visible=True | vegRoot: children=0 visible=True | galleryRoot=none
[PERF] fps=60,0 frame=2,37ms draw=7 prim=127864 obj=573 vram=166,7MB tex=81,8MB | veg: full=0 lod1=0 hide=0 instVis=0 instHide=0 chunks=0
[обход] 18 поз: весь уровень, четверти, глаз из (333, 270), шар
[telemetry] обход уровня записан: D:/Godot/ColoringBook/logs\20260818_093506_seed42_sweep.json
[обход] 18 поз: весь уровень, четверти, глаз из (333, 270), шар
[кадр] весь уровень сверху: неба 44%, пятен 9, крупнейшее 33%, ПУСТОТЫ 37% (в нижней половине 37%)
[sketch] шаблон: областей 1, из них удобных без увеличения 0, крупных заливок 1, непригодных 0; самая большая занимает 100% кадра, чернил 0,0%
[sketch] обход весь уровень сверху: шаблон: областей 1, из них удобных без увеличения 0, крупных заливок 1, непригодных 0; самая большая занимает 100% кадра, чернил 0,0%
[кадр] весь уровень косо 0°: неба 51%, пятен 5, крупнейшее 53%, ПУСТОТЫ 39% (в нижней половине 4%)
[sketch] шаблон: областей 1, из них удобных без увеличения 0, крупных заливок 1, непригодных 0; самая большая занимает 100% кадра, чернил 0,0%
[sketch] обход весь уровень косо 0°: шаблон: областей 1, из них удобных без увеличения 0, крупных заливок 1, непригодных 0; самая большая занимает 100% кадра, чернил 0,0%
[кадр] весь уровень косо 120°: неба 44%, пятен 5, крупнейшее 55%, ПУСТОТЫ 37% (в нижней половине 3%)
[PERF] fps=4,0 frame=1183,02ms draw=8 prim=254592 obj=578 vram=203,3MB tex=112,8MB | veg: full=0 lod1=0 hide=0 instVis=0 instHide=0 chunks=0
[sketch] шаблон: областей 1, из них удобных без увеличения 0, крупных заливок 1, непригодных 0; самая большая занимает 100% кадра, чернил 0,0%
[sketch] обход весь уровень косо 120°: шаблон: областей 1, из них удобных без увеличения 0, крупных заливок 1, непригодных 0; самая большая занимает 100% кадра, чернил 0,0%
[кадр] весь уровень косо 240°: неба 47%, пятен 7, крупнейшее 54%, ПУСТОТЫ 37% (в нижней половине 2%)
[sketch] шаблон: областей 1, из них удобных без увеличения 0, крупных заливок 1, непригодных 0; самая большая занимает 100% кадра, чернил 0,0%
[sketch] обход весь уровень косо 240°: шаблон: областей 1, из них удобных без увеличения 0, крупных заливок 1, непригодных 0; самая большая занимает 100% кадра, чернил 0,0%
[кадр] четверть 1: неба 38%, пятен 5, крупнейшее 58%, ПУСТОТЫ 30% (в нижней половине 3%)
[sketch] шаблон: областей 1, из них удобных без увеличения 0, крупных заливок 1, непригодных 0; самая большая занимает 100% кадра, чернил 0,0%
[sketch] обход четверть 1: шаблон: областей 1, из них удобных без увеличения 0, крупных заливок 1, непригодных 0; самая большая занимает 100% кадра, чернил 0,0%
[кадр] четверть 2: неба 51%, пятен 8, крупнейшее 41%, ПУСТОТЫ 30% (в нижней половине 2%)
[sketch] шаблон: областей 1, из них удобных без увеличения 0, крупных заливок 1, непригодных 0; самая большая занимает 100% кадра, чернил 0,0%
[sketch] обход четверть 2: шаблон: областей 1, из них удобных без увеличения 0, крупных заливок 1, непригодных 0; самая большая занимает 100% кадра, чернил 0,0%
[кадр] четверть 3: неба 39%, пятен 6, крупнейшее 58%, ПУСТОТЫ 37% (в нижней половине 4%)
[sketch] шаблон: областей 1, из них удобных без увеличения 0, крупных заливок 1, непригодных 0; самая большая занимает 100% кадра, чернил 0,0%
[sketch] обход четверть 3: шаблон: областей 1, из них удобных без увеличения 0, крупных заливок 1, непригодных 0; самая большая занимает 100% кадра, чернил 0,0%
[кадр] четверть 4: неба 48%, пятен 7, крупнейшее 51%, ПУСТОТЫ 35% (в нижней половине 1%)
[sketch] шаблон: областей 1, из них удобных без увеличения 0, крупных заливок 1, непригодных 0; самая большая занимает 100% кадра, чернил 0,0%
[sketch] обход четверть 4: шаблон: областей 1, из них удобных без увеличения 0, крупных заливок 1, непригодных 0; самая большая занимает 100% кадра, чернил 0,0%
[кадр] глаз 0°: неба 48%, пятен 2, крупнейшее 61%, ПУСТОТЫ 49% (в нижней половине 97%)
[sketch] шаблон: областей 7, из них удобных без увеличения 4, крупных заливок 2, непригодных 0; самая большая занимает 49% кадра, чернил 2,8%
[sketch] обход глаз 0°: шаблон: областей 7, из них удобных без увеличения 4, крупных заливок 2, непригодных 0; самая большая занимает 49% кадра, чернил 2,8%
[кадр] глаз 45°: неба 45%, пятен 2, крупнейшее 63%, ПУСТОТЫ 46% (в нижней половине 92%)
[sketch] шаблон: областей 6, из них удобных без увеличения 3, крупных заливок 3, непригодных 0; самая большая занимает 46% кадра, чернил 2,1%
[sketch] обход глаз 45°: шаблон: областей 6, из них удобных без увеличения 3, крупных заливок 3, непригодных 0; самая большая занимает 46% кадра, чернил 2,1%
[кадр] глаз 90°: неба 43%, пятен 2, крупнейшее 63%, ПУСТОТЫ 44% (в нижней половине 89%)
[sketch] шаблон: областей 6, из них удобных без увеличения 4, крупных заливок 2, непригодных 0; самая большая занимает 45% кадра, чернил 2,1%
[sketch] обход глаз 90°: шаблон: областей 6, из них удобных без увеличения 4, крупных заливок 2, непригодных 0; самая большая занимает 45% кадра, чернил 2,1%
[кадр] глаз 135°: неба 45%, пятен 2, крупнейшее 62%, ПУСТОТЫ 46% (в нижней половине 92%)
[PERF] fps=4,0 frame=1224,63ms draw=8 prim=254596 obj=580 vram=203,3MB tex=112,8MB | veg: full=0 lod1=0 hide=0 instVis=0 instHide=0 chunks=0
[sketch] шаблон: областей 6, из них удобных без увеличения 2, крупных заливок 3, непригодных 0; самая большая занимает 47% кадра, чернил 2,0%
[sketch] обход глаз 135°: шаблон: областей 6, из них удобных без увеличения 2, крупных заливок 3, непригодных 0; самая большая занимает 47% кадра, чернил 2,0%
[кадр] глаз 180°: неба 47%, пятен 3, крупнейшее 60%, ПУСТОТЫ 48% (в нижней половине 95%)
[sketch] шаблон: областей 8, из них удобных без увеличения 2, крупных заливок 3, непригодных 0; самая большая занимает 50% кадра, чернил 2,1%
[sketch] обход глаз 180°: шаблон: областей 8, из них удобных без увеличения 2, крупных заливок 3, непригодных 0; самая большая занимает 50% кадра, чернил 2,1%
[кадр] глаз 225°: неба 49%, пятен 4, крупнейшее 57%, ПУСТОТЫ 50% (в нижней половине 99%)
[sketch] шаблон: областей 7, из них удобных без увеличения 2, крупных заливок 2, непригодных 0; самая большая занимает 55% кадра, чернил 2,1%
[sketch] обход глаз 225°: шаблон: областей 7, из них удобных без увеличения 2, крупных заливок 2, непригодных 0; самая большая занимает 55% кадра, чернил 2,1%
[кадр] глаз 270°: неба 50%, пятен 3, крупнейшее 57%, ПУСТОТЫ 50% (в нижней половине 99%)
[sketch] шаблон: областей 6, из них удобных без увеличения 3, крупных заливок 2, непригодных 0; самая большая занимает 54% кадра, чернил 2,3%
[sketch] обход глаз 270°: шаблон: областей 6, из них удобных без увеличения 3, крупных заливок 2, непригодных 0; самая большая занимает 54% кадра, чернил 2,3%
[кадр] глаз 315°: неба 50%, пятен 2, крупнейшее 59%, ПУСТОТЫ 50% (в нижней половине 100%)
[sketch] шаблон: областей 8, из них удобных без увеличения 4, крупных заливок 2, непригодных 0; самая большая занимает 51% кадра, чернил 2,5%
[sketch] обход глаз 315°: шаблон: областей 8, из них удобных без увеличения 4, крупных заливок 2, непригодных 0; самая большая занимает 51% кадра, чернил 2,5%
[кадр] шар 0°: неба 34%, пятен 3, крупнейшее 66%, ПУСТОТЫ 34% (в нижней половине 0%)
[sketch] шаблон: областей 2, из них удобных без увеличения 0, крупных заливок 2, непригодных 0; самая большая занимает 59% кадра, чернил 0,4%
[sketch] обход шар 0°: шаблон: областей 2, из них удобных без увеличения 0, крупных заливок 2, непригодных 0; самая большая занимает 59% кадра, чернил 0,4%
[кадр] шар 180°: неба 35%, пятен 4, крупнейшее 64%, ПУСТОТЫ 34% (в нижней половине 0%)
[sketch] шаблон: областей 2, из них удобных без увеличения 0, крупных заливок 2, непригодных 0; самая большая занимает 59% кадра, чернил 0,4%
[sketch] обход шар 180°: шаблон: областей 2, из них удобных без увеличения 0, крупных заливок 2, непригодных 0; самая большая занимает 59% кадра, чернил 0,4%
[telemetry] снимков сохранено: 18 в D:/Godot/ColoringBook/logs\20260818_093506_seed42_sweep_shots
[PERF] fps=14,0 frame=2,47ms draw=7 prim=127864 obj=573 vram=173,1MB tex=81,8MB | veg: full=0 lod1=0 hide=0 instVis=0 instHide=0 chunks=0
[PERF] fps=60,0 frame=1,74ms draw=7 prim=127864 obj=573 vram=173,1MB tex=81,8MB | veg: full=0 lod1=0 hide=0 instVis=0 instHide=0 chunks=0
[PERF] fps=60,0 frame=1,76ms draw=7 prim=127864 obj=573 vram=173,1MB tex=81,8MB | veg: full=0 lod1=0 hide=0 instVis=0 instHide=0 chunks=0
[PERF] fps=60,0 frame=1,75ms draw=7 prim=127864 obj=573 vram=173,1MB tex=81,8MB | veg: full=0 lod1=0 hide=0 instVis=0 instHide=0 chunks=0
[PERF] fps=60,0 frame=2,63ms draw=7 prim=127872 obj=577 vram=173,1MB tex=81,8MB | veg: full=0 lod1=0 hide=0 instVis=0 instHide=0 chunks=0
[PERF] fps=60,0 frame=1,88ms draw=7 prim=127864 obj=573 vram=173,1MB tex=81,8MB | veg: full=0 lod1=0 hide=0 instVis=0 instHide=0 chunks=0
[PERF] fps=60,0 frame=1,70ms draw=7 prim=127864 obj=573 vram=173,1MB tex=81,8MB | veg: full=0 lod1=0 hide=0 instVis=0 instHide=0 chunks=0
[PERF] fps=60,0 frame=1,84ms draw=7 prim=127860 obj=571 vram=173,1MB tex=81,8MB | veg: full=0 lod1=0 hide=0 instVis=0 instHide=0 chunks=0
[PERF] fps=61,0 frame=1,86ms draw=7 prim=127860 obj=571 vram=173,1MB tex=81,8MB | veg: full=0 lod1=0 hide=0 instVis=0 instHide=0 chunks=0
[PERF] fps=60,0 frame=2,93ms draw=7 prim=127860 obj=571 vram=173,1MB tex=81,8MB | veg: full=0 lod1=0 hide=0 instVis=0 instHide=0 chunks=0
[PERF] fps=61,0 frame=2,27ms draw=7 prim=127860 obj=571 vram=173,1MB tex=81,8MB | veg: full=0 lod1=0 hide=0 instVis=0 instHide=0 chunks=0
[PERF] fps=60,0 frame=2,08ms draw=7 prim=127860 obj=571 vram=173,1MB tex=81,8MB | veg: full=0 lod1=0 hide=0 instVis=0 instHide=0 chunks=0
[PERF] fps=55,0 frame=18,42ms draw=7 prim=127864 obj=573 vram=173,1MB tex=81,8MB | veg: full=0 lod1=0 hide=0 instVis=0 instHide=0 chunks=0
[PERF] fps=60,0 frame=2,72ms draw=7 prim=127860 obj=571 vram=173,1MB tex=81,8MB | veg: full=0 lod1=0 hide=0 instVis=0 instHide=0 chunks=0
[PERF] fps=60,0 frame=9,86ms draw=7 prim=127860 obj=571 vram=173,1MB tex=81,8MB | veg: full=0 lod1=0 hide=0 instVis=0 instHide=0 chunks=0
[PERF] fps=60,0 frame=1,81ms draw=7 prim=127860 obj=571 vram=173,1MB tex=81,8MB | veg: full=0 lod1=0 hide=0 instVis=0 instHide=0 chunks=0
[PERF] fps=60,0 frame=2,10ms draw=7 prim=127860 obj=571 vram=173,1MB tex=81,8MB | veg: full=0 lod1=0 hide=0 instVis=0 instHide=0 chunks=0
[PERF] fps=60,0 frame=1,81ms draw=7 prim=127860 obj=571 vram=173,1MB tex=81,8MB | veg: full=0 lod1=0 hide=0 instVis=0 instHide=0 chunks=0
[PERF] fps=60,0 frame=1,76ms draw=7 prim=127860 obj=571 vram=173,1MB tex=81,8MB | veg: full=0 lod1=0 hide=0 instVis=0 instHide=0 chunks=0
[PERF] fps=60,0 frame=1,77ms draw=7 prim=127860 obj=571 vram=173,1MB tex=81,8MB | veg: full=0 lod1=0 hide=0 instVis=0 instHide=0 chunks=0
[PERF] fps=58,0 frame=53,48ms draw=7 prim=127864 obj=573 vram=173,1MB tex=81,8MB | veg: full=0 lod1=0 hide=0 instVis=0 instHide=0 chunks=0
