ColoringBook — журнал запуска 2026-08-22 16:10:26
[bootstrap] каталог логов: D:/Godot/ColoringBook/logs
PlantCatalog ready: 9 variants x kinds
=== ColoringBook Bootstrap | BUILD STAMP: 2026-08-22-V396 (подбор грубо-точно: осыпание x0.075, извилистость ВОШЛА В НОРМУ)
[shaders] res://assets/shaders/terrain.gdshader — ок
[shaders] res://assets/shaders/water.gdshader — ок
[shaders] res://assets/shaders/foliage.gdshader — ок
[shaders] res://assets/shaders/impostor.gdshader — ок
[shaders] res://assets/shaders/sketch_id.gdshader — ок
[shaders] res://assets/shaders/sketch_depth.gdshader — ок
[shaders] res://assets/shaders/sketch_normal.gdshader — ок
[bootstrap] MaxFps=60, VSync=Disabled
[устройство] стол, поле полное, уровень при запуске, журнал в res://logs, ядер 8
[bootstrap] StartupMode = Level
[разведка] поле 241x241 за 19614 мс, место (42,2, -35,0) км от середины территории
[нрав] поднятие 8,7 м (разброс 1,01, период 9 км), врез 22, осыпание 0,001, итераций 905
[разломы] 9 линий на 100 км, полоса 6,0 км, излом 0,50, разброс направлений 0,60, перекос 1,60, искажение области 0,30
[фон-эрозия] поле 961x961 за 329180 мс
[высоты] размах поля 4791 м, дно 800 м, верх 5591 м
[плитка] 5 км, ячейка 30 м, за 6491 мс
[высоты] p10 1976 м, медиана 2582, p90 3682, разница p10-p90 1706 м (в Альпах 2000-2500)
[вода] 2,0% площади (норма Альп 1.5-6)
[озёра] 7 крупнее 0.05 км², крупнейшее 58,7 км²
[острова] 1, крупнейший 0,03 км²
[озёра-подробно] впадин 13 крупнее 1 км², ячеек во впадинах 12385 (1,3% поля), сжатие 1,00
  чаша км² | глубина м | залито %
      67,9 |       151 |       86
      34,5 |         2 |        0   <- вода лужей на дне
      33,5 |       192 |       76
       9,7 |         0 |        0   <- вода лужей на дне
       4,6 |         1 |        0   <- вода лужей на дне
       4,3 |       123 |       68
       3,4 |       109 |       63
       3,4 |        99 |       58
[русла] прямых отрезков 258, медиана 480 м, p90 1440 м, наибольший 5880 м (в природе прямой участок до 1-2 км)
[проверка] 15 из 21 в норме
  НАРУШЕНО [рельеф] разница высот p10-p90: 1705,7 м (норма 2000,0..2500,0) — альпийская норма
  НАРУШЕНО [рельеф] гребни: 5,4% (норма 6,0..10,0)
  НАРУШЕНО [озёра] крупнейшее: 58,7 км² (норма 0,0..50,0) — горные озёра 0.01-20 км²
  НАРУШЕНО [русла] наибольший прямой: 7200,0 м (норма 0,0..4000,0)
  НАРУШЕНО [русла] обрывков короче 3 км: 8,0 (норма 0,0..5,0)
  НАРУШЕНО [русла] извилистость: 1,3 (норма 1,3..3,0) — у природной реки 1.3-3.0, у прямой единица
  годно [рельеф] медиана высоты: 2582,4 м
  годно [рельеф] уклон на ячейке поля: 21,0°
  годно [рельеф] отклонение форм: 14,7
  годно [рельеф] ровные места: 40,9%
  годно [вода] доля площади: 2,0%
  годно [вода] русло ПОВЕРХ озера: 0,0%
  годно [вода] сухая кайма дальше 240 м от воды: 0,0%
  годно [озёра] число крупнее 0.05 км²: 7,0
  годно [озёра] вытянутых втрое и более: 0,0
  годно [озёра] в вереницах: 0,0
  годно [русла] прямой участок p90: 960,0 м
  годно [русла] доля площади: 1,3%
  годно [русла] кусков сети: 13,0
  годно [русла] параллельные пары: 0,0%
  годно [острова] число: 1,0
[чаши-поштучно] чаша км² | под водой % | глубина м | вытянут
      59,9 |          98 |       151 |     1,8
      25,4 |         100 |       192 |     1,0
       2,9 |         100 |       123 |     1,4
       2,1 |         100 |       109 |     2,2
       2,0 |         100 |        99 |     2,3
[области] сетка 8x8, клетка 14,4 км
  клетка | высота м | уклон | вода% | озёр | русло%
  0,0    |     3474 |  27,0 |   0,0 |    0 |    0,6
  1,0    |     2909 |  21,8 |   0,0 |    0 |    1,4
  2,0    |     2662 |  22,4 |   0,0 |    0 |    0,9
  3,0    |     2212 |  10,3 |   0,0 |    0 |    1,8
  4,0    |     1940 |  30,9 |   0,1 |    1 |    1,5
  5,0    |     1184 |  11,1 |   0,0 |    0 |    2,8
  6,0    |     1454 |  16,1 |   0,0 |    0 |    2,3
  7,0    |     2866 |  37,9 |   0,0 |    0 |    0,9
  0,1    |     3244 |  24,1 |   0,0 |    0 |    0,0
  1,1    |     2587 |  10,2 |   0,0 |    0 |    1,8
  2,1    |     2841 |  24,2 |   0,0 |    0 |    0,9
  3,1    |     2584 |  17,5 |   0,0 |    0 |    1,5
  4,1    |     2257 |  29,8 |   0,0 |    0 |    1,6
  5,1    |     1617 |  13,7 |   0,0 |    0 |    3,0
  6,1    |     2810 |  36,5 |   0,0 |    0 |    0,4
  7,1    |     2670 |  12,3 |   0,0 |    0 |    1,7
  0,2    |     3047 |  25,2 |   0,0 |    0 |    0,3
  1,2    |     2412 |   1,3 |   0,0 |    0 |    2,4
  2,2    |     2925 |  25,8 |   0,0 |    0 |    0,5
  3,2    |     3051 |  29,1 |   0,5 |    1 |    1,3
  4,2    |     2562 |  26,9 |   0,3 |    0 |    1,5
  5,2    |     2735 |  34,5 |   1,4 |    1 |    1,6
  6,2    |     2930 |  20,8 |   0,0 |    0 |    0,8
  7,2    |     2481 |   4,5 |   0,0 |    0 |    2,1
  0,3    |     2600 |  14,9 |   0,0 |    0 |    1,2
  1,3    |     2365 |   4,4 |   0,0 |    0 |    1,4
  2,3    |     3139 |  34,3 |   0,0 |    0 |    0,8
  3,3    |     2955 |  18,4 |   0,0 |    0 |    0,8
  4,3    |     3157 |  38,3 |   0,7 |    0 |    1,2
  5,3    |     3297 |  29,7 |  14,7 |    1 |    0,7
  6,3    |     2592 |   3,5 |   0,0 |    0 |    1,2
  7,3    |     2517 |   6,5 |   0,0 |    0 |    1,5
  0,4    |     2250 |   3,4 |   0,0 |    0 |    2,2
  1,4    |     2535 |  14,6 |   0,0 |    0 |    1,5
  2,4    |     3336 |  32,5 |   0,0 |    0 |    1,1
  3,4    |     2868 |  12,7 |   0,0 |    0 |    0,3
  4,4    |     3567 |  33,1 |  11,1 |    0 |    1,0
  5,4    |     2891 |  21,5 |   1,7 |    0 |    0,7
  6,4    |     2405 |   3,3 |   0,0 |    0 |    2,0
  7,4    |     3017 |  25,9 |   0,0 |    0 |    1,5
  0,5    |     2022 |  10,1 |   0,0 |    0 |    1,9
  1,5    |     2901 |  24,5 |   0,0 |    0 |    1,0
  2,5    |     2906 |  13,2 |   0,0 |    0 |    0,8
  3,5    |     3294 |  25,2 |   0,0 |    0 |    0,0
  4,5    |     3217 |  32,9 |   0,0 |    0 |    1,0
  5,5    |     2332 |   2,3 |   0,0 |    0 |    2,0
  6,5    |     2388 |   7,2 |   0,0 |    0 |    2,1
  7,5    |     3484 |  39,2 |   0,0 |    0 |    0,2
  0,6    |     2013 |   8,4 |   0,0 |    0 |    2,3
  1,6    |     2936 |  30,5 |   0,0 |    0 |    0,9
  2,6    |     2706 |   5,1 |   0,0 |    0 |    0,7
  3,6    |     3717 |  38,0 |   1,0 |    1 |    1,0
  4,6    |     2592 |  13,1 |   0,0 |    0 |    2,6
  5,6    |     2258 |   5,9 |  11,5 |    1 |    1,9
  6,6    |     2679 |  31,3 |   0,0 |    0 |    0,3
  7,6    |     2703 |  33,6 |   0,0 |    0 |    1,2
  0,7    |     2341 |  15,3 |   0,0 |    0 |    1,7
  1,7    |     3395 |  35,3 |   0,0 |    0 |    0,7
  2,7    |     3409 |  26,2 |   0,0 |    0 |    0,2
  3,7    |     3975 |  37,3 |   0,0 |    0 |    1,2
  4,7    |     2644 |  13,4 |   0,0 |    0 |    1,5
  5,7    |     2153 |  27,3 |   0,7 |    0 |    1,2
  6,7    |     1896 |  33,1 |   0,0 |    0 |    2,0
  7,7    |     2337 |  23,5 |   0,1 |    1 |    1,4
[маршруты] окно 20 км: опор 80, рёбер 33, сеть 87,0 км, за 2168 мс
[пояса] лес 0,325, редколесье 0,372, альпика 0,423, осыпь 0,484, скала 0,557, снег 0,624
[пояса] пределы выборки 128,0..606,5 ед (800..5585 м), смещение -48,0 ед
[кольца] построено 1 за 8725 мс: высоты и покров 8263 мс, прочее 462 мс
[фон-материал] шейдер рельефа, размах высот 80,0..558,5 ед
[рельеф вокруг игрока] средний уклон 9,6°, p95 28,4°, перепад 4511 м, круче 35° 2%, доля дна 24%, шпилей 214  <-- ПОЛОГО  <-- ШПИЛИ
[рельеф вся территория] средний уклон 9,6°, p95 28,4°, перепад 4511 м, круче 35° 2%, доля дна 24%, шпилей 214  <-- ПОЛОГО  <-- ШПИЛИ
[старт] пояс Snow, высота 4330 м
[старт] опора сети: вид 100%, (288, 819), сток 1, в 8,7 км от середины поля при пределе 172,8; опор всего 80
[дыра] высоты в точке старта: поле 4330 м, меш 4327 м, разница 3 м; накрывает кольцо 0, ячейка 120 м
[дыра] камера обхода садится на высоту ПОЛЯ, а видит меш: камера НАД поверхностью на 3 м
[дыра] треугольников рельефа вокруг точки: в 100 м — 5, в 500 м — 110, в 2000 м — 1741
[дыра] место разведки (42,2, -35,0) км от середины территории; игрок в 8682 м от середины ПОЛЯ
[дыра] половины колец, км: 0:57,6
[покров] по площади (13271 км²): Water 2,0%, Grassland 28,3%, Forest 18,7%, Shrubland 14,3%, Alpine 8,5%, Scree 8,6%, Rock 13,5%, Snow 6,2%
[вода] ячеек покрова по кольцам: 120м:18513
[дренаж] сетка 961, область 115 км, 1817 мс
[рельеф-отчёт] D:/Godot/ColoringBook/logs\20260822_161658_terrain.json
[рельеф-сетки] D:/Godot/ColoringBook/logs\20260822_161658_terrain.bin
[журнал] D:/Godot/ColoringBook/logs\20260822_161026_session.log
[фон-щели] одиночных рёбер 3840, из них на внешнем крае есть; радиусы от 5760 до 5760 ед (границы колец: 5760)
[фон-меш] рельеф: граней вверх 1843200, вниз 0 (0,0%), вырожденных 0 | расхождение на стыке колец 0,0 м
[фон-пандус] наибольший уклон переходной полосы 0,0°, ширина полосы 8 ячеек (960..480 м)
[фон] колец 1, шаг 120..120 м, область 115 км, четырёхугольников 921600, треугольников 1843200
[растительность] ОТКЛЮЧЕНА (LevelView3D.VegetationOn = false)
[время] рельеф и меш: 391317 мс
--- Seed 42 | Season Summer ---
уровень из колец, сид 42
[камера] обзор на (288, 819), наклон 35°, удаление 76,0 км
[bootstrap] mode=Level (main scene). P = switch to plant gallery.
[bootstrap] galleryActive=False regions=0 | terrain: mesh=null visible=True | rivers: mesh=null visible=True | water: mesh=null visible=True | vegRoot: children=0 visible=True | galleryRoot=none
[PERF] fps=60,0 frame=2,45ms draw=7 prim=1844364 obj=583 vram=386,6MB tex=81,8MB | veg: full=0 lod1=0 hide=0 instVis=0 instHide=0 chunks=0
[PERF] fps=60,0 frame=2,08ms draw=7 prim=1844356 obj=579 vram=386,6MB tex=81,8MB | veg: full=0 lod1=0 hide=0 instVis=0 instHide=0 chunks=0
[обход] 8 поз: весь уровень, четверти, глаз из (288, 819), шар
[telemetry] обход уровня записан: D:/Godot/ColoringBook/logs\20260822_132021_seed42_sweep.json
[обход] 8 поз: весь уровень, четверти, глаз из (288, 819), шар
[кадр 000] весь уровень сверху: камера (0,0, 0,0) км, над землёй 77372 м, взгляд вниз 100%, охват 118,7 км
[кадр] весь уровень сверху: неба 54%, пятен 6, крупнейшее 58%, ПУСТОТЫ 48% (в нижней половине 48%)
[PERF] fps=60,0 frame=1,99ms draw=7 prim=1844356 obj=579 vram=421,4MB tex=112,8MB | veg: full=0 lod1=0 hide=0 instVis=0 instHide=0 chunks=0
[sketch] шаблон: областей 1, из них удобных без увеличения 0, крупных заливок 1, непригодных 0; самая большая занимает 100% кадра, чернил 0,0%
[sketch] обход весь уровень сверху: шаблон: областей 1, из них удобных без увеличения 0, крупных заливок 1, непригодных 0; самая большая занимает 100% кадра, чернил 0,0%
[кадр 001] весь уровень косо 0°: камера (-0,0, -49,9) км, над землёй 36819 м, взгляд вниз 62%, охват 56,5 км
[кадр] весь уровень косо 0°: неба 44%, пятен 7, крупнейшее 57%, ПУСТОТЫ 40% (в нижней половине 6%)
[sketch] шаблон: областей 1, из них удобных без увеличения 0, крупных заливок 1, непригодных 0; самая большая занимает 100% кадра, чернил 0,0%
[sketch] обход весь уровень косо 0°: шаблон: областей 1, из них удобных без увеличения 0, крупных заливок 1, непригодных 0; самая большая занимает 100% кадра, чернил 0,0%
[кадр 002] весь уровень косо 120°: камера (-43,2, 25,0) км, над землёй 36844 м, взгляд вниз 62%, охват 56,5 км
[кадр] весь уровень косо 120°: неба 49%, пятен 6, крупнейшее 55%, ПУСТОТЫ 39% (в нижней половине 4%)
[sketch] шаблон: областей 1, из них удобных без увеличения 0, крупных заливок 1, непригодных 0; самая большая занимает 100% кадра, чернил 0,0%
[sketch] обход весь уровень косо 120°: шаблон: областей 1, из них удобных без увеличения 0, крупных заливок 1, непригодных 0; самая большая занимает 100% кадра, чернил 0,0%
[кадр 003] весь уровень косо 240°: камера (43,2, 25,0) км, над землёй 35559 м, взгляд вниз 62%, охват 54,6 км
[кадр] весь уровень косо 240°: неба 49%, пятен 5, крупнейшее 55%, ПУСТОТЫ 39% (в нижней половине 4%)
[sketch] шаблон: областей 1, из них удобных без увеличения 0, крупных заливок 1, непригодных 0; самая большая занимает 100% кадра, чернил 0,0%
[sketch] обход весь уровень косо 240°: шаблон: областей 1, из них удобных без увеличения 0, крупных заливок 1, непригодных 0; самая большая занимает 100% кадра, чернил 0,0%
[кадр 004] четверть 1: камера (-25,3, -51,8) км, над землёй 19065 м, взгляд вниз 57%, охват 29,3 км
[кадр] четверть 1: неба 32%, пятен 9, крупнейшее 32%, ПУСТОТЫ 29% (в нижней половине 2%)
[sketch] шаблон: областей 1, из них удобных без увеличения 0, крупных заливок 1, непригодных 0; самая большая занимает 100% кадра, чернил 0,0%
[sketch] обход четверть 1: шаблон: областей 1, из них удобных без увеличения 0, крупных заливок 1, непригодных 0; самая большая занимает 100% кадра, чернил 0,0%
[кадр 005] четверть 2: камера (25,3, -51,8) км, над землёй 20174 м, взгляд вниз 57%, охват 31,0 км
[кадр] четверть 2: неба 36%, пятен 5, крупнейшее 61%, ПУСТОТЫ 30% (в нижней половине 3%)
[sketch] шаблон: областей 1, из них удобных без увеличения 0, крупных заливок 1, непригодных 0; самая большая занимает 100% кадра, чернил 0,0%
[sketch] обход четверть 2: шаблон: областей 1, из них удобных без увеличения 0, крупных заливок 1, непригодных 0; самая большая занимает 100% кадра, чернил 0,0%
[кадр 006] четверть 3: камера (-25,3, -1,1) км, над землёй 18161 м, взгляд вниз 57%, охват 27,9 км
[кадр] четверть 3: неба 42%, пятен 12, крупнейшее 57%, ПУСТОТЫ 36% (в нижней половине 3%)
[sketch] шаблон: областей 1, из них удобных без увеличения 0, крупных заливок 1, непригодных 0; самая большая занимает 100% кадра, чернил 0,0%
[sketch] обход четверть 3: шаблон: областей 1, из них удобных без увеличения 0, крупных заливок 1, непригодных 0; самая большая занимает 100% кадра, чернил 0,0%
[кадр 007] четверть 4: камера (25,3, -1,1) км, над землёй 18067 м, взгляд вниз 57%, охват 27,7 км
[кадр] четверть 4: неба 43%, пятен 5, крупнейшее 47%, ПУСТОТЫ 34% (в нижней половине 1%)
[sketch] шаблон: областей 1, из них удобных без увеличения 0, крупных заливок 1, непригодных 0; самая большая занимает 100% кадра, чернил 0,0%
[sketch] обход четверть 4: шаблон: областей 1, из них удобных без увеличения 0, крупных заливок 1, непригодных 0; самая большая занимает 100% кадра, чернил 0,0%
[кадр 008] четверть 0,0 сверху: камера (-28,8, -28,8) км, над землёй 41286 м, взгляд вниз 100%, охват 63,4 км
[кадр] четверть 0,0 сверху: неба 36%, пятен 8, крупнейшее 58%, ПУСТОТЫ 27% (в нижней половине 24%)
[sketch] шаблон: областей 1, из них удобных без увеличения 0, крупных заливок 1, непригодных 0; самая большая занимает 100% кадра, чернил 0,0%
[sketch] обход четверть 0,0 сверху: шаблон: областей 1, из них удобных без увеличения 0, крупных заливок 1, непригодных 0; самая большая занимает 100% кадра, чернил 0,0%
[кадр 009] четверть 1,0 сверху: камера (28,8, -28,8) км, над землёй 41286 м, взгляд вниз 100%, охват 63,4 км
[кадр] четверть 1,0 сверху: неба 36%, пятен 7, крупнейшее 55%, ПУСТОТЫ 28% (в нижней половине 31%)
[PERF] fps=4,0 frame=1175,06ms draw=7 prim=1844364 obj=583 vram=423,2MB tex=112,8MB | veg: full=0 lod1=0 hide=0 instVis=0 instHide=0 chunks=0
[sketch] шаблон: областей 1, из них удобных без увеличения 0, крупных заливок 1, непригодных 0; самая большая занимает 100% кадра, чернил 0,0%
[sketch] обход четверть 1,0 сверху: шаблон: областей 1, из них удобных без увеличения 0, крупных заливок 1, непригодных 0; самая большая занимает 100% кадра, чернил 0,0%
[кадр 010] четверть 0,1 сверху: камера (-28,8, 28,8) км, над землёй 41286 м, взгляд вниз 100%, охват 63,4 км
[кадр] четверть 0,1 сверху: неба 43%, пятен 8, крупнейшее 51%, ПУСТОТЫ 29% (в нижней половине 24%)
[sketch] шаблон: областей 1, из них удобных без увеличения 0, крупных заливок 1, непригодных 0; самая большая занимает 100% кадра, чернил 0,0%
[sketch] обход четверть 0,1 сверху: шаблон: областей 1, из них удобных без увеличения 0, крупных заливок 1, непригодных 0; самая большая занимает 100% кадра, чернил 0,0%
[кадр 011] четверть 1,1 сверху: камера (28,8, 28,8) км, над землёй 41286 м, взгляд вниз 100%, охват 63,4 км
[кадр] четверть 1,1 сверху: неба 37%, пятен 8, крупнейшее 53%, ПУСТОТЫ 27% (в нижней половине 30%)
[sketch] шаблон: областей 1, из них удобных без увеличения 0, крупных заливок 1, непригодных 0; самая большая занимает 100% кадра, чернил 0,0%
[sketch] обход четверть 1,1 сверху: шаблон: областей 1, из них удобных без увеличения 0, крупных заливок 1, непригодных 0; самая большая занимает 100% кадра, чернил 0,0%
[кадр 012] клетка 0,0 из 3x3: камера (-38,4, -38,4) км, над землёй 27524 м, взгляд вниз 100%, охват 42,2 км
[кадр] клетка 0,0 из 3x3: неба 34%, пятен 7, крупнейшее 32%, ПУСТОТЫ 27% (в нижней половине 24%)
[sketch] шаблон: областей 1, из них удобных без увеличения 0, крупных заливок 1, непригодных 0; самая большая занимает 100% кадра, чернил 0,0%
[sketch] обход клетка 0,0 из 3x3: шаблон: областей 1, из них удобных без увеличения 0, крупных заливок 1, непригодных 0; самая большая занимает 100% кадра, чернил 0,0%
[кадр 013] клетка 1,0 из 3x3: камера (0,0, -38,4) км, над землёй 27524 м, взгляд вниз 100%, охват 42,2 км
[кадр] клетка 1,0 из 3x3: неба 36%, пятен 8, крупнейшее 26%, ПУСТОТЫ 26% (в нижней половине 25%)
[sketch] шаблон: областей 1, из них удобных без увеличения 0, крупных заливок 1, непригодных 0; самая большая занимает 100% кадра, чернил 0,0%
[sketch] обход клетка 1,0 из 3x3: шаблон: областей 1, из них удобных без увеличения 0, крупных заливок 1, непригодных 0; самая большая занимает 100% кадра, чернил 0,0%
[кадр 014] клетка 2,0 из 3x3: камера (38,4, -38,4) км, над землёй 27524 м, взгляд вниз 100%, охват 42,2 км
[кадр] клетка 2,0 из 3x3: неба 35%, пятен 8, крупнейшее 28%, ПУСТОТЫ 29% (в нижней половине 33%)
[sketch] шаблон: областей 1, из них удобных без увеличения 0, крупных заливок 1, непригодных 0; самая большая занимает 100% кадра, чернил 0,0%
[sketch] обход клетка 2,0 из 3x3: шаблон: областей 1, из них удобных без увеличения 0, крупных заливок 1, непригодных 0; самая большая занимает 100% кадра, чернил 0,0%
[кадр 015] клетка 0,1 из 3x3: камера (-38,4, 0,0) км, над землёй 27524 м, взгляд вниз 100%, охват 42,2 км
[кадр] клетка 0,1 из 3x3: неба 10%, пятен 10, крупнейшее 25%, ПУСТОТЫ 4% (в нижней половине 0%)
[sketch] шаблон: областей 1, из них удобных без увеличения 0, крупных заливок 1, непригодных 0; самая большая занимает 100% кадра, чернил 0,0%
[sketch] обход клетка 0,1 из 3x3: шаблон: областей 1, из них удобных без увеличения 0, крупных заливок 1, непригодных 0; самая большая занимает 100% кадра, чернил 0,0%
[кадр 016] клетка 1,1 из 3x3: камера (0,0, 0,0) км, над землёй 27524 м, взгляд вниз 100%, охват 42,2 км
[кадр] клетка 1,1 из 3x3: неба 22%, пятен 14, крупнейшее 17%, ПУСТОТЫ 0% (в нижней половине 0%)
[sketch] шаблон: областей 1, из них удобных без увеличения 0, крупных заливок 1, непригодных 0; самая большая занимает 100% кадра, чернил 0,0%
[sketch] обход клетка 1,1 из 3x3: шаблон: областей 1, из них удобных без увеличения 0, крупных заливок 1, непригодных 0; самая большая занимает 100% кадра, чернил 0,0%
[кадр 017] клетка 2,1 из 3x3: камера (38,4, 0,0) км, над землёй 27524 м, взгляд вниз 100%, охват 42,2 км
[кадр] клетка 2,1 из 3x3: неба 13%, пятен 7, крупнейшее 27%, ПУСТОТЫ 4% (в нижней половине 7%)
[sketch] шаблон: областей 1, из них удобных без увеличения 0, крупных заливок 1, непригодных 0; самая большая занимает 100% кадра, чернил 0,0%
[sketch] обход клетка 2,1 из 3x3: шаблон: областей 1, из них удобных без увеличения 0, крупных заливок 1, непригодных 0; самая большая занимает 100% кадра, чернил 0,0%
[кадр 018] клетка 0,2 из 3x3: камера (-38,4, 38,4) км, над землёй 27524 м, взгляд вниз 100%, охват 42,2 км
[кадр] клетка 0,2 из 3x3: неба 37%, пятен 6, крупнейшее 57%, ПУСТОТЫ 29% (в нижней половине 24%)
[PERF] fps=4,0 frame=1115,87ms draw=7 prim=1844360 obj=581 vram=424,5MB tex=112,8MB | veg: full=0 lod1=0 hide=0 instVis=0 instHide=0 chunks=0
[sketch] шаблон: областей 1, из них удобных без увеличения 0, крупных заливок 1, непригодных 0; самая большая занимает 100% кадра, чернил 0,0%
[sketch] обход клетка 0,2 из 3x3: шаблон: областей 1, из них удобных без увеличения 0, крупных заливок 1, непригодных 0; самая большая занимает 100% кадра, чернил 0,0%
[кадр 019] клетка 1,2 из 3x3: камера (0,0, 38,4) км, над землёй 27524 м, взгляд вниз 100%, охват 42,2 км
[кадр] клетка 1,2 из 3x3: неба 48%, пятен 9, крупнейшее 28%, ПУСТОТЫ 24% (в нижней половине 23%)
[sketch] шаблон: областей 1, из них удобных без увеличения 0, крупных заливок 1, непригодных 0; самая большая занимает 100% кадра, чернил 0,0%
[sketch] обход клетка 1,2 из 3x3: шаблон: областей 1, из них удобных без увеличения 0, крупных заливок 1, непригодных 0; самая большая занимает 100% кадра, чернил 0,0%
[кадр 020] клетка 2,2 из 3x3: камера (38,4, 38,4) км, над землёй 27524 м, взгляд вниз 100%, охват 42,2 км
[кадр] клетка 2,2 из 3x3: неба 34%, пятен 10, крупнейшее 32%, ПУСТОТЫ 29% (в нижней половине 32%)
[sketch] шаблон: областей 1, из них удобных без увеличения 0, крупных заливок 1, непригодных 0; самая большая занимает 100% кадра, чернил 0,0%
[sketch] обход клетка 2,2 из 3x3: шаблон: областей 1, из них удобных без увеличения 0, крупных заливок 1, непригодных 0; самая большая занимает 100% кадра, чернил 0,0%
[кадр 021] озеро 2,0 км²: камера (-0,1, -26,4) км, над землёй 6897 м, взгляд вниз 100%, охват 10,6 км
[кадр] озеро 2,0 км²: неба 35%, пятен 9, крупнейшее 29%, ПУСТОТЫ 0% (в нижней половине 0%)
[sketch] шаблон: областей 1, из них удобных без увеличения 0, крупных заливок 1, непригодных 0; самая большая занимает 100% кадра, чернил 0,0%
[sketch] обход озеро 2,0 км²: шаблон: областей 1, из них удобных без увеличения 0, крупных заливок 1, непригодных 0; самая большая занимает 100% кадра, чернил 0,0%
[кадр 022] озеро 2,9 км²: камера (27,3, -22,6) км, над землёй 5630 м, взгляд вниз 100%, охват 8,6 км
[кадр] озеро 2,9 км²: неба 23%, пятен 12, крупнейшее 20%, ПУСТОТЫ 0% (в нижней половине 0%)
[sketch] шаблон: областей 4, из них удобных без увеличения 3, крупных заливок 1, непригодных 0; самая большая занимает 98% кадра, чернил 0,2%
[sketch] обход озеро 2,9 км²: шаблон: областей 4, из них удобных без увеличения 3, крупных заливок 1, непригодных 0; самая большая занимает 98% кадра, чернил 0,2%
[кадр 023] озеро 58,7 км²: камера (14,9, -0,6) км, над землёй 30261 м, взгляд вниз 100%, охват 46,4 км
[кадр] озеро 58,7 км²: неба 18%, пятен 12, крупнейшее 27%, ПУСТОТЫ 0% (в нижней половине 0%)
[sketch] шаблон: областей 1, из них удобных без увеличения 0, крупных заливок 1, непригодных 0; самая большая занимает 100% кадра, чернил 0,0%
[sketch] обход озеро 58,7 км²: шаблон: областей 1, из них удобных без увеличения 0, крупных заливок 1, непригодных 0; самая большая занимает 100% кадра, чернил 0,0%
[кадр 024] озеро 2,1 км²: камера (-4,4, 32,1) км, над землёй 5630 м, взгляд вниз 100%, охват 8,6 км
[кадр] озеро 2,1 км²: неба 87%, пятен 16, крупнейшее 26%, ПУСТОТЫ 0% (в нижней половине 0%)
[sketch] шаблон: областей 3, из них удобных без увеличения 0, крупных заливок 1, непригодных 0; самая большая занимает 100% кадра, чернил 0,0%
[sketch] обход озеро 2,1 км²: шаблон: областей 3, из них удобных без увеличения 0, крупных заливок 1, непригодных 0; самая большая занимает 100% кадра, чернил 0,0%
[кадр 025] озеро 25,4 км²: камера (24,4, 40,2) км, над землёй 9852 м, взгляд вниз 100%, охват 15,1 км
[кадр] озеро 25,4 км²: неба 1%, пятен 8, крупнейшее 25%, ПУСТОТЫ 0% (в нижней половине 0%)
[sketch] шаблон: областей 1, из них удобных без увеличения 0, крупных заливок 1, непригодных 0; самая большая занимает 100% кадра, чернил 0,0%
[sketch] обход озеро 25,4 км²: шаблон: областей 1, из них удобных без увеличения 0, крупных заливок 1, непригодных 0; самая большая занимает 100% кадра, чернил 0,0%
[кадр 026] озеро 0,3 км²: камера (48,5, 55,0) км, над землёй 1126 м, взгляд вниз 100%, охват 1,7 км
[кадр] озеро 0,3 км²: неба 0%, пятен 6, крупнейшее 33%, ПУСТОТЫ 0% (в нижней половине 0%)
[sketch] шаблон: областей 1, из них удобных без увеличения 0, крупных заливок 1, непригодных 0; самая большая занимает 100% кадра, чернил 0,0%
[sketch] обход озеро 0,3 км²: шаблон: областей 1, из них удобных без увеличения 0, крупных заливок 1, непригодных 0; самая большая занимает 100% кадра, чернил 0,0%
[telemetry] снимков сохранено: 27 в D:/Godot/ColoringBook/logs\20260822_132021_seed42_sweep_shots
[PERF] fps=4,0 frame=1326,53ms draw=7 prim=1844364 obj=583 vram=392,1MB tex=81,8MB | veg: full=0 lod1=0 hide=0 instVis=0 instHide=0 chunks=0
[PERF] fps=60,0 frame=3,15ms draw=7 prim=1844356 obj=579 vram=392,1MB tex=81,8MB | veg: full=0 lod1=0 hide=0 instVis=0 instHide=0 chunks=0
[PERF] fps=60,0 frame=3,04ms draw=7 prim=1844356 obj=579 vram=392,1MB tex=81,8MB | veg: full=0 lod1=0 hide=0 instVis=0 instHide=0 chunks=0
[PERF] fps=60,0 frame=1,98ms draw=7 prim=1844356 obj=579 vram=392,1MB tex=81,8MB | veg: full=0 lod1=0 hide=0 instVis=0 instHide=0 chunks=0
[PERF] fps=60,0 frame=2,25ms draw=7 prim=1844356 obj=579 vram=392,1MB tex=81,8MB | veg: full=0 lod1=0 hide=0 instVis=0 instHide=0 chunks=0
[PERF] fps=60,0 frame=1,89ms draw=7 prim=1844356 obj=579 vram=392,1MB tex=81,8MB | veg: full=0 lod1=0 hide=0 instVis=0 instHide=0 chunks=0
[PERF] fps=60,0 frame=3,48ms draw=7 prim=1844356 obj=579 vram=392,1MB tex=81,8MB | veg: full=0 lod1=0 hide=0 instVis=0 instHide=0 chunks=0
[PERF] fps=60,0 frame=3,57ms draw=7 prim=1844356 obj=579 vram=392,1MB tex=81,8MB | veg: full=0 lod1=0 hide=0 instVis=0 instHide=0 chunks=0
[PERF] fps=60,0 frame=2,78ms draw=7 prim=1844356 obj=579 vram=392,1MB tex=81,8MB | veg: full=0 lod1=0 hide=0 instVis=0 instHide=0 chunks=0
[PERF] fps=60,0 frame=3,12ms draw=7 prim=1844356 obj=579 vram=392,1MB tex=81,8MB | veg: full=0 lod1=0 hide=0 instVis=0 instHide=0 chunks=0
[PERF] fps=60,0 frame=4,06ms draw=7 prim=1844356 obj=579 vram=392,1MB tex=81,8MB | veg: full=0 lod1=0 hide=0 instVis=0 instHide=0 chunks=0
[PERF] fps=60,0 frame=3,13ms draw=7 prim=1844356 obj=579 vram=392,1MB tex=81,8MB | veg: full=0 lod1=0 hide=0 instVis=0 instHide=0 chunks=0
[PERF] fps=60,0 frame=3,50ms draw=7 prim=1844356 obj=579 vram=392,1MB tex=81,8MB | veg: full=0 lod1=0 hide=0 instVis=0 instHide=0 chunks=0
[PERF] fps=60,0 frame=2,80ms draw=7 prim=1844356 obj=579 vram=392,1MB tex=81,8MB | veg: full=0 lod1=0 hide=0 instVis=0 instHide=0 chunks=0
[PERF] fps=60,0 frame=4,01ms draw=7 prim=1844356 obj=579 vram=392,1MB tex=81,8MB | veg: full=0 lod1=0 hide=0 instVis=0 instHide=0 chunks=0
[PERF] fps=60,0 frame=2,91ms draw=7 prim=1844356 obj=579 vram=392,1MB tex=81,8MB | veg: full=0 lod1=0 hide=0 instVis=0 instHide=0 chunks=0
[PERF] fps=60,0 frame=2,29ms draw=7 prim=1844356 obj=579 vram=392,1MB tex=81,8MB | veg: full=0 lod1=0 hide=0 instVis=0 instHide=0 chunks=0
[PERF] fps=60,0 frame=2,79ms draw=7 prim=1844356 obj=579 vram=392,1MB tex=81,8MB | veg: full=0 lod1=0 hide=0 instVis=0 instHide=0 chunks=0
[PERF] fps=60,0 frame=2,16ms draw=7 prim=1844356 obj=579 vram=392,1MB tex=81,8MB | veg: full=0 lod1=0 hide=0 instVis=0 instHide=0 chunks=0
[PERF] fps=60,0 frame=2,24ms draw=7 prim=1844356 obj=579 vram=392,1MB tex=81,8MB | veg: full=0 lod1=0 hide=0 instVis=0 instHide=0 chunks=0
[PERF] fps=60,0 frame=2,30ms draw=7 prim=1844356 obj=579 vram=392,1MB tex=81,8MB | veg: full=0 lod1=0 hide=0 instVis=0 instHide=0 chunks=0
[PERF] fps=60,0 frame=2,08ms draw=7 prim=1844356 obj=579 vram=392,1MB tex=81,8MB | veg: full=0 lod1=0 hide=0 instVis=0 instHide=0 chunks=0
[PERF] fps=60,0 frame=2,06ms draw=7 prim=1844356 obj=579 vram=392,1MB tex=81,8MB | veg: full=0 lod1=0 hide=0 instVis=0 instHide=0 chunks=0
[PERF] fps=60,0 frame=2,26ms draw=7 prim=1844356 obj=579 vram=392,1MB tex=81,8MB | veg: full=0 lod1=0 hide=0 instVis=0 instHide=0 chunks=0
[PERF] fps=60,0 frame=3,23ms draw=7 prim=1844356 obj=579 vram=392,1MB tex=81,8MB | veg: full=0 lod1=0 hide=0 instVis=0 instHide=0 chunks=0
[PERF] fps=60,0 frame=2,27ms draw=7 prim=1844356 obj=579 vram=392,1MB tex=81,8MB | veg: full=0 lod1=0 hide=0 instVis=0 instHide=0 chunks=0
[PERF] fps=60,0 frame=2,48ms draw=7 prim=1844356 obj=579 vram=392,1MB tex=81,8MB | veg: full=0 lod1=0 hide=0 instVis=0 instHide=0 chunks=0
[PERF] fps=60,0 frame=2,08ms draw=7 prim=1844356 obj=579 vram=392,1MB tex=81,8MB | veg: full=0 lod1=0 hide=0 instVis=0 instHide=0 chunks=0
[PERF] fps=60,0 frame=2,16ms draw=7 prim=1844356 obj=579 vram=392,1MB tex=81,8MB | veg: full=0 lod1=0 hide=0 instVis=0 instHide=0 chunks=0
[PERF] fps=58,0 frame=12,27ms draw=7 prim=1844356 obj=579 vram=392,1MB tex=81,8MB | veg: full=0 lod1=0 hide=0 instVis=0 instHide=0 chunks=0
