ColoringBook — журнал запуска 2026-08-21 22:25:43
[bootstrap] каталог логов: D:/Godot/ColoringBook/logs
PlantCatalog ready: 9 variants x kinds
=== ColoringBook Bootstrap | BUILD STAMP: 2026-08-21-V386 (порядок обхода по дереву стока вместо сортировки: 205 -> 130 с)
[shaders] res://assets/shaders/terrain.gdshader — ок
[shaders] res://assets/shaders/water.gdshader — ок
[shaders] res://assets/shaders/foliage.gdshader — ок
[shaders] res://assets/shaders/impostor.gdshader — ок
[shaders] res://assets/shaders/sketch_id.gdshader — ок
[shaders] res://assets/shaders/sketch_depth.gdshader — ок
[shaders] res://assets/shaders/sketch_normal.gdshader — ок
[bootstrap] MaxFps=60, VSync=Disabled
[устройство] стол, поле полное, уровень при запуске, журнал в res://logs, ядер 8
[bootstrap] StartupMode = Level
[разведка] поле 241x241 за 21004 мс, место (-1,9, -21,6) км от середины территории
[нрав] поднятие 8,7 м (разброс 0,71, период 17 км), врез 22, осыпание 0,003, итераций 905
[фон-эрозия] поле 961x961 за 332320 мс
[высоты] размах поля 6349 м, дно 800 м, верх 7230 м
[плитка] 5 км, ячейка 30 м, за 6133 мс
[высоты] p10 2705 м, медиана 4291, p90 5420, разница p10-p90 2716 м (в Альпах 2000-2500)
[вода] 2,3% площади (норма Альп 1.5-6)
[озёра] 9 крупнее 0.05 км², крупнейшее 23,5 км²
[острова] 0
[озёра-подробно] впадин 14 крупнее 1 км², ячеек во впадинах 18064 (2,0% поля), сжатие 0,95
  чаша км² | глубина м | залито %
      81,0 |       978 |       27   <- вода лужей на дне
      62,2 |        45 |       43
      27,0 |       973 |       61
      24,2 |        33 |       25   <- вода лужей на дне
      20,1 |       892 |        8   <- вода лужей на дне
      16,0 |        45 |       38   <- вода лужей на дне
       7,5 |        26 |        7   <- вода лужей на дне
       7,2 |       221 |       50
[русла] прямых отрезков 425, медиана 720 м, p90 2160 м, наибольший 6840 м (в природе прямой участок до 1-2 км)
[проверка] 14 из 19 в норме
  НАРУШЕНО [рельеф] разница высот p10-p90: 2715,6 м (норма 2000,0..2500,0) — альпийская норма
  НАРУШЕНО [рельеф] медиана высоты: 4290,5 м (норма 1500,0..2800,0) — в Альпах около 1800
  НАРУШЕНО [русла] наибольший прямой: 6240,0 м (норма 0,0..4000,0)
  НАРУШЕНО [русла] кусков сети: 26,0 (норма 1,0..20,0) — река должна быть единой нитью
  НАРУШЕНО [острова] число: 0,0 (норма 1,0..30,0)
  годно [рельеф] уклон на ячейке поля: 25,1°
  годно [рельеф] отклонение форм: 15,5
  годно [рельеф] гребни: 6,2%
  годно [рельеф] ровные места: 35,8%
  годно [вода] доля площади: 2,3%
  годно [вода] русло ПОВЕРХ озера: 0,0%
  годно [вода] сухая кайма дальше 240 м от воды: 0,1%
  годно [озёра] число крупнее 0.05 км²: 10,0
  годно [озёра] крупнейшее: 22,2 км²
  годно [озёра] вытянутых втрое и более: 0,0
  годно [озёра] в вереницах: 0,0
  годно [русла] прямой участок p90: 1200,0 м
  годно [русла] доля площади: 1,7%
  годно [русла] обрывков короче 3 км: 5,0
[чаши-поштучно] чаша км² | под водой % | глубина м | вытянут
      24,2 |          92 |       978 |     1,0
      16,5 |         100 |       973 |     1,5
      13,6 |         100 |        38 |     1,1
      13,2 |         100 |        45 |     1,9
      10,6 |          14 |       892 |     1,1   <- ПОЛУПУСТАЯ
       6,0 |         100 |        45 |     1,3
       3,8 |         100 |        33 |     1,3
       3,6 |         100 |        43 |     1,1
       2,4 |         100 |        30 |     1,4
       0,5 |         100 |        26 |     1,8
[области] сетка 8x8, клетка 14,4 км
  клетка | высота м | уклон | вода% | озёр | русло%
  0,0    |     5062 |  23,6 |   0,0 |    0 |    1,2
  1,0    |     4205 |  12,9 |   7,8 |    1 |    2,5
  2,0    |     3772 |  17,1 |   5,1 |    1 |    0,8
  3,0    |     2886 |  20,1 |   0,0 |    0 |    2,9
  4,0    |     2542 |  30,4 |   0,0 |    0 |    2,5
  5,0    |     2159 |  28,7 |   0,0 |    0 |    2,2
  6,0    |     3085 |  26,9 |   0,0 |    0 |    1,4
  7,0    |     4172 |  30,5 |   0,0 |    0 |    1,3
  0,1    |     4718 |  12,3 |   3,0 |    2 |    2,1
  1,1    |     4455 |  15,0 |   0,0 |    0 |    2,0
  2,1    |     4224 |  23,2 |   0,0 |    0 |    1,5
  3,1    |     3806 |  27,9 |   0,0 |    0 |    1,8
  4,1    |     3974 |  32,9 |   0,0 |    0 |    1,0
  5,1    |     3220 |  28,8 |   0,0 |    0 |    2,5
  6,1    |     3452 |  30,9 |   0,0 |    0 |    2,6
  7,1    |     4737 |  31,7 |   0,0 |    0 |    0,5
  0,2    |     4919 |  26,9 |   0,0 |    0 |    0,7
  1,2    |     4847 |  24,9 |   0,0 |    0 |    0,3
  2,2    |     4987 |  25,1 |   0,0 |    0 |    1,1
  3,2    |     4977 |  29,2 |   0,2 |    0 |    0,6
  4,2    |     4925 |  28,0 |   0,0 |    0 |    0,9
  5,2    |     4322 |  33,9 |   0,0 |    0 |    2,8
  6,2    |     4931 |  32,2 |   0,0 |    0 |    0,6
  7,2    |     4724 |  20,5 |   0,0 |    0 |    2,7
  0,3    |     3708 |  33,5 |   0,0 |    0 |    2,1
  1,3    |     3724 |  24,3 |   0,0 |    0 |    2,0
  2,3    |     4434 |  25,6 |   0,0 |    0 |    1,9
  3,3    |     5413 |  23,3 |   0,5 |    1 |    1,1
  4,3    |     5149 |  18,2 |   3,0 |    1 |    2,8
  5,3    |     5701 |  30,4 |   0,0 |    0 |    0,9
  6,3    |     5309 |  19,0 |   0,0 |    0 |    1,9
  7,3    |     5107 |  15,7 |   0,0 |    0 |    0,8
  0,4    |     2469 |  29,3 |   0,0 |    0 |    2,5
  1,4    |     3368 |  31,6 |   0,0 |    0 |    1,5
  2,4    |     4801 |  33,7 |   0,0 |    0 |    0,6
  3,4    |     5540 |  19,9 |   0,0 |    0 |    1,4
  4,4    |     5775 |  24,4 |   0,0 |    0 |    1,0
  5,4    |     5869 |  27,3 |   0,0 |    0 |    0,6
  6,4    |     4812 |  16,4 |  10,9 |    1 |    2,1
  7,4    |     4519 |  11,2 |   1,6 |    1 |    2,3
  0,5    |     1817 |  28,7 |   0,0 |    0 |    3,2
  1,5    |     3306 |  34,9 |   0,0 |    0 |    1,1
  2,5    |     4829 |  27,0 |   0,0 |    0 |    1,2
  3,5    |     4888 |  12,0 |   8,1 |    1 |    2,9
  4,5    |     5095 |  25,3 |   0,0 |    0 |    1,3
  5,5    |     4761 |  35,4 |   0,0 |    0 |    1,4
  6,5    |     4971 |  28,3 |   0,0 |    0 |    0,3
  7,5    |     4645 |  24,1 |   0,1 |    0 |    1,6
  0,6    |     3245 |  37,9 |   0,0 |    0 |    1,5
  1,6    |     3315 |  23,1 |   0,0 |    0 |    3,0
  2,6    |     4141 |  19,9 |   0,0 |    0 |    1,7
  3,6    |     4664 |  17,3 |   0,0 |    0 |    1,5
  4,6    |     4153 |  25,3 |   0,0 |    0 |    0,9
  5,6    |     3345 |  22,4 |   0,0 |    0 |    3,0
  6,6    |     3504 |  30,5 |   0,0 |    0 |    1,6
  7,6    |     3518 |  23,6 |   0,0 |    0 |    2,3
  0,7    |     4551 |  27,0 |   0,0 |    0 |    1,0
  1,7    |     4029 |  20,4 |   0,0 |    0 |    1,4
  2,7    |     4171 |  13,2 |   0,3 |    1 |    1,5
  3,7    |     4472 |  20,6 |   0,0 |    0 |    0,6
  4,7    |     3513 |  29,4 |   0,0 |    0 |    2,1
  5,7    |     2552 |  23,4 |   0,0 |    0 |    2,6
  6,7    |     2344 |  33,0 |   0,0 |    0 |    2,6
  7,7    |     2933 |  26,6 |   0,0 |    0 |    1,5
[маршруты] окно 20 км: опор 205, рёбер 309, сеть 426,3 км, за 4785 мс
[пояса] лес 0,484, редколесье 0,584, альпика 0,650, осыпь 0,694, скала 0,742, снег 0,790
[пояса] пределы выборки 146,6..778,3 ед (881..7198 м), смещение -58,5 ед
[кольца] построено 1 за 8377 мс: высоты и покров 7940 мс, прочее 438 мс
[фон-материал] шейдер рельефа, размах высот 88,1..719,8 ед
[рельеф вокруг игрока] средний уклон 10,9°, p95 22,8°, перепад 5915 м, круче 35° 1%, доля дна 11%, шпилей 283  <-- ПОЛОГО  <-- ШПИЛИ
[рельеф вся территория] средний уклон 10,9°, p95 22,8°, перепад 5915 м, круче 35° 1%, доля дна 11%, шпилей 283  <-- ПОЛОГО  <-- ШПИЛИ
[старт] пояс Rock, высота 5528 м
[старт] опора сети: вид 62%, (-684, -738), сток 1, в 10,1 км от середины поля при пределе 172,8; опор всего 205
[дыра] высоты в точке старта: поле 5528 м, меш 5884 м, разница -356 м; накрывает кольцо 0, ячейка 120 м
[дыра] камера обхода садится на высоту ПОЛЯ, а видит меш: камера ПОД ПОВЕРХНОСТЬЮ на 356 м
[дыра] треугольников рельефа вокруг точки: в 100 м — 4, в 500 м — 108, в 2000 м — 1740
[дыра] место разведки (-1,9, -21,6) км от середины территории; игрок в 10062 м от середины ПОЛЯ
[дыра] половины колец, км: 0:57,6
[покров] по площади (13271 км²): Water 2,3%, Grassland 27,4%, Forest 18,1%, Shrubland 14,0%, Alpine 9,3%, Scree 12,1%, Rock 8,8%, Snow 8,1%
[вода] ячеек покрова по кольцам: 120м:21524
[дренаж] сетка 961, область 115 км, 1977 мс
[рельеф-отчёт] D:/Godot/ColoringBook/logs\20260821_223218_terrain.json
[рельеф-сетки] D:/Godot/ColoringBook/logs\20260821_223218_terrain.bin
[журнал] D:/Godot/ColoringBook/logs\20260821_222543_session.log
[фон-щели] одиночных рёбер 3840, из них на внешнем крае есть; радиусы от 5760 до 5760 ед (границы колец: 5760)
[фон-меш] рельеф: граней вверх 1843200, вниз 0 (0,0%), вырожденных 0 | расхождение на стыке колец 0,0 м
[фон-пандус] наибольший уклон переходной полосы 0,0°, ширина полосы 8 ячеек (960..480 м)
[фон] колец 1, шаг 120..120 м, область 115 км, четырёхугольников 921600, треугольников 1843200
[растительность] ОТКЛЮЧЕНА (LevelView3D.VegetationOn = false)
[время] рельеф и меш: 394584 мс
--- Seed 42 | Season Summer ---
уровень из колец, сид 42
[камера] обзор на (-684, -738), наклон 35°, удаление 76,0 км
[bootstrap] mode=Level (main scene). P = switch to plant gallery.
[bootstrap] galleryActive=False regions=0 | terrain: mesh=null visible=True | rivers: mesh=null visible=True | water: mesh=null visible=True | vegRoot: children=0 visible=True | galleryRoot=none
[PERF] fps=60,0 frame=2,88ms draw=7 prim=1844388 obj=595 vram=363,2MB tex=68,3MB | veg: full=0 lod1=0 hide=0 instVis=0 instHide=0 chunks=0
[PERF] fps=60,0 frame=1,76ms draw=7 prim=1844380 obj=591 vram=363,2MB tex=68,3MB | veg: full=0 lod1=0 hide=0 instVis=0 instHide=0 chunks=0
[обход] 18 поз: весь уровень, четверти, глаз из (-684, -738), шар
[telemetry] обход уровня записан: D:/Godot/ColoringBook/logs\20260821_193229_seed42_sweep.json
[обход] 18 поз: весь уровень, четверти, глаз из (-684, -738), шар
[кадр 000] весь уровень сверху: камера (0,0, 0,0) км, над землёй 75386 м, взгляд вниз 100%
[кадр] весь уровень сверху: неба 52%, пятен 7, крупнейшее 31%, ПУСТОТЫ 46% (в нижней половине 45%)
[sketch] шаблон: областей 1, из них удобных без увеличения 0, крупных заливок 1, непригодных 0; самая большая занимает 100% кадра, чернил 0,0%
[sketch] обход весь уровень сверху: шаблон: областей 1, из них удобных без увеличения 0, крупных заливок 1, непригодных 0; самая большая занимает 100% кадра, чернил 0,0%
[кадр 001] весь уровень косо 0°: камера (-0,0, -49,9) км, над землёй 36547 м, взгляд вниз 62%
[кадр] весь уровень косо 0°: неба 45%, пятен 6, крупнейшее 56%, ПУСТОТЫ 39% (в нижней половине 4%)
[sketch] шаблон: областей 1, из них удобных без увеличения 0, крупных заливок 1, непригодных 0; самая большая занимает 100% кадра, чернил 0,0%
[sketch] обход весь уровень косо 0°: шаблон: областей 1, из них удобных без увеличения 0, крупных заливок 1, непригодных 0; самая большая занимает 100% кадра, чернил 0,0%
[кадр 002] весь уровень косо 120°: камера (-43,2, 25,0) км, над землёй 36492 м, взгляд вниз 62%
[кадр] весь уровень косо 120°: неба 43%, пятен 6, крупнейшее 50%, ПУСТОТЫ 37% (в нижней половине 3%)
[sketch] шаблон: областей 1, из них удобных без увеличения 0, крупных заливок 1, непригодных 0; самая большая занимает 100% кадра, чернил 0,0%
[sketch] обход весь уровень косо 120°: шаблон: областей 1, из них удобных без увеличения 0, крупных заливок 1, непригодных 0; самая большая занимает 100% кадра, чернил 0,0%
[кадр 003] весь уровень косо 240°: камера (43,2, 25,0) км, над землёй 34405 м, взгляд вниз 62%
[кадр] весь уровень косо 240°: неба 52%, пятен 7, крупнейшее 44%, ПУСТОТЫ 37% (в нижней половине 3%)
[sketch] шаблон: областей 1, из них удобных без увеличения 0, крупных заливок 1, непригодных 0; самая большая занимает 100% кадра, чернил 0,0%
[sketch] обход весь уровень косо 240°: шаблон: областей 1, из них удобных без увеличения 0, крупных заливок 1, непригодных 0; самая большая занимает 100% кадра, чернил 0,0%
[кадр 004] четверть 1: камера (-25,3, -51,8) км, над землёй 19695 м, взгляд вниз 57%
[PERF] fps=2,0 frame=384,87ms draw=8 prim=3687584 obj=594 vram=401,4MB tex=99,3MB | veg: full=0 lod1=0 hide=0 instVis=0 instHide=0 chunks=0
[кадр] четверть 1: неба 34%, пятен 9, крупнейшее 29%, ПУСТОТЫ 30% (в нижней половине 2%)
[sketch] шаблон: областей 1, из них удобных без увеличения 0, крупных заливок 1, непригодных 0; самая большая занимает 100% кадра, чернил 0,0%
[sketch] обход четверть 1: шаблон: областей 1, из них удобных без увеличения 0, крупных заливок 1, непригодных 0; самая большая занимает 100% кадра, чернил 0,0%
[кадр 005] четверть 2: камера (25,3, -51,8) км, над землёй 20106 м, взгляд вниз 57%
[кадр] четверть 2: неба 34%, пятен 6, крупнейшее 28%, ПУСТОТЫ 29% (в нижней половине 1%)
[sketch] шаблон: областей 1, из них удобных без увеличения 0, крупных заливок 1, непригодных 0; самая большая занимает 100% кадра, чернил 0,0%
[sketch] обход четверть 2: шаблон: областей 1, из них удобных без увеличения 0, крупных заливок 1, непригодных 0; самая большая занимает 100% кадра, чернил 0,0%
[кадр 006] четверть 3: камера (-25,3, -1,1) км, над землёй 18644 м, взгляд вниз 57%
[кадр] четверть 3: неба 43%, пятен 6, крупнейшее 44%, ПУСТОТЫ 37% (в нижней половине 5%)
[sketch] шаблон: областей 1, из них удобных без увеличения 0, крупных заливок 1, непригодных 0; самая большая занимает 100% кадра, чернил 0,0%
[sketch] обход четверть 3: шаблон: областей 1, из них удобных без увеличения 0, крупных заливок 1, непригодных 0; самая большая занимает 100% кадра, чернил 0,0%
[кадр 007] четверть 4: камера (25,3, -1,1) км, над землёй 17735 м, взгляд вниз 57%
[кадр] четверть 4: неба 59%, пятен 4, крупнейшее 37%, ПУСТОТЫ 35% (в нижней половине 2%)
[sketch] шаблон: областей 1, из них удобных без увеличения 0, крупных заливок 1, непригодных 0; самая большая занимает 100% кадра, чернил 0,0%
[sketch] обход четверть 4: шаблон: областей 1, из них удобных без увеличения 0, крупных заливок 1, непригодных 0; самая большая занимает 100% кадра, чернил 0,0%
[кадр 008] глаз 0°: камера (-6,8, -7,4) км, над землёй 2 м, взгляд вниз 5%
[кадр] глаз 0°: неба 48%, пятен 5, крупнейшее 57%, ПУСТОТЫ 49% (в нижней половине 98%)
[sketch] шаблон: областей 8, из них удобных без увеличения 3, крупных заливок 4, непригодных 0; самая большая занимает 55% кадра, чернил 1,4%
[sketch] обход глаз 0°: шаблон: областей 8, из них удобных без увеличения 3, крупных заливок 4, непригодных 0; самая большая занимает 55% кадра, чернил 1,4%
[кадр 009] глаз 45°: камера (-6,8, -7,4) км, над землёй 2 м, взгляд вниз 5%
[кадр] глаз 45°: неба 52%, пятен 3, крупнейшее 49%, ПУСТОТЫ 50% (в нижней половине 100%)
[sketch] шаблон: областей 3, из них удобных без увеличения 1, крупных заливок 2, непригодных 0; самая большая занимает 56% кадра, чернил 0,6%
[sketch] обход глаз 45°: шаблон: областей 3, из них удобных без увеличения 1, крупных заливок 2, непригодных 0; самая большая занимает 56% кадра, чернил 0,6%
[кадр 010] глаз 90°: камера (-6,8, -7,4) км, над землёй 2 м, взгляд вниз 5%
[кадр] глаз 90°: неба 52%, пятен 3, крупнейшее 48%, ПУСТОТЫ 49% (в нижней половине 98%)
[sketch] шаблон: областей 3, из них удобных без увеличения 1, крупных заливок 2, непригодных 0; самая большая занимает 54% кадра, чернил 0,7%
[sketch] обход глаз 90°: шаблон: областей 3, из них удобных без увеличения 1, крупных заливок 2, непригодных 0; самая большая занимает 54% кадра, чернил 0,7%
[кадр 011] глаз 135°: камера (-6,8, -7,4) км, над землёй 2 м, взгляд вниз 5%
[кадр] глаз 135°: неба 49%, пятен 3, крупнейшее 48%, ПУСТОТЫ 48% (в нижней половине 97%)
[sketch] шаблон: областей 3, из них удобных без увеличения 1, крупных заливок 2, непригодных 0; самая большая занимает 51% кадра, чернил 0,4%
[sketch] обход глаз 135°: шаблон: областей 3, из них удобных без увеличения 1, крупных заливок 2, непригодных 0; самая большая занимает 51% кадра, чернил 0,4%
[кадр 012] глаз 180°: камера (-6,8, -7,4) км, над землёй 2 м, взгляд вниз 5%
[кадр] глаз 180°: неба 46%, пятен 3, крупнейшее 49%, ПУСТОТЫ 47% (в нижней половине 94%)
[sketch] шаблон: областей 3, из них удобных без увеличения 1, крупных заливок 2, непригодных 0; самая большая занимает 49% кадра, чернил 0,7%
[sketch] обход глаз 180°: шаблон: областей 3, из них удобных без увеличения 1, крупных заливок 2, непригодных 0; самая большая занимает 49% кадра, чернил 0,7%
[кадр 013] глаз 225°: камера (-6,8, -7,4) км, над землёй 2 м, взгляд вниз 5%
[PERF] fps=6,0 frame=1525,62ms draw=8 prim=3687588 obj=596 vram=401,4MB tex=99,3MB | veg: full=0 lod1=0 hide=0 instVis=0 instHide=0 chunks=0
[кадр] глаз 225°: неба 46%, пятен 3, крупнейшее 54%, ПУСТОТЫ 47% (в нижней половине 94%)
[sketch] шаблон: областей 3, из них удобных без увеличения 0, крупных заливок 3, непригодных 0; самая большая занимает 49% кадра, чернил 0,6%
[sketch] обход глаз 225°: шаблон: областей 3, из них удобных без увеличения 0, крупных заливок 3, непригодных 0; самая большая занимает 49% кадра, чернил 0,6%
[кадр 014] глаз 270°: камера (-6,8, -7,4) км, над землёй 2 м, взгляд вниз 5%
[кадр] глаз 270°: неба 46%, пятен 5, крупнейшее 56%, ПУСТОТЫ 47% (в нижней половине 94%)
[sketch] шаблон: областей 4, из них удобных без увеличения 0, крупных заливок 3, непригодных 0; самая большая занимает 51% кадра, чернил 1,0%
[sketch] обход глаз 270°: шаблон: областей 4, из них удобных без увеличения 0, крупных заливок 3, непригодных 0; самая большая занимает 51% кадра, чернил 1,0%
[кадр 015] глаз 315°: камера (-6,8, -7,4) км, над землёй 2 м, взгляд вниз 5%
[кадр] глаз 315°: неба 47%, пятен 4, крупнейшее 56%, ПУСТОТЫ 48% (в нижней половине 96%)
[sketch] шаблон: областей 7, из них удобных без увеличения 3, крупных заливок 2, непригодных 0; самая большая занимает 86% кадра, чернил 1,3%
[sketch] обход глаз 315°: шаблон: областей 7, из них удобных без увеличения 3, крупных заливок 2, непригодных 0; самая большая занимает 86% кадра, чернил 1,3%
[кадр 016] шар 0°: камера (-6,8, -7,4) км, над землёй 500 м, взгляд вниз 24%
[кадр] шар 0°: неба 47%, пятен 10, крупнейшее 33%, ПУСТОТЫ 24% (в нижней половине 0%)
[sketch] шаблон: областей 2, из них удобных без увеличения 1, крупных заливок 1, непригодных 0; самая большая занимает 99% кадра, чернил 0,5%
[sketch] обход шар 0°: шаблон: областей 2, из них удобных без увеличения 1, крупных заливок 1, непригодных 0; самая большая занимает 99% кадра, чернил 0,5%
[кадр 017] шар 180°: камера (-6,8, -7,4) км, над землёй 500 м, взгляд вниз 24%
[кадр] шар 180°: неба 97%, пятен 5, крупнейшее 32%, ПУСТОТЫ 29% (в нижней половине 0%)
[sketch] шаблон: областей 3, из них удобных без увеличения 0, крупных заливок 3, непригодных 0; самая большая занимает 58% кадра, чернил 0,7%
[sketch] обход шар 180°: шаблон: областей 3, из них удобных без увеличения 0, крупных заливок 3, непригодных 0; самая большая занимает 58% кадра, чернил 0,7%
[кадр 018] озеро с берега 0°: камера (40,2, 4,3) км, над землёй 2 м, взгляд вниз 12%
[кадр] озеро с берега 0°: неба 56%, пятен 3, крупнейшее 57%, ПУСТОТЫ 57% (в нижней половине 100%)
[sketch] шаблон: областей 3, из них удобных без увеличения 0, крупных заливок 2, непригодных 0; самая большая занимает 64% кадра, чернил 0,4%
[sketch] обход озеро с берега 0°: шаблон: областей 3, из них удобных без увеличения 0, крупных заливок 2, непригодных 0; самая большая занимает 64% кадра, чернил 0,4%
[кадр 019] озеро с берега 180°: камера (40,2, 4,3) км, над землёй 2 м, взгляд вниз 12%
[кадр] озеро с берега 180°: неба 57%, пятен 3, крупнейшее 60%, ПУСТОТЫ 58% (в нижней половине 100%)
[sketch] шаблон: областей 2, из них удобных без увеличения 0, крупных заливок 2, непригодных 0; самая большая занимает 65% кадра, чернил 0,4%
[sketch] обход озеро с берега 180°: шаблон: областей 2, из них удобных без увеличения 0, крупных заливок 2, непригодных 0; самая большая занимает 65% кадра, чернил 0,4%
[кадр 020] озеро сверху: камера (40,2, 4,3) км, над землёй 9000 м, взгляд вниз 96%
[кадр] озеро сверху: неба 8%, пятен 10, крупнейшее 29%, ПУСТОТЫ 0% (в нижней половине 0%)
[sketch] шаблон: областей 1, из них удобных без увеличения 0, крупных заливок 1, непригодных 0; самая большая занимает 100% кадра, чернил 0,0%
[sketch] обход озеро сверху: шаблон: областей 1, из них удобных без увеличения 0, крупных заливок 1, непригодных 0; самая большая занимает 100% кадра, чернил 0,0%
[кадр 021] русло сверху: камера (-38,4, 36,5) км, над землёй 2500 м, взгляд вниз 98%
[кадр] русло сверху: неба 0%, пятен 19, крупнейшее 22%, ПУСТОТЫ 0% (в нижней половине 0%)
[PERF] fps=2,0 frame=466,22ms draw=8 prim=3687584 obj=594 vram=400,6MB tex=99,3MB | veg: full=0 lod1=0 hide=0 instVis=0 instHide=0 chunks=0
[sketch] шаблон: областей 1, из них удобных без увеличения 0, крупных заливок 1, непригодных 0; самая большая занимает 100% кадра, чернил 0,0%
[sketch] обход русло сверху: шаблон: областей 1, из них удобных без увеличения 0, крупных заливок 1, непригодных 0; самая большая занимает 100% кадра, чернил 0,0%
[кадр 022] русло с берега: камера (-38,4, 36,5) км, над землёй 2 м, взгляд вниз 8%
[кадр] русло с берега: неба 60%, пятен 4, крупнейшее 66%, ПУСТОТЫ 61% (в нижней половине 100%)
[sketch] шаблон: областей 5, из них удобных без увеличения 2, крупных заливок 2, непригодных 0; самая большая занимает 65% кадра, чернил 0,8%
[sketch] обход русло с берега: шаблон: областей 5, из них удобных без увеличения 2, крупных заливок 2, непригодных 0; самая большая занимает 65% кадра, чернил 0,8%
[telemetry] снимков сохранено: 23 в D:/Godot/ColoringBook/logs\20260821_193229_seed42_sweep_shots
[PERF] fps=60,0 frame=2,03ms draw=7 prim=1844380 obj=591 vram=370,0MB tex=68,3MB | veg: full=0 lod1=0 hide=0 instVis=0 instHide=0 chunks=0
[PERF] fps=60,0 frame=3,76ms draw=7 prim=1844368 obj=585 vram=370,0MB tex=68,3MB | veg: full=0 lod1=0 hide=0 instVis=0 instHide=0 chunks=0
[PERF] fps=60,0 frame=1,84ms draw=7 prim=1844372 obj=587 vram=370,0MB tex=68,3MB | veg: full=0 lod1=0 hide=0 instVis=0 instHide=0 chunks=0
[PERF] fps=60,0 frame=2,03ms draw=7 prim=1844372 obj=587 vram=370,0MB tex=68,3MB | veg: full=0 lod1=0 hide=0 instVis=0 instHide=0 chunks=0
[PERF] fps=60,0 frame=2,66ms draw=7 prim=1844372 obj=587 vram=370,0MB tex=68,3MB | veg: full=0 lod1=0 hide=0 instVis=0 instHide=0 chunks=0
[PERF] fps=60,0 frame=2,56ms draw=7 prim=1844372 obj=587 vram=370,0MB tex=68,3MB | veg: full=0 lod1=0 hide=0 instVis=0 instHide=0 chunks=0
[PERF] fps=60,0 frame=4,18ms draw=7 prim=1844372 obj=587 vram=370,0MB tex=68,3MB | veg: full=0 lod1=0 hide=0 instVis=0 instHide=0 chunks=0
[PERF] fps=60,0 frame=2,21ms draw=7 prim=1844380 obj=591 vram=436,3MB tex=82,5MB | veg: full=0 lod1=0 hide=0 instVis=0 instHide=0 chunks=0
[PERF] fps=60,0 frame=2,04ms draw=7 prim=1844368 obj=585 vram=436,3MB tex=82,5MB | veg: full=0 lod1=0 hide=0 instVis=0 instHide=0 chunks=0
[PERF] fps=60,0 frame=2,86ms draw=7 prim=1844368 obj=585 vram=436,3MB tex=82,5MB | veg: full=0 lod1=0 hide=0 instVis=0 instHide=0 chunks=0
[PERF] fps=60,0 frame=2,65ms draw=7 prim=1844368 obj=585 vram=436,3MB tex=82,5MB | veg: full=0 lod1=0 hide=0 instVis=0 instHide=0 chunks=0
[PERF] fps=60,0 frame=2,32ms draw=7 prim=1844368 obj=585 vram=436,3MB tex=82,5MB | veg: full=0 lod1=0 hide=0 instVis=0 instHide=0 chunks=0
[PERF] fps=60,0 frame=2,65ms draw=7 prim=1844368 obj=585 vram=436,3MB tex=82,5MB | veg: full=0 lod1=0 hide=0 instVis=0 instHide=0 chunks=0
[PERF] fps=60,0 frame=2,04ms draw=7 prim=1844368 obj=585 vram=436,3MB tex=82,5MB | veg: full=0 lod1=0 hide=0 instVis=0 instHide=0 chunks=0
[PERF] fps=60,0 frame=2,57ms draw=7 prim=1844368 obj=585 vram=436,3MB tex=82,5MB | veg: full=0 lod1=0 hide=0 instVis=0 instHide=0 chunks=0
[PERF] fps=60,0 frame=2,62ms draw=7 prim=1844372 obj=587 vram=436,3MB tex=82,5MB | veg: full=0 lod1=0 hide=0 instVis=0 instHide=0 chunks=0
[PERF] fps=60,0 frame=2,36ms draw=7 prim=1844364 obj=583 vram=436,3MB tex=82,5MB | veg: full=0 lod1=0 hide=0 instVis=0 instHide=0 chunks=0
[PERF] fps=60,0 frame=2,25ms draw=7 prim=1844364 obj=583 vram=436,3MB tex=82,5MB | veg: full=0 lod1=0 hide=0 instVis=0 instHide=0 chunks=0
[PERF] fps=60,0 frame=1,85ms draw=7 prim=1844368 obj=585 vram=436,3MB tex=82,5MB | veg: full=0 lod1=0 hide=0 instVis=0 instHide=0 chunks=0
[PERF] fps=60,0 frame=4,43ms draw=7 prim=1844368 obj=585 vram=436,3MB tex=82,5MB | veg: full=0 lod1=0 hide=0 instVis=0 instHide=0 chunks=0
[PERF] fps=60,0 frame=3,17ms draw=7 prim=1844372 obj=587 vram=436,3MB tex=82,5MB | veg: full=0 lod1=0 hide=0 instVis=0 instHide=0 chunks=0
[PERF] fps=60,0 frame=2,16ms draw=7 prim=1844368 obj=585 vram=436,3MB tex=82,5MB | veg: full=0 lod1=0 hide=0 instVis=0 instHide=0 chunks=0
[PERF] fps=59,0 frame=17,79ms draw=7 prim=1844372 obj=587 vram=436,3MB tex=82,5MB | veg: full=0 lod1=0 hide=0 instVis=0 instHide=0 chunks=0
[PERF] fps=60,0 frame=2,81ms draw=7 prim=1844368 obj=585 vram=436,3MB tex=82,5MB | veg: full=0 lod1=0 hide=0 instVis=0 instHide=0 chunks=0
[PERF] fps=60,0 frame=10,94ms draw=7 prim=1844372 obj=587 vram=436,3MB tex=82,5MB | veg: full=0 lod1=0 hide=0 instVis=0 instHide=0 chunks=0
