ColoringBook — журнал запуска 2026-08-18 11:51:11
[bootstrap] каталог логов: D:/Godot/ColoringBook/logs
PlantCatalog ready: 9 variants x kinds
=== ColoringBook Bootstrap | BUILD STAMP: 2026-08-18-V333 (критерий рек требовал невозможного и исправлен: РЕКИ ГОДНЫ)
[shaders] res://assets/shaders/terrain.gdshader — ок
[shaders] res://assets/shaders/water.gdshader — ок
[shaders] res://assets/shaders/foliage.gdshader — ок
[shaders] res://assets/shaders/impostor.gdshader — ок
[shaders] res://assets/shaders/sketch_id.gdshader — ок
[shaders] res://assets/shaders/sketch_depth.gdshader — ок
[shaders] res://assets/shaders/sketch_normal.gdshader — ок
[bootstrap] MaxFps=60, VSync=Disabled
[устройство] Windows, построение полное, уровень при запуске, журнал в res://logs, ядер 8
[bootstrap] StartupMode = Level
[разведка] поле 241x241 за 9505 мс, место (-26,6, 12,0) км от середины территории
[нрав] поднятие 7,7 м (разброс 1,19, период 17 км), врез 31, осыпание 0,014, итераций 365
[фон-эрозия] поле 481x481 за 47939 мс
[высоты] размах поля 4585 м, сжатие 0,55, дно 1000 м, верх 3500 м
[озёра] залитых ячеек 37327 из 231361 (16,1% поля)
[плитка] 5 км, ячейка 30 м, за 5696 мс
[маршруты] окно 20 км: опор 91, рёбер 110, сеть 218,9 км, за 3626 мс
[пояса] лес 0,333, редколесье 0,540, альпика 0,609, осыпь 0,640, скала 0,674, снег 0,691
[пояса] пределы выборки 48,4..292,1 ед (1012..3449 м), смещение 52,8 ед
[фон-материал] шейдер рельефа, размах высот 101,2..344,9 ед
[рельеф] средний уклон 25,1°, p95 48,0°, перепад 744 м, круче 35° 23%, доля дна 67%, шпилей 0
[старт] пояс Forest, высота 2278 м
[старт] опора сети: вид 45%, (-234, -180), сток 69, в 3,0 км от середины поля при пределе 5,4; опор всего 91
[дыра] высоты в точке старта: поле 2278 м, меш 2277 м, разница 0 м; накрывает кольцо 1, ячейка 60 м
[дыра] камера обхода садится на высоту ПОЛЯ, а видит меш: камера НАД поверхностью на 0 м
[дыра] треугольников рельефа вокруг точки: в 100 м — 16, в 500 м — 428, в 2000 м — 9663
[дыра] место разведки (-26,6, 12,0) км от середины территории; игрок в 2952 м от середины ПОЛЯ
[дыра] половины колец, км: 4:28,8, 3:14,4, 2:7,2, 1:3,6, 0:1,8
[покров] по площади (3318 км²): Grassland 12,1%, Forest 44,2%, Shrubland 20,5%, Alpine 7,0%, Scree 6,8%, Rock 2,3%, Snow 7,0%
[вода] ячеек покрова по кольцам: 30м:0 60м:0 120м:0 240м:0 480м:0
[дренаж] сетка 241, область 58 км, 75 мс
[рельеф-отчёт] D:/Godot/ColoringBook/logs\20260818_115213_terrain.json
[рельеф-сетки] D:/Godot/ColoringBook/logs\20260818_115213_terrain.bin
[журнал] D:/Godot/ColoringBook/logs\20260818_115111_session.log
[фон-щели] одиночных рёбер 3360, из них на внешнем крае есть; радиусы от 180 до 2880 ед (границы колец: 180, 360, 720, 1440, 2880)
[фон-меш] рельеф: граней вверх 115200, вниз 0 (0,0%), вырожденных 0 | расхождение на стыке колец 0,0 м
[фон-пандус] наибольший уклон переходной полосы 24,0°, ширина полосы 8 ячеек (240..1920 м)
[фон] колец 5, шаг 30..480 м, область 58 км, четырёхугольников 57600, треугольников 115200
[растительность] поставлено 61499 вокруг игрока (выбор точки 0 мс, расстановка 412 мс)
[veg] раскладка по узлам за 624 мс
[veg] преград у деревьев: 39344, узлов MultiMesh: 8
[время] рельеф и меш: 62340 мс
--- Seed 42 | Season Summer ---
уровень из колец, сид 42
[камера] обзор на (-234, -180), наклон 35°, удаление 2,2 км
[bootstrap] mode=Level (main scene). P = switch to plant gallery.
[bootstrap] galleryActive=False regions=0 | terrain: mesh=null visible=True | rivers: mesh=null visible=True | water: mesh=null visible=True | vegRoot: children=24 visible=True | galleryRoot=none
[impostor] Pine/2: ЗАПОЛНЕННОСТЬ СИЛУЭТА 76%, мелких дырок 17,3% | ракурсов 8, отношение сторон 3,87, сторона кадра 9,82 лок.ед., центр 4,67, непрозрачных точек кадра 5,6%
[impostor] Pine/0: ЗАПОЛНЕННОСТЬ СИЛУЭТА 70%, мелких дырок 20,2% | ракурсов 8, отношение сторон 3,31, сторона кадра 8,04 лок.ед., центр 3,82, непрозрачных точек кадра 5,6%
[impostor] Flower/0: ЗАПОЛНЕННОСТЬ СИЛУЭТА 58%, мелких дырок 9,0% | ракурсов 8, отношение сторон 1,27, сторона кадра 1,04 лок.ед., центр 0,49, непрозрачных точек кадра 18,0%
[impostor] Pine/1: ЗАПОЛНЕННОСТЬ СИЛУЭТА 77%, мелких дырок 15,0% | ракурсов 8, отношение сторон 2,56, сторона кадра 9,86 лок.ед., центр 4,69, непрозрачных точек кадра 12,7%
[impostor] Bush/2: ЗАПОЛНЕННОСТЬ СИЛУЭТА 85%, мелких дырок 10,8%  <-- МОНОЛИТ | ракурсов 8, отношение сторон 0,80, сторона кадра 2,95 лок.ед., центр 1,12, непрозрачных точек кадра 29,0%
[impostor] Bush/1: ЗАПОЛНЕННОСТЬ СИЛУЭТА 85%, мелких дырок 9,5%  <-- МОНОЛИТ | ракурсов 8, отношение сторон 0,56, сторона кадра 1,13 лок.ед., центр 0,28, непрозрачных точек кадра 27,9%
[impostor] Bush/0: ЗАПОЛНЕННОСТЬ СИЛУЭТА 86%, мелких дырок 10,4%  <-- МОНОЛИТ | ракурсов 8, отношение сторон 0,47, сторона кадра 0,76 лок.ед., центр 0,09, непрозрачных точек кадра 21,2%
[lod1] Pine/2: ЗАПОЛНЕННОСТЬ 58% (-18 к полному), мелких дырок 38,6% (+21,3 к полному)  <-- КРОНА РАСПАЛАСЬ  <-- СЫПЬ ОТ ПРОРЕЖИВАНИЯ
[lod1] Pine/0: ЗАПОЛНЕННОСТЬ 49% (-22 к полному), мелких дырок 33,1% (+12,9 к полному)  <-- КРОНА РАСПАЛАСЬ  <-- СЫПЬ ОТ ПРОРЕЖИВАНИЯ
[lod1] Flower/0: ЗАПОЛНЕННОСТЬ 64% (+6 к полному), мелких дырок 7,0% (-2,0 к полному)
[lod1] Pine/1: ЗАПОЛНЕННОСТЬ 46% (-31 к полному), мелких дырок 22,1% (+7,1 к полному)  <-- КРОНА РАСПАЛАСЬ
[lod1] Bush/2: ЗАПОЛНЕННОСТЬ 86% (+1 к полному), мелких дырок 9,1% (-1,7 к полному)
[lod1] Bush/1: ЗАПОЛНЕННОСТЬ 86% (+1 к полному), мелких дырок 8,6% (-0,9 к полному)
[lod1] Bush/0: ЗАПОЛНЕННОСТЬ 88% (+2 к полному), мелких дырок 8,5% (-1,9 к полному)
[рост] самоорганизация: выращено 0, осталось 0, сброшено затенённых 0, прорежено 0
[PERF] fps=60,0 frame=3,55ms draw=13 prim=235272 obj=631 vram=193,3MB tex=79,3MB | veg: full=0 lod1=0 hide=7847 instVis=53652 instHide=7847 chunks=8
[PERF] fps=60,0 frame=2,02ms draw=13 prim=235264 obj=627 vram=193,3MB tex=79,3MB | veg: full=0 lod1=0 hide=7847 instVis=53652 instHide=7847 chunks=8
[PERF] fps=60,0 frame=1,86ms draw=13 prim=235260 obj=625 vram=193,3MB tex=79,3MB | veg: full=0 lod1=0 hide=7847 instVis=53652 instHide=7847 chunks=8
[PERF] fps=60,0 frame=2,25ms draw=13 prim=235256 obj=623 vram=193,3MB tex=79,3MB | veg: full=0 lod1=0 hide=7847 instVis=53652 instHide=7847 chunks=8
[PERF] fps=60,0 frame=2,00ms draw=13 prim=235260 obj=625 vram=193,3MB tex=79,3MB | veg: full=0 lod1=0 hide=7847 instVis=53652 instHide=7847 chunks=8
[PERF] fps=60,0 frame=1,95ms draw=13 prim=235264 obj=627 vram=193,3MB tex=79,3MB | veg: full=0 lod1=0 hide=7847 instVis=53652 instHide=7847 chunks=8
[PERF] fps=60,0 frame=1,89ms draw=13 prim=235260 obj=625 vram=193,3MB tex=79,3MB | veg: full=0 lod1=0 hide=7847 instVis=53652 instHide=7847 chunks=8
[обход] 23 поз из точки (-234, -180), земля 2278 м
[telemetry] обход уровня записан: D:/Godot/ColoringBook/logs\20260818_085241_seed42_sweep.json
[обход] 23 поз из точки (-234, -180), земля 2278 м
[кадр] глаз 0°: неба 1%, пятен 12, крупнейшее 32%, ПУСТОТЫ 2% (в нижней половине 0%)
[PERF] fps=8,0 frame=5,69ms draw=45 prim=2789550 obj=657 vram=221,3MB tex=106,8MB | veg: full=503 lod1=754 hide=7352 instVis=54147 instHide=7352 chunks=8
[sketch] шаблон: областей 226, из них удобных без увеличения 67, крупных заливок 1, непригодных 0; самая большая занимает 64% кадра, чернил 6,2%
[sketch] обход глаз 0°: шаблон: областей 226, из них удобных без увеличения 67, крупных заливок 1, непригодных 0; самая большая занимает 64% кадра, чернил 6,2%
[кадр] глаз 45°: неба 1%, пятен 13, крупнейшее 30%, ПУСТОТЫ 2% (в нижней половине 0%)
[sketch] шаблон: областей 231, из них удобных без увеличения 67, крупных заливок 1, непригодных 0; самая большая занимает 65% кадра, чернил 6,1%
[sketch] обход глаз 45°: шаблон: областей 231, из них удобных без увеличения 67, крупных заливок 1, непригодных 0; самая большая занимает 65% кадра, чернил 6,1%
[кадр] глаз 90°: неба 0%, пятен 10, крупнейшее 31%, ПУСТОТЫ 1% (в нижней половине 0%)
[sketch] шаблон: областей 219, из них удобных без увеличения 60, крупных заливок 1, непригодных 0; самая большая занимает 60% кадра, чернил 6,0%
[sketch] обход глаз 90°: шаблон: областей 219, из них удобных без увеличения 60, крупных заливок 1, непригодных 0; самая большая занимает 60% кадра, чернил 6,0%
[кадр] глаз 135°: неба 1%, пятен 14, крупнейшее 16%, ПУСТОТЫ 2% (в нижней половине 0%)
[sketch] шаблон: областей 181, из них удобных без увеличения 61, крупных заливок 1, непригодных 0; самая большая занимает 53% кадра, чернил 5,9%
[sketch] обход глаз 135°: шаблон: областей 181, из них удобных без увеличения 61, крупных заливок 1, непригодных 0; самая большая занимает 53% кадра, чернил 5,9%
[кадр] глаз 180°: неба 2%, пятен 10, крупнейшее 29%, ПУСТОТЫ 4% (в нижней половине 0%)
[sketch] шаблон: областей 179, из них удобных без увеличения 60, крупных заливок 5, непригодных 0; самая большая занимает 48% кадра, чернил 6,0%
[sketch] обход глаз 180°: шаблон: областей 179, из них удобных без увеличения 60, крупных заливок 5, непригодных 0; самая большая занимает 48% кадра, чернил 6,0%
[кадр] глаз 225°: неба 2%, пятен 12, крупнейшее 21%, ПУСТОТЫ 4% (в нижней половине 0%)
[sketch] шаблон: областей 201, из них удобных без увеличения 69, крупных заливок 2, непригодных 0; самая большая занимает 46% кадра, чернил 7,1%
[sketch] обход глаз 225°: шаблон: областей 201, из них удобных без увеличения 69, крупных заливок 2, непригодных 0; самая большая занимает 46% кадра, чернил 7,1%
[кадр] глаз 270°: неба 1%, пятен 11, крупнейшее 24%, ПУСТОТЫ 3% (в нижней половине 0%)
[sketch] шаблон: областей 257, из них удобных без увеличения 75, крупных заливок 2, непригодных 0; самая большая занимает 44% кадра, чернил 7,7%
[sketch] обход глаз 270°: шаблон: областей 257, из них удобных без увеличения 75, крупных заливок 2, непригодных 0; самая большая занимает 44% кадра, чернил 7,7%
[кадр] глаз 315°: неба 0%, пятен 7, крупнейшее 32%, ПУСТОТЫ 1% (в нижней половине 0%)
[sketch] шаблон: областей 287, из них удобных без увеличения 87, крупных заливок 2, непригодных 0; самая большая занимает 43% кадра, чернил 7,1%
[sketch] обход глаз 315°: шаблон: областей 287, из них удобных без увеличения 87, крупных заливок 2, непригодных 0; самая большая занимает 43% кадра, чернил 7,1%
[кадр] шар 0°: неба 35%, пятен 3, крупнейшее 58%, ПУСТОТЫ 33% (в нижней половине 0%)
[sketch] шаблон: областей 53, из них удобных без увеличения 3, крупных заливок 2, непригодных 0; самая большая занимает 38% кадра, чернил 4,1%
[sketch] обход шар 0°: шаблон: областей 53, из них удобных без увеличения 3, крупных заливок 2, непригодных 0; самая большая занимает 38% кадра, чернил 4,1%
[PERF] fps=6,0 frame=1833,15ms draw=13 prim=235272 obj=631 vram=206,3MB tex=90,8MB | veg: full=0 lod1=0 hide=7847 instVis=53652 instHide=7847 chunks=8
[кадр] шар 90°: неба 35%, пятен 5, крупнейшее 31%, ПУСТОТЫ 33% (в нижней половине 0%)
[sketch] шаблон: областей 39, из них удобных без увеличения 6, крупных заливок 2, непригодных 0; самая большая занимает 42% кадра, чернил 3,8%
[sketch] обход шар 90°: шаблон: областей 39, из них удобных без увеличения 6, крупных заливок 2, непригодных 0; самая большая занимает 42% кадра, чернил 3,8%
[кадр] шар 180°: неба 36%, пятен 3, крупнейшее 62%, ПУСТОТЫ 34% (в нижней половине 0%)
[sketch] шаблон: областей 22, из них удобных без увеличения 1, крупных заливок 3, непригодных 0; самая большая занимает 42% кадра, чернил 2,2%
[sketch] обход шар 180°: шаблон: областей 22, из них удобных без увеличения 1, крупных заливок 3, непригодных 0; самая большая занимает 42% кадра, чернил 2,2%
[кадр] шар 270°: неба 35%, пятен 2, крупнейшее 63%, ПУСТОТЫ 34% (в нижней половине 0%)
[sketch] шаблон: областей 25, из них удобных без увеличения 2, крупных заливок 3, непригодных 0; самая большая занимает 41% кадра, чернил 2,9%
[sketch] обход шар 270°: шаблон: областей 25, из них удобных без увеличения 2, крупных заливок 3, непригодных 0; самая большая занимает 41% кадра, чернил 2,9%
[кадр] обзор: неба 12%, пятен 4, крупнейшее 33%, ПУСТОТЫ 8% (в нижней половине 0%)
[sketch] шаблон: областей 6, из них удобных без увеличения 0, крупных заливок 3, непригодных 0; самая большая занимает 67% кадра, чернил 1,5%
[sketch] обход обзор: шаблон: областей 6, из них удобных без увеличения 0, крупных заливок 3, непригодных 0; самая большая занимает 67% кадра, чернил 1,5%
[кадр] под ноги: неба 0%, пятен 11, крупнейшее 26%, ПУСТОТЫ 0% (в нижней половине 0%)
[sketch] шаблон: областей 1, из них удобных без увеличения 0, крупных заливок 1, непригодных 0; самая большая занимает 100% кадра, чернил 0,0%
[sketch] обход под ноги: шаблон: областей 1, из них удобных без увеличения 0, крупных заливок 1, непригодных 0; самая большая занимает 100% кадра, чернил 0,0%
[кадр] уровень сверху: неба 55%, пятен 4, крупнейшее 53%, ПУСТОТЫ 50% (в нижней половине 50%)
[sketch] шаблон: областей 1, из них удобных без увеличения 0, крупных заливок 1, непригодных 0; самая большая занимает 100% кадра, чернил 0,0%
[sketch] обход уровень сверху: шаблон: областей 1, из них удобных без увеличения 0, крупных заливок 1, непригодных 0; самая большая занимает 100% кадра, чернил 0,0%
[кадр] уровень с юга: неба 57%, пятен 5, крупнейшее 56%, ПУСТОТЫ 53% (в нижней половине 21%)
[sketch] шаблон: областей 1, из них удобных без увеличения 0, крупных заливок 1, непригодных 0; самая большая занимает 100% кадра, чернил 0,0%
[sketch] обход уровень с юга: шаблон: областей 1, из них удобных без увеличения 0, крупных заливок 1, непригодных 0; самая большая занимает 100% кадра, чернил 0,0%
[кадр] уровень с юго-запада: неба 80%, пятен 2, крупнейшее 96%, ПУСТОТЫ 78% (в нижней половине 65%)
[sketch] шаблон: областей 1, из них удобных без увеличения 0, крупных заливок 1, непригодных 0; самая большая занимает 100% кадра, чернил 0,0%
[sketch] обход уровень с юго-запада: шаблон: областей 1, из них удобных без увеличения 0, крупных заливок 1, непригодных 0; самая большая занимает 100% кадра, чернил 0,0%
[кадр] уровень с запада: неба 56%, пятен 4, крупнейшее 55%, ПУСТОТЫ 53% (в нижней половине 22%)
[PERF] fps=6,0 frame=1208,86ms draw=13 prim=235268 obj=629 vram=221,3MB tex=106,8MB | veg: full=0 lod1=0 hide=7847 instVis=53652 instHide=7847 chunks=8
[sketch] шаблон: областей 1, из них удобных без увеличения 0, крупных заливок 1, непригодных 0; самая большая занимает 100% кадра, чернил 0,0%
[sketch] обход уровень с запада: шаблон: областей 1, из них удобных без увеличения 0, крупных заливок 1, непригодных 0; самая большая занимает 100% кадра, чернил 0,0%
[кадр] уровень с северо-запада: неба 80%, пятен 1, крупнейшее 96%, ПУСТОТЫ 78% (в нижней половине 65%)
[sketch] шаблон: областей 1, из них удобных без увеличения 0, крупных заливок 1, непригодных 0; самая большая занимает 100% кадра, чернил 0,0%
[sketch] обход уровень с северо-запада: шаблон: областей 1, из них удобных без увеличения 0, крупных заливок 1, непригодных 0; самая большая занимает 100% кадра, чернил 0,0%
[кадр] уровень с севера: неба 57%, пятен 5, крупнейшее 55%, ПУСТОТЫ 53% (в нижней половине 21%)
[sketch] шаблон: областей 1, из них удобных без увеличения 0, крупных заливок 1, непригодных 0; самая большая занимает 100% кадра, чернил 0,0%
[sketch] обход уровень с севера: шаблон: областей 1, из них удобных без увеличения 0, крупных заливок 1, непригодных 0; самая большая занимает 100% кадра, чернил 0,0%
[кадр] уровень с северо-востока: неба 79%, пятен 1, крупнейшее 96%, ПУСТОТЫ 77% (в нижней половине 64%)
[sketch] шаблон: областей 1, из них удобных без увеличения 0, крупных заливок 1, непригодных 0; самая большая занимает 100% кадра, чернил 0,0%
[sketch] обход уровень с северо-востока: шаблон: областей 1, из них удобных без увеличения 0, крупных заливок 1, непригодных 0; самая большая занимает 100% кадра, чернил 0,0%
[кадр] уровень с востока: неба 57%, пятен 5, крупнейшее 54%, ПУСТОТЫ 52% (в нижней половине 21%)
[sketch] шаблон: областей 1, из них удобных без увеличения 0, крупных заливок 1, непригодных 0; самая большая занимает 100% кадра, чернил 0,0%
[sketch] обход уровень с востока: шаблон: областей 1, из них удобных без увеличения 0, крупных заливок 1, непригодных 0; самая большая занимает 100% кадра, чернил 0,0%
[кадр] уровень с юго-востока: неба 79%, пятен 1, крупнейшее 96%, ПУСТОТЫ 77% (в нижней половине 64%)
[sketch] шаблон: областей 1, из них удобных без увеличения 0, крупных заливок 1, непригодных 0; самая большая занимает 100% кадра, чернил 0,0%
[sketch] обход уровень с юго-востока: шаблон: областей 1, из них удобных без увеличения 0, крупных заливок 1, непригодных 0; самая большая занимает 100% кадра, чернил 0,0%
[telemetry] снимков сохранено: 23 в D:/Godot/ColoringBook/logs\20260818_085241_seed42_sweep_shots
[PERF] fps=32,0 frame=2,29ms draw=13 prim=235260 obj=625 vram=192,4MB tex=75,8MB | veg: full=0 lod1=0 hide=7847 instVis=53652 instHide=7847 chunks=8
[PERF] fps=60,0 frame=1,93ms draw=13 prim=235260 obj=625 vram=192,4MB tex=75,8MB | veg: full=0 lod1=0 hide=7847 instVis=53652 instHide=7847 chunks=8
[PERF] fps=60,0 frame=1,85ms draw=13 prim=235260 obj=625 vram=192,4MB tex=75,8MB | veg: full=0 lod1=0 hide=7847 instVis=53652 instHide=7847 chunks=8
[PERF] fps=60,0 frame=1,81ms draw=13 prim=235260 obj=625 vram=192,4MB tex=75,8MB | veg: full=0 lod1=0 hide=7847 instVis=53652 instHide=7847 chunks=8
[PERF] fps=60,0 frame=2,03ms draw=13 prim=235260 obj=625 vram=192,4MB tex=75,8MB | veg: full=0 lod1=0 hide=7847 instVis=53652 instHide=7847 chunks=8
[PERF] fps=60,0 frame=1,78ms draw=13 prim=235260 obj=625 vram=192,4MB tex=75,8MB | veg: full=0 lod1=0 hide=7847 instVis=53652 instHide=7847 chunks=8
[PERF] fps=60,0 frame=1,81ms draw=13 prim=235260 obj=625 vram=192,4MB tex=75,8MB | veg: full=0 lod1=0 hide=7847 instVis=53652 instHide=7847 chunks=8
[PERF] fps=60,0 frame=1,83ms draw=13 prim=235260 obj=625 vram=192,4MB tex=75,8MB | veg: full=0 lod1=0 hide=7847 instVis=53652 instHide=7847 chunks=8
[PERF] fps=60,0 frame=1,81ms draw=13 prim=235260 obj=625 vram=192,4MB tex=75,8MB | veg: full=0 lod1=0 hide=7847 instVis=53652 instHide=7847 chunks=8
[PERF] fps=60,0 frame=2,12ms draw=13 prim=235260 obj=625 vram=192,4MB tex=75,8MB | veg: full=0 lod1=0 hide=7847 instVis=53652 instHide=7847 chunks=8
[PERF] fps=60,0 frame=1,80ms draw=13 prim=235260 obj=625 vram=192,4MB tex=75,8MB | veg: full=0 lod1=0 hide=7847 instVis=53652 instHide=7847 chunks=8
[PERF] fps=60,0 frame=1,78ms draw=13 prim=235260 obj=625 vram=192,4MB tex=75,8MB | veg: full=0 lod1=0 hide=7847 instVis=53652 instHide=7847 chunks=8
[PERF] fps=60,0 frame=2,17ms draw=13 prim=235260 obj=625 vram=192,4MB tex=75,8MB | veg: full=0 lod1=0 hide=7847 instVis=53652 instHide=7847 chunks=8
[PERF] fps=60,0 frame=1,82ms draw=13 prim=235260 obj=625 vram=192,4MB tex=75,8MB | veg: full=0 lod1=0 hide=7847 instVis=53652 instHide=7847 chunks=8
[PERF] fps=60,0 frame=1,92ms draw=13 prim=235260 obj=625 vram=192,4MB tex=75,8MB | veg: full=0 lod1=0 hide=7847 instVis=53652 instHide=7847 chunks=8
[PERF] fps=60,0 frame=1,91ms draw=13 prim=235260 obj=625 vram=192,4MB tex=75,8MB | veg: full=0 lod1=0 hide=7847 instVis=53652 instHide=7847 chunks=8
[PERF] fps=60,0 frame=1,95ms draw=13 prim=235260 obj=625 vram=192,4MB tex=75,8MB | veg: full=0 lod1=0 hide=7847 instVis=53652 instHide=7847 chunks=8
[PERF] fps=60,0 frame=1,83ms draw=13 prim=235260 obj=625 vram=192,4MB tex=75,8MB | veg: full=0 lod1=0 hide=7847 instVis=53652 instHide=7847 chunks=8
[PERF] fps=60,0 frame=1,85ms draw=13 prim=235260 obj=625 vram=192,4MB tex=75,8MB | veg: full=0 lod1=0 hide=7847 instVis=53652 instHide=7847 chunks=8
[PERF] fps=60,0 frame=2,46ms draw=13 prim=235260 obj=625 vram=192,4MB tex=75,8MB | veg: full=0 lod1=0 hide=7847 instVis=53652 instHide=7847 chunks=8
[PERF] fps=60,0 frame=2,14ms draw=13 prim=235260 obj=625 vram=192,4MB tex=75,8MB | veg: full=0 lod1=0 hide=7847 instVis=53652 instHide=7847 chunks=8
[PERF] fps=60,0 frame=1,85ms draw=13 prim=235260 obj=625 vram=192,4MB tex=75,8MB | veg: full=0 lod1=0 hide=7847 instVis=53652 instHide=7847 chunks=8
[PERF] fps=60,0 frame=2,00ms draw=13 prim=235260 obj=625 vram=192,4MB tex=75,8MB | veg: full=0 lod1=0 hide=7847 instVis=53652 instHide=7847 chunks=8
[PERF] fps=60,0 frame=2,28ms draw=13 prim=235260 obj=625 vram=192,4MB tex=75,8MB | veg: full=0 lod1=0 hide=7847 instVis=53652 instHide=7847 chunks=8
[PERF] fps=60,0 frame=2,17ms draw=13 prim=235260 obj=625 vram=192,4MB tex=75,8MB | veg: full=0 lod1=0 hide=7847 instVis=53652 instHide=7847 chunks=8
[PERF] fps=60,0 frame=2,25ms draw=13 prim=235260 obj=625 vram=192,4MB tex=75,8MB | veg: full=0 lod1=0 hide=7847 instVis=53652 instHide=7847 chunks=8
[PERF] fps=60,0 frame=1,80ms draw=13 prim=235260 obj=625 vram=192,4MB tex=75,8MB | veg: full=0 lod1=0 hide=7847 instVis=53652 instHide=7847 chunks=8
[PERF] fps=60,0 frame=1,87ms draw=13 prim=235260 obj=625 vram=192,4MB tex=75,8MB | veg: full=0 lod1=0 hide=7847 instVis=53652 instHide=7847 chunks=8
[PERF] fps=60,0 frame=1,86ms draw=13 prim=235260 obj=625 vram=192,4MB tex=75,8MB | veg: full=0 lod1=0 hide=7847 instVis=53652 instHide=7847 chunks=8
[PERF] fps=60,0 frame=1,86ms draw=13 prim=235260 obj=625 vram=192,4MB tex=75,8MB | veg: full=0 lod1=0 hide=7847 instVis=53652 instHide=7847 chunks=8
[PERF] fps=60,0 frame=2,20ms draw=13 prim=235260 obj=625 vram=192,4MB tex=75,8MB | veg: full=0 lod1=0 hide=7847 instVis=53652 instHide=7847 chunks=8
[PERF] fps=60,0 frame=1,82ms draw=13 prim=235260 obj=625 vram=192,4MB tex=75,8MB | veg: full=0 lod1=0 hide=7847 instVis=53652 instHide=7847 chunks=8
[PERF] fps=60,0 frame=2,11ms draw=13 prim=235260 obj=625 vram=192,4MB tex=75,8MB | veg: full=0 lod1=0 hide=7847 instVis=53652 instHide=7847 chunks=8
[PERF] fps=60,0 frame=1,99ms draw=13 prim=235260 obj=625 vram=192,4MB tex=75,8MB | veg: full=0 lod1=0 hide=7847 instVis=53652 instHide=7847 chunks=8
[PERF] fps=60,0 frame=1,98ms draw=13 prim=235260 obj=625 vram=192,4MB tex=75,8MB | veg: full=0 lod1=0 hide=7847 instVis=53652 instHide=7847 chunks=8
[PERF] fps=60,0 frame=2,59ms draw=13 prim=235260 obj=625 vram=192,4MB tex=75,8MB | veg: full=0 lod1=0 hide=7847 instVis=53652 instHide=7847 chunks=8
[PERF] fps=60,0 frame=2,38ms draw=13 prim=235260 obj=625 vram=190,2MB tex=75,8MB | veg: full=0 lod1=0 hide=7847 instVis=53652 instHide=7847 chunks=8
[PERF] fps=60,0 frame=2,19ms draw=13 prim=235260 obj=625 vram=190,2MB tex=75,8MB | veg: full=0 lod1=0 hide=7847 instVis=53652 instHide=7847 chunks=8
