ColoringBook — журнал запуска 2026-08-18 12:16:02
[bootstrap] каталог логов: D:/Godot/ColoringBook/logs
PlantCatalog ready: 9 variants x kinds
=== ColoringBook Bootstrap | BUILD STAMP: 2026-08-18-V335 (исправлен уровень доступа; проверка обращений к закрытым членам)
[shaders] res://assets/shaders/terrain.gdshader — ок
[shaders] res://assets/shaders/water.gdshader — ок
[shaders] res://assets/shaders/foliage.gdshader — ок
[shaders] res://assets/shaders/impostor.gdshader — ок
[shaders] res://assets/shaders/sketch_id.gdshader — ок
[shaders] res://assets/shaders/sketch_depth.gdshader — ок
[shaders] res://assets/shaders/sketch_normal.gdshader — ок
[bootstrap] MaxFps=60, VSync=Disabled
[устройство] Windows, построение полное, уровень при запуске, журнал в res://logs, ядер 8
[bootstrap] StartupMode = Level
[разведка] поле 241x241 за 9593 мс, место (-26,6, 12,0) км от середины территории
[нрав] поднятие 7,7 м (разброс 1,19, период 17 км), врез 31, осыпание 0,014, итераций 365
[фон-эрозия] поле 481x481 за 47896 мс
[высоты] размах поля 4585 м, сжатие 0,55, дно 1000 м, верх 3500 м
[озёра] залитых ячеек 33355 из 231361 (14,4% поля)
[плитка] 5 км, ячейка 30 м, за 5779 мс
[маршруты] окно 20 км: опор 91, рёбер 110, сеть 218,9 км, за 3623 мс
[пояса] лес 0,333, редколесье 0,540, альпика 0,609, осыпь 0,640, скала 0,674, снег 0,691
[пояса] пределы выборки 48,4..292,1 ед (1012..3449 м), смещение 52,8 ед
[фон-материал] шейдер рельефа, размах высот 101,2..344,9 ед
[рельеф] средний уклон 25,1°, p95 48,0°, перепад 744 м, круче 35° 23%, доля дна 67%, шпилей 0
[старт] пояс Forest, высота 2278 м
[старт] опора сети: вид 45%, (-234, -180), сток 69, в 3,0 км от середины поля при пределе 5,4; опор всего 91
[дыра] высоты в точке старта: поле 2278 м, меш 2277 м, разница 0 м; накрывает кольцо 1, ячейка 60 м
[дыра] камера обхода садится на высоту ПОЛЯ, а видит меш: камера НАД поверхностью на 0 м
[дыра] треугольников рельефа вокруг точки: в 100 м — 16, в 500 м — 428, в 2000 м — 9663
[дыра] место разведки (-26,6, 12,0) км от середины территории; игрок в 2952 м от середины ПОЛЯ
[дыра] половины колец, км: 4:28,8, 3:14,4, 2:7,2, 1:3,6, 0:1,8
[покров] по площади (3318 км²): Water 14,6%, Grassland 9,0%, Forest 33,6%, Shrubland 20,5%, Alpine 7,0%, Scree 6,0%, Rock 2,3%, Snow 7,0%
[вода] ячеек покрова по кольцам: 30м:0 60м:430 120м:2033 240м:3931 480м:2083
[дренаж] сетка 241, область 58 км, 73 мс
[рельеф-отчёт] D:/Godot/ColoringBook/logs\20260818_121704_terrain.json
[рельеф-сетки] D:/Godot/ColoringBook/logs\20260818_121704_terrain.bin
[журнал] D:/Godot/ColoringBook/logs\20260818_121602_session.log
[фон-щели] одиночных рёбер 3360, из них на внешнем крае есть; радиусы от 180 до 2880 ед (границы колец: 180, 360, 720, 1440, 2880)
[фон-меш] рельеф: граней вверх 115200, вниз 0 (0,0%), вырожденных 0 | расхождение на стыке колец 0,0 м
[фон-пандус] наибольший уклон переходной полосы 24,0°, ширина полосы 8 ячеек (240..1920 м)
[фон] колец 5, шаг 30..480 м, область 58 км, четырёхугольников 57600, треугольников 115200
[растительность] ОТКЛЮЧЕНА (LevelView3D.VegetationOn = false)
[время] рельеф и меш: 61358 мс
--- Seed 42 | Season Summer ---
уровень из колец, сид 42
[камера] обзор на (-234, -180), наклон 35°, удаление 2,2 км
[bootstrap] mode=Level (main scene). P = switch to plant gallery.
[bootstrap] galleryActive=False regions=0 | terrain: mesh=null visible=True | rivers: mesh=null visible=True | water: mesh=null visible=True | vegRoot: children=0 visible=True | galleryRoot=none
[PERF] fps=60,0 frame=6,37ms draw=7 prim=127892 obj=587 vram=213,1MB tex=82,5MB | veg: full=0 lod1=0 hide=0 instVis=0 instHide=0 chunks=0
[PERF] fps=60,0 frame=1,72ms draw=7 prim=127904 obj=593 vram=213,1MB tex=82,5MB | veg: full=0 lod1=0 hide=0 instVis=0 instHide=0 chunks=0
[PERF] fps=60,0 frame=1,72ms draw=7 prim=127904 obj=593 vram=213,1MB tex=82,5MB | veg: full=0 lod1=0 hide=0 instVis=0 instHide=0 chunks=0
[PERF] fps=60,0 frame=1,72ms draw=7 prim=127900 obj=591 vram=213,1MB tex=82,5MB | veg: full=0 lod1=0 hide=0 instVis=0 instHide=0 chunks=0
[PERF] fps=60,0 frame=2,05ms draw=7 prim=127892 obj=587 vram=213,1MB tex=82,5MB | veg: full=0 lod1=0 hide=0 instVis=0 instHide=0 chunks=0
[PERF] fps=60,0 frame=1,63ms draw=7 prim=127896 obj=589 vram=213,1MB tex=82,5MB | veg: full=0 lod1=0 hide=0 instVis=0 instHide=0 chunks=0
[PERF] fps=60,0 frame=1,69ms draw=7 prim=127892 obj=587 vram=213,1MB tex=82,5MB | veg: full=0 lod1=0 hide=0 instVis=0 instHide=0 chunks=0
[PERF] fps=60,0 frame=1,84ms draw=7 prim=127892 obj=587 vram=213,1MB tex=82,5MB | veg: full=0 lod1=0 hide=0 instVis=0 instHide=0 chunks=0
[PERF] fps=60,0 frame=1,90ms draw=7 prim=127884 obj=583 vram=213,1MB tex=82,5MB | veg: full=0 lod1=0 hide=0 instVis=0 instHide=0 chunks=0
[PERF] fps=60,0 frame=1,90ms draw=7 prim=127884 obj=583 vram=213,1MB tex=82,5MB | veg: full=0 lod1=0 hide=0 instVis=0 instHide=0 chunks=0
[PERF] fps=60,0 frame=1,80ms draw=7 prim=127876 obj=579 vram=213,1MB tex=82,5MB | veg: full=0 lod1=0 hide=0 instVis=0 instHide=0 chunks=0
[PERF] fps=60,0 frame=1,88ms draw=7 prim=127872 obj=577 vram=213,1MB tex=82,5MB | veg: full=0 lod1=0 hide=0 instVis=0 instHide=0 chunks=0
[PERF] fps=60,0 frame=2,10ms draw=7 prim=127884 obj=583 vram=213,1MB tex=82,5MB | veg: full=0 lod1=0 hide=0 instVis=0 instHide=0 chunks=0
[PERF] fps=60,0 frame=2,48ms draw=7 prim=127884 obj=583 vram=213,1MB tex=82,5MB | veg: full=0 lod1=0 hide=0 instVis=0 instHide=0 chunks=0
[PERF] fps=60,0 frame=2,44ms draw=7 prim=127888 obj=585 vram=213,1MB tex=82,5MB | veg: full=0 lod1=0 hide=0 instVis=0 instHide=0 chunks=0
[обход] 18 поз: весь уровень, четверти, глаз из (-234, -180), шар
[telemetry] обход уровня записан: D:/Godot/ColoringBook/logs\20260818_091754_seed42_sweep.json
[обход] 18 поз: весь уровень, четверти, глаз из (-234, -180), шар
[кадр] весь уровень сверху: неба 44%, пятен 9, крупнейшее 32%, ПУСТОТЫ 37% (в нижней половине 37%)
[sketch] шаблон: областей 1, из них удобных без увеличения 0, крупных заливок 1, непригодных 0; самая большая занимает 100% кадра, чернил 0,0%
[sketch] обход весь уровень сверху: шаблон: областей 1, из них удобных без увеличения 0, крупных заливок 1, непригодных 0; самая большая занимает 100% кадра, чернил 0,0%
[кадр] весь уровень косо 0°: неба 46%, пятен 8, крупнейшее 44%, ПУСТОТЫ 38% (в нижней половине 4%)
[sketch] шаблон: областей 1, из них удобных без увеличения 0, крупных заливок 1, непригодных 0; самая большая занимает 100% кадра, чернил 0,0%
[sketch] обход весь уровень косо 0°: шаблон: областей 1, из них удобных без увеличения 0, крупных заливок 1, непригодных 0; самая большая занимает 100% кадра, чернил 0,0%
[кадр] весь уровень косо 120°: неба 45%, пятен 11, крупнейшее 49%, ПУСТОТЫ 37% (в нижней половине 3%)
[PERF] fps=1,0 frame=7,02ms draw=8 prim=254624 obj=594 vram=249,6MB tex=113,5MB | veg: full=0 lod1=0 hide=0 instVis=0 instHide=0 chunks=0
[sketch] шаблон: областей 1, из них удобных без увеличения 0, крупных заливок 1, непригодных 0; самая большая занимает 100% кадра, чернил 0,0%
[sketch] обход весь уровень косо 120°: шаблон: областей 1, из них удобных без увеличения 0, крупных заливок 1, непригодных 0; самая большая занимает 100% кадра, чернил 0,0%
[кадр] весь уровень косо 240°: неба 42%, пятен 6, крупнейшее 50%, ПУСТОТЫ 37% (в нижней половине 3%)
[sketch] шаблон: областей 1, из них удобных без увеличения 0, крупных заливок 1, непригодных 0; самая большая занимает 100% кадра, чернил 0,0%
[sketch] обход весь уровень косо 240°: шаблон: областей 1, из них удобных без увеличения 0, крупных заливок 1, непригодных 0; самая большая занимает 100% кадра, чернил 0,0%
[кадр] четверть 1: неба 37%, пятен 4, крупнейшее 58%, ПУСТОТЫ 30% (в нижней половине 4%)
[sketch] шаблон: областей 1, из них удобных без увеличения 0, крупных заливок 1, непригодных 0; самая большая занимает 100% кадра, чернил 0,0%
[sketch] обход четверть 1: шаблон: областей 1, из них удобных без увеличения 0, крупных заливок 1, непригодных 0; самая большая занимает 100% кадра, чернил 0,0%
[кадр] четверть 2: неба 37%, пятен 7, крупнейшее 48%, ПУСТОТЫ 31% (в нижней половине 3%)
[sketch] шаблон: областей 1, из них удобных без увеличения 0, крупных заливок 1, непригодных 0; самая большая занимает 100% кадра, чернил 0,0%
[sketch] обход четверть 2: шаблон: областей 1, из них удобных без увеличения 0, крупных заливок 1, непригодных 0; самая большая занимает 100% кадра, чернил 0,0%
[кадр] четверть 3: неба 47%, пятен 7, крупнейшее 38%, ПУСТОТЫ 36% (в нижней половине 3%)
[sketch] шаблон: областей 1, из них удобных без увеличения 0, крупных заливок 1, непригодных 0; самая большая занимает 100% кадра, чернил 0,0%
[sketch] обход четверть 3: шаблон: областей 1, из них удобных без увеличения 0, крупных заливок 1, непригодных 0; самая большая занимает 100% кадра, чернил 0,0%
[кадр] четверть 4: неба 46%, пятен 6, крупнейшее 50%, ПУСТОТЫ 35% (в нижней половине 2%)
[sketch] шаблон: областей 1, из них удобных без увеличения 0, крупных заливок 1, непригодных 0; самая большая занимает 100% кадра, чернил 0,0%
[sketch] обход четверть 4: шаблон: областей 1, из них удобных без увеличения 0, крупных заливок 1, непригодных 0; самая большая занимает 100% кадра, чернил 0,0%
[кадр] глаз 0°: неба 40%, пятен 2, крупнейшее 65%, ПУСТОТЫ 41% (в нижней половине 0%)
[sketch] шаблон: областей 8, из них удобных без увеличения 4, крупных заливок 2, непригодных 0; самая большая занимает 44% кадра, чернил 2,1%
[sketch] обход глаз 0°: шаблон: областей 8, из них удобных без увеличения 4, крупных заливок 2, непригодных 0; самая большая занимает 44% кадра, чернил 2,1%
[кадр] глаз 45°: неба 39%, пятен 2, крупнейшее 63%, ПУСТОТЫ 39% (в нижней половине 0%)
[sketch] шаблон: областей 12, из них удобных без увеличения 4, крупных заливок 2, непригодных 0; самая большая занимает 48% кадра, чернил 1,9%
[sketch] обход глаз 45°: шаблон: областей 12, из них удобных без увеличения 4, крупных заливок 2, непригодных 0; самая большая занимает 48% кадра, чернил 1,9%
[кадр] глаз 90°: неба 38%, пятен 2, крупнейшее 64%, ПУСТОТЫ 38% (в нижней половине 0%)
[sketch] шаблон: областей 7, из них удобных без увеличения 3, крупных заливок 2, непригодных 0; самая большая занимает 50% кадра, чернил 1,8%
[sketch] обход глаз 90°: шаблон: областей 7, из них удобных без увеличения 3, крупных заливок 2, непригодных 0; самая большая занимает 50% кадра, чернил 1,8%
[кадр] глаз 135°: неба 41%, пятен 2, крупнейшее 64%, ПУСТОТЫ 41% (в нижней половине 0%)
[PERF] fps=4,0 frame=1550,40ms draw=8 prim=254620 obj=592 vram=249,6MB tex=113,5MB | veg: full=0 lod1=0 hide=0 instVis=0 instHide=0 chunks=0
[sketch] шаблон: областей 7, из них удобных без увеличения 3, крупных заливок 1, непригодных 0; самая большая занимает 92% кадра, чернил 1,7%
[sketch] обход глаз 135°: шаблон: областей 7, из них удобных без увеличения 3, крупных заливок 1, непригодных 0; самая большая занимает 92% кадра, чернил 1,7%
[кадр] глаз 180°: неба 44%, пятен 2, крупнейшее 65%, ПУСТОТЫ 43% (в нижней половине 0%)
[sketch] шаблон: областей 5, из них удобных без увеличения 1, крупных заливок 2, непригодных 0; самая большая занимает 48% кадра, чернил 1,1%
[sketch] обход глаз 180°: шаблон: областей 5, из них удобных без увеличения 1, крупных заливок 2, непригодных 0; самая большая занимает 48% кадра, чернил 1,1%
[кадр] глаз 225°: неба 46%, пятен 2, крупнейшее 65%, ПУСТОТЫ 45% (в нижней половине 0%)
[sketch] шаблон: областей 7, из них удобных без увеличения 4, крупных заливок 2, непригодных 0; самая большая занимает 46% кадра, чернил 1,5%
[sketch] обход глаз 225°: шаблон: областей 7, из них удобных без увеличения 4, крупных заливок 2, непригодных 0; самая большая занимает 46% кадра, чернил 1,5%
[кадр] глаз 270°: неба 45%, пятен 2, крупнейшее 65%, ПУСТОТЫ 45% (в нижней половине 0%)
[sketch] шаблон: областей 7, из них удобных без увеличения 2, крупных заливок 2, непригодных 0; самая большая занимает 50% кадра, чернил 2,5%
[sketch] обход глаз 270°: шаблон: областей 7, из них удобных без увеличения 2, крупных заливок 2, непригодных 0; самая большая занимает 50% кадра, чернил 2,5%
[кадр] глаз 315°: неба 43%, пятен 2, крупнейшее 65%, ПУСТОТЫ 43% (в нижней половине 0%)
[sketch] шаблон: областей 9, из них удобных без увеличения 2, крупных заливок 2, непригодных 0; самая большая занимает 44% кадра, чернил 3,2%
[sketch] обход глаз 315°: шаблон: областей 9, из них удобных без увеличения 2, крупных заливок 2, непригодных 0; самая большая занимает 44% кадра, чернил 3,2%
[кадр] шар 0°: неба 35%, пятен 3, крупнейшее 62%, ПУСТОТЫ 33% (в нижней половине 0%)
[sketch] шаблон: областей 2, из них удобных без увеличения 0, крупных заливок 2, непригодных 0; самая большая занимает 62% кадра, чернил 0,4%
[sketch] обход шар 0°: шаблон: областей 2, из них удобных без увеличения 0, крупных заливок 2, непригодных 0; самая большая занимает 62% кадра, чернил 0,4%
[кадр] шар 180°: неба 36%, пятен 3, крупнейшее 64%, ПУСТОТЫ 34% (в нижней половине 0%)
[sketch] шаблон: областей 2, из них удобных без увеличения 0, крупных заливок 2, непригодных 0; самая большая занимает 59% кадра, чернил 0,4%
[sketch] обход шар 180°: шаблон: областей 2, из них удобных без увеличения 0, крупных заливок 2, непригодных 0; самая большая занимает 59% кадра, чернил 0,4%
[telemetry] снимков сохранено: 18 в D:/Godot/ColoringBook/logs\20260818_091754_seed42_sweep_shots
[PERF] fps=29,0 frame=3,40ms draw=7 prim=127892 obj=587 vram=218,6MB tex=82,5MB | veg: full=0 lod1=0 hide=0 instVis=0 instHide=0 chunks=0
[PERF] fps=60,0 frame=2,07ms draw=7 prim=127892 obj=587 vram=218,6MB tex=82,5MB | veg: full=0 lod1=0 hide=0 instVis=0 instHide=0 chunks=0
[PERF] fps=60,0 frame=2,99ms draw=7 prim=127892 obj=587 vram=218,6MB tex=82,5MB | veg: full=0 lod1=0 hide=0 instVis=0 instHide=0 chunks=0
