ColoringBook — журнал запуска 2026-08-21 02:37:11
[bootstrap] каталог логов: D:/Godot/ColoringBook/logs
PlantCatalog ready: 9 variants x kinds
=== ColoringBook Bootstrap | BUILD STAMP: 2026-08-20-V378 (русла по линейке — это сток по глади озера: полоса 21.6 -> 10.3 км)
[shaders] res://assets/shaders/terrain.gdshader — ок
[shaders] res://assets/shaders/water.gdshader — ок
[shaders] res://assets/shaders/foliage.gdshader — ок
[shaders] res://assets/shaders/impostor.gdshader — ок
[shaders] res://assets/shaders/sketch_id.gdshader — ок
[shaders] res://assets/shaders/sketch_depth.gdshader — ок
[shaders] res://assets/shaders/sketch_normal.gdshader — ок
[bootstrap] MaxFps=60, VSync=Disabled
[устройство] стол, поле полное, уровень при запуске, журнал в res://logs, ядер 8
[bootstrap] StartupMode = Level
[разведка] поле 241x241 за 21682 мс, место (-32,6, 17,3) км от середины территории
[нрав] поднятие 8,7 м (разброс 1,78, период 17 км), врез 22, осыпание 0,007, итераций 905
[фон-эрозия] поле 961x961 за 386133 мс
[высоты] размах поля 9488 м, дно 800 м, верх 10628 м
[плитка] 5 км, ячейка 30 м, за 6022 мс
[высоты] p10 1948 м, медиана 3293, p90 4500, разница p10-p90 2551 м (в Альпах 2000-2500)
[вода] 3,3% площади (норма Альп 1.5-6)
[озёра] 28 крупнее 0.05 км², крупнейшее 46,8 км²
[острова] 4, крупнейший 1,30 км²
[озёра-подробно] впадин 24 крупнее 1 км², ячеек во впадинах 65842 (7,1% поля), сжатие 0,63
  чаша км² | глубина м | залито %
     327,3 |       534 |       18   <- вода лужей на дне
     115,8 |       946 |       32   <- вода лужей на дне
      78,1 |       600 |       31   <- вода лужей на дне
      72,6 |       325 |        9   <- вода лужей на дне
      66,6 |       416 |       30   <- вода лужей на дне
      59,8 |       408 |       16   <- вода лужей на дне
      50,4 |       503 |       24   <- вода лужей на дне
      42,4 |       214 |        5   <- вода лужей на дне
[русла] прямых отрезков 461, медиана 600 м, p90 1920 м, наибольший 4440 м (в природе прямой участок до 1-2 км)
[маршруты] окно 20 км: опор 48, рёбер 40, сеть 96,8 км, за 2253 мс
[пояса] лес 0,338, редколесье 0,415, альпика 0,472, осыпь 0,520, скала 0,579, снег 0,635
[пояса] пределы выборки 92,4..1040,9 ед (1140..10625 м), смещение 21,5 ед
[фон-материал] шейдер рельефа, размах высот 114,0..1062,5 ед
[рельеф вокруг игрока] средний уклон 12,4°, p95 29,3°, перепад 5773 м, круче 35° 2%, доля дна 28%, шпилей 270  <-- ПОЛОГО  <-- ШПИЛИ
[рельеф вся территория] средний уклон 12,4°, p95 29,3°, перепад 5773 м, круче 35° 2%, доля дна 28%, шпилей 270  <-- ПОЛОГО  <-- ШПИЛИ
[старт] пояс Grassland, высота 3057 м
[старт] опора сети: вид 50%, (360, -945), сток 3, в 10,1 км от середины поля при пределе 172,8; опор всего 48
[дыра] высоты в точке старта: поле 3057 м, меш 4691 м, разница -1633 м; накрывает кольцо 0, ячейка 120 м
[дыра] камера обхода садится на высоту ПОЛЯ, а видит меш: камера ПОД ПОВЕРХНОСТЬЮ на 1633 м
[дыра] треугольников рельефа вокруг точки: в 100 м — 5, в 500 м — 110, в 2000 м — 1741
[дыра] место разведки (-32,6, 17,3) км от середины территории; игрок в 10112 м от середины ПОЛЯ
[дыра] половины колец, км: 0:57,6
[покров] по площади (13271 км²): Water 3,3%, Grassland 24,1%, Forest 17,9%, Shrubland 12,2%, Alpine 7,5%, Scree 12,2%, Rock 16,3%, Snow 6,6%
[вода] ячеек покрова по кольцам: 120м:30225
[дренаж] сетка 961, область 115 км, 1832 мс
[рельеф-отчёт] D:/Godot/ColoringBook/logs\20260821_024434_terrain.json
[рельеф-сетки] D:/Godot/ColoringBook/logs\20260821_024434_terrain.bin
[журнал] D:/Godot/ColoringBook/logs\20260821_023711_session.log
[фон-щели] одиночных рёбер 3840, из них на внешнем крае есть; радиусы от 5760 до 5760 ед (границы колец: 5760)
[фон-меш] рельеф: граней вверх 1843200, вниз 0 (0,0%), вырожденных 0 | расхождение на стыке колец 0,0 м
[фон-пандус] наибольший уклон переходной полосы 0,0°, ширина полосы 8 ячеек (960..480 м)
[фон] колец 1, шаг 120..120 м, область 115 км, четырёхугольников 921600, треугольников 1843200
[растительность] ОТКЛЮЧЕНА (LevelView3D.VegetationOn = false)
[время] рельеф и меш: 442489 мс
--- Seed 42 | Season Summer ---
уровень из колец, сид 42
[камера] обзор на (360, -945), наклон 35°, удаление 2,2 км
[bootstrap] mode=Level (main scene). P = switch to plant gallery.
[bootstrap] galleryActive=False regions=0 | terrain: mesh=null visible=True | rivers: mesh=null visible=True | water: mesh=null visible=True | vegRoot: children=0 visible=True | galleryRoot=none
[PERF] fps=60,0 frame=2,42ms draw=7 prim=1844372 obj=587 vram=387,6MB tex=81,8MB | veg: full=0 lod1=0 hide=0 instVis=0 instHide=0 chunks=0
[PERF] fps=60,0 frame=2,05ms draw=7 prim=1844372 obj=587 vram=387,6MB tex=81,8MB | veg: full=0 lod1=0 hide=0 instVis=0 instHide=0 chunks=0
[PERF] fps=60,0 frame=1,94ms draw=7 prim=1844368 obj=585 vram=387,6MB tex=81,8MB | veg: full=0 lod1=0 hide=0 instVis=0 instHide=0 chunks=0
[PERF] fps=60,0 frame=1,90ms draw=7 prim=1844364 obj=583 vram=387,6MB tex=81,8MB | veg: full=0 lod1=0 hide=0 instVis=0 instHide=0 chunks=0
[PERF] fps=60,0 frame=2,09ms draw=7 prim=1844380 obj=591 vram=387,6MB tex=81,8MB | veg: full=0 lod1=0 hide=0 instVis=0 instHide=0 chunks=0
[PERF] fps=60,0 frame=1,78ms draw=7 prim=1844368 obj=585 vram=387,6MB tex=81,8MB | veg: full=0 lod1=0 hide=0 instVis=0 instHide=0 chunks=0
[PERF] fps=60,0 frame=2,28ms draw=7 prim=1844368 obj=585 vram=387,6MB tex=81,8MB | veg: full=0 lod1=0 hide=0 instVis=0 instHide=0 chunks=0
[PERF] fps=60,0 frame=2,81ms draw=7 prim=1844376 obj=589 vram=387,6MB tex=81,8MB | veg: full=0 lod1=0 hide=0 instVis=0 instHide=0 chunks=0
[PERF] fps=60,0 frame=1,79ms draw=7 prim=1844372 obj=587 vram=387,6MB tex=81,8MB | veg: full=0 lod1=0 hide=0 instVis=0 instHide=0 chunks=0
[PERF] fps=60,0 frame=2,44ms draw=7 prim=1844376 obj=589 vram=387,6MB tex=81,8MB | veg: full=0 lod1=0 hide=0 instVis=0 instHide=0 chunks=0
[PERF] fps=60,0 frame=2,56ms draw=7 prim=1844368 obj=585 vram=387,6MB tex=81,8MB | veg: full=0 lod1=0 hide=0 instVis=0 instHide=0 chunks=0
[PERF] fps=60,0 frame=2,23ms draw=7 prim=1844376 obj=589 vram=387,6MB tex=81,8MB | veg: full=0 lod1=0 hide=0 instVis=0 instHide=0 chunks=0
[PERF] fps=60,0 frame=2,76ms draw=7 prim=1844372 obj=587 vram=387,6MB tex=81,8MB | veg: full=0 lod1=0 hide=0 instVis=0 instHide=0 chunks=0
[PERF] fps=60,0 frame=1,75ms draw=7 prim=1844372 obj=587 vram=387,6MB tex=81,8MB | veg: full=0 lod1=0 hide=0 instVis=0 instHide=0 chunks=0
[PERF] fps=60,0 frame=1,81ms draw=7 prim=1844372 obj=587 vram=387,6MB tex=81,8MB | veg: full=0 lod1=0 hide=0 instVis=0 instHide=0 chunks=0
[PERF] fps=60,0 frame=1,76ms draw=7 prim=1844376 obj=589 vram=387,6MB tex=81,8MB | veg: full=0 lod1=0 hide=0 instVis=0 instHide=0 chunks=0
[PERF] fps=60,0 frame=1,80ms draw=7 prim=1844368 obj=585 vram=387,6MB tex=81,8MB | veg: full=0 lod1=0 hide=0 instVis=0 instHide=0 chunks=0
[PERF] fps=60,0 frame=1,86ms draw=7 prim=1844372 obj=587 vram=387,6MB tex=81,8MB | veg: full=0 lod1=0 hide=0 instVis=0 instHide=0 chunks=0
[PERF] fps=60,0 frame=1,80ms draw=7 prim=1844372 obj=587 vram=387,6MB tex=81,8MB | veg: full=0 lod1=0 hide=0 instVis=0 instHide=0 chunks=0
[PERF] fps=60,0 frame=1,84ms draw=7 prim=1844372 obj=587 vram=387,6MB tex=81,8MB | veg: full=0 lod1=0 hide=0 instVis=0 instHide=0 chunks=0
[PERF] fps=60,0 frame=3,36ms draw=7 prim=1844372 obj=587 vram=387,6MB tex=81,8MB | veg: full=0 lod1=0 hide=0 instVis=0 instHide=0 chunks=0
[PERF] fps=60,0 frame=4,55ms draw=7 prim=1844372 obj=587 vram=387,6MB tex=81,8MB | veg: full=0 lod1=0 hide=0 instVis=0 instHide=0 chunks=0
[PERF] fps=60,0 frame=2,15ms draw=7 prim=1844376 obj=589 vram=387,6MB tex=81,8MB | veg: full=0 lod1=0 hide=0 instVis=0 instHide=0 chunks=0
[PERF] fps=60,0 frame=3,45ms draw=7 prim=1844372 obj=587 vram=387,6MB tex=81,8MB | veg: full=0 lod1=0 hide=0 instVis=0 instHide=0 chunks=0
[PERF] fps=60,0 frame=2,06ms draw=7 prim=1844372 obj=587 vram=387,6MB tex=81,8MB | veg: full=0 lod1=0 hide=0 instVis=0 instHide=0 chunks=0
[PERF] fps=60,0 frame=2,65ms draw=7 prim=1844372 obj=587 vram=387,6MB tex=81,8MB | veg: full=0 lod1=0 hide=0 instVis=0 instHide=0 chunks=0
[PERF] fps=60,0 frame=2,15ms draw=7 prim=1844372 obj=587 vram=387,6MB tex=81,8MB | veg: full=0 lod1=0 hide=0 instVis=0 instHide=0 chunks=0
[PERF] fps=60,0 frame=3,31ms draw=7 prim=1844372 obj=587 vram=387,6MB tex=81,8MB | veg: full=0 lod1=0 hide=0 instVis=0 instHide=0 chunks=0
[PERF] fps=60,0 frame=3,92ms draw=7 prim=1844376 obj=589 vram=387,6MB tex=81,8MB | veg: full=0 lod1=0 hide=0 instVis=0 instHide=0 chunks=0
[PERF] fps=60,0 frame=2,52ms draw=7 prim=1844372 obj=587 vram=387,6MB tex=81,8MB | veg: full=0 lod1=0 hide=0 instVis=0 instHide=0 chunks=0
[PERF] fps=60,0 frame=2,51ms draw=7 prim=1844372 obj=587 vram=387,6MB tex=81,8MB | veg: full=0 lod1=0 hide=0 instVis=0 instHide=0 chunks=0
[PERF] fps=60,0 frame=2,36ms draw=7 prim=1844376 obj=589 vram=387,6MB tex=81,8MB | veg: full=0 lod1=0 hide=0 instVis=0 instHide=0 chunks=0
[PERF] fps=60,0 frame=2,61ms draw=7 prim=1844372 obj=587 vram=387,6MB tex=81,8MB | veg: full=0 lod1=0 hide=0 instVis=0 instHide=0 chunks=0
[PERF] fps=60,0 frame=2,58ms draw=7 prim=1844376 obj=589 vram=387,6MB tex=81,8MB | veg: full=0 lod1=0 hide=0 instVis=0 instHide=0 chunks=0
[PERF] fps=60,0 frame=2,36ms draw=7 prim=1844372 obj=587 vram=387,6MB tex=81,8MB | veg: full=0 lod1=0 hide=0 instVis=0 instHide=0 chunks=0
[PERF] fps=60,0 frame=2,68ms draw=7 prim=1844376 obj=589 vram=387,6MB tex=81,8MB | veg: full=0 lod1=0 hide=0 instVis=0 instHide=0 chunks=0
[PERF] fps=60,0 frame=2,38ms draw=7 prim=1844376 obj=589 vram=387,6MB tex=81,8MB | veg: full=0 lod1=0 hide=0 instVis=0 instHide=0 chunks=0
[PERF] fps=60,0 frame=2,20ms draw=7 prim=1844376 obj=589 vram=387,6MB tex=81,8MB | veg: full=0 lod1=0 hide=0 instVis=0 instHide=0 chunks=0
[PERF] fps=60,0 frame=2,43ms draw=7 prim=1844376 obj=589 vram=387,6MB tex=81,8MB | veg: full=0 lod1=0 hide=0 instVis=0 instHide=0 chunks=0
[PERF] fps=60,0 frame=2,13ms draw=7 prim=1844376 obj=589 vram=387,6MB tex=81,8MB | veg: full=0 lod1=0 hide=0 instVis=0 instHide=0 chunks=0
[PERF] fps=60,0 frame=2,41ms draw=7 prim=1844376 obj=589 vram=387,6MB tex=81,8MB | veg: full=0 lod1=0 hide=0 instVis=0 instHide=0 chunks=0
[PERF] fps=60,0 frame=2,48ms draw=7 prim=1844376 obj=589 vram=387,6MB tex=81,8MB | veg: full=0 lod1=0 hide=0 instVis=0 instHide=0 chunks=0
[PERF] fps=60,0 frame=2,64ms draw=7 prim=1844376 obj=589 vram=387,6MB tex=81,8MB | veg: full=0 lod1=0 hide=0 instVis=0 instHide=0 chunks=0
[PERF] fps=60,0 frame=2,39ms draw=7 prim=1844376 obj=589 vram=387,6MB tex=81,8MB | veg: full=0 lod1=0 hide=0 instVis=0 instHide=0 chunks=0
[PERF] fps=60,0 frame=1,72ms draw=7 prim=1844376 obj=589 vram=387,6MB tex=81,8MB | veg: full=0 lod1=0 hide=0 instVis=0 instHide=0 chunks=0
[PERF] fps=60,0 frame=3,42ms draw=7 prim=1844376 obj=589 vram=387,6MB tex=81,8MB | veg: full=0 lod1=0 hide=0 instVis=0 instHide=0 chunks=0
[PERF] fps=60,0 frame=3,50ms draw=7 prim=1844376 obj=589 vram=387,6MB tex=81,8MB | veg: full=0 lod1=0 hide=0 instVis=0 instHide=0 chunks=0
[PERF] fps=60,0 frame=2,19ms draw=7 prim=1844376 obj=589 vram=387,6MB tex=81,8MB | veg: full=0 lod1=0 hide=0 instVis=0 instHide=0 chunks=0
[PERF] fps=60,0 frame=2,43ms draw=7 prim=1844376 obj=589 vram=387,6MB tex=81,8MB | veg: full=0 lod1=0 hide=0 instVis=0 instHide=0 chunks=0
[PERF] fps=60,0 frame=2,21ms draw=7 prim=1844376 obj=589 vram=387,6MB tex=81,8MB | veg: full=0 lod1=0 hide=0 instVis=0 instHide=0 chunks=0
[PERF] fps=60,0 frame=2,33ms draw=7 prim=1844376 obj=589 vram=387,6MB tex=81,8MB | veg: full=0 lod1=0 hide=0 instVis=0 instHide=0 chunks=0
[PERF] fps=60,0 frame=2,14ms draw=7 prim=1844376 obj=589 vram=387,6MB tex=81,8MB | veg: full=0 lod1=0 hide=0 instVis=0 instHide=0 chunks=0
[PERF] fps=60,0 frame=4,37ms draw=7 prim=1844376 obj=589 vram=387,6MB tex=81,8MB | veg: full=0 lod1=0 hide=0 instVis=0 instHide=0 chunks=0
[PERF] fps=60,0 frame=2,65ms draw=7 prim=1844376 obj=589 vram=387,6MB tex=81,8MB | veg: full=0 lod1=0 hide=0 instVis=0 instHide=0 chunks=0
[PERF] fps=60,0 frame=2,52ms draw=7 prim=1844368 obj=585 vram=387,6MB tex=81,8MB | veg: full=0 lod1=0 hide=0 instVis=0 instHide=0 chunks=0
[PERF] fps=60,0 frame=2,09ms draw=7 prim=1844368 obj=585 vram=387,6MB tex=81,8MB | veg: full=0 lod1=0 hide=0 instVis=0 instHide=0 chunks=0
[PERF] fps=60,0 frame=1,76ms draw=7 prim=1844364 obj=583 vram=387,6MB tex=81,8MB | veg: full=0 lod1=0 hide=0 instVis=0 instHide=0 chunks=0
[PERF] fps=60,0 frame=1,74ms draw=7 prim=1844364 obj=583 vram=387,6MB tex=81,8MB | veg: full=0 lod1=0 hide=0 instVis=0 instHide=0 chunks=0
[PERF] fps=60,0 frame=2,20ms draw=7 prim=1844364 obj=583 vram=387,6MB tex=81,8MB | veg: full=0 lod1=0 hide=0 instVis=0 instHide=0 chunks=0
[PERF] fps=60,0 frame=3,38ms draw=7 prim=1844364 obj=583 vram=387,6MB tex=81,8MB | veg: full=0 lod1=0 hide=0 instVis=0 instHide=0 chunks=0
[PERF] fps=60,0 frame=2,29ms draw=7 prim=1844364 obj=583 vram=387,6MB tex=81,8MB | veg: full=0 lod1=0 hide=0 instVis=0 instHide=0 chunks=0
[PERF] fps=60,0 frame=2,58ms draw=7 prim=1844364 obj=583 vram=387,6MB tex=81,8MB | veg: full=0 lod1=0 hide=0 instVis=0 instHide=0 chunks=0
[PERF] fps=56,0 frame=5,68ms draw=7 prim=1844364 obj=583 vram=387,6MB tex=81,8MB | veg: full=0 lod1=0 hide=0 instVis=0 instHide=0 chunks=0
[PERF] fps=60,0 frame=3,29ms draw=7 prim=1844364 obj=583 vram=387,6MB tex=81,8MB | veg: full=0 lod1=0 hide=0 instVis=0 instHide=0 chunks=0
[PERF] fps=60,0 frame=2,12ms draw=7 prim=1844364 obj=583 vram=387,6MB tex=81,8MB | veg: full=0 lod1=0 hide=0 instVis=0 instHide=0 chunks=0
[PERF] fps=60,0 frame=3,04ms draw=7 prim=1844364 obj=583 vram=387,6MB tex=81,8MB | veg: full=0 lod1=0 hide=0 instVis=0 instHide=0 chunks=0
[PERF] fps=60,0 frame=17,74ms draw=7 prim=1844368 obj=585 vram=387,6MB tex=81,8MB | veg: full=0 lod1=0 hide=0 instVis=0 instHide=0 chunks=0
[обход] 18 поз: весь уровень, четверти, глаз из (360, -945), шар
[telemetry] обход уровня записан: D:/Godot/ColoringBook/logs\20260820_234821_seed42_sweep.json
[обход] 18 поз: весь уровень, четверти, глаз из (360, -945), шар
[кадр] весь уровень сверху: неба 51%, пятен 6, крупнейшее 31%, ПУСТОТЫ 45% (в нижней половине 44%)
[PERF] fps=60,0 frame=2,06ms draw=7 prim=1844368 obj=585 vram=422,4MB tex=112,8MB | veg: full=0 lod1=0 hide=0 instVis=0 instHide=0 chunks=0
[sketch] шаблон: областей 1, из них удобных без увеличения 0, крупных заливок 1, непригодных 0; самая большая занимает 100% кадра, чернил 0,0%
[sketch] обход весь уровень сверху: шаблон: областей 1, из них удобных без увеличения 0, крупных заливок 1, непригодных 0; самая большая занимает 100% кадра, чернил 0,0%
[кадр] весь уровень косо 0°: неба 43%, пятен 5, крупнейшее 51%, ПУСТОТЫ 37% (в нижней половине 3%)
[sketch] шаблон: областей 1, из них удобных без увеличения 0, крупных заливок 1, непригодных 0; самая большая занимает 100% кадра, чернил 0,0%
[sketch] обход весь уровень косо 0°: шаблон: областей 1, из них удобных без увеличения 0, крупных заливок 1, непригодных 0; самая большая занимает 100% кадра, чернил 0,0%
[кадр] весь уровень косо 120°: неба 42%, пятен 7, крупнейшее 50%, ПУСТОТЫ 36% (в нижней половине 2%)
[sketch] шаблон: областей 1, из них удобных без увеличения 0, крупных заливок 1, непригодных 0; самая большая занимает 100% кадра, чернил 0,0%
[sketch] обход весь уровень косо 120°: шаблон: областей 1, из них удобных без увеличения 0, крупных заливок 1, непригодных 0; самая большая занимает 100% кадра, чернил 0,0%
[кадр] весь уровень косо 240°: неба 56%, пятен 7, крупнейшее 41%, ПУСТОТЫ 36% (в нижней половине 2%)
[sketch] шаблон: областей 1, из них удобных без увеличения 0, крупных заливок 1, непригодных 0; самая большая занимает 100% кадра, чернил 0,0%
[sketch] обход весь уровень косо 240°: шаблон: областей 1, из них удобных без увеличения 0, крупных заливок 1, непригодных 0; самая большая занимает 100% кадра, чернил 0,0%
[кадр] четверть 1: неба 30%, пятен 8, крупнейшее 29%, ПУСТОТЫ 26% (в нижней половине 0%)
[sketch] шаблон: областей 1, из них удобных без увеличения 0, крупных заливок 1, непригодных 0; самая большая занимает 100% кадра, чернил 0,0%
[sketch] обход четверть 1: шаблон: областей 1, из них удобных без увеличения 0, крупных заливок 1, непригодных 0; самая большая занимает 100% кадра, чернил 0,0%
[кадр] четверть 2: неба 31%, пятен 7, крупнейшее 28%, ПУСТОТЫ 25% (в нижней половине 0%)
[sketch] шаблон: областей 1, из них удобных без увеличения 0, крупных заливок 1, непригодных 0; самая большая занимает 100% кадра, чернил 0,0%
[sketch] обход четверть 2: шаблон: областей 1, из них удобных без увеличения 0, крупных заливок 1, непригодных 0; самая большая занимает 100% кадра, чернил 0,0%
[кадр] четверть 3: неба 36%, пятен 7, крупнейшее 60%, ПУСТОТЫ 34% (в нижней половине 3%)
[sketch] шаблон: областей 1, из них удобных без увеличения 0, крупных заливок 1, непригодных 0; самая большая занимает 100% кадра, чернил 0,0%
[sketch] обход четверть 3: шаблон: областей 1, из них удобных без увеличения 0, крупных заливок 1, непригодных 0; самая большая занимает 100% кадра, чернил 0,0%
[кадр] четверть 4: неба 46%, пятен 7, крупнейшее 46%, ПУСТОТЫ 33% (в нижней половине 1%)
[sketch] шаблон: областей 1, из них удобных без увеличения 0, крупных заливок 1, непригодных 0; самая большая занимает 100% кадра, чернил 0,0%
[sketch] обход четверть 4: шаблон: областей 1, из них удобных без увеличения 0, крупных заливок 1, непригодных 0; самая большая занимает 100% кадра, чернил 0,0%
[кадр] глаз 0°: неба 52%, пятен 6, крупнейшее 57%, ПУСТОТЫ 54% (в нижней половине 100%)
[sketch] шаблон: областей 2, из них удобных без увеличения 0, крупных заливок 2, непригодных 0; самая большая занимает 83% кадра, чернил 0,5%
[sketch] обход глаз 0°: шаблон: областей 2, из них удобных без увеличения 0, крупных заливок 2, непригодных 0; самая большая занимает 83% кадра, чернил 0,5%
[PERF] fps=6,0 frame=1249,09ms draw=8 prim=3687580 obj=592 vram=425,0MB tex=112,8MB | veg: full=0 lod1=0 hide=0 instVis=0 instHide=0 chunks=0
[кадр] глаз 45°: неба 55%, пятен 6, крупнейшее 56%, ПУСТОТЫ 56% (в нижней половине 100%)
[sketch] шаблон: областей 6, из них удобных без увеличения 2, крупных заливок 2, непригодных 0; самая большая занимает 89% кадра, чернил 0,5%
[sketch] обход глаз 45°: шаблон: областей 6, из них удобных без увеличения 2, крупных заливок 2, непригодных 0; самая большая занимает 89% кадра, чернил 0,5%
[кадр] глаз 90°: неба 53%, пятен 3, крупнейшее 55%, ПУСТОТЫ 54% (в нижней половине 100%)
[sketch] шаблон: областей 3, из них удобных без увеличения 2, крупных заливок 1, непригодных 0; самая большая занимает 92% кадра, чернил 0,5%
[sketch] обход глаз 90°: шаблон: областей 3, из них удобных без увеличения 2, крупных заливок 1, непригодных 0; самая большая занимает 92% кадра, чернил 0,5%
[кадр] глаз 135°: неба 54%, пятен 4, крупнейшее 56%, ПУСТОТЫ 54% (в нижней половине 100%)
[sketch] шаблон: областей 2, из них удобных без увеличения 1, крупных заливок 1, непригодных 0; самая большая занимает 93% кадра, чернил 0,5%
[sketch] обход глаз 135°: шаблон: областей 2, из них удобных без увеличения 1, крупных заливок 1, непригодных 0; самая большая занимает 93% кадра, чернил 0,5%
[кадр] глаз 180°: неба 54%, пятен 3, крупнейшее 64%, ПУСТОТЫ 53% (в нижней половине 100%)
[sketch] шаблон: областей 3, из них удобных без увеличения 2, крупных заливок 1, непригодных 0; самая большая занимает 95% кадра, чернил 0,4%
[sketch] обход глаз 180°: шаблон: областей 3, из них удобных без увеличения 2, крупных заливок 1, непригодных 0; самая большая занимает 95% кадра, чернил 0,4%
[кадр] глаз 225°: неба 53%, пятен 3, крупнейшее 64%, ПУСТОТЫ 53% (в нижней половине 100%)
[sketch] шаблон: областей 5, из них удобных без увеличения 3, крупных заливок 2, непригодных 0; самая большая занимает 92% кадра, чернил 0,4%
[sketch] обход глаз 225°: шаблон: областей 5, из них удобных без увеличения 3, крупных заливок 2, непригодных 0; самая большая занимает 92% кадра, чернил 0,4%
[кадр] глаз 270°: неба 54%, пятен 2, крупнейшее 64%, ПУСТОТЫ 54% (в нижней половине 100%)
[sketch] шаблон: областей 2, из них удобных без увеличения 0, крупных заливок 2, непригодных 0; самая большая занимает 85% кадра, чернил 0,4%
[sketch] обход глаз 270°: шаблон: областей 2, из них удобных без увеличения 0, крупных заливок 2, непригодных 0; самая большая занимает 85% кадра, чернил 0,4%
[кадр] глаз 315°: неба 53%, пятен 5, крупнейшее 59%, ПУСТОТЫ 54% (в нижней половине 100%)
[sketch] шаблон: областей 2, из них удобных без увеличения 0, крупных заливок 2, непригодных 0; самая большая занимает 79% кадра, чернил 0,4%
[sketch] обход глаз 315°: шаблон: областей 2, из них удобных без увеличения 0, крупных заливок 2, непригодных 0; самая большая занимает 79% кадра, чернил 0,4%
[кадр] шар 0°: неба 65%, пятен 2, крупнейшее 66%, ПУСТОТЫ 66% (в нижней половине 100%)
[sketch] шаблон: областей 2, из них удобных без увеличения 1, крупных заливок 1, непригодных 0; самая большая занимает 88% кадра, чернил 0,5%
[sketch] обход шар 0°: шаблон: областей 2, из них удобных без увеличения 1, крупных заливок 1, непригодных 0; самая большая занимает 88% кадра, чернил 0,5%
[кадр] шар 180°: неба 66%, пятен 2, крупнейшее 64%, ПУСТОТЫ 65% (в нижней половине 100%)
[sketch] шаблон: областей 4, из них удобных без увеличения 2, крупных заливок 1, непригодных 0; самая большая занимает 99% кадра, чернил 0,1%
[sketch] обход шар 180°: шаблон: областей 4, из них удобных без увеличения 2, крупных заливок 1, непригодных 0; самая большая занимает 99% кадра, чернил 0,1%
[PERF] fps=6,0 frame=1333,75ms draw=8 prim=3687580 obj=592 vram=425,0MB tex=112,8MB | veg: full=0 lod1=0 hide=0 instVis=0 instHide=0 chunks=0
[кадр] озеро с берега 0°: неба 59%, пятен 3, крупнейшее 62%, ПУСТОТЫ 60% (в нижней половине 100%)
[sketch] шаблон: областей 1, из них удобных без увеличения 0, крупных заливок 1, непригодных 0; самая большая занимает 100% кадра, чернил 0,0%
[sketch] обход озеро с берега 0°: шаблон: областей 1, из них удобных без увеличения 0, крупных заливок 1, непригодных 0; самая большая занимает 100% кадра, чернил 0,0%
[кадр] озеро с берега 180°: неба 59%, пятен 3, крупнейшее 63%, ПУСТОТЫ 60% (в нижней половине 100%)
[sketch] шаблон: областей 1, из них удобных без увеличения 0, крупных заливок 1, непригодных 0; самая большая занимает 100% кадра, чернил 0,0%
[sketch] обход озеро с берега 180°: шаблон: областей 1, из них удобных без увеличения 0, крупных заливок 1, непригодных 0; самая большая занимает 100% кадра, чернил 0,0%
[кадр] озеро сверху: неба 7%, пятен 10, крупнейшее 26%, ПУСТОТЫ 0% (в нижней половине 0%)
[sketch] шаблон: областей 1, из них удобных без увеличения 0, крупных заливок 1, непригодных 0; самая большая занимает 100% кадра, чернил 0,0%
[sketch] обход озеро сверху: шаблон: областей 1, из них удобных без увеличения 0, крупных заливок 1, непригодных 0; самая большая занимает 100% кадра, чернил 0,0%
[кадр] русло сверху: неба 0%, пятен 7, крупнейшее 31%, ПУСТОТЫ 0% (в нижней половине 0%)
[sketch] шаблон: областей 2, из них удобных без увеличения 1, крупных заливок 1, непригодных 0; самая большая занимает 99% кадра, чернил 0,1%
[sketch] обход русло сверху: шаблон: областей 2, из них удобных без увеличения 1, крупных заливок 1, непригодных 0; самая большая занимает 99% кадра, чернил 0,1%
[кадр] русло с берега: неба 60%, пятен 2, крупнейшее 65%, ПУСТОТЫ 60% (в нижней половине 100%)
[sketch] шаблон: областей 5, из них удобных без увеличения 2, крупных заливок 2, непригодных 0; самая большая занимает 90% кадра, чернил 0,5%
[sketch] обход русло с берега: шаблон: областей 5, из них удобных без увеличения 2, крупных заливок 2, непригодных 0; самая большая занимает 90% кадра, чернил 0,5%
[telemetry] снимков сохранено: 23 в D:/Godot/ColoringBook/logs\20260820_234821_seed42_sweep_shots
[PERF] fps=60,0 frame=3,49ms draw=7 prim=1844364 obj=583 vram=393,1MB tex=81,8MB | veg: full=0 lod1=0 hide=0 instVis=0 instHide=0 chunks=0
