ColoringBook — журнал запуска 2026-08-18 15:13:09
[bootstrap] каталог логов: D:/Godot/ColoringBook/logs
PlantCatalog ready: 9 variants x kinds
=== ColoringBook Bootstrap | BUILD STAMP: 2026-08-18-V341 (снег забирал всё выше 3000 м; разброс поднятия удвоен под новую площадь)
[shaders] res://assets/shaders/terrain.gdshader — ок
[shaders] res://assets/shaders/water.gdshader — ок
[shaders] res://assets/shaders/foliage.gdshader — ок
[shaders] res://assets/shaders/impostor.gdshader — ок
[shaders] res://assets/shaders/sketch_id.gdshader — ок
[shaders] res://assets/shaders/sketch_depth.gdshader — ок
[shaders] res://assets/shaders/sketch_normal.gdshader — ок
[bootstrap] MaxFps=60, VSync=Disabled
[устройство] Windows, построение полное, уровень при запуске, журнал в res://logs, ядер 8
[bootstrap] StartupMode = Level
[разведка] поле 241x241 за 9661 мс, место (25,4, 37,9) км от середины территории
[нрав] поднятие 15,5 м (разброс 2,38, период 17 км), врез 31, осыпание 0,014, итераций 365
[фон-эрозия] поле 961x961 за 177170 мс
[высоты] размах поля 11348 м, сжатие 0,30, дно 1000 м, верх 4404 м
[озёра] залитых ячеек 67732 из 923521 (7,3% поля)
[плитка] 5 км, ячейка 30 м, за 5953 мс
[маршруты] окно 20 км: опор 59, рёбер 14, сеть 32,7 км, за 1018 мс
[пояса] лес 0,305, редколесье 0,427, альпика 0,519, осыпь 0,580, скала 0,641, снег 0,611
[пояса] пределы выборки 24,9..352,5 ед (1000..4276 м), смещение 75,1 ед
[фон-материал] шейдер рельефа, размах высот 100,0..427,6 ед
[рельеф] средний уклон 10,2°, p95 22,4°, перепад 1444 м, круче 35° 0%, доля дна 43%, шпилей 179  <-- ПОЛОГО  <-- ШПИЛИ
[старт] пояс Forest, высота 2227 м
[старт] опора сети: вид 58%, (963, 144), сток 1, в 9,7 км от середины поля при пределе 172,8; опор всего 59
[дыра] высоты в точке старта: поле 2227 м, меш 2227 м, разница 0 м; накрывает кольцо 0, ячейка 120 м
[дыра] камера обхода садится на высоту ПОЛЯ, а видит меш: камера НАД поверхностью на 0 м
[дыра] треугольников рельефа вокруг точки: в 100 м — 5, в 500 м — 110, в 2000 м — 1741
[дыра] место разведки (25,4, 37,9) км от середины территории; игрок в 9737 м от середины ПОЛЯ
[дыра] половины колец, км: 0:57,6
[покров] по площади (13271 км²): Water 8,7%, Grassland 37,2%, Forest 18,4%, Shrubland 15,4%, Alpine 6,9%, Scree 4,3%, Rock 1,2%, Snow 7,9%
[вода] ячеек покрова по кольцам: 120м:80078
[дренаж] сетка 241, область 115 км, 74 мс
[рельеф-отчёт] D:/Godot/ColoringBook/logs\20260818_151655_terrain.json
[рельеф-сетки] D:/Godot/ColoringBook/logs\20260818_151655_terrain.bin
[журнал] D:/Godot/ColoringBook/logs\20260818_151309_session.log
[фон-щели] одиночных рёбер 3840, из них на внешнем крае есть; радиусы от 5760 до 5760 ед (границы колец: 5760)
[фон-меш] рельеф: граней вверх 1843200, вниз 0 (0,0%), вырожденных 0 | расхождение на стыке колец 0,0 м
[фон-пандус] наибольший уклон переходной полосы 0,0°, ширина полосы 8 ячеек (960..480 м)
[фон] колец 1, шаг 120..120 м, область 115 км, четырёхугольников 921600, треугольников 1843200
[растительность] ОТКЛЮЧЕНА (LevelView3D.VegetationOn = false)
[время] рельеф и меш: 225562 мс
--- Seed 42 | Season Summer ---
уровень из колец, сид 42
[камера] обзор на (963, 144), наклон 35°, удаление 2,2 км
[bootstrap] mode=Level (main scene). P = switch to plant gallery.
[bootstrap] galleryActive=False regions=0 | terrain: mesh=null visible=True | rivers: mesh=null visible=True | water: mesh=null visible=True | vegRoot: children=0 visible=True | galleryRoot=none
[PERF] fps=60,0 frame=2,56ms draw=7 prim=1844352 obj=577 vram=386,1MB tex=81,8MB | veg: full=0 lod1=0 hide=0 instVis=0 instHide=0 chunks=0
[PERF] fps=60,0 frame=1,78ms draw=7 prim=1844360 obj=581 vram=386,1MB tex=81,8MB | veg: full=0 lod1=0 hide=0 instVis=0 instHide=0 chunks=0
[PERF] fps=60,0 frame=1,85ms draw=7 prim=1844360 obj=581 vram=386,1MB tex=81,8MB | veg: full=0 lod1=0 hide=0 instVis=0 instHide=0 chunks=0
[PERF] fps=60,0 frame=1,64ms draw=7 prim=1844364 obj=583 vram=386,1MB tex=81,8MB | veg: full=0 lod1=0 hide=0 instVis=0 instHide=0 chunks=0
[PERF] fps=60,0 frame=2,02ms draw=7 prim=1844364 obj=583 vram=386,1MB tex=81,8MB | veg: full=0 lod1=0 hide=0 instVis=0 instHide=0 chunks=0
[PERF] fps=60,0 frame=1,86ms draw=7 prim=1844364 obj=583 vram=386,1MB tex=81,8MB | veg: full=0 lod1=0 hide=0 instVis=0 instHide=0 chunks=0
[PERF] fps=60,0 frame=2,11ms draw=7 prim=1844360 obj=581 vram=386,1MB tex=81,8MB | veg: full=0 lod1=0 hide=0 instVis=0 instHide=0 chunks=0
[PERF] fps=60,0 frame=1,79ms draw=7 prim=1844360 obj=581 vram=386,1MB tex=81,8MB | veg: full=0 lod1=0 hide=0 instVis=0 instHide=0 chunks=0
[PERF] fps=60,0 frame=1,83ms draw=7 prim=1844364 obj=583 vram=386,1MB tex=81,8MB | veg: full=0 lod1=0 hide=0 instVis=0 instHide=0 chunks=0
[PERF] fps=60,0 frame=1,65ms draw=7 prim=1844364 obj=583 vram=386,1MB tex=81,8MB | veg: full=0 lod1=0 hide=0 instVis=0 instHide=0 chunks=0
[PERF] fps=60,0 frame=1,91ms draw=7 prim=1844364 obj=583 vram=386,1MB tex=81,8MB | veg: full=0 lod1=0 hide=0 instVis=0 instHide=0 chunks=0
[PERF] fps=60,0 frame=1,80ms draw=7 prim=1844372 obj=587 vram=386,1MB tex=81,8MB | veg: full=0 lod1=0 hide=0 instVis=0 instHide=0 chunks=0
[PERF] fps=61,0 frame=1,81ms draw=7 prim=1844368 obj=585 vram=386,1MB tex=81,8MB | veg: full=0 lod1=0 hide=0 instVis=0 instHide=0 chunks=0
[PERF] fps=59,0 frame=1,83ms draw=7 prim=1844368 obj=585 vram=386,1MB tex=81,8MB | veg: full=0 lod1=0 hide=0 instVis=0 instHide=0 chunks=0
[PERF] fps=60,0 frame=1,93ms draw=7 prim=1844368 obj=585 vram=386,1MB tex=81,8MB | veg: full=0 lod1=0 hide=0 instVis=0 instHide=0 chunks=0
[PERF] fps=59,0 frame=1,70ms draw=7 prim=1844360 obj=581 vram=386,1MB tex=81,8MB | veg: full=0 lod1=0 hide=0 instVis=0 instHide=0 chunks=0
[PERF] fps=60,0 frame=1,77ms draw=7 prim=1844376 obj=589 vram=386,1MB tex=81,8MB | veg: full=0 lod1=0 hide=0 instVis=0 instHide=0 chunks=0
[PERF] fps=60,0 frame=1,78ms draw=7 prim=1844376 obj=589 vram=386,1MB tex=81,8MB | veg: full=0 lod1=0 hide=0 instVis=0 instHide=0 chunks=0
[PERF] fps=60,0 frame=1,55ms draw=7 prim=1844376 obj=589 vram=386,1MB tex=81,8MB | veg: full=0 lod1=0 hide=0 instVis=0 instHide=0 chunks=0
[PERF] fps=60,0 frame=2,00ms draw=7 prim=1844376 obj=589 vram=386,1MB tex=81,8MB | veg: full=0 lod1=0 hide=0 instVis=0 instHide=0 chunks=0
[PERF] fps=60,0 frame=1,74ms draw=7 prim=1844368 obj=585 vram=386,1MB tex=81,8MB | veg: full=0 lod1=0 hide=0 instVis=0 instHide=0 chunks=0
[PERF] fps=60,0 frame=1,98ms draw=7 prim=1844372 obj=587 vram=386,1MB tex=81,8MB | veg: full=0 lod1=0 hide=0 instVis=0 instHide=0 chunks=0
[PERF] fps=60,0 frame=2,01ms draw=7 prim=1844372 obj=587 vram=386,1MB tex=81,8MB | veg: full=0 lod1=0 hide=0 instVis=0 instHide=0 chunks=0
[PERF] fps=60,0 frame=1,73ms draw=7 prim=1844376 obj=589 vram=386,1MB tex=81,8MB | veg: full=0 lod1=0 hide=0 instVis=0 instHide=0 chunks=0
[PERF] fps=60,0 frame=1,71ms draw=7 prim=1844372 obj=587 vram=386,1MB tex=81,8MB | veg: full=0 lod1=0 hide=0 instVis=0 instHide=0 chunks=0
[PERF] fps=60,0 frame=2,06ms draw=7 prim=1844368 obj=585 vram=386,1MB tex=81,8MB | veg: full=0 lod1=0 hide=0 instVis=0 instHide=0 chunks=0
[PERF] fps=60,0 frame=2,06ms draw=7 prim=1844368 obj=585 vram=386,1MB tex=81,8MB | veg: full=0 lod1=0 hide=0 instVis=0 instHide=0 chunks=0
[PERF] fps=60,0 frame=1,81ms draw=7 prim=1844368 obj=585 vram=386,1MB tex=81,8MB | veg: full=0 lod1=0 hide=0 instVis=0 instHide=0 chunks=0
[PERF] fps=60,0 frame=2,05ms draw=7 prim=1844368 obj=585 vram=386,1MB tex=81,8MB | veg: full=0 lod1=0 hide=0 instVis=0 instHide=0 chunks=0
[PERF] fps=60,0 frame=2,38ms draw=7 prim=1844368 obj=585 vram=386,1MB tex=81,8MB | veg: full=0 lod1=0 hide=0 instVis=0 instHide=0 chunks=0
[обход] 18 поз: весь уровень, четверти, глаз из (963, 144), шар
[telemetry] обход уровня записан: D:/Godot/ColoringBook/logs\20260818_121831_seed42_sweep.json
[обход] 18 поз: весь уровень, четверти, глаз из (963, 144), шар
[кадр] весь уровень сверху: неба 53%, пятен 5, крупнейшее 55%, ПУСТОТЫ 49% (в нижней половине 48%)
[sketch] шаблон: областей 1, из них удобных без увеличения 0, крупных заливок 1, непригодных 0; самая большая занимает 100% кадра, чернил 0,0%
[sketch] обход весь уровень сверху: шаблон: областей 1, из них удобных без увеличения 0, крупных заливок 1, непригодных 0; самая большая занимает 100% кадра, чернил 0,0%
[кадр] весь уровень косо 0°: неба 47%, пятен 6, крупнейшее 52%, ПУСТОТЫ 41% (в нижней половине 7%)
[sketch] шаблон: областей 1, из них удобных без увеличения 0, крупных заливок 1, непригодных 0; самая большая занимает 100% кадра, чернил 0,0%
[sketch] обход весь уровень косо 0°: шаблон: областей 1, из них удобных без увеличения 0, крупных заливок 1, непригодных 0; самая большая занимает 100% кадра, чернил 0,0%
[кадр] весь уровень косо 120°: неба 41%, пятен 6, крупнейшее 55%, ПУСТОТЫ 40% (в нижней половине 5%)
[sketch] шаблон: областей 1, из них удобных без увеличения 0, крупных заливок 1, непригодных 0; самая большая занимает 100% кадра, чернил 0,0%
[sketch] обход весь уровень косо 120°: шаблон: областей 1, из них удобных без увеличения 0, крупных заливок 1, непригодных 0; самая большая занимает 100% кадра, чернил 0,0%
[кадр] весь уровень косо 240°: неба 48%, пятен 4, крупнейшее 51%, ПУСТОТЫ 40% (в нижней половине 5%)
[sketch] шаблон: областей 1, из них удобных без увеличения 0, крупных заливок 1, непригодных 0; самая большая занимает 100% кадра, чернил 0,0%
[sketch] обход весь уровень косо 240°: шаблон: областей 1, из них удобных без увеличения 0, крупных заливок 1, непригодных 0; самая большая занимает 100% кадра, чернил 0,0%
[кадр] четверть 1: неба 37%, пятен 9, крупнейшее 43%, ПУСТОТЫ 30% (в нижней половине 3%)
[sketch] шаблон: областей 1, из них удобных без увеличения 0, крупных заливок 1, непригодных 0; самая большая занимает 100% кадра, чернил 0,0%
[sketch] обход четверть 1: шаблон: областей 1, из них удобных без увеличения 0, крупных заливок 1, непригодных 0; самая большая занимает 100% кадра, чернил 0,0%
[кадр] четверть 2: неба 36%, пятен 7, крупнейшее 41%, ПУСТОТЫ 29% (в нижней половине 2%)
[sketch] шаблон: областей 1, из них удобных без увеличения 0, крупных заливок 1, непригодных 0; самая большая занимает 100% кадра, чернил 0,0%
[sketch] обход четверть 2: шаблон: областей 1, из них удобных без увеличения 0, крупных заливок 1, непригодных 0; самая большая занимает 100% кадра, чернил 0,0%
[кадр] четверть 3: неба 36%, пятен 4, крупнейшее 60%, ПУСТОТЫ 35% (в нижней половине 3%)
[PERF] fps=2,0 frame=464,33ms draw=7 prim=1844376 obj=589 vram=406,7MB tex=96,8MB | veg: full=0 lod1=0 hide=0 instVis=0 instHide=0 chunks=0
[sketch] шаблон: областей 1, из них удобных без увеличения 0, крупных заливок 1, непригодных 0; самая большая занимает 100% кадра, чернил 0,0%
[sketch] обход четверть 3: шаблон: областей 1, из них удобных без увеличения 0, крупных заливок 1, непригодных 0; самая большая занимает 100% кадра, чернил 0,0%
[кадр] четверть 4: неба 34%, пятен 4, крупнейшее 63%, ПУСТОТЫ 34% (в нижней половине 2%)
[sketch] шаблон: областей 1, из них удобных без увеличения 0, крупных заливок 1, непригодных 0; самая большая занимает 100% кадра, чернил 0,0%
[sketch] обход четверть 4: шаблон: областей 1, из них удобных без увеличения 0, крупных заливок 1, непригодных 0; самая большая занимает 100% кадра, чернил 0,0%
[кадр] глаз 0°: неба 37%, пятен 2, крупнейшее 64%, ПУСТОТЫ 38% (в нижней половине 0%)
[sketch] шаблон: областей 9, из них удобных без увеличения 5, крупных заливок 2, непригодных 0; самая большая занимает 60% кадра, чернил 1,7%
[sketch] обход глаз 0°: шаблон: областей 9, из них удобных без увеличения 5, крупных заливок 2, непригодных 0; самая большая занимает 60% кадра, чернил 1,7%
[кадр] глаз 45°: неба 38%, пятен 5, крупнейшее 61%, ПУСТОТЫ 38% (в нижней половине 0%)
[sketch] шаблон: областей 15, из них удобных без увеличения 5, крупных заливок 3, непригодных 0; самая большая занимает 38% кадра, чернил 2,0%
[sketch] обход глаз 45°: шаблон: областей 15, из них удобных без увеличения 5, крупных заливок 3, непригодных 0; самая большая занимает 38% кадра, чернил 2,0%
[кадр] глаз 90°: неба 38%, пятен 3, крупнейшее 63%, ПУСТОТЫ 39% (в нижней половине 0%)
[sketch] шаблон: областей 10, из них удобных без увеличения 5, крупных заливок 3, непригодных 0; самая большая занимает 42% кадра, чернил 1,8%
[sketch] обход глаз 90°: шаблон: областей 10, из них удобных без увеличения 5, крупных заливок 3, непригодных 0; самая большая занимает 42% кадра, чернил 1,8%
[кадр] глаз 135°: неба 36%, пятен 3, крупнейшее 63%, ПУСТОТЫ 36% (в нижней половине 0%)
[sketch] шаблон: областей 10, из них удобных без увеличения 5, крупных заливок 3, непригодных 0; самая большая занимает 47% кадра, чернил 2,0%
[sketch] обход глаз 135°: шаблон: областей 10, из них удобных без увеличения 5, крупных заливок 3, непригодных 0; самая большая занимает 47% кадра, чернил 2,0%
[кадр] глаз 180°: неба 34%, пятен 2, крупнейшее 65%, ПУСТОТЫ 35% (в нижней половине 0%)
[sketch] шаблон: областей 4, из них удобных без увеличения 1, крупных заливок 2, непригодных 0; самая большая занимает 58% кадра, чернил 1,5%
[sketch] обход глаз 180°: шаблон: областей 4, из них удобных без увеличения 1, крупных заливок 2, непригодных 0; самая большая занимает 58% кадра, чернил 1,5%
[кадр] глаз 225°: неба 36%, пятен 3, крупнейшее 66%, ПУСТОТЫ 36% (в нижней половине 0%)
[sketch] шаблон: областей 12, из них удобных без увеличения 4, крупных заливок 2, непригодных 0; самая большая занимает 56% кадра, чернил 1,3%
[sketch] обход глаз 225°: шаблон: областей 12, из них удобных без увеличения 4, крупных заливок 2, непригодных 0; самая большая занимает 56% кадра, чернил 1,3%
[кадр] глаз 270°: неба 39%, пятен 2, крупнейшее 66%, ПУСТОТЫ 40% (в нижней половине 0%)
[sketch] шаблон: областей 8, из них удобных без увеличения 4, крупных заливок 3, непригодных 0; самая большая занимает 41% кадра, чернил 1,2%
[sketch] обход глаз 270°: шаблон: областей 8, из них удобных без увеличения 4, крупных заливок 3, непригодных 0; самая большая занимает 41% кадра, чернил 1,2%
[PERF] fps=2,0 frame=372,65ms draw=8 prim=3687576 obj=590 vram=423,1MB tex=112,8MB | veg: full=0 lod1=0 hide=0 instVis=0 instHide=0 chunks=0
[кадр] глаз 315°: неба 38%, пятен 3, крупнейшее 64%, ПУСТОТЫ 39% (в нижней половине 0%)
[sketch] шаблон: областей 8, из них удобных без увеличения 4, крупных заливок 3, непригодных 0; самая большая занимает 39% кадра, чернил 1,7%
[sketch] обход глаз 315°: шаблон: областей 8, из них удобных без увеличения 4, крупных заливок 3, непригодных 0; самая большая занимает 39% кадра, чернил 1,7%
[кадр] шар 0°: неба 33%, пятен 5, крупнейшее 33%, ПУСТОТЫ 33% (в нижней половине 0%)
[sketch] шаблон: областей 2, из них удобных без увеличения 0, крупных заливок 2, непригодных 0; самая большая занимает 54% кадра, чернил 0,5%
[sketch] обход шар 0°: шаблон: областей 2, из них удобных без увеличения 0, крупных заливок 2, непригодных 0; самая большая занимает 54% кадра, чернил 0,5%
[кадр] шар 180°: неба 33%, пятен 3, крупнейшее 33%, ПУСТОТЫ 30% (в нижней половине 0%)
[sketch] шаблон: областей 2, из них удобных без увеличения 1, крупных заливок 1, непригодных 0; самая большая занимает 98% кадра, чернил 0,6%
[sketch] обход шар 180°: шаблон: областей 2, из них удобных без увеличения 1, крупных заливок 1, непригодных 0; самая большая занимает 98% кадра, чернил 0,6%
[telemetry] снимков сохранено: 18 в D:/Godot/ColoringBook/logs\20260818_121831_seed42_sweep_shots
[PERF] fps=60,0 frame=1,98ms draw=7 prim=1844368 obj=585 vram=391,6MB tex=81,8MB | veg: full=0 lod1=0 hide=0 instVis=0 instHide=0 chunks=0
[PERF] fps=60,0 frame=1,83ms draw=7 prim=1844368 obj=585 vram=391,6MB tex=81,8MB | veg: full=0 lod1=0 hide=0 instVis=0 instHide=0 chunks=0
[PERF] fps=60,0 frame=2,79ms draw=7 prim=1844368 obj=585 vram=391,6MB tex=81,8MB | veg: full=0 lod1=0 hide=0 instVis=0 instHide=0 chunks=0
[PERF] fps=60,0 frame=1,89ms draw=7 prim=1844368 obj=585 vram=391,6MB tex=81,8MB | veg: full=0 lod1=0 hide=0 instVis=0 instHide=0 chunks=0
[PERF] fps=60,0 frame=1,93ms draw=7 prim=1844368 obj=585 vram=391,6MB tex=81,8MB | veg: full=0 lod1=0 hide=0 instVis=0 instHide=0 chunks=0
[PERF] fps=60,0 frame=2,34ms draw=7 prim=1844368 obj=585 vram=391,6MB tex=81,8MB | veg: full=0 lod1=0 hide=0 instVis=0 instHide=0 chunks=0
[PERF] fps=60,0 frame=1,78ms draw=7 prim=1844368 obj=585 vram=391,6MB tex=81,8MB | veg: full=0 lod1=0 hide=0 instVis=0 instHide=0 chunks=0
[PERF] fps=60,0 frame=1,88ms draw=7 prim=1844368 obj=585 vram=391,6MB tex=81,8MB | veg: full=0 lod1=0 hide=0 instVis=0 instHide=0 chunks=0
[PERF] fps=60,0 frame=1,83ms draw=7 prim=1844368 obj=585 vram=391,6MB tex=81,8MB | veg: full=0 lod1=0 hide=0 instVis=0 instHide=0 chunks=0
[PERF] fps=60,0 frame=1,78ms draw=7 prim=1844368 obj=585 vram=391,6MB tex=81,8MB | veg: full=0 lod1=0 hide=0 instVis=0 instHide=0 chunks=0
[PERF] fps=60,0 frame=1,47ms draw=7 prim=1844368 obj=585 vram=391,6MB tex=81,8MB | veg: full=0 lod1=0 hide=0 instVis=0 instHide=0 chunks=0
[PERF] fps=60,0 frame=1,74ms draw=7 prim=1844368 obj=585 vram=391,6MB tex=81,8MB | veg: full=0 lod1=0 hide=0 instVis=0 instHide=0 chunks=0
[PERF] fps=60,0 frame=1,78ms draw=7 prim=1844368 obj=585 vram=391,6MB tex=81,8MB | veg: full=0 lod1=0 hide=0 instVis=0 instHide=0 chunks=0
[PERF] fps=60,0 frame=1,74ms draw=7 prim=1844368 obj=585 vram=391,6MB tex=81,8MB | veg: full=0 lod1=0 hide=0 instVis=0 instHide=0 chunks=0
[PERF] fps=60,0 frame=1,72ms draw=7 prim=1844368 obj=585 vram=391,6MB tex=81,8MB | veg: full=0 lod1=0 hide=0 instVis=0 instHide=0 chunks=0
[PERF] fps=60,0 frame=1,74ms draw=7 prim=1844364 obj=583 vram=391,6MB tex=81,8MB | veg: full=0 lod1=0 hide=0 instVis=0 instHide=0 chunks=0
[PERF] fps=60,0 frame=1,65ms draw=7 prim=1844364 obj=583 vram=391,6MB tex=81,8MB | veg: full=0 lod1=0 hide=0 instVis=0 instHide=0 chunks=0
[PERF] fps=60,0 frame=1,77ms draw=7 prim=1844368 obj=585 vram=391,6MB tex=81,8MB | veg: full=0 lod1=0 hide=0 instVis=0 instHide=0 chunks=0
[PERF] fps=60,0 frame=1,73ms draw=7 prim=1844364 obj=583 vram=391,6MB tex=81,8MB | veg: full=0 lod1=0 hide=0 instVis=0 instHide=0 chunks=0
[PERF] fps=60,0 frame=1,73ms draw=7 prim=1844372 obj=587 vram=391,6MB tex=81,8MB | veg: full=0 lod1=0 hide=0 instVis=0 instHide=0 chunks=0
[PERF] fps=60,0 frame=1,98ms draw=7 prim=1844372 obj=587 vram=391,6MB tex=81,8MB | veg: full=0 lod1=0 hide=0 instVis=0 instHide=0 chunks=0
[PERF] fps=60,0 frame=1,68ms draw=7 prim=1844372 obj=587 vram=391,6MB tex=81,8MB | veg: full=0 lod1=0 hide=0 instVis=0 instHide=0 chunks=0
[PERF] fps=60,0 frame=1,91ms draw=7 prim=1844372 obj=587 vram=391,6MB tex=81,8MB | veg: full=0 lod1=0 hide=0 instVis=0 instHide=0 chunks=0
