ColoringBook — журнал запуска 2026-08-21 00:33:49
[bootstrap] каталог логов: D:/Godot/ColoringBook/logs
PlantCatalog ready: 9 variants x kinds
=== ColoringBook Bootstrap | BUILD STAMP: 2026-08-19-V375 (отчёт о воде печатался ДО заливки — потому правки не отражались в журнале)
[shaders] res://assets/shaders/terrain.gdshader — ок
[shaders] res://assets/shaders/water.gdshader — ок
[shaders] res://assets/shaders/foliage.gdshader — ок
[shaders] res://assets/shaders/impostor.gdshader — ок
[shaders] res://assets/shaders/sketch_id.gdshader — ок
[shaders] res://assets/shaders/sketch_depth.gdshader — ок
[shaders] res://assets/shaders/sketch_normal.gdshader — ок
[bootstrap] MaxFps=60, VSync=Disabled
[устройство] стол, поле полное, уровень при запуске, журнал в res://logs, ядер 8
[bootstrap] StartupMode = Level
[разведка] поле 241x241 за 21232 мс, место (9,1, -50,9) км от середины территории
[нрав] поднятие 8,7 м (разброс 1,78, период 17 км), врез 22, осыпание 0,007, итераций 905
[фон-эрозия] поле 961x961 за 373298 мс
[высоты] размах поля 8964 м, дно 800 м, верх 10124 м
[плитка] 5 км, ячейка 30 м, за 6211 мс
[высоты] p10 2164 м, медиана 3567, p90 4833, разница p10-p90 2670 м (в Альпах 2000-2500)
[вода] 5,1% площади (норма Альп 1.5-6)
[озёра] 29 крупнее 0.05 км², крупнейшее 101,6 км²
[острова] 3, крупнейший 1,20 км²
[маршруты] окно 20 км: опор 89, рёбер 41, сеть 93,8 км, за 2163 мс
[пояса] лес 0,362, редколесье 0,461, альпика 0,532, осыпь 0,583, скала 0,637, снег 0,692
[пояса] пределы выборки 108,7..1004,3 ед (1160..10115 м), смещение 7,2 ед
[фон-материал] шейдер рельефа, размах высот 116,0..1011,5 ед
[рельеф вокруг игрока] средний уклон 13,3°, p95 32,5°, перепад 5940 м, круче 35° 4%, доля дна 23%, шпилей 251  <-- ПОЛОГО  <-- ШПИЛИ
[рельеф вся территория] средний уклон 13,3°, p95 32,5°, перепад 5940 м, круче 35° 4%, доля дна 23%, шпилей 251  <-- ПОЛОГО  <-- ШПИЛИ
[старт] пояс Forest, высота 5043 м
[старт] опора сети: вид 82%, (684, 387), сток 1, в 7,9 км от середины поля при пределе 172,8; опор всего 89
[дыра] высоты в точке старта: поле 5043 м, меш 7498 м, разница -2455 м; накрывает кольцо 0, ячейка 120 м
[дыра] камера обхода садится на высоту ПОЛЯ, а видит меш: камера ПОД ПОВЕРХНОСТЬЮ на 2455 м
[дыра] треугольников рельефа вокруг точки: в 100 м — 5, в 500 м — 110, в 2000 м — 1741
[дыра] место разведки (9,1, -50,9) км от середины территории; игрок в 7859 м от середины ПОЛЯ
[дыра] половины колец, км: 0:57,6
[покров] по площади (13271 км²): Water 5,0%, Grassland 23,3%, Forest 16,5%, Shrubland 11,8%, Alpine 8,0%, Scree 13,7%, Rock 14,4%, Snow 7,3%
[вода] ячеек покрова по кольцам: 120м:46687
[дренаж] сетка 961, область 115 км, 1626 мс
[рельеф-отчёт] D:/Godot/ColoringBook/logs\20260821_004058_terrain.json
[рельеф-сетки] D:/Godot/ColoringBook/logs\20260821_004058_terrain.bin
[журнал] D:/Godot/ColoringBook/logs\20260821_003349_session.log
[фон-щели] одиночных рёбер 3840, из них на внешнем крае есть; радиусы от 5760 до 5760 ед (границы колец: 5760)
[фон-меш] рельеф: граней вверх 1843200, вниз 0 (0,0%), вырожденных 0 | расхождение на стыке колец 0,0 м
[фон-пандус] наибольший уклон переходной полосы 0,0°, ширина полосы 8 ячеек (960..480 м)
[фон] колец 1, шаг 120..120 м, область 115 км, четырёхугольников 921600, треугольников 1843200
[растительность] ОТКЛЮЧЕНА (LevelView3D.VegetationOn = false)
[время] рельеф и меш: 427758 мс
--- Seed 42 | Season Summer ---
уровень из колец, сид 42
[камера] обзор на (684, 387), наклон 35°, удаление 2,2 км
[bootstrap] mode=Level (main scene). P = switch to plant gallery.
[bootstrap] galleryActive=False regions=0 | terrain: mesh=null visible=True | rivers: mesh=null visible=True | water: mesh=null visible=True | vegRoot: children=0 visible=True | galleryRoot=none
[PERF] fps=60,0 frame=2,44ms draw=7 prim=1844348 obj=575 vram=385,6MB tex=81,8MB | veg: full=0 lod1=0 hide=0 instVis=0 instHide=0 chunks=0
[PERF] fps=61,0 frame=2,07ms draw=7 prim=1844356 obj=579 vram=385,6MB tex=81,8MB | veg: full=0 lod1=0 hide=0 instVis=0 instHide=0 chunks=0
[PERF] fps=60,0 frame=2,00ms draw=7 prim=1844356 obj=579 vram=385,6MB tex=81,8MB | veg: full=0 lod1=0 hide=0 instVis=0 instHide=0 chunks=0
[PERF] fps=60,0 frame=2,09ms draw=7 prim=1844356 obj=579 vram=385,6MB tex=81,8MB | veg: full=0 lod1=0 hide=0 instVis=0 instHide=0 chunks=0
[PERF] fps=61,0 frame=1,92ms draw=7 prim=1844364 obj=583 vram=385,6MB tex=81,8MB | veg: full=0 lod1=0 hide=0 instVis=0 instHide=0 chunks=0
[PERF] fps=61,0 frame=2,27ms draw=7 prim=1844368 obj=585 vram=385,6MB tex=81,8MB | veg: full=0 lod1=0 hide=0 instVis=0 instHide=0 chunks=0
[PERF] fps=60,0 frame=1,92ms draw=7 prim=1844372 obj=587 vram=385,6MB tex=81,8MB | veg: full=0 lod1=0 hide=0 instVis=0 instHide=0 chunks=0
[PERF] fps=60,0 frame=1,77ms draw=7 prim=1844372 obj=587 vram=385,6MB tex=81,8MB | veg: full=0 lod1=0 hide=0 instVis=0 instHide=0 chunks=0
[PERF] fps=60,0 frame=1,80ms draw=7 prim=1844372 obj=587 vram=385,6MB tex=81,8MB | veg: full=0 lod1=0 hide=0 instVis=0 instHide=0 chunks=0
[обход] 18 поз: весь уровень, четверти, глаз из (684, 387), шар
[telemetry] обход уровня записан: D:/Godot/ColoringBook/logs\20260820_214152_seed42_sweep.json
[обход] 18 поз: весь уровень, четверти, глаз из (684, 387), шар
[кадр] весь уровень сверху: неба 51%, пятен 8, крупнейшее 32%, ПУСТОТЫ 44% (в нижней половине 44%)
[sketch] шаблон: областей 1, из них удобных без увеличения 0, крупных заливок 1, непригодных 0; самая большая занимает 100% кадра, чернил 0,0%
[sketch] обход весь уровень сверху: шаблон: областей 1, из них удобных без увеличения 0, крупных заливок 1, непригодных 0; самая большая занимает 100% кадра, чернил 0,0%
[кадр] весь уровень косо 0°: неба 43%, пятен 7, крупнейшее 48%, ПУСТОТЫ 37% (в нижней половине 3%)
[sketch] шаблон: областей 1, из них удобных без увеличения 0, крупных заливок 1, непригодных 0; самая большая занимает 100% кадра, чернил 0,0%
[sketch] обход весь уровень косо 0°: шаблон: областей 1, из них удобных без увеличения 0, крупных заливок 1, непригодных 0; самая большая занимает 100% кадра, чернил 0,0%
[кадр] весь уровень косо 120°: неба 40%, пятен 7, крупнейшее 54%, ПУСТОТЫ 36% (в нижней половине 3%)
[sketch] шаблон: областей 1, из них удобных без увеличения 0, крупных заливок 1, непригодных 0; самая большая занимает 100% кадра, чернил 0,0%
[sketch] обход весь уровень косо 120°: шаблон: областей 1, из них удобных без увеличения 0, крупных заливок 1, непригодных 0; самая большая занимает 100% кадра, чернил 0,0%
[кадр] весь уровень косо 240°: неба 48%, пятен 8, крупнейшее 44%, ПУСТОТЫ 36% (в нижней половине 2%)
[sketch] шаблон: областей 1, из них удобных без увеличения 0, крупных заливок 1, непригодных 0; самая большая занимает 100% кадра, чернил 0,0%
[sketch] обход весь уровень косо 240°: шаблон: областей 1, из них удобных без увеличения 0, крупных заливок 1, непригодных 0; самая большая занимает 100% кадра, чернил 0,0%
[PERF] fps=2,0 frame=383,99ms draw=8 prim=3687584 obj=594 vram=423,9MB tex=112,8MB | veg: full=0 lod1=0 hide=0 instVis=0 instHide=0 chunks=0
[кадр] четверть 1: неба 29%, пятен 9, крупнейшее 27%, ПУСТОТЫ 25% (в нижней половине 0%)
[sketch] шаблон: областей 1, из них удобных без увеличения 0, крупных заливок 1, непригодных 0; самая большая занимает 100% кадра, чернил 0,0%
[sketch] обход четверть 1: шаблон: областей 1, из них удобных без увеличения 0, крупных заливок 1, непригодных 0; самая большая занимает 100% кадра, чернил 0,0%
[кадр] четверть 2: неба 38%, пятен 9, крупнейшее 53%, ПУСТОТЫ 26% (в нижней половине 0%)
[sketch] шаблон: областей 1, из них удобных без увеличения 0, крупных заливок 1, непригодных 0; самая большая занимает 100% кадра, чернил 0,0%
[sketch] обход четверть 2: шаблон: областей 1, из них удобных без увеличения 0, крупных заливок 1, непригодных 0; самая большая занимает 100% кадра, чернил 0,0%
[кадр] четверть 3: неба 37%, пятен 7, крупнейшее 50%, ПУСТОТЫ 34% (в нижней половине 4%)
[sketch] шаблон: областей 1, из них удобных без увеличения 0, крупных заливок 1, непригодных 0; самая большая занимает 100% кадра, чернил 0,0%
[sketch] обход четверть 3: шаблон: областей 1, из них удобных без увеличения 0, крупных заливок 1, непригодных 0; самая большая занимает 100% кадра, чернил 0,0%
[кадр] четверть 4: неба 36%, пятен 9, крупнейшее 55%, ПУСТОТЫ 30% (в нижней половине 0%)
[sketch] шаблон: областей 1, из них удобных без увеличения 0, крупных заливок 1, непригодных 0; самая большая занимает 100% кадра, чернил 0,0%
[sketch] обход четверть 4: шаблон: областей 1, из них удобных без увеличения 0, крупных заливок 1, непригодных 0; самая большая занимает 100% кадра, чернил 0,0%
[кадр] глаз 0°: неба 50%, пятен 6, крупнейшее 50%, ПУСТОТЫ 51% (в нижней половине 98%)
[sketch] шаблон: областей 2, из них удобных без увеличения 0, крупных заливок 2, непригодных 0; самая большая занимает 80% кадра, чернил 0,6%
[sketch] обход глаз 0°: шаблон: областей 2, из них удобных без увеличения 0, крупных заливок 2, непригодных 0; самая большая занимает 80% кадра, чернил 0,6%
[кадр] глаз 45°: неба 49%, пятен 3, крупнейшее 50%, ПУСТОТЫ 50% (в нижней половине 99%)
[sketch] шаблон: областей 2, из них удобных без увеличения 0, крупных заливок 2, непригодных 0; самая большая занимает 84% кадра, чернил 0,5%
[sketch] обход глаз 45°: шаблон: областей 2, из них удобных без увеличения 0, крупных заливок 2, непригодных 0; самая большая занимает 84% кадра, чернил 0,5%
[кадр] глаз 90°: неба 50%, пятен 4, крупнейшее 50%, ПУСТОТЫ 52% (в нижней половине 98%)
[sketch] шаблон: областей 2, из них удобных без увеличения 0, крупных заливок 2, непригодных 0; самая большая занимает 82% кадра, чернил 0,5%
[sketch] обход глаз 90°: шаблон: областей 2, из них удобных без увеличения 0, крупных заливок 2, непригодных 0; самая большая занимает 82% кадра, чернил 0,5%
[кадр] глаз 135°: неба 51%, пятен 5, крупнейшее 50%, ПУСТОТЫ 51% (в нижней половине 99%)
[sketch] шаблон: областей 2, из них удобных без увеличения 0, крупных заливок 2, непригодных 0; самая большая занимает 81% кадра, чернил 0,5%
[sketch] обход глаз 135°: шаблон: областей 2, из них удобных без увеличения 0, крупных заливок 2, непригодных 0; самая большая занимает 81% кадра, чернил 0,5%
[кадр] глаз 180°: неба 51%, пятен 4, крупнейшее 50%, ПУСТОТЫ 51% (в нижней половине 100%)
[sketch] шаблон: областей 3, из них удобных без увеличения 1, крупных заливок 2, непригодных 0; самая большая занимает 80% кадра, чернил 0,5%
[sketch] обход глаз 180°: шаблон: областей 3, из них удобных без увеличения 1, крупных заливок 2, непригодных 0; самая большая занимает 80% кадра, чернил 0,5%
[PERF] fps=2,0 frame=336,87ms draw=8 prim=3687584 obj=594 vram=423,9MB tex=112,8MB | veg: full=0 lod1=0 hide=0 instVis=0 instHide=0 chunks=0
[кадр] глаз 225°: неба 51%, пятен 3, крупнейшее 49%, ПУСТОТЫ 50% (в нижней половине 99%)
[sketch] шаблон: областей 2, из них удобных без увеличения 0, крупных заливок 2, непригодных 0; самая большая занимает 83% кадра, чернил 0,5%
[sketch] обход глаз 225°: шаблон: областей 2, из них удобных без увеличения 0, крупных заливок 2, непригодных 0; самая большая занимает 83% кадра, чернил 0,5%
[кадр] глаз 270°: неба 50%, пятен 5, крупнейшее 51%, ПУСТОТЫ 51% (в нижней половине 100%)
[sketch] шаблон: областей 2, из них удобных без увеличения 0, крупных заливок 2, непригодных 0; самая большая занимает 78% кадра, чернил 0,6%
[sketch] обход глаз 270°: шаблон: областей 2, из них удобных без увеличения 0, крупных заливок 2, непригодных 0; самая большая занимает 78% кадра, чернил 0,6%
[кадр] глаз 315°: неба 50%, пятен 6, крупнейшее 51%, ПУСТОТЫ 51% (в нижней половине 99%)
[sketch] шаблон: областей 2, из них удобных без увеличения 0, крупных заливок 2, непригодных 0; самая большая занимает 78% кадра, чернил 0,6%
[sketch] обход глаз 315°: шаблон: областей 2, из них удобных без увеличения 0, крупных заливок 2, непригодных 0; самая большая занимает 78% кадра, чернил 0,6%
[кадр] шар 0°: неба 60%, пятен 2, крупнейшее 61%, ПУСТОТЫ 62% (в нижней половине 100%)
[sketch] шаблон: областей 2, из них удобных без увеличения 0, крупных заливок 2, непригодных 0; самая большая занимает 84% кадра, чернил 0,6%
[sketch] обход шар 0°: шаблон: областей 2, из них удобных без увеличения 0, крупных заливок 2, непригодных 0; самая большая занимает 84% кадра, чернил 0,6%
[кадр] шар 180°: неба 63%, пятен 2, крупнейшее 62%, ПУСТОТЫ 63% (в нижней половине 100%)
[sketch] шаблон: областей 3, из них удобных без увеличения 1, крупных заливок 2, непригодных 0; самая большая занимает 85% кадра, чернил 0,5%
[sketch] обход шар 180°: шаблон: областей 3, из них удобных без увеличения 1, крупных заливок 2, непригодных 0; самая большая занимает 85% кадра, чернил 0,5%
[telemetry] снимков сохранено: 18 в D:/Godot/ColoringBook/logs\20260820_214152_seed42_sweep_shots
[PERF] fps=54,0 frame=21,35ms draw=7 prim=1844376 obj=589 vram=391,6MB tex=81,8MB | veg: full=0 lod1=0 hide=0 instVis=0 instHide=0 chunks=0
[PERF] fps=60,0 frame=2,21ms draw=7 prim=1844372 obj=587 vram=391,6MB tex=81,8MB | veg: full=0 lod1=0 hide=0 instVis=0 instHide=0 chunks=0
[PERF] fps=60,0 frame=1,77ms draw=7 prim=1844372 obj=587 vram=391,6MB tex=81,8MB | veg: full=0 lod1=0 hide=0 instVis=0 instHide=0 chunks=0
[PERF] fps=60,0 frame=2,38ms draw=7 prim=1844372 obj=587 vram=391,6MB tex=81,8MB | veg: full=0 lod1=0 hide=0 instVis=0 instHide=0 chunks=0
[PERF] fps=60,0 frame=1,79ms draw=7 prim=1844372 obj=587 vram=391,6MB tex=81,8MB | veg: full=0 lod1=0 hide=0 instVis=0 instHide=0 chunks=0
[PERF] fps=60,0 frame=1,79ms draw=7 prim=1844372 obj=587 vram=391,6MB tex=81,8MB | veg: full=0 lod1=0 hide=0 instVis=0 instHide=0 chunks=0
