ColoringBook — журнал запуска 2026-08-18 19:38:49
[bootstrap] каталог логов: D:/Godot/ColoringBook/logs
PlantCatalog ready: 9 variants x kinds
=== ColoringBook Bootstrap | BUILD STAMP: 2026-08-18-V355 (мелкая рябь вместо гор: период возвращён к 12-17 км)
[shaders] res://assets/shaders/terrain.gdshader — ок
[shaders] res://assets/shaders/water.gdshader — ок
[shaders] res://assets/shaders/foliage.gdshader — ок
[shaders] res://assets/shaders/impostor.gdshader — ок
[shaders] res://assets/shaders/sketch_id.gdshader — ок
[shaders] res://assets/shaders/sketch_depth.gdshader — ок
[shaders] res://assets/shaders/sketch_normal.gdshader — ок
[bootstrap] MaxFps=60, VSync=Disabled
[устройство] стол, поле полное, уровень при запуске, журнал в res://logs, ядер 8
[bootstrap] StartupMode = Level
[разведка] поле 241x241 за 11888 мс, место (-2,9, -12,5) км от середины территории
[нрав] поднятие 10,9 м (разброс 2,38, период 13 км), врез 31, осыпание 0,010, итераций 365
[фон-эрозия] поле 961x961 за 194471 мс
[высоты] размах поля 8211 м, дно 800 м, верх 9011 м
[озёра] залитых ячеек 37994 из 923521 (4,1% поля)
[плитка] 5 км, ячейка 30 м, за 6015 мс
[маршруты] окно 20 км: опор 80, рёбер 45, сеть 113,1 км, за 2851 мс
[пояса] лес 0,314, редколесье 0,422, альпика 0,486, осыпь 0,531, скала 0,583, снег 0,633
[пояса] пределы выборки 74,2..858,2 ед (800..8640 м), смещение 5,8 ед
[фон-материал] шейдер рельефа, размах высот 80,0..864,0 ед
[рельеф] средний уклон 18,9°, p95 45,9°, перепад 7436 м, круче 35° 12%, доля дна 30%, шпилей 256  <-- ШПИЛИ
[старт] пояс Forest, высота 4077 м
[старт] опора сети: вид 82%, (-441, 576), сток 4, в 7,3 км от середины поля при пределе 172,8; опор всего 80
[дыра] высоты в точке старта: поле 4077 м, меш 4031 м, разница 46 м; накрывает кольцо 0, ячейка 120 м
[дыра] камера обхода садится на высоту ПОЛЯ, а видит меш: камера НАД поверхностью на 46 м
[дыра] треугольников рельефа вокруг точки: в 100 м — 5, в 500 м — 110, в 2000 м — 1741
[дыра] место разведки (-2,9, -12,5) км от середины территории; игрок в 7254 м от середины ПОЛЯ
[дыра] половины колец, км: 0:57,6
[покров] по площади (13271 км²): Water 5,5%, Grassland 16,8%, Forest 22,2%, Shrubland 14,6%, Alpine 8,2%, Scree 13,2%, Rock 12,6%, Snow 7,0%
[вода] ячеек покрова по кольцам: 120м:50992
[дренаж] сетка 241, область 115 км, 83 мс
[рельеф-отчёт] D:/Godot/ColoringBook/logs\20260818_194258_terrain.json
[рельеф-сетки] D:/Godot/ColoringBook/logs\20260818_194258_terrain.bin
[журнал] D:/Godot/ColoringBook/logs\20260818_193849_session.log
[фон-щели] одиночных рёбер 3840, из них на внешнем крае есть; радиусы от 5760 до 5760 ед (границы колец: 5760)
[фон-меш] рельеф: граней вверх 1843200, вниз 0 (0,0%), вырожденных 0 | расхождение на стыке колец 0,0 м
[фон-пандус] наибольший уклон переходной полосы 0,0°, ширина полосы 8 ячеек (960..480 м)
[фон] колец 1, шаг 120..120 м, область 115 км, четырёхугольников 921600, треугольников 1843200
[растительность] ОТКЛЮЧЕНА (LevelView3D.VegetationOn = false)
[время] рельеф и меш: 248099 мс
--- Seed 42 | Season Summer ---
уровень из колец, сид 42
[камера] обзор на (-441, 576), наклон 35°, удаление 2,2 км
[bootstrap] mode=Level (main scene). P = switch to plant gallery.
[bootstrap] galleryActive=False regions=0 | terrain: mesh=null visible=True | rivers: mesh=null visible=True | water: mesh=null visible=True | vegRoot: children=0 visible=True | galleryRoot=none
[PERF] fps=60,0 frame=2,01ms draw=7 prim=1844376 obj=589 vram=383,4MB tex=81,8MB | veg: full=0 lod1=0 hide=0 instVis=0 instHide=0 chunks=0
[PERF] fps=60,0 frame=1,76ms draw=7 prim=1844376 obj=589 vram=383,4MB tex=81,8MB | veg: full=0 lod1=0 hide=0 instVis=0 instHide=0 chunks=0
[PERF] fps=60,0 frame=1,72ms draw=7 prim=1844372 obj=587 vram=383,4MB tex=81,8MB | veg: full=0 lod1=0 hide=0 instVis=0 instHide=0 chunks=0
[PERF] fps=60,0 frame=1,87ms draw=7 prim=1844376 obj=589 vram=383,4MB tex=81,8MB | veg: full=0 lod1=0 hide=0 instVis=0 instHide=0 chunks=0
[PERF] fps=60,0 frame=2,00ms draw=7 prim=1844372 obj=587 vram=383,4MB tex=81,8MB | veg: full=0 lod1=0 hide=0 instVis=0 instHide=0 chunks=0
[PERF] fps=60,0 frame=1,85ms draw=7 prim=1844376 obj=589 vram=383,4MB tex=81,8MB | veg: full=0 lod1=0 hide=0 instVis=0 instHide=0 chunks=0
[PERF] fps=60,0 frame=1,77ms draw=7 prim=1844376 obj=589 vram=383,4MB tex=81,8MB | veg: full=0 lod1=0 hide=0 instVis=0 instHide=0 chunks=0
[PERF] fps=60,0 frame=1,76ms draw=7 prim=1844380 obj=591 vram=383,4MB tex=81,8MB | veg: full=0 lod1=0 hide=0 instVis=0 instHide=0 chunks=0
[PERF] fps=60,0 frame=2,06ms draw=7 prim=1844384 obj=593 vram=383,4MB tex=81,8MB | veg: full=0 lod1=0 hide=0 instVis=0 instHide=0 chunks=0
[обход] 18 поз: весь уровень, четверти, глаз из (-441, 576), шар
[telemetry] обход уровня записан: D:/Godot/ColoringBook/logs\20260818_164354_seed42_sweep.json
[обход] 18 поз: весь уровень, четверти, глаз из (-441, 576), шар
[кадр] весь уровень сверху: неба 52%, пятен 6, крупнейшее 33%, ПУСТОТЫ 46% (в нижней половине 45%)
[sketch] шаблон: областей 1, из них удобных без увеличения 0, крупных заливок 1, непригодных 0; самая большая занимает 100% кадра, чернил 0,0%
[sketch] обход весь уровень сверху: шаблон: областей 1, из них удобных без увеличения 0, крупных заливок 1, непригодных 0; самая большая занимает 100% кадра, чернил 0,0%
[кадр] весь уровень косо 0°: неба 44%, пятен 6, крупнейшее 50%, ПУСТОТЫ 38% (в нижней половине 3%)
[sketch] шаблон: областей 1, из них удобных без увеличения 0, крупных заливок 1, непригодных 0; самая большая занимает 100% кадра, чернил 0,0%
[sketch] обход весь уровень косо 0°: шаблон: областей 1, из них удобных без увеличения 0, крупных заливок 1, непригодных 0; самая большая занимает 100% кадра, чернил 0,0%
[кадр] весь уровень косо 120°: неба 41%, пятен 4, крупнейшее 59%, ПУСТОТЫ 37% (в нижней половине 4%)
[sketch] шаблон: областей 1, из них удобных без увеличения 0, крупных заливок 1, непригодных 0; самая большая занимает 100% кадра, чернил 0,0%
[sketch] обход весь уровень косо 120°: шаблон: областей 1, из них удобных без увеличения 0, крупных заливок 1, непригодных 0; самая большая занимает 100% кадра, чернил 0,0%
[кадр] весь уровень косо 240°: неба 54%, пятен 10, крупнейшее 40%, ПУСТОТЫ 38% (в нижней половине 4%)
[PERF] fps=4,0 frame=1179,00ms draw=8 prim=3687592 obj=598 vram=419,9MB tex=112,8MB | veg: full=0 lod1=0 hide=0 instVis=0 instHide=0 chunks=0
[sketch] шаблон: областей 1, из них удобных без увеличения 0, крупных заливок 1, непригодных 0; самая большая занимает 100% кадра, чернил 0,0%
[sketch] обход весь уровень косо 240°: шаблон: областей 1, из них удобных без увеличения 0, крупных заливок 1, непригодных 0; самая большая занимает 100% кадра, чернил 0,0%
[кадр] четверть 1: неба 30%, пятен 9, крупнейшее 30%, ПУСТОТЫ 28% (в нижней половине 1%)
[sketch] шаблон: областей 1, из них удобных без увеличения 0, крупных заливок 1, непригодных 0; самая большая занимает 100% кадра, чернил 0,0%
[sketch] обход четверть 1: шаблон: областей 1, из них удобных без увеличения 0, крупных заливок 1, непригодных 0; самая большая занимает 100% кадра, чернил 0,0%
[кадр] четверть 2: неба 37%, пятен 6, крупнейшее 57%, ПУСТОТЫ 29% (в нижней половине 3%)
[sketch] шаблон: областей 1, из них удобных без увеличения 0, крупных заливок 1, непригодных 0; самая большая занимает 100% кадра, чернил 0,0%
[sketch] обход четверть 2: шаблон: областей 1, из них удобных без увеличения 0, крупных заливок 1, непригодных 0; самая большая занимает 100% кадра, чернил 0,0%
[кадр] четверть 3: неба 38%, пятен 6, крупнейшее 51%, ПУСТОТЫ 33% (в нижней половине 2%)
[sketch] шаблон: областей 1, из них удобных без увеличения 0, крупных заливок 1, непригодных 0; самая большая занимает 100% кадра, чернил 0,0%
[sketch] обход четверть 3: шаблон: областей 1, из них удобных без увеличения 0, крупных заливок 1, непригодных 0; самая большая занимает 100% кадра, чернил 0,0%
[кадр] четверть 4: неба 53%, пятен 6, крупнейшее 39%, ПУСТОТЫ 36% (в нижней половине 1%)
[sketch] шаблон: областей 1, из них удобных без увеличения 0, крупных заливок 1, непригодных 0; самая большая занимает 100% кадра, чернил 0,0%
[sketch] обход четверть 4: шаблон: областей 1, из них удобных без увеличения 0, крупных заливок 1, непригодных 0; самая большая занимает 100% кадра, чернил 0,0%
[кадр] глаз 0°: неба 34%, пятен 2, крупнейшее 65%, ПУСТОТЫ 35% (в нижней половине 0%)
[sketch] шаблон: областей 6, из них удобных без увеличения 4, крупных заливок 2, непригодных 0; самая большая занимает 49% кадра, чернил 2,6%
[sketch] обход глаз 0°: шаблон: областей 6, из них удобных без увеличения 4, крупных заливок 2, непригодных 0; самая большая занимает 49% кадра, чернил 2,6%
[кадр] глаз 45°: неба 36%, пятен 3, крупнейшее 61%, ПУСТОТЫ 36% (в нижней половине 0%)
[sketch] шаблон: областей 7, из них удобных без увеличения 5, крупных заливок 2, непригодных 0; самая большая занимает 38% кадра, чернил 2,2%
[sketch] обход глаз 45°: шаблон: областей 7, из них удобных без увеличения 5, крупных заливок 2, непригодных 0; самая большая занимает 38% кадра, чернил 2,2%
[кадр] глаз 90°: неба 34%, пятен 2, крупнейшее 65%, ПУСТОТЫ 34% (в нижней половине 0%)
[sketch] шаблон: областей 9, из них удобных без увеличения 5, крупных заливок 3, непригодных 0; самая большая занимает 35% кадра, чернил 2,5%
[sketch] обход глаз 90°: шаблон: областей 9, из них удобных без увеличения 5, крупных заливок 3, непригодных 0; самая большая занимает 35% кадра, чернил 2,5%
[кадр] глаз 135°: неба 35%, пятен 3, крупнейшее 64%, ПУСТОТЫ 34% (в нижней половине 0%)
[sketch] шаблон: областей 9, из них удобных без увеличения 6, крупных заливок 2, непригодных 0; самая большая занимает 37% кадра, чернил 2,3%
[sketch] обход глаз 135°: шаблон: областей 9, из них удобных без увеличения 6, крупных заливок 2, непригодных 0; самая большая занимает 37% кадра, чернил 2,3%
[PERF] fps=6,0 frame=1284,68ms draw=8 prim=3687596 obj=600 vram=421,2MB tex=112,8MB | veg: full=0 lod1=0 hide=0 instVis=0 instHide=0 chunks=0
[кадр] глаз 180°: неба 34%, пятен 3, крупнейшее 33%, ПУСТОТЫ 31% (в нижней половине 0%)
[sketch] шаблон: областей 6, из них удобных без увеличения 4, крупных заливок 2, непригодных 0; самая большая занимает 39% кадра, чернил 2,2%
[sketch] обход глаз 180°: шаблон: областей 6, из них удобных без увеличения 4, крупных заливок 2, непригодных 0; самая большая занимает 39% кадра, чернил 2,2%
[кадр] глаз 225°: неба 30%, пятен 5, крупнейшее 33%, ПУСТОТЫ 27% (в нижней половине 0%)
[sketch] шаблон: областей 7, из них удобных без увеличения 5, крупных заливок 1, непригодных 0; самая большая занимает 72% кадра, чернил 2,3%
[sketch] обход глаз 225°: шаблон: областей 7, из них удобных без увеличения 5, крупных заливок 1, непригодных 0; самая большая занимает 72% кадра, чернил 2,3%
[кадр] глаз 270°: неба 27%, пятен 6, крупнейшее 32%, ПУСТОТЫ 25% (в нижней половине 0%)
[sketch] шаблон: областей 6, из них удобных без увеличения 4, крупных заливок 2, непригодных 0; самая большая занимает 45% кадра, чернил 2,2%
[sketch] обход глаз 270°: шаблон: областей 6, из них удобных без увеличения 4, крупных заливок 2, непригодных 0; самая большая занимает 45% кадра, чернил 2,2%
[кадр] глаз 315°: неба 31%, пятен 5, крупнейшее 33%, ПУСТОТЫ 31% (в нижней половине 0%)
[sketch] шаблон: областей 7, из них удобных без увеличения 5, крупных заливок 2, непригодных 0; самая большая занимает 41% кадра, чернил 2,2%
[sketch] обход глаз 315°: шаблон: областей 7, из них удобных без увеличения 5, крупных заливок 2, непригодных 0; самая большая занимает 41% кадра, чернил 2,2%
[кадр] шар 0°: неба 29%, пятен 6, крупнейшее 32%, ПУСТОТЫ 29% (в нижней половине 0%)
[sketch] шаблон: областей 5, из них удобных без увеличения 3, крупных заливок 2, непригодных 0; самая большая занимает 59% кадра, чернил 0,7%
[sketch] обход шар 0°: шаблон: областей 5, из них удобных без увеличения 3, крупных заливок 2, непригодных 0; самая большая занимает 59% кадра, чернил 0,7%
[кадр] шар 180°: неба 27%, пятен 4, крупнейшее 33%, ПУСТОТЫ 23% (в нижней половине 0%)
[sketch] шаблон: областей 2, из них удобных без увеличения 0, крупных заливок 2, непригодных 0; самая большая занимает 67% кадра, чернил 0,5%
[sketch] обход шар 180°: шаблон: областей 2, из них удобных без увеличения 0, крупных заливок 2, непригодных 0; самая большая занимает 67% кадра, чернил 0,5%
[telemetry] снимков сохранено: 18 в D:/Godot/ColoringBook/logs\20260818_164354_seed42_sweep_shots
[PERF] fps=8,0 frame=20,59ms draw=7 prim=1844384 obj=593 vram=388,9MB tex=81,8MB | veg: full=0 lod1=0 hide=0 instVis=0 instHide=0 chunks=0
[PERF] fps=60,0 frame=1,87ms draw=7 prim=1844384 obj=593 vram=388,9MB tex=81,8MB | veg: full=0 lod1=0 hide=0 instVis=0 instHide=0 chunks=0
[PERF] fps=60,0 frame=1,82ms draw=7 prim=1844384 obj=593 vram=388,9MB tex=81,8MB | veg: full=0 lod1=0 hide=0 instVis=0 instHide=0 chunks=0
[PERF] fps=60,0 frame=1,82ms draw=7 prim=1844384 obj=593 vram=388,9MB tex=81,8MB | veg: full=0 lod1=0 hide=0 instVis=0 instHide=0 chunks=0
[PERF] fps=60,0 frame=1,98ms draw=7 prim=1844384 obj=593 vram=388,9MB tex=81,8MB | veg: full=0 lod1=0 hide=0 instVis=0 instHide=0 chunks=0
[PERF] fps=60,0 frame=1,98ms draw=7 prim=1844384 obj=593 vram=388,9MB tex=81,8MB | veg: full=0 lod1=0 hide=0 instVis=0 instHide=0 chunks=0
[PERF] fps=60,0 frame=1,76ms draw=7 prim=1844384 obj=593 vram=388,9MB tex=81,8MB | veg: full=0 lod1=0 hide=0 instVis=0 instHide=0 chunks=0
[PERF] fps=60,0 frame=1,83ms draw=7 prim=1844384 obj=593 vram=388,9MB tex=81,8MB | veg: full=0 lod1=0 hide=0 instVis=0 instHide=0 chunks=0
[PERF] fps=60,0 frame=1,85ms draw=7 prim=1844384 obj=593 vram=388,9MB tex=81,8MB | veg: full=0 lod1=0 hide=0 instVis=0 instHide=0 chunks=0
[PERF] fps=60,0 frame=1,94ms draw=7 prim=1844384 obj=593 vram=388,9MB tex=81,8MB | veg: full=0 lod1=0 hide=0 instVis=0 instHide=0 chunks=0
[PERF] fps=60,0 frame=1,75ms draw=7 prim=1844384 obj=593 vram=388,9MB tex=81,8MB | veg: full=0 lod1=0 hide=0 instVis=0 instHide=0 chunks=0
[PERF] fps=60,0 frame=2,21ms draw=7 prim=1844384 obj=593 vram=388,9MB tex=81,8MB | veg: full=0 lod1=0 hide=0 instVis=0 instHide=0 chunks=0
[PERF] fps=60,0 frame=1,92ms draw=7 prim=1844384 obj=593 vram=388,9MB tex=81,8MB | veg: full=0 lod1=0 hide=0 instVis=0 instHide=0 chunks=0
[PERF] fps=60,0 frame=2,21ms draw=7 prim=1844384 obj=593 vram=388,9MB tex=81,8MB | veg: full=0 lod1=0 hide=0 instVis=0 instHide=0 chunks=0
[PERF] fps=60,0 frame=2,63ms draw=7 prim=1844384 obj=593 vram=388,9MB tex=81,8MB | veg: full=0 lod1=0 hide=0 instVis=0 instHide=0 chunks=0
