ColoringBook — журнал запуска 2026-08-18 13:56:03
[bootstrap] каталог логов: D:/Godot/ColoringBook/logs
PlantCatalog ready: 9 variants x kinds
=== ColoringBook Bootstrap | BUILD STAMP: 2026-08-18-V339 (ОЦЕНОЧНЫЙ РЕЖИМ: кольца отключены, площадь вчетверо — 115 км)
[shaders] res://assets/shaders/terrain.gdshader — ок
[shaders] res://assets/shaders/water.gdshader — ок
[shaders] res://assets/shaders/foliage.gdshader — ок
[shaders] res://assets/shaders/impostor.gdshader — ок
[shaders] res://assets/shaders/sketch_id.gdshader — ок
[shaders] res://assets/shaders/sketch_depth.gdshader — ок
[shaders] res://assets/shaders/sketch_normal.gdshader — ок
[bootstrap] MaxFps=60, VSync=Disabled
[устройство] Windows, построение полное, уровень при запуске, журнал в res://logs, ядер 8
[bootstrap] StartupMode = Level
[разведка] поле 241x241 за 9729 мс, место (-52,3, 31,7) км от середины территории
[нрав] поднятие 15,5 м (разброс 1,19, период 17 км), врез 31, осыпание 0,014, итераций 365
[фон-эрозия] поле 961x961 за 172755 мс
[высоты] размах поля 8383 м, сжатие 0,50, дно 1000 м, верх 5200 м
[озёра] залитых ячеек 148799 из 923521 (16,1% поля)
[плитка] 5 км, ячейка 30 м, за 5745 мс
[маршруты] окно 20 км: опор 109, рёбер 150, сеть 223,2 км, за 2159 мс
[пояса] лес 0,403, редколесье 0,664, альпика 0,725, осыпь 0,755, скала 0,789, снег 0,806
[пояса] пределы выборки 63,6..470,9 ед (1002..5075 м), смещение 36,6 ед
[фон-материал] шейдер рельефа, размах высот 100,2..507,5 ед
[рельеф] средний уклон 10,2°, p95 22,4°, перепад 1444 м, круче 35° 0%, доля дна 43%, шпилей 179  <-- ПОЛОГО  <-- ШПИЛИ
[старт] пояс Rock, высота 4239 м
[старт] опора сети: вид 88%, (-153, -396), сток 1, в 4,2 км от середины поля при пределе 172,8; опор всего 109
[дыра] высоты в точке старта: поле 4239 м, меш 4237 м, разница 1 м; накрывает кольцо 0, ячейка 120 м
[дыра] камера обхода садится на высоту ПОЛЯ, а видит меш: камера НАД поверхностью на 1 м
[дыра] треугольников рельефа вокруг точки: в 100 м — 5, в 500 м — 110, в 2000 м — 1741
[дыра] место разведки (-52,3, 31,7) км от середины территории; игрок в 4245 м от середины ПОЛЯ
[дыра] половины колец, км: 0:57,6
[покров] по площади (13271 км²): Water 17,1%, Grassland 8,7%, Forest 31,2%, Shrubland 17,9%, Alpine 6,9%, Scree 7,8%, Rock 3,2%, Snow 7,2%
[вода] ячеек покрова по кольцам: 120м:158051
[дренаж] сетка 241, область 115 км, 73 мс
[рельеф-отчёт] D:/Godot/ColoringBook/logs\20260818_135945_terrain.json
[рельеф-сетки] D:/Godot/ColoringBook/logs\20260818_135945_terrain.bin
[журнал] D:/Godot/ColoringBook/logs\20260818_135603_session.log
[фон-щели] одиночных рёбер 3840, из них на внешнем крае есть; радиусы от 5760 до 5760 ед (границы колец: 5760)
[фон-меш] рельеф: граней вверх 1843200, вниз 0 (0,0%), вырожденных 0 | расхождение на стыке колец 0,0 м
[фон-пандус] наибольший уклон переходной полосы 0,0°, ширина полосы 8 ячеек (960..480 м)
[фон] колец 1, шаг 120..120 м, область 115 км, четырёхугольников 921600, треугольников 1843200
[растительность] ОТКЛЮЧЕНА (LevelView3D.VegetationOn = false)
[время] рельеф и меш: 222108 мс
--- Seed 42 | Season Summer ---
уровень из колец, сид 42
[камера] обзор на (-153, -396), наклон 35°, удаление 2,2 км
[bootstrap] mode=Level (main scene). P = switch to plant gallery.
[bootstrap] galleryActive=False regions=0 | terrain: mesh=null visible=True | rivers: mesh=null visible=True | water: mesh=null visible=True | vegRoot: children=0 visible=True | galleryRoot=none
[PERF] fps=60,0 frame=2,12ms draw=7 prim=1844384 obj=593 vram=388,9MB tex=81,8MB | veg: full=0 lod1=0 hide=0 instVis=0 instHide=0 chunks=0
[PERF] fps=60,0 frame=1,72ms draw=7 prim=1844380 obj=591 vram=388,9MB tex=81,8MB | veg: full=0 lod1=0 hide=0 instVis=0 instHide=0 chunks=0
[PERF] fps=60,0 frame=1,94ms draw=7 prim=1844380 obj=591 vram=388,9MB tex=81,8MB | veg: full=0 lod1=0 hide=0 instVis=0 instHide=0 chunks=0
[обход] 18 поз: весь уровень, четверти, глаз из (-153, -396), шар
[telemetry] обход уровня записан: D:/Godot/ColoringBook/logs\20260818_110000_seed42_sweep.json
[обход] 18 поз: весь уровень, четверти, глаз из (-153, -396), шар
[кадр] весь уровень сверху: неба 51%, пятен 4, крупнейшее 58%, ПУСТОТЫ 47% (в нижней половине 47%)
[sketch] шаблон: областей 1, из них удобных без увеличения 0, крупных заливок 1, непригодных 0; самая большая занимает 100% кадра, чернил 0,0%
[sketch] обход весь уровень сверху: шаблон: областей 1, из них удобных без увеличения 0, крупных заливок 1, непригодных 0; самая большая занимает 100% кадра, чернил 0,0%
[кадр] весь уровень косо 0°: неба 47%, пятен 5, крупнейшее 53%, ПУСТОТЫ 40% (в нижней половине 5%)
[sketch] шаблон: областей 1, из них удобных без увеличения 0, крупных заливок 1, непригодных 0; самая большая занимает 100% кадра, чернил 0,0%
[sketch] обход весь уровень косо 0°: шаблон: областей 1, из них удобных без увеличения 0, крупных заливок 1, непригодных 0; самая большая занимает 100% кадра, чернил 0,0%
[кадр] весь уровень косо 120°: неба 42%, пятен 6, крупнейшее 53%, ПУСТОТЫ 38% (в нижней половине 4%)
[PERF] fps=6,0 frame=1152,51ms draw=8 prim=3687592 obj=598 vram=425,9MB tex=112,8MB | veg: full=0 lod1=0 hide=0 instVis=0 instHide=0 chunks=0
[sketch] шаблон: областей 1, из них удобных без увеличения 0, крупных заливок 1, непригодных 0; самая большая занимает 100% кадра, чернил 0,0%
[sketch] обход весь уровень косо 120°: шаблон: областей 1, из них удобных без увеличения 0, крупных заливок 1, непригодных 0; самая большая занимает 100% кадра, чернил 0,0%
[кадр] весь уровень косо 240°: неба 44%, пятен 6, крупнейшее 55%, ПУСТОТЫ 38% (в нижней половине 4%)
[sketch] шаблон: областей 1, из них удобных без увеличения 0, крупных заливок 1, непригодных 0; самая большая занимает 100% кадра, чернил 0,0%
[sketch] обход весь уровень косо 240°: шаблон: областей 1, из них удобных без увеличения 0, крупных заливок 1, непригодных 0; самая большая занимает 100% кадра, чернил 0,0%
[кадр] четверть 1: неба 31%, пятен 8, крупнейшее 30%, ПУСТОТЫ 29% (в нижней половине 2%)
[sketch] шаблон: областей 1, из них удобных без увеличения 0, крупных заливок 1, непригодных 0; самая большая занимает 100% кадра, чернил 0,0%
[sketch] обход четверть 1: шаблон: областей 1, из них удобных без увеличения 0, крупных заливок 1, непригодных 0; самая большая занимает 100% кадра, чернил 0,0%
[кадр] четверть 2: неба 47%, пятен 7, крупнейшее 32%, ПУСТОТЫ 30% (в нижней половине 2%)
[sketch] шаблон: областей 1, из них удобных без увеличения 0, крупных заливок 1, непригодных 0; самая большая занимает 100% кадра, чернил 0,0%
[sketch] обход четверть 2: шаблон: областей 1, из них удобных без увеличения 0, крупных заливок 1, непригодных 0; самая большая занимает 100% кадра, чернил 0,0%
[кадр] четверть 3: неба 40%, пятен 7, крупнейшее 49%, ПУСТОТЫ 36% (в нижней половине 4%)
[sketch] шаблон: областей 1, из них удобных без увеличения 0, крупных заливок 1, непригодных 0; самая большая занимает 100% кадра, чернил 0,0%
[sketch] обход четверть 3: шаблон: областей 1, из них удобных без увеличения 0, крупных заливок 1, непригодных 0; самая большая занимает 100% кадра, чернил 0,0%
[кадр] четверть 4: неба 44%, пятен 9, крупнейшее 50%, ПУСТОТЫ 35% (в нижней половине 1%)
[sketch] шаблон: областей 1, из них удобных без увеличения 0, крупных заливок 1, непригодных 0; самая большая занимает 100% кадра, чернил 0,0%
[sketch] обход четверть 4: шаблон: областей 1, из них удобных без увеличения 0, крупных заливок 1, непригодных 0; самая большая занимает 100% кадра, чернил 0,0%
[кадр] глаз 0°: неба 47%, пятен 4, крупнейшее 63%, ПУСТОТЫ 46% (в нижней половине 0%)
[sketch] шаблон: областей 4, из них удобных без увеличения 0, крупных заливок 3, непригодных 0; самая большая занимает 49% кадра, чернил 1,6%
[sketch] обход глаз 0°: шаблон: областей 4, из них удобных без увеличения 0, крупных заливок 3, непригодных 0; самая большая занимает 49% кадра, чернил 1,6%
[кадр] глаз 45°: неба 46%, пятен 4, крупнейшее 65%, ПУСТОТЫ 46% (в нижней половине 0%)
[sketch] шаблон: областей 7, из них удобных без увеличения 1, крупных заливок 3, непригодных 0; самая большая занимает 51% кадра, чернил 1,3%
[sketch] обход глаз 45°: шаблон: областей 7, из них удобных без увеличения 1, крупных заливок 3, непригодных 0; самая большая занимает 51% кадра, чернил 1,3%
[кадр] глаз 90°: неба 45%, пятен 4, крупнейшее 66%, ПУСТОТЫ 46% (в нижней половине 0%)
[sketch] шаблон: областей 12, из них удобных без увеличения 6, крупных заливок 3, непригодных 0; самая большая занимает 50% кадра, чернил 2,9%
[sketch] обход глаз 90°: шаблон: областей 12, из них удобных без увеличения 6, крупных заливок 3, непригодных 0; самая большая занимает 50% кадра, чернил 2,9%
[кадр] глаз 135°: неба 50%, пятен 4, крупнейшее 62%, ПУСТОТЫ 45% (в нижней половине 0%)
[PERF] fps=6,0 frame=1459,38ms draw=8 prim=3687592 obj=598 vram=425,4MB tex=112,8MB | veg: full=0 lod1=0 hide=0 instVis=0 instHide=0 chunks=0
[sketch] шаблон: областей 13, из них удобных без увеличения 7, крупных заливок 2, непригодных 0; самая большая занимает 52% кадра, чернил 3,2%
[sketch] обход глаз 135°: шаблон: областей 13, из них удобных без увеличения 7, крупных заливок 2, непригодных 0; самая большая занимает 52% кадра, чернил 3,2%
[кадр] глаз 180°: неба 51%, пятен 4, крупнейшее 62%, ПУСТОТЫ 45% (в нижней половине 0%)
[sketch] шаблон: областей 9, из них удобных без увеличения 7, крупных заливок 2, непригодных 0; самая большая занимает 51% кадра, чернил 3,0%
[sketch] обход глаз 180°: шаблон: областей 9, из них удобных без увеличения 7, крупных заливок 2, непригодных 0; самая большая занимает 51% кадра, чернил 3,0%
[кадр] глаз 225°: неба 51%, пятен 4, крупнейшее 61%, ПУСТОТЫ 44% (в нижней половине 0%)
[sketch] шаблон: областей 16, из них удобных без увеличения 10, крупных заливок 2, непригодных 0; самая большая занимает 45% кадра, чернил 2,5%
[sketch] обход глаз 225°: шаблон: областей 16, из них удобных без увеличения 10, крупных заливок 2, непригодных 0; самая большая занимает 45% кадра, чернил 2,5%
[кадр] глаз 270°: неба 49%, пятен 2, крупнейшее 65%, ПУСТОТЫ 46% (в нижней половине 0%)
[sketch] шаблон: областей 10, из них удобных без увеличения 5, крупных заливок 2, непригодных 0; самая большая занимает 50% кадра, чернил 1,5%
[sketch] обход глаз 270°: шаблон: областей 10, из них удобных без увеличения 5, крупных заливок 2, непригодных 0; самая большая занимает 50% кадра, чернил 1,5%
[кадр] глаз 315°: неба 45%, пятен 2, крупнейшее 65%, ПУСТОТЫ 44% (в нижней половине 0%)
[sketch] шаблон: областей 9, из них удобных без увеличения 5, крупных заливок 2, непригодных 0; самая большая занимает 45% кадра, чернил 1,7%
[sketch] обход глаз 315°: шаблон: областей 9, из них удобных без увеличения 5, крупных заливок 2, непригодных 0; самая большая занимает 45% кадра, чернил 1,7%
[кадр] шар 0°: неба 36%, пятен 6, крупнейшее 34%, ПУСТОТЫ 34% (в нижней половине 0%)
[sketch] шаблон: областей 2, из них удобных без увеличения 0, крупных заливок 2, непригодных 0; самая большая занимает 54% кадра, чернил 0,4%
[sketch] обход шар 0°: шаблон: областей 2, из них удобных без увеличения 0, крупных заливок 2, непригодных 0; самая большая занимает 54% кадра, чернил 0,4%
[кадр] шар 180°: неба 39%, пятен 4, крупнейшее 56%, ПУСТОТЫ 34% (в нижней половине 0%)
[sketch] шаблон: областей 2, из них удобных без увеличения 0, крупных заливок 2, непригодных 0; самая большая занимает 54% кадра, чернил 0,4%
[sketch] обход шар 180°: шаблон: областей 2, из них удобных без увеличения 0, крупных заливок 2, непригодных 0; самая большая занимает 54% кадра, чернил 0,4%
[telemetry] снимков сохранено: 18 в D:/Godot/ColoringBook/logs\20260818_110000_seed42_sweep_shots
[PERF] fps=23,0 frame=5,43ms draw=7 prim=1844388 obj=595 vram=394,4MB tex=81,8MB | veg: full=0 lod1=0 hide=0 instVis=0 instHide=0 chunks=0
[PERF] fps=60,0 frame=1,78ms draw=7 prim=1844384 obj=593 vram=394,4MB tex=81,8MB | veg: full=0 lod1=0 hide=0 instVis=0 instHide=0 chunks=0
[PERF] fps=60,0 frame=1,78ms draw=7 prim=1844380 obj=591 vram=394,4MB tex=81,8MB | veg: full=0 lod1=0 hide=0 instVis=0 instHide=0 chunks=0
[PERF] fps=60,0 frame=1,74ms draw=7 prim=1844372 obj=587 vram=394,4MB tex=81,8MB | veg: full=0 lod1=0 hide=0 instVis=0 instHide=0 chunks=0
[PERF] fps=60,0 frame=1,66ms draw=7 prim=1844380 obj=591 vram=394,4MB tex=81,8MB | veg: full=0 lod1=0 hide=0 instVis=0 instHide=0 chunks=0
[PERF] fps=60,0 frame=2,05ms draw=7 prim=1844384 obj=593 vram=394,4MB tex=81,8MB | veg: full=0 lod1=0 hide=0 instVis=0 instHide=0 chunks=0
[PERF] fps=60,0 frame=1,94ms draw=7 prim=1844384 obj=593 vram=394,4MB tex=81,8MB | veg: full=0 lod1=0 hide=0 instVis=0 instHide=0 chunks=0
[PERF] fps=60,0 frame=1,92ms draw=7 prim=1844380 obj=591 vram=394,4MB tex=81,8MB | veg: full=0 lod1=0 hide=0 instVis=0 instHide=0 chunks=0
[PERF] fps=60,0 frame=1,79ms draw=7 prim=1844376 obj=589 vram=394,4MB tex=81,8MB | veg: full=0 lod1=0 hide=0 instVis=0 instHide=0 chunks=0
[PERF] fps=60,0 frame=2,03ms draw=7 prim=1844380 obj=591 vram=394,4MB tex=81,8MB | veg: full=0 lod1=0 hide=0 instVis=0 instHide=0 chunks=0
[PERF] fps=60,0 frame=1,71ms draw=7 prim=1844376 obj=589 vram=394,4MB tex=81,8MB | veg: full=0 lod1=0 hide=0 instVis=0 instHide=0 chunks=0
[PERF] fps=60,0 frame=2,25ms draw=7 prim=1844380 obj=591 vram=394,4MB tex=81,8MB | veg: full=0 lod1=0 hide=0 instVis=0 instHide=0 chunks=0
[PERF] fps=60,0 frame=1,78ms draw=7 prim=1844380 obj=591 vram=394,4MB tex=81,8MB | veg: full=0 lod1=0 hide=0 instVis=0 instHide=0 chunks=0
[PERF] fps=60,0 frame=1,94ms draw=7 prim=1844380 obj=591 vram=394,4MB tex=81,8MB | veg: full=0 lod1=0 hide=0 instVis=0 instHide=0 chunks=0
[PERF] fps=60,0 frame=1,96ms draw=7 prim=1844380 obj=591 vram=394,4MB tex=81,8MB | veg: full=0 lod1=0 hide=0 instVis=0 instHide=0 chunks=0
[PERF] fps=60,0 frame=1,73ms draw=7 prim=1844376 obj=589 vram=394,4MB tex=81,8MB | veg: full=0 lod1=0 hide=0 instVis=0 instHide=0 chunks=0
[PERF] fps=60,0 frame=1,68ms draw=7 prim=1844376 obj=589 vram=394,4MB tex=81,8MB | veg: full=0 lod1=0 hide=0 instVis=0 instHide=0 chunks=0
[PERF] fps=60,0 frame=2,06ms draw=7 prim=1844376 obj=589 vram=394,4MB tex=81,8MB | veg: full=0 lod1=0 hide=0 instVis=0 instHide=0 chunks=0
