ColoringBook — журнал запуска 2026-08-19 14:27:39
[bootstrap] каталог логов: D:/Godot/ColoringBook/logs
PlantCatalog ready: 9 variants x kinds
=== ColoringBook Bootstrap | BUILD STAMP: 2026-08-19-V363 (страна опущена, озёра и острова вернулись: подъём x0.7, разброс x2.2)
[shaders] res://assets/shaders/terrain.gdshader — ок
[shaders] res://assets/shaders/water.gdshader — ок
[shaders] res://assets/shaders/foliage.gdshader — ок
[shaders] res://assets/shaders/impostor.gdshader — ок
[shaders] res://assets/shaders/sketch_id.gdshader — ок
[shaders] res://assets/shaders/sketch_depth.gdshader — ок
[shaders] res://assets/shaders/sketch_normal.gdshader — ок
[bootstrap] MaxFps=60, VSync=Disabled
[устройство] стол, поле полное, уровень при запуске, журнал в res://logs, ядер 8
[bootstrap] StartupMode = Level
[разведка] поле 241x241 за 27843 мс, место (19,2, 18,0) км от середины территории
[нрав] поднятие 5,5 м (разброс 2,61, период 17 км), врез 31, осыпание 0,014, итераций 905
[фон-эрозия] поле 481x481 за 118911 мс
[высоты] размах поля 5276 м, дно 800 м, верх 6076 м
[озёра] залитых ячеек 8613 из 231361 (3,7% поля)
[плитка] 5 км, ячейка 30 м, за 6868 мс
[маршруты] окно 20 км: опор 64, рёбер 69, сеть 151,5 км, за 3930 мс
[пояса] лес 0,476, редколесье 0,537, альпика 0,592, осыпь 0,635, скала 0,679, снег 0,722
[пояса] пределы выборки 86,5..614,1 ед (800..6076 м), смещение -6,5 ед
[фон-материал] шейдер рельефа, размах высот 80,0..607,6 ед
[рельеф] средний уклон 43,2°, p95 74,7°, перепад 2267 м, круче 35° 62%, доля дна 29%, шпилей 0  <-- КРУТО
[старт] пояс Forest, высота 3262 м
[старт] опора сети: вид 82%, (144, 108), сток 23, в 1,8 км от середины поля при пределе 5,4; опор всего 64
[дыра] высоты в точке старта: поле 3262 м, меш 3262 м, разница 0 м; накрывает кольцо 0, ячейка 30 м
[дыра] камера обхода садится на высоту ПОЛЯ, а видит меш: камера ПОД ПОВЕРХНОСТЬЮ на 0 м
[дыра] треугольников рельефа вокруг точки: в 100 м — 66, в 500 м — 1628, в 2000 м — 16175
[дыра] место разведки (19,2, 18,0) км от середины территории; игрок в 1800 м от середины ПОЛЯ
[дыра] половины колец, км: 4:28,8, 3:14,4, 2:7,2, 1:3,6, 0:1,8
[покров] по площади (3318 км²): Water 10,7%, Grassland 24,0%, Forest 16,6%, Shrubland 14,0%, Alpine 9,5%, Scree 9,7%, Rock 7,0%, Snow 8,5%
[вода] ячеек покрова по кольцам: 30м:8370 60м:9186 120м:6371 240м:2709 480м:1581
[дренаж] сетка 961, область 58 км, 1948 мс
[рельеф-отчёт] D:/Godot/ColoringBook/logs\20260819_142957_terrain.json
[рельеф-сетки] D:/Godot/ColoringBook/logs\20260819_142957_terrain.bin
[журнал] D:/Godot/ColoringBook/logs\20260819_142739_session.log
[фон-щели] одиночных рёбер 3360, из них на внешнем крае есть; радиусы от 180 до 2880 ед (границы колец: 180, 360, 720, 1440, 2880)
[фон-меш] рельеф: граней вверх 115200, вниз 0 (0,0%), вырожденных 0 | расхождение на стыке колец 0,0 м
[фон-пандус] наибольший уклон переходной полосы 63,3°, ширина полосы 8 ячеек (240..1920 м)  <-- СТЕНА
[фон] колец 5, шаг 30..480 м, область 58 км, четырёхугольников 57600, треугольников 115200
[растительность] поставлено 32751 вокруг игрока (выбор точки 0 мс, расстановка 525 мс)
[veg] раскладка по узлам за 699 мс
[veg] преград у деревьев: 14443, узлов MultiMesh: 16
[время] рельеф и меш: 138364 мс
--- Seed 42 | Season Summer ---
уровень из колец, сид 42
[камера] обзор на (144, 108), наклон 35°, удаление 2,2 км
[bootstrap] mode=Level (main scene). P = switch to plant gallery.
[bootstrap] galleryActive=False regions=0 | terrain: mesh=null visible=True | rivers: mesh=null visible=True | water: mesh=null visible=True | vegRoot: children=48 visible=True | galleryRoot=none
[impostor] Flower/0: ЗАПОЛНЕННОСТЬ СИЛУЭТА 58%, мелких дырок 9,0% | ракурсов 8, отношение сторон 1,27, сторона кадра 1,04 лок.ед., центр 0,49, непрозрачных точек кадра 18,0%
[impostor] Pine/1: ЗАПОЛНЕННОСТЬ СИЛУЭТА 77%, мелких дырок 15,0% | ракурсов 8, отношение сторон 2,56, сторона кадра 9,86 лок.ед., центр 4,69, непрозрачных точек кадра 12,7%
[impostor] Pine/0: ЗАПОЛНЕННОСТЬ СИЛУЭТА 70%, мелких дырок 20,2% | ракурсов 8, отношение сторон 3,31, сторона кадра 8,04 лок.ед., центр 3,82, непрозрачных точек кадра 5,6%
[impostor] Bush/0: ЗАПОЛНЕННОСТЬ СИЛУЭТА 86%, мелких дырок 10,4%  <-- МОНОЛИТ | ракурсов 8, отношение сторон 0,47, сторона кадра 0,76 лок.ед., центр 0,09, непрозрачных точек кадра 21,2%
[impostor] Pine/2: ЗАПОЛНЕННОСТЬ СИЛУЭТА 76%, мелких дырок 17,3% | ракурсов 8, отношение сторон 3,87, сторона кадра 9,82 лок.ед., центр 4,67, непрозрачных точек кадра 5,6%
[impostor] Bush/2: ЗАПОЛНЕННОСТЬ СИЛУЭТА 85%, мелких дырок 10,8%  <-- МОНОЛИТ | ракурсов 8, отношение сторон 0,80, сторона кадра 2,95 лок.ед., центр 1,12, непрозрачных точек кадра 29,0%
[impostor] Bush/1: ЗАПОЛНЕННОСТЬ СИЛУЭТА 85%, мелких дырок 9,5%  <-- МОНОЛИТ | ракурсов 8, отношение сторон 0,56, сторона кадра 1,13 лок.ед., центр 0,28, непрозрачных точек кадра 27,9%
[lod1] Flower/0: ЗАПОЛНЕННОСТЬ 64% (+6 к полному), мелких дырок 7,0% (-2,0 к полному)
[lod1] Pine/1: ЗАПОЛНЕННОСТЬ 46% (-31 к полному), мелких дырок 22,1% (+7,1 к полному)  <-- КРОНА РАСПАЛАСЬ
[lod1] Pine/0: ЗАПОЛНЕННОСТЬ 49% (-22 к полному), мелких дырок 33,1% (+12,9 к полному)  <-- КРОНА РАСПАЛАСЬ  <-- СЫПЬ ОТ ПРОРЕЖИВАНИЯ
[lod1] Bush/0: ЗАПОЛНЕННОСТЬ 88% (+2 к полному), мелких дырок 8,5% (-1,9 к полному)
[lod1] Pine/2: ЗАПОЛНЕННОСТЬ 58% (-18 к полному), мелких дырок 38,6% (+21,3 к полному)  <-- КРОНА РАСПАЛАСЬ  <-- СЫПЬ ОТ ПРОРЕЖИВАНИЯ
[lod1] Bush/2: ЗАПОЛНЕННОСТЬ 86% (+1 к полному), мелких дырок 9,1% (-1,7 к полному)
[lod1] Bush/1: ЗАПОЛНЕННОСТЬ 86% (+1 к полному), мелких дырок 8,6% (-0,9 к полному)
[рост] самоорганизация: выращено 0, осталось 0, сброшено затенённых 0, прорежено 0
[PERF] fps=60,0 frame=5,02ms draw=19 prim=169554 obj=621 vram=255,4MB tex=93,5MB | veg: full=0 lod1=0 hide=11942 instVis=20809 instHide=11942 chunks=16
[PERF] fps=60,0 frame=3,06ms draw=19 prim=169554 obj=621 vram=255,4MB tex=93,5MB | veg: full=0 lod1=0 hide=11942 instVis=20809 instHide=11942 chunks=16
[PERF] fps=60,0 frame=3,85ms draw=19 prim=169570 obj=629 vram=255,4MB tex=93,5MB | veg: full=0 lod1=0 hide=11942 instVis=20809 instHide=11942 chunks=16
[PERF] fps=60,0 frame=2,67ms draw=19 prim=169562 obj=625 vram=255,4MB tex=93,5MB | veg: full=0 lod1=0 hide=11942 instVis=20809 instHide=11942 chunks=16
[PERF] fps=60,0 frame=1,97ms draw=19 prim=169578 obj=633 vram=255,4MB tex=93,5MB | veg: full=0 lod1=0 hide=11942 instVis=20809 instHide=11942 chunks=16
[PERF] fps=60,0 frame=2,75ms draw=19 prim=169570 obj=629 vram=255,4MB tex=93,5MB | veg: full=0 lod1=0 hide=11942 instVis=20809 instHide=11942 chunks=16
[обход] 18 поз: весь уровень, четверти, глаз из (144, 108), шар
[telemetry] обход уровня записан: D:/Godot/ColoringBook/logs\20260819_113158_seed42_sweep.json
[обход] 18 поз: весь уровень, четверти, глаз из (144, 108), шар
[кадр] весь уровень сверху: неба 52%, пятен 9, крупнейшее 29%, ПУСТОТЫ 44% (в нижней половине 43%)
[sketch] шаблон: областей 1, из них удобных без увеличения 0, крупных заливок 1, непригодных 0; самая большая занимает 100% кадра, чернил 0,0%
[sketch] обход весь уровень сверху: шаблон: областей 1, из них удобных без увеличения 0, крупных заливок 1, непригодных 0; самая большая занимает 100% кадра, чернил 0,0%
[кадр] весь уровень косо 0°: неба 54%, пятен 6, крупнейшее 42%, ПУСТОТЫ 36% (в нижней половине 2%)
[sketch] шаблон: областей 1, из них удобных без увеличения 0, крупных заливок 1, непригодных 0; самая большая занимает 100% кадра, чернил 0,0%
[sketch] обход весь уровень косо 0°: шаблон: областей 1, из них удобных без увеличения 0, крупных заливок 1, непригодных 0; самая большая занимает 100% кадра, чернил 0,0%
[кадр] весь уровень косо 120°: неба 42%, пятен 7, крупнейшее 50%, ПУСТОТЫ 34% (в нижней половине 2%)
[sketch] шаблон: областей 1, из них удобных без увеличения 0, крупных заливок 1, непригодных 0; самая большая занимает 100% кадра, чернил 0,0%
[sketch] обход весь уровень косо 120°: шаблон: областей 1, из них удобных без увеличения 0, крупных заливок 1, непригодных 0; самая большая занимает 100% кадра, чернил 0,0%
[кадр] весь уровень косо 240°: неба 49%, пятен 8, крупнейшее 48%, ПУСТОТЫ 35% (в нижней половине 1%)
[sketch] шаблон: областей 1, из них удобных без увеличения 0, крупных заливок 1, непригодных 0; самая большая занимает 100% кадра, чернил 0,0%
[sketch] обход весь уровень косо 240°: шаблон: областей 1, из них удобных без увеличения 0, крупных заливок 1, непригодных 0; самая большая занимает 100% кадра, чернил 0,0%
[кадр] четверть 1: неба 56%, пятен 5, крупнейшее 40%, ПУСТОТЫ 33% (в нижней половине 7%)
[sketch] шаблон: областей 1, из них удобных без увеличения 0, крупных заливок 1, непригодных 0; самая большая занимает 100% кадра, чернил 0,0%
[sketch] обход четверть 1: шаблон: областей 1, из них удобных без увеличения 0, крупных заливок 1, непригодных 0; самая большая занимает 100% кадра, чернил 0,0%
[кадр] четверть 2: неба 47%, пятен 7, крупнейшее 46%, ПУСТОТЫ 31% (в нижней половине 3%)
[sketch] шаблон: областей 1, из них удобных без увеличения 0, крупных заливок 1, непригодных 0; самая большая занимает 100% кадра, чернил 0,0%
[sketch] обход четверть 2: шаблон: областей 1, из них удобных без увеличения 0, крупных заливок 1, непригодных 0; самая большая занимает 100% кадра, чернил 0,0%
[PERF] fps=4,0 frame=1187,48ms draw=20 prim=296298 obj=634 vram=285,1MB tex=121,0MB | veg: full=0 lod1=0 hide=11942 instVis=20809 instHide=11942 chunks=16
[кадр] четверть 3: неба 37%, пятен 5, крупнейшее 64%, ПУСТОТЫ 36% (в нижней половине 5%)
[sketch] шаблон: областей 1, из них удобных без увеличения 0, крупных заливок 1, непригодных 0; самая большая занимает 100% кадра, чернил 0,0%
[sketch] обход четверть 3: шаблон: областей 1, из них удобных без увеличения 0, крупных заливок 1, непригодных 0; самая большая занимает 100% кадра, чернил 0,0%
[кадр] четверть 4: неба 56%, пятен 8, крупнейшее 42%, ПУСТОТЫ 37% (в нижней половине 6%)
[sketch] шаблон: областей 1, из них удобных без увеличения 0, крупных заливок 1, непригодных 0; самая большая занимает 100% кадра, чернил 0,0%
[sketch] обход четверть 4: шаблон: областей 1, из них удобных без увеличения 0, крупных заливок 1, непригодных 0; самая большая занимает 100% кадра, чернил 0,0%
[кадр] глаз 0°: неба 24%, пятен 3, крупнейшее 72%, ПУСТОТЫ 25% (в нижней половине 49%)
[sketch] шаблон: областей 46, из них удобных без увеличения 14, крупных заливок 5, непригодных 0; самая большая занимает 29% кадра, чернил 4,8%
[sketch] обход глаз 0°: шаблон: областей 46, из них удобных без увеличения 14, крупных заливок 5, непригодных 0; самая большая занимает 29% кадра, чернил 4,8%
[кадр] глаз 45°: неба 14%, пятен 2, крупнейшее 84%, ПУСТОТЫ 15% (в нижней половине 29%)
[sketch] шаблон: областей 26, из них удобных без увеличения 5, крупных заливок 4, непригодных 0; самая большая занимает 51% кадра, чернил 2,9%
[sketch] обход глаз 45°: шаблон: областей 26, из них удобных без увеличения 5, крупных заливок 4, непригодных 0; самая большая занимает 51% кадра, чернил 2,9%
[кадр] глаз 90°: неба 16%, пятен 4, крупнейшее 49%, ПУСТОТЫ 17% (в нижней половине 33%)
[sketch] шаблон: областей 44, из них удобных без увеличения 13, крупных заливок 3, непригодных 0; самая большая занимает 45% кадра, чернил 2,9%
[sketch] обход глаз 90°: шаблон: областей 44, из них удобных без увеличения 13, крупных заливок 3, непригодных 0; самая большая занимает 45% кадра, чернил 2,9%
[кадр] глаз 135°: неба 25%, пятен 5, крупнейшее 56%, ПУСТОТЫ 25% (в нижней половине 16%)
[sketch] шаблон: областей 48, из них удобных без увеличения 22, крупных заливок 4, непригодных 0; самая большая занимает 32% кадра, чернил 3,0%
[sketch] обход глаз 135°: шаблон: областей 48, из них удобных без увеличения 22, крупных заливок 4, непригодных 0; самая большая занимает 32% кадра, чернил 3,0%
[кадр] глаз 180°: неба 23%, пятен 8, крупнейшее 33%, ПУСТОТЫ 23% (в нижней половине 0%)
[sketch] шаблон: областей 104, из них удобных без увеличения 47, крупных заливок 5, непригодных 0; самая большая занимает 21% кадра, чернил 4,8%
[sketch] обход глаз 180°: шаблон: областей 104, из них удобных без увеличения 47, крупных заливок 5, непригодных 0; самая большая занимает 21% кадра, чернил 4,8%
[кадр] глаз 225°: неба 25%, пятен 6, крупнейшее 49%, ПУСТОТЫ 24% (в нижней половине 10%)
[sketch] шаблон: областей 76, из них удобных без увеличения 26, крупных заливок 5, непригодных 0; самая большая занимает 40% кадра, чернил 3,6%
[sketch] обход глаз 225°: шаблон: областей 76, из них удобных без увеличения 26, крупных заливок 5, непригодных 0; самая большая занимает 40% кадра, чернил 3,6%
[кадр] глаз 270°: неба 14%, пятен 3, крупнейшее 80%, ПУСТОТЫ 15% (в нижней половине 23%)
[sketch] шаблон: областей 79, из них удобных без увеличения 23, крупных заливок 4, непригодных 0; самая большая занимает 30% кадра, чернил 5,1%
[sketch] обход глаз 270°: шаблон: областей 79, из них удобных без увеличения 23, крупных заливок 4, непригодных 0; самая большая занимает 30% кадра, чернил 5,1%
[PERF] fps=6,0 frame=1677,55ms draw=39 prim=360500 obj=657 vram=282,0MB tex=121,0MB | veg: full=15 lod1=8 hide=11927 instVis=20824 instHide=11927 chunks=16
[кадр] глаз 315°: неба 3%, пятен 3, крупнейшее 96%, ПУСТОТЫ 3% (в нижней половине 7%)
[sketch] шаблон: областей 50, из них удобных без увеличения 12, крупных заливок 4, непригодных 0; самая большая занимает 54% кадра, чернил 4,2%
[sketch] обход глаз 315°: шаблон: областей 50, из них удобных без увеличения 12, крупных заливок 4, непригодных 0; самая большая занимает 54% кадра, чернил 4,2%
[кадр] шар 0°: неба 30%, пятен 7, крупнейшее 31%, ПУСТОТЫ 30% (в нижней половине 0%)
[sketch] шаблон: областей 19, из них удобных без увеличения 5, крупных заливок 5, непригодных 0; самая большая занимает 40% кадра, чернил 3,6%
[sketch] обход шар 0°: шаблон: областей 19, из них удобных без увеличения 5, крупных заливок 5, непригодных 0; самая большая занимает 40% кадра, чернил 3,6%
[кадр] шар 180°: неба 33%, пятен 3, крупнейшее 33%, ПУСТОТЫ 28% (в нижней половине 0%)
[sketch] шаблон: областей 29, из них удобных без увеличения 11, крупных заливок 3, непригодных 0; самая большая занимает 51% кадра, чернил 2,5%
[sketch] обход шар 180°: шаблон: областей 29, из них удобных без увеличения 11, крупных заливок 3, непригодных 0; самая большая занимает 51% кадра, чернил 2,5%
[telemetry] снимков сохранено: 18 в D:/Godot/ColoringBook/logs\20260819_113158_seed42_sweep_shots
[PERF] fps=60,0 frame=2,43ms draw=19 prim=169570 obj=629 vram=252,6MB tex=90,0MB | veg: full=0 lod1=0 hide=11942 instVis=20809 instHide=11942 chunks=16
[PERF] fps=60,0 frame=3,14ms draw=19 prim=169570 obj=629 vram=252,6MB tex=90,0MB | veg: full=0 lod1=0 hide=11942 instVis=20809 instHide=11942 chunks=16
[PERF] fps=60,0 frame=2,34ms draw=19 prim=169570 obj=629 vram=252,6MB tex=90,0MB | veg: full=0 lod1=0 hide=11942 instVis=20809 instHide=11942 chunks=16
[PERF] fps=60,0 frame=3,01ms draw=19 prim=169570 obj=629 vram=252,6MB tex=90,0MB | veg: full=0 lod1=0 hide=11942 instVis=20809 instHide=11942 chunks=16
[PERF] fps=60,0 frame=3,20ms draw=19 prim=169570 obj=629 vram=252,6MB tex=90,0MB | veg: full=0 lod1=0 hide=11942 instVis=20809 instHide=11942 chunks=16
[PERF] fps=60,0 frame=3,38ms draw=19 prim=169570 obj=629 vram=252,6MB tex=90,0MB | veg: full=0 lod1=0 hide=11942 instVis=20809 instHide=11942 chunks=16
[PERF] fps=60,0 frame=3,07ms draw=19 prim=169570 obj=629 vram=252,6MB tex=90,0MB | veg: full=0 lod1=0 hide=11942 instVis=20809 instHide=11942 chunks=16
[PERF] fps=60,0 frame=3,21ms draw=19 prim=169570 obj=629 vram=252,6MB tex=90,0MB | veg: full=0 lod1=0 hide=11942 instVis=20809 instHide=11942 chunks=16
[PERF] fps=60,0 frame=3,25ms draw=19 prim=169570 obj=629 vram=252,6MB tex=90,0MB | veg: full=0 lod1=0 hide=11942 instVis=20809 instHide=11942 chunks=16
[PERF] fps=60,0 frame=3,71ms draw=19 prim=169570 obj=629 vram=252,6MB tex=90,0MB | veg: full=0 lod1=0 hide=11942 instVis=20809 instHide=11942 chunks=16
[PERF] fps=60,0 frame=3,43ms draw=19 prim=169570 obj=629 vram=252,6MB tex=90,0MB | veg: full=0 lod1=0 hide=11942 instVis=20809 instHide=11942 chunks=16
[PERF] fps=60,0 frame=3,30ms draw=19 prim=169570 obj=629 vram=252,6MB tex=90,0MB | veg: full=0 lod1=0 hide=11942 instVis=20809 instHide=11942 chunks=16
[PERF] fps=60,0 frame=3,20ms draw=19 prim=169570 obj=629 vram=252,6MB tex=90,0MB | veg: full=0 lod1=0 hide=11942 instVis=20809 instHide=11942 chunks=16
[PERF] fps=60,0 frame=3,35ms draw=19 prim=169570 obj=629 vram=252,6MB tex=90,0MB | veg: full=0 lod1=0 hide=11942 instVis=20809 instHide=11942 chunks=16
[PERF] fps=60,0 frame=3,28ms draw=19 prim=169570 obj=629 vram=252,6MB tex=90,0MB | veg: full=0 lod1=0 hide=11942 instVis=20809 instHide=11942 chunks=16
[PERF] fps=60,0 frame=2,68ms draw=19 prim=169570 obj=629 vram=252,6MB tex=90,0MB | veg: full=0 lod1=0 hide=11942 instVis=20809 instHide=11942 chunks=16
[PERF] fps=60,0 frame=3,65ms draw=19 prim=169570 obj=629 vram=252,6MB tex=90,0MB | veg: full=0 lod1=0 hide=11942 instVis=20809 instHide=11942 chunks=16
[PERF] fps=60,0 frame=3,62ms draw=19 prim=169570 obj=629 vram=252,6MB tex=90,0MB | veg: full=0 lod1=0 hide=11942 instVis=20809 instHide=11942 chunks=16
[PERF] fps=60,0 frame=2,83ms draw=19 prim=169570 obj=629 vram=252,6MB tex=90,0MB | veg: full=0 lod1=0 hide=11942 instVis=20809 instHide=11942 chunks=16
[PERF] fps=60,0 frame=2,33ms draw=19 prim=169570 obj=629 vram=252,6MB tex=90,0MB | veg: full=0 lod1=0 hide=11942 instVis=20809 instHide=11942 chunks=16
[PERF] fps=60,0 frame=2,92ms draw=19 prim=169570 obj=629 vram=252,6MB tex=90,0MB | veg: full=0 lod1=0 hide=11942 instVis=20809 instHide=11942 chunks=16
[PERF] fps=60,0 frame=2,88ms draw=19 prim=169570 obj=629 vram=252,6MB tex=90,0MB | veg: full=0 lod1=0 hide=11942 instVis=20809 instHide=11942 chunks=16
[PERF] fps=60,0 frame=2,88ms draw=19 prim=169570 obj=629 vram=252,6MB tex=90,0MB | veg: full=0 lod1=0 hide=11942 instVis=20809 instHide=11942 chunks=16
[PERF] fps=60,0 frame=2,26ms draw=19 prim=169570 obj=629 vram=252,6MB tex=90,0MB | veg: full=0 lod1=0 hide=11942 instVis=20809 instHide=11942 chunks=16
[PERF] fps=60,0 frame=2,04ms draw=19 prim=169570 obj=629 vram=252,6MB tex=90,0MB | veg: full=0 lod1=0 hide=11942 instVis=20809 instHide=11942 chunks=16
[PERF] fps=60,0 frame=3,42ms draw=19 prim=169570 obj=629 vram=252,6MB tex=90,0MB | veg: full=0 lod1=0 hide=11942 instVis=20809 instHide=11942 chunks=16
[PERF] fps=60,0 frame=2,81ms draw=19 prim=169570 obj=629 vram=252,6MB tex=90,0MB | veg: full=0 lod1=0 hide=11942 instVis=20809 instHide=11942 chunks=16
[PERF] fps=60,0 frame=2,95ms draw=19 prim=169570 obj=629 vram=252,6MB tex=90,0MB | veg: full=0 lod1=0 hide=11942 instVis=20809 instHide=11942 chunks=16
[PERF] fps=60,0 frame=2,30ms draw=19 prim=169570 obj=629 vram=252,6MB tex=90,0MB | veg: full=0 lod1=0 hide=11942 instVis=20809 instHide=11942 chunks=16
[PERF] fps=60,0 frame=2,59ms draw=19 prim=169570 obj=629 vram=252,6MB tex=90,0MB | veg: full=0 lod1=0 hide=11942 instVis=20809 instHide=11942 chunks=16
[PERF] fps=60,0 frame=2,43ms draw=19 prim=169570 obj=629 vram=252,6MB tex=90,0MB | veg: full=0 lod1=0 hide=11942 instVis=20809 instHide=11942 chunks=16
[PERF] fps=60,0 frame=2,16ms draw=19 prim=169570 obj=629 vram=252,6MB tex=90,0MB | veg: full=0 lod1=0 hide=11942 instVis=20809 instHide=11942 chunks=16
[PERF] fps=60,0 frame=2,45ms draw=19 prim=169570 obj=629 vram=252,6MB tex=90,0MB | veg: full=0 lod1=0 hide=11942 instVis=20809 instHide=11942 chunks=16
[PERF] fps=60,0 frame=2,28ms draw=19 prim=169570 obj=629 vram=252,6MB tex=90,0MB | veg: full=0 lod1=0 hide=11942 instVis=20809 instHide=11942 chunks=16
[PERF] fps=60,0 frame=3,16ms draw=19 prim=169570 obj=629 vram=252,6MB tex=90,0MB | veg: full=0 lod1=0 hide=11942 instVis=20809 instHide=11942 chunks=16
