ColoringBook — журнал запуска 2026-08-18 12:57:18
[bootstrap] каталог логов: D:/Godot/ColoringBook/logs
PlantCatalog ready: 9 variants x kinds
=== ColoringBook Bootstrap | BUILD STAMP: 2026-08-18-V337 (горы были пологими: уклон 10° при альпийских 25-30; поднятие удвоено, размах 4200)
[shaders] res://assets/shaders/terrain.gdshader — ок
[shaders] res://assets/shaders/water.gdshader — ок
[shaders] res://assets/shaders/foliage.gdshader — ок
[shaders] res://assets/shaders/impostor.gdshader — ок
[shaders] res://assets/shaders/sketch_id.gdshader — ок
[shaders] res://assets/shaders/sketch_depth.gdshader — ок
[shaders] res://assets/shaders/sketch_normal.gdshader — ок
[bootstrap] MaxFps=60, VSync=Disabled
[устройство] Windows, построение полное, уровень при запуске, журнал в res://logs, ядер 8
[bootstrap] StartupMode = Level
[разведка] поле 241x241 за 9859 мс, место (-18,7, 15,1) км от середины территории
[нрав] поднятие 15,5 м (разброс 1,19, период 17 км), врез 31, осыпание 0,014, итераций 365
[фон-эрозия] поле 481x481 за 53714 мс
[высоты] размах поля 7428 м, сжатие 0,57, дно 1000 м, верх 5200 м
[озёра] залитых ячеек 4448 из 231361 (1,9% поля)
[плитка] 5 км, ячейка 30 м, за 6855 мс
[маршруты] окно 20 км: опор 68, рёбер 58, сеть 122,3 км, за 4143 мс
[пояса] лес 0,295, редколесье 0,522, альпика 0,645, осыпь 0,695, скала 0,742, снег 0,767
[пояса] пределы выборки 82,5..502,4 ед (1000..5200 м), смещение 17,6 ед
[фон-материал] шейдер рельефа, размах высот 100,0..520,0 ед
[рельеф] средний уклон 25,1°, p95 48,0°, перепад 744 м, круче 35° 23%, доля дна 67%, шпилей 0
[старт] пояс Forest, высота 2923 м
[старт] опора сети: вид 45%, (270, -252), сток 3, в 3,7 км от середины поля при пределе 5,4; опор всего 68
[дыра] высоты в точке старта: поле 2923 м, меш 2876 м, разница 47 м; накрывает кольцо 1, ячейка 60 м
[дыра] камера обхода садится на высоту ПОЛЯ, а видит меш: камера НАД поверхностью на 47 м
[дыра] треугольников рельефа вокруг точки: в 100 м — 16, в 500 м — 428, в 2000 м — 6096
[дыра] место разведки (-18,7, 15,1) км от середины территории; игрок в 3693 м от середины ПОЛЯ
[дыра] половины колец, км: 4:28,8, 3:14,4, 2:7,2, 1:3,6, 0:1,8
[покров] по площади (3318 км²): Water 2,0%, Grassland 13,3%, Forest 41,0%, Shrubland 20,0%, Alpine 6,7%, Scree 7,2%, Rock 2,9%, Snow 6,9%
[вода] ячеек покрова по кольцам: 30м:0 60м:608 120м:134 240м:635 480м:278
[дренаж] сетка 241, область 58 км, 88 мс
[рельеф-отчёт] D:/Godot/ColoringBook/logs\20260818_125828_terrain.json
[рельеф-сетки] D:/Godot/ColoringBook/logs\20260818_125828_terrain.bin
[журнал] D:/Godot/ColoringBook/logs\20260818_125718_session.log
[фон-щели] одиночных рёбер 3360, из них на внешнем крае есть; радиусы от 180 до 2880 ед (границы колец: 180, 360, 720, 1440, 2880)
[фон-меш] рельеф: граней вверх 115200, вниз 0 (0,0%), вырожденных 0 | расхождение на стыке колец 0,0 м
[фон-пандус] наибольший уклон переходной полосы 25,4°, ширина полосы 8 ячеек (240..1920 м)
[фон] колец 5, шаг 30..480 м, область 58 км, четырёхугольников 57600, треугольников 115200
[растительность] ОТКЛЮЧЕНА (LevelView3D.VegetationOn = false)
[время] рельеф и меш: 69567 мс
--- Seed 42 | Season Summer ---
уровень из колец, сид 42
[камера] обзор на (270, -252), наклон 35°, удаление 2,2 км
[bootstrap] mode=Level (main scene). P = switch to plant gallery.
[bootstrap] galleryActive=False regions=0 | terrain: mesh=null visible=True | rivers: mesh=null visible=True | water: mesh=null visible=True | vegRoot: children=0 visible=True | galleryRoot=none
[PERF] fps=60,0 frame=2,41ms draw=7 prim=127892 obj=587 vram=167,7MB tex=81,8MB | veg: full=0 lod1=0 hide=0 instVis=0 instHide=0 chunks=0
[PERF] fps=60,0 frame=2,31ms draw=7 prim=127884 obj=583 vram=167,7MB tex=81,8MB | veg: full=0 lod1=0 hide=0 instVis=0 instHide=0 chunks=0
[PERF] fps=60,0 frame=2,01ms draw=7 prim=127900 obj=591 vram=167,7MB tex=81,8MB | veg: full=0 lod1=0 hide=0 instVis=0 instHide=0 chunks=0
[PERF] fps=60,0 frame=2,31ms draw=7 prim=127880 obj=581 vram=167,7MB tex=81,8MB | veg: full=0 lod1=0 hide=0 instVis=0 instHide=0 chunks=0
[PERF] fps=60,0 frame=2,22ms draw=7 prim=127884 obj=583 vram=167,7MB tex=81,8MB | veg: full=0 lod1=0 hide=0 instVis=0 instHide=0 chunks=0
[PERF] fps=60,0 frame=2,12ms draw=7 prim=127876 obj=579 vram=167,7MB tex=81,8MB | veg: full=0 lod1=0 hide=0 instVis=0 instHide=0 chunks=0
[обход] 18 поз: весь уровень, четверти, глаз из (270, -252), шар
[telemetry] обход уровня записан: D:/Godot/ColoringBook/logs\20260818_095850_seed42_sweep.json
[обход] 18 поз: весь уровень, четверти, глаз из (270, -252), шар
[кадр] весь уровень сверху: неба 40%, пятен 8, крупнейшее 33%, ПУСТОТЫ 35% (в нижней половине 34%)
[sketch] шаблон: областей 1, из них удобных без увеличения 0, крупных заливок 1, непригодных 0; самая большая занимает 100% кадра, чернил 0,0%
[sketch] обход весь уровень сверху: шаблон: областей 1, из них удобных без увеличения 0, крупных заливок 1, непригодных 0; самая большая занимает 100% кадра, чернил 0,0%
[кадр] весь уровень косо 0°: неба 43%, пятен 7, крупнейшее 43%, ПУСТОТЫ 37% (в нижней половине 2%)
[sketch] шаблон: областей 1, из них удобных без увеличения 0, крупных заливок 1, непригодных 0; самая большая занимает 100% кадра, чернил 0,0%
[sketch] обход весь уровень косо 0°: шаблон: областей 1, из них удобных без увеличения 0, крупных заливок 1, непригодных 0; самая большая занимает 100% кадра, чернил 0,0%
[PERF] fps=2,0 frame=594,63ms draw=8 prim=254608 obj=586 vram=203,3MB tex=112,8MB | veg: full=0 lod1=0 hide=0 instVis=0 instHide=0 chunks=0
[кадр] весь уровень косо 120°: неба 37%, пятен 5, крупнейшее 55%, ПУСТОТЫ 34% (в нижней половине 2%)
[sketch] шаблон: областей 1, из них удобных без увеличения 0, крупных заливок 1, непригодных 0; самая большая занимает 100% кадра, чернил 0,0%
[sketch] обход весь уровень косо 120°: шаблон: областей 1, из них удобных без увеличения 0, крупных заливок 1, непригодных 0; самая большая занимает 100% кадра, чернил 0,0%
[кадр] весь уровень косо 240°: неба 38%, пятен 6, крупнейшее 58%, ПУСТОТЫ 36% (в нижней половине 2%)
[sketch] шаблон: областей 1, из них удобных без увеличения 0, крупных заливок 1, непригодных 0; самая большая занимает 100% кадра, чернил 0,0%
[sketch] обход весь уровень косо 240°: шаблон: областей 1, из них удобных без увеличения 0, крупных заливок 1, непригодных 0; самая большая занимает 100% кадра, чернил 0,0%
[кадр] четверть 1: неба 53%, пятен 6, крупнейшее 33%, ПУСТОТЫ 29% (в нижней половине 2%)
[sketch] шаблон: областей 1, из них удобных без увеличения 0, крупных заливок 1, непригодных 0; самая большая занимает 100% кадра, чернил 0,0%
[sketch] обход четверть 1: шаблон: областей 1, из них удобных без увеличения 0, крупных заливок 1, непригодных 0; самая большая занимает 100% кадра, чернил 0,0%
[кадр] четверть 2: неба 30%, пятен 6, крупнейшее 31%, ПУСТОТЫ 26% (в нижней половине 0%)
[sketch] шаблон: областей 1, из них удобных без увеличения 0, крупных заливок 1, непригодных 0; самая большая занимает 100% кадра, чернил 0,0%
[sketch] обход четверть 2: шаблон: областей 1, из них удобных без увеличения 0, крупных заливок 1, непригодных 0; самая большая занимает 100% кадра, чернил 0,0%
[кадр] четверть 3: неба 34%, пятен 4, крупнейшее 33%, ПУСТОТЫ 35% (в нижней половине 4%)
[sketch] шаблон: областей 1, из них удобных без увеличения 0, крупных заливок 1, непригодных 0; самая большая занимает 100% кадра, чернил 0,0%
[sketch] обход четверть 3: шаблон: областей 1, из них удобных без увеличения 0, крупных заливок 1, непригодных 0; самая большая занимает 100% кадра, чернил 0,0%
[кадр] четверть 4: неба 38%, пятен 7, крупнейшее 52%, ПУСТОТЫ 35% (в нижней половине 2%)
[sketch] шаблон: областей 1, из них удобных без увеличения 0, крупных заливок 1, непригодных 0; самая большая занимает 100% кадра, чернил 0,0%
[sketch] обход четверть 4: шаблон: областей 1, из них удобных без увеличения 0, крупных заливок 1, непригодных 0; самая большая занимает 100% кадра, чернил 0,0%
[кадр] глаз 0°: неба 41%, пятен 5, крупнейшее 42%, ПУСТОТЫ 42% (в нижней половине 0%)
[sketch] шаблон: областей 6, из них удобных без увеличения 3, крупных заливок 2, непригодных 0; самая большая занимает 45% кадра, чернил 1,5%
[sketch] обход глаз 0°: шаблон: областей 6, из них удобных без увеличения 3, крупных заливок 2, непригодных 0; самая большая занимает 45% кадра, чернил 1,5%
[кадр] глаз 45°: неба 42%, пятен 4, крупнейшее 43%, ПУСТОТЫ 42% (в нижней половине 0%)
[sketch] шаблон: областей 6, из них удобных без увеличения 2, крупных заливок 2, непригодных 0; самая большая занимает 47% кадра, чернил 1,7%
[sketch] обход глаз 45°: шаблон: областей 6, из них удобных без увеличения 2, крупных заливок 2, непригодных 0; самая большая занимает 47% кадра, чернил 1,7%
[кадр] глаз 90°: неба 40%, пятен 3, крупнейшее 66%, ПУСТОТЫ 41% (в нижней половине 0%)
[sketch] шаблон: областей 8, из них удобных без увеличения 5, крупных заливок 2, непригодных 0; самая большая занимает 40% кадра, чернил 2,0%
[sketch] обход глаз 90°: шаблон: областей 8, из них удобных без увеличения 5, крупных заливок 2, непригодных 0; самая большая занимает 40% кадра, чернил 2,0%
[кадр] глаз 135°: неба 40%, пятен 3, крупнейшее 66%, ПУСТОТЫ 40% (в нижней половине 0%)
[PERF] fps=4,0 frame=1483,47ms draw=7 prim=127888 obj=585 vram=188,2MB tex=96,8MB | veg: full=0 lod1=0 hide=0 instVis=0 instHide=0 chunks=0
[sketch] шаблон: областей 6, из них удобных без увеличения 5, крупных заливок 1, непригодных 0; самая большая занимает 74% кадра, чернил 2,2%
[sketch] обход глаз 135°: шаблон: областей 6, из них удобных без увеличения 5, крупных заливок 1, непригодных 0; самая большая занимает 74% кадра, чернил 2,2%
[кадр] глаз 180°: неба 40%, пятен 3, крупнейшее 64%, ПУСТОТЫ 39% (в нижней половине 0%)
[sketch] шаблон: областей 10, из них удобных без увеличения 8, крупных заливок 2, непригодных 0; самая большая занимает 39% кадра, чернил 2,9%
[sketch] обход глаз 180°: шаблон: областей 10, из них удобных без увеличения 8, крупных заливок 2, непригодных 0; самая большая занимает 39% кадра, чернил 2,9%
[кадр] глаз 225°: неба 39%, пятен 2, крупнейшее 66%, ПУСТОТЫ 38% (в нижней половине 0%)
[sketch] шаблон: областей 10, из них удобных без увеличения 7, крупных заливок 3, непригодных 0; самая большая занимает 39% кадра, чернил 2,9%
[sketch] обход глаз 225°: шаблон: областей 10, из них удобных без увеличения 7, крупных заливок 3, непригодных 0; самая большая занимает 39% кадра, чернил 2,9%
[кадр] глаз 270°: неба 39%, пятен 2, крупнейшее 66%, ПУСТОТЫ 39% (в нижней половине 0%)
[sketch] шаблон: областей 11, из них удобных без увеличения 7, крупных заливок 2, непригодных 0; самая большая занимает 41% кадра, чернил 2,9%
[sketch] обход глаз 270°: шаблон: областей 11, из них удобных без увеличения 7, крупных заливок 2, непригодных 0; самая большая занимает 41% кадра, чернил 2,9%
[кадр] глаз 315°: неба 42%, пятен 3, крупнейшее 66%, ПУСТОТЫ 42% (в нижней половине 0%)
[sketch] шаблон: областей 8, из них удобных без увеличения 5, крупных заливок 3, непригодных 0; самая большая занимает 42% кадра, чернил 2,3%
[sketch] обход глаз 315°: шаблон: областей 8, из них удобных без увеличения 5, крупных заливок 3, непригодных 0; самая большая занимает 42% кадра, чернил 2,3%
[кадр] шар 0°: неба 33%, пятен 6, крупнейшее 33%, ПУСТОТЫ 34% (в нижней половине 0%)
[sketch] шаблон: областей 3, из них удобных без увеличения 1, крупных заливок 2, непригодных 0; самая большая занимает 57% кадра, чернил 0,6%
[sketch] обход шар 0°: шаблон: областей 3, из них удобных без увеличения 1, крупных заливок 2, непригодных 0; самая большая занимает 57% кадра, чернил 0,6%
[кадр] шар 180°: неба 32%, пятен 4, крупнейшее 33%, ПУСТОТЫ 31% (в нижней половине 0%)
[sketch] шаблон: областей 3, из них удобных без увеличения 0, крупных заливок 2, непригодных 0; самая большая занимает 63% кадра, чернил 0,4%
[sketch] обход шар 180°: шаблон: областей 3, из них удобных без увеличения 0, крупных заливок 2, непригодных 0; самая большая занимает 63% кадра, чернил 0,4%
[telemetry] снимков сохранено: 18 в D:/Godot/ColoringBook/logs\20260818_095850_seed42_sweep_shots
[PERF] fps=4,0 frame=27,05ms draw=7 prim=127876 obj=579 vram=173,2MB tex=81,8MB | veg: full=0 lod1=0 hide=0 instVis=0 instHide=0 chunks=0
[PERF] fps=60,0 frame=1,96ms draw=7 prim=127876 obj=579 vram=173,2MB tex=81,8MB | veg: full=0 lod1=0 hide=0 instVis=0 instHide=0 chunks=0
[PERF] fps=60,0 frame=1,76ms draw=7 prim=127884 obj=583 vram=173,2MB tex=81,8MB | veg: full=0 lod1=0 hide=0 instVis=0 instHide=0 chunks=0
[PERF] fps=60,0 frame=1,89ms draw=7 prim=127880 obj=581 vram=173,2MB tex=81,8MB | veg: full=0 lod1=0 hide=0 instVis=0 instHide=0 chunks=0
[PERF] fps=60,0 frame=1,70ms draw=7 prim=127884 obj=583 vram=173,2MB tex=81,8MB | veg: full=0 lod1=0 hide=0 instVis=0 instHide=0 chunks=0
[PERF] fps=60,0 frame=1,76ms draw=7 prim=127872 obj=577 vram=173,2MB tex=81,8MB | veg: full=0 lod1=0 hide=0 instVis=0 instHide=0 chunks=0
[PERF] fps=60,0 frame=1,77ms draw=7 prim=127860 obj=571 vram=173,2MB tex=81,8MB | veg: full=0 lod1=0 hide=0 instVis=0 instHide=0 chunks=0
[PERF] fps=60,0 frame=1,69ms draw=7 prim=127880 obj=581 vram=173,2MB tex=81,8MB | veg: full=0 lod1=0 hide=0 instVis=0 instHide=0 chunks=0
[PERF] fps=60,0 frame=1,64ms draw=7 prim=127868 obj=575 vram=173,2MB tex=81,8MB | veg: full=0 lod1=0 hide=0 instVis=0 instHide=0 chunks=0
[PERF] fps=60,0 frame=1,74ms draw=7 prim=127880 obj=581 vram=173,2MB tex=81,8MB | veg: full=0 lod1=0 hide=0 instVis=0 instHide=0 chunks=0
[PERF] fps=60,0 frame=1,75ms draw=7 prim=127880 obj=581 vram=173,2MB tex=81,8MB | veg: full=0 lod1=0 hide=0 instVis=0 instHide=0 chunks=0
[PERF] fps=60,0 frame=1,99ms draw=7 prim=127896 obj=589 vram=173,2MB tex=81,8MB | veg: full=0 lod1=0 hide=0 instVis=0 instHide=0 chunks=0
[PERF] fps=60,0 frame=1,69ms draw=7 prim=127892 obj=587 vram=173,2MB tex=81,8MB | veg: full=0 lod1=0 hide=0 instVis=0 instHide=0 chunks=0
[PERF] fps=60,0 frame=2,05ms draw=7 prim=127888 obj=585 vram=173,2MB tex=81,8MB | veg: full=0 lod1=0 hide=0 instVis=0 instHide=0 chunks=0
[PERF] fps=60,0 frame=2,07ms draw=7 prim=127892 obj=587 vram=173,2MB tex=81,8MB | veg: full=0 lod1=0 hide=0 instVis=0 instHide=0 chunks=0
[PERF] fps=60,0 frame=2,36ms draw=7 prim=127892 obj=587 vram=173,2MB tex=81,8MB | veg: full=0 lod1=0 hide=0 instVis=0 instHide=0 chunks=0
