ColoringBook — журнал запуска 2026-08-18 01:55:30
[bootstrap] каталог логов: D:/Godot/ColoringBook/logs
PlantCatalog ready: 9 variants x kinds
=== ColoringBook Bootstrap | BUILD STAMP: 2026-08-17-V328 (освещение стенда расходилось с игрой; рассеянный 0.10 -> 0.55; природные правила расстановки)
[shaders] res://assets/shaders/terrain.gdshader — ок
[shaders] res://assets/shaders/water.gdshader — ок
[shaders] res://assets/shaders/foliage.gdshader — ок
[shaders] res://assets/shaders/impostor.gdshader — ок
[shaders] res://assets/shaders/sketch_id.gdshader — ок
[shaders] res://assets/shaders/sketch_depth.gdshader — ок
[shaders] res://assets/shaders/sketch_normal.gdshader — ок
[bootstrap] MaxFps=60, VSync=Disabled
[устройство] Windows, построение полное, уровень при запуске, журнал в res://logs, ядер 8
[bootstrap] StartupMode = Level
[разведка] поле 241x241 за 11508 мс, место (-22,1, 12,0) км от середины территории
[нрав] поднятие 7,7 м (разброс 0,52, период 17 км), врез 31, осыпание 0,014, итераций 365
[фон-эрозия] поле 481x481 за 53752 мс
[высоты] размах поля 3284 м, сжатие 0,76, дно 1000 м, верх 3500 м
[озёра] залитых ячеек 29554 из 231361 (12,8% поля)
[плитка] 5 км, ячейка 30 м, за 6174 мс
[маршруты] окно 20 км: опор 176, рёбер 307, сеть 407,6 км, за 12015 мс
[пояса] лес 0,491, редколесье 0,710, альпика 0,773, осыпь 0,802, скала 0,836, снег 0,851
[пояса] пределы выборки 110,8..360,7 ед (1000..3500 м), смещение -10,7 ед
[фон-материал] шейдер рельефа, размах высот 100,0..350,0 ед
[рельеф] средний уклон 25,1°, p95 48,0°, перепад 744 м, круче 35° 23%, доля дна 67%, шпилей 0
[старт] пояс Shrubland, высота 2798 м
[старт] опора сети: вид 50%, (234, 333), сток 2, в 4,1 км от середины поля при пределе 5,4; опор всего 176
[дыра] высоты в точке старта: поле 2798 м, меш 2768 м, разница 30 м; накрывает кольцо 1, ячейка 60 м
[дыра] камера обхода садится на высоту ПОЛЯ, а видит меш: камера НАД поверхностью на 30 м
[дыра] треугольников рельефа вокруг точки: в 100 м — 16, в 500 м — 379, в 2000 м — 4682
[дыра] место разведки (-22,1, 12,0) км от середины территории; игрок в 4070 м от середины ПОЛЯ
[дыра] половины колец, км: 4:28,8, 3:14,4, 2:7,2, 1:3,6, 0:1,8
[покров] по площади (3318 км²): Grassland 13,2%, Forest 43,3%, Shrubland 21,0%, Alpine 7,0%, Scree 6,1%, Rock 2,3%, Snow 7,1%
[вода] ячеек покрова по кольцам: 30м:2 60м:0 120м:0 240м:0 480м:0
[дренаж] сетка 241, область 58 км, 86 мс
[рельеф-отчёт] D:/Godot/ColoringBook/logs\20260818_015648_terrain.json
[рельеф-сетки] D:/Godot/ColoringBook/logs\20260818_015648_terrain.bin
[журнал] D:/Godot/ColoringBook/logs\20260818_015530_session.log
[фон-щели] одиночных рёбер 3360, из них на внешнем крае есть; радиусы от 180 до 2880 ед (границы колец: 180, 360, 720, 1440, 2880)
[фон-меш] рельеф: граней вверх 115200, вниз 0 (0,0%), вырожденных 0 | расхождение на стыке колец 0,0 м
[фон-пандус] наибольший уклон переходной полосы 29,4°, ширина полосы 8 ячеек (240..1920 м)
[фон] колец 5, шаг 30..480 м, область 58 км, четырёхугольников 57600, треугольников 115200
[растительность] поставлено 39638 вокруг игрока (выбор точки 0 мс, расстановка 269 мс)
[veg] раскладка по узлам за 429 мс
[veg] преград у деревьев: 0, узлов MultiMesh: 14
[время] рельеф и меш: 77116 мс
--- Seed 42 | Season Summer ---
уровень из колец, сид 42
[камера] обзор на (234, 333), наклон 35°, удаление 2,2 км
[bootstrap] mode=Level (main scene). P = switch to plant gallery.
[bootstrap] galleryActive=False regions=0 | terrain: mesh=null visible=True | rivers: mesh=null visible=True | water: mesh=null visible=True | vegRoot: children=42 visible=True | galleryRoot=none
[impostor] Bush/1: ЗАПОЛНЕННОСТЬ СИЛУЭТА 85%, мелких дырок 9,5%  <-- МОНОЛИТ | ракурсов 8, отношение сторон 0,56, сторона кадра 1,13 лок.ед., центр 0,28, непрозрачных точек кадра 27,9%
[impostor] Bush/0: ЗАПОЛНЕННОСТЬ СИЛУЭТА 86%, мелких дырок 10,4%  <-- МОНОЛИТ | ракурсов 8, отношение сторон 0,47, сторона кадра 0,76 лок.ед., центр 0,09, непрозрачных точек кадра 21,2%
[impostor] Flower/0: ЗАПОЛНЕННОСТЬ СИЛУЭТА 58%, мелких дырок 9,0% | ракурсов 8, отношение сторон 1,27, сторона кадра 1,04 лок.ед., центр 0,49, непрозрачных точек кадра 18,0%
[impostor] Bush/2: ЗАПОЛНЕННОСТЬ СИЛУЭТА 85%, мелких дырок 10,8%  <-- МОНОЛИТ | ракурсов 8, отношение сторон 0,80, сторона кадра 2,95 лок.ед., центр 1,12, непрозрачных точек кадра 29,0%
[lod1] Bush/1: ЗАПОЛНЕННОСТЬ 86% (+1 к полному), мелких дырок 8,6% (-0,9 к полному)
[lod1] Bush/0: ЗАПОЛНЕННОСТЬ 88% (+2 к полному), мелких дырок 8,5% (-1,9 к полному)
[lod1] Flower/0: ЗАПОЛНЕННОСТЬ 64% (+6 к полному), мелких дырок 7,0% (-2,0 к полному)
[lod1] Bush/2: ЗАПОЛНЕННОСТЬ 86% (+1 к полному), мелких дырок 9,1% (-1,7 к полному)
[рост] самоорганизация: выращено 0, осталось 0, сброшено затенённых 0, прорежено 0
[PERF] fps=60,0 frame=13,02ms draw=15 prim=179574 obj=619 vram=199,3MB tex=89,8MB | veg: full=0 lod1=0 hide=13821 instVis=25817 instHide=13821 chunks=14
[PERF] fps=60,0 frame=3,07ms draw=15 prim=179570 obj=617 vram=199,3MB tex=89,8MB | veg: full=0 lod1=0 hide=13821 instVis=25817 instHide=13821 chunks=14
[PERF] fps=60,0 frame=3,85ms draw=15 prim=179570 obj=617 vram=199,3MB tex=89,8MB | veg: full=0 lod1=0 hide=13821 instVis=25817 instHide=13821 chunks=14
[PERF] fps=59,0 frame=16,28ms draw=15 prim=179586 obj=625 vram=199,3MB tex=89,8MB | veg: full=0 lod1=0 hide=13821 instVis=25817 instHide=13821 chunks=14
[PERF] fps=60,0 frame=2,77ms draw=15 prim=179578 obj=621 vram=199,3MB tex=89,8MB | veg: full=0 lod1=0 hide=13821 instVis=25817 instHide=13821 chunks=14
[PERF] fps=60,0 frame=2,79ms draw=15 prim=179586 obj=625 vram=199,3MB tex=89,8MB | veg: full=0 lod1=0 hide=13821 instVis=25817 instHide=13821 chunks=14
[обход] 23 поз из точки (234, 333), земля 2798 м
[telemetry] обход уровня записан: D:/Godot/ColoringBook/logs\20260817_225712_seed42_sweep.json
[обход] 23 поз из точки (234, 333), земля 2798 м
[кадр] глаз 0°: неба 40%, пятен 2, крупнейшее 66%, ПУСТОТЫ 40% (в нижней половине 0%)
[PERF] fps=44,0 frame=5,06ms draw=41 prim=1388146 obj=649 vram=232,1MB tex=120,8MB | veg: full=405 lod1=579 hide=13419 instVis=26219 instHide=13419 chunks=14
[sketch] шаблон: областей 56, из них удобных без увеличения 9, крупных заливок 1, непригодных 0; самая большая занимает 40% кадра, чернил 4,3%
[sketch] обход глаз 0°: шаблон: областей 56, из них удобных без увеличения 9, крупных заливок 1, непригодных 0; самая большая занимает 40% кадра, чернил 4,3%
[кадр] глаз 45°: неба 41%, пятен 2, крупнейшее 66%, ПУСТОТЫ 42% (в нижней половине 0%)
[sketch] шаблон: областей 58, из них удобных без увеличения 7, крупных заливок 2, непригодных 0; самая большая занимает 42% кадра, чернил 3,6%
[sketch] обход глаз 45°: шаблон: областей 58, из них удобных без увеличения 7, крупных заливок 2, непригодных 0; самая большая занимает 42% кадра, чернил 3,6%
[кадр] глаз 90°: неба 44%, пятен 2, крупнейшее 65%, ПУСТОТЫ 44% (в нижней половине 0%)
[sketch] шаблон: областей 48, из них удобных без увеличения 9, крупных заливок 2, непригодных 0; самая большая занимает 51% кадра, чернил 3,3%
[sketch] обход глаз 90°: шаблон: областей 48, из них удобных без увеличения 9, крупных заливок 2, непригодных 0; самая большая занимает 51% кадра, чернил 3,3%
[кадр] глаз 135°: неба 46%, пятен 2, крупнейшее 65%, ПУСТОТЫ 45% (в нижней половине 0%)
[sketch] шаблон: областей 49, из них удобных без увеличения 9, крупных заливок 1, непригодных 0; самая большая занимает 48% кадра, чернил 3,3%
[sketch] обход глаз 135°: шаблон: областей 49, из них удобных без увеличения 9, крупных заливок 1, непригодных 0; самая большая занимает 48% кадра, чернил 3,3%
[кадр] глаз 180°: неба 46%, пятен 4, крупнейшее 63%, ПУСТОТЫ 43% (в нижней половине 0%)
[sketch] шаблон: областей 36, из них удобных без увеличения 6, крупных заливок 2, непригодных 0; самая большая занимает 56% кадра, чернил 3,3%
[sketch] обход глаз 180°: шаблон: областей 36, из них удобных без увеличения 6, крупных заливок 2, непригодных 0; самая большая занимает 56% кадра, чернил 3,3%
[кадр] глаз 225°: неба 45%, пятен 3, крупнейшее 63%, ПУСТОТЫ 42% (в нижней половине 0%)
[sketch] шаблон: областей 35, из них удобных без увеличения 11, крупных заливок 2, непригодных 0; самая большая занимает 43% кадра, чернил 3,5%
[sketch] обход глаз 225°: шаблон: областей 35, из них удобных без увеличения 11, крупных заливок 2, непригодных 0; самая большая занимает 43% кадра, чернил 3,5%
[кадр] глаз 270°: неба 43%, пятен 3, крупнейшее 64%, ПУСТОТЫ 41% (в нижней половине 0%)
[sketch] шаблон: областей 42, из них удобных без увеличения 9, крупных заливок 3, непригодных 0; самая большая занимает 44% кадра, чернил 3,5%
[sketch] обход глаз 270°: шаблон: областей 42, из них удобных без увеличения 9, крупных заливок 3, непригодных 0; самая большая занимает 44% кадра, чернил 3,5%
[кадр] глаз 315°: неба 41%, пятен 3, крупнейшее 65%, ПУСТОТЫ 40% (в нижней половине 0%)
[sketch] шаблон: областей 52, из них удобных без увеличения 10, крупных заливок 3, непригодных 0; самая большая занимает 45% кадра, чернил 3,5%
[sketch] обход глаз 315°: шаблон: областей 52, из них удобных без увеличения 10, крупных заливок 3, непригодных 0; самая большая занимает 45% кадра, чернил 3,5%
[кадр] шар 0°: неба 38%, пятен 4, крупнейшее 33%, ПУСТОТЫ 34% (в нижней половине 0%)
[sketch] шаблон: областей 2, из них удобных без увеличения 0, крупных заливок 2, непригодных 0; самая большая занимает 63% кадра, чернил 0,4%
[sketch] обход шар 0°: шаблон: областей 2, из них удобных без увеличения 0, крупных заливок 2, непригодных 0; самая большая занимает 63% кадра, чернил 0,4%
[кадр] шар 90°: неба 35%, пятен 3, крупнейшее 64%, ПУСТОТЫ 34% (в нижней половине 0%)
[PERF] fps=6,0 frame=1254,16ms draw=19 prim=319612 obj=633 vram=229,3MB tex=118,8MB | veg: full=0 lod1=0 hide=13821 instVis=25817 instHide=13821 chunks=14
[sketch] шаблон: областей 2, из них удобных без увеличения 0, крупных заливок 2, непригодных 0; самая большая занимает 56% кадра, чернил 0,4%
[sketch] обход шар 90°: шаблон: областей 2, из них удобных без увеличения 0, крупных заливок 2, непригодных 0; самая большая занимает 56% кадра, чернил 0,4%
[кадр] шар 180°: неба 39%, пятен 3, крупнейшее 63%, ПУСТОТЫ 34% (в нижней половине 0%)
[sketch] шаблон: областей 2, из них удобных без увеличения 0, крупных заливок 2, непригодных 0; самая большая занимает 57% кадра, чернил 0,4%
[sketch] обход шар 180°: шаблон: областей 2, из них удобных без увеличения 0, крупных заливок 2, непригодных 0; самая большая занимает 57% кадра, чернил 0,4%
[кадр] шар 270°: неба 41%, пятен 4, крупнейшее 33%, ПУСТОТЫ 34% (в нижней половине 0%)
[sketch] шаблон: областей 2, из них удобных без увеличения 0, крупных заливок 2, непригодных 0; самая большая занимает 63% кадра, чернил 0,4%
[sketch] обход шар 270°: шаблон: областей 2, из них удобных без увеличения 0, крупных заливок 2, непригодных 0; самая большая занимает 63% кадра, чернил 0,4%
[кадр] обзор: неба 17%, пятен 5, крупнейшее 33%, ПУСТОТЫ 9% (в нижней половине 0%)
[sketch] шаблон: областей 2, из них удобных без увеличения 0, крупных заливок 2, непригодных 0; самая большая занимает 69% кадра, чернил 0,4%
[sketch] обход обзор: шаблон: областей 2, из них удобных без увеличения 0, крупных заливок 2, непригодных 0; самая большая занимает 69% кадра, чернил 0,4%
[кадр] под ноги: неба 0%, пятен 3, крупнейшее 31%, ПУСТОТЫ 0% (в нижней половине 0%)
[sketch] шаблон: областей 3, из них удобных без увеличения 0, крупных заливок 3, непригодных 0; самая большая занимает 44% кадра, чернил 0,9%
[sketch] обход под ноги: шаблон: областей 3, из них удобных без увеличения 0, крупных заливок 3, непригодных 0; самая большая занимает 44% кадра, чернил 0,9%
[кадр] уровень сверху: неба 55%, пятен 6, крупнейшее 55%, ПУСТОТЫ 50% (в нижней половине 50%)
[sketch] шаблон: областей 1, из них удобных без увеличения 0, крупных заливок 1, непригодных 0; самая большая занимает 100% кадра, чернил 0,0%
[sketch] обход уровень сверху: шаблон: областей 1, из них удобных без увеличения 0, крупных заливок 1, непригодных 0; самая большая занимает 100% кадра, чернил 0,0%
[кадр] уровень с юга: неба 57%, пятен 5, крупнейшее 58%, ПУСТОТЫ 53% (в нижней половине 22%)
[sketch] шаблон: областей 1, из них удобных без увеличения 0, крупных заливок 1, непригодных 0; самая большая занимает 100% кадра, чернил 0,0%
[sketch] обход уровень с юга: шаблон: областей 1, из них удобных без увеличения 0, крупных заливок 1, непригодных 0; самая большая занимает 100% кадра, чернил 0,0%
[кадр] уровень с юго-запада: неба 80%, пятен 2, крупнейшее 96%, ПУСТОТЫ 78% (в нижней половине 64%)
[sketch] шаблон: областей 1, из них удобных без увеличения 0, крупных заливок 1, непригодных 0; самая большая занимает 100% кадра, чернил 0,0%
[sketch] обход уровень с юго-запада: шаблон: областей 1, из них удобных без увеличения 0, крупных заливок 1, непригодных 0; самая большая занимает 100% кадра, чернил 0,0%
[кадр] уровень с запада: неба 58%, пятен 6, крупнейшее 55%, ПУСТОТЫ 53% (в нижней половине 23%)
[sketch] шаблон: областей 1, из них удобных без увеличения 0, крупных заливок 1, непригодных 0; самая большая занимает 100% кадра, чернил 0,0%
[sketch] обход уровень с запада: шаблон: областей 1, из них удобных без увеличения 0, крупных заливок 1, непригодных 0; самая большая занимает 100% кадра, чернил 0,0%
[кадр] уровень с северо-запада: неба 80%, пятен 2, крупнейшее 96%, ПУСТОТЫ 77% (в нижней половине 65%)
[PERF] fps=2,0 frame=1165,55ms draw=15 prim=179594 obj=629 vram=229,3MB tex=118,8MB | veg: full=0 lod1=0 hide=13821 instVis=25817 instHide=13821 chunks=14
[sketch] шаблон: областей 1, из них удобных без увеличения 0, крупных заливок 1, непригодных 0; самая большая занимает 100% кадра, чернил 0,0%
[sketch] обход уровень с северо-запада: шаблон: областей 1, из них удобных без увеличения 0, крупных заливок 1, непригодных 0; самая большая занимает 100% кадра, чернил 0,0%
[кадр] уровень с севера: неба 56%, пятен 5, крупнейшее 57%, ПУСТОТЫ 52% (в нижней половине 20%)
[sketch] шаблон: областей 1, из них удобных без увеличения 0, крупных заливок 1, непригодных 0; самая большая занимает 100% кадра, чернил 0,0%
[sketch] обход уровень с севера: шаблон: областей 1, из них удобных без увеличения 0, крупных заливок 1, непригодных 0; самая большая занимает 100% кадра, чернил 0,0%
[кадр] уровень с северо-востока: неба 79%, пятен 1, крупнейшее 97%, ПУСТОТЫ 77% (в нижней половине 64%)
[sketch] шаблон: областей 1, из них удобных без увеличения 0, крупных заливок 1, непригодных 0; самая большая занимает 100% кадра, чернил 0,0%
[sketch] обход уровень с северо-востока: шаблон: областей 1, из них удобных без увеличения 0, крупных заливок 1, непригодных 0; самая большая занимает 100% кадра, чернил 0,0%
[кадр] уровень с востока: неба 56%, пятен 5, крупнейшее 55%, ПУСТОТЫ 53% (в нижней половине 21%)
[sketch] шаблон: областей 1, из них удобных без увеличения 0, крупных заливок 1, непригодных 0; самая большая занимает 100% кадра, чернил 0,0%
[sketch] обход уровень с востока: шаблон: областей 1, из них удобных без увеличения 0, крупных заливок 1, непригодных 0; самая большая занимает 100% кадра, чернил 0,0%
[кадр] уровень с юго-востока: неба 79%, пятен 1, крупнейшее 97%, ПУСТОТЫ 78% (в нижней половине 64%)
[sketch] шаблон: областей 1, из них удобных без увеличения 0, крупных заливок 1, непригодных 0; самая большая занимает 100% кадра, чернил 0,0%
[sketch] обход уровень с юго-востока: шаблон: областей 1, из них удобных без увеличения 0, крупных заливок 1, непригодных 0; самая большая занимает 100% кадра, чернил 0,0%
[telemetry] снимков сохранено: 23 в D:/Godot/ColoringBook/logs\20260817_225712_seed42_sweep_shots
[PERF] fps=60,0 frame=2,12ms draw=15 prim=179582 obj=623 vram=196,9MB tex=87,8MB | veg: full=0 lod1=0 hide=13821 instVis=25817 instHide=13821 chunks=14
[PERF] fps=60,0 frame=2,64ms draw=15 prim=179582 obj=623 vram=196,9MB tex=87,8MB | veg: full=0 lod1=0 hide=13821 instVis=25817 instHide=13821 chunks=14
[PERF] fps=60,0 frame=4,01ms draw=15 prim=179582 obj=623 vram=196,9MB tex=87,8MB | veg: full=0 lod1=0 hide=13821 instVis=25817 instHide=13821 chunks=14
[PERF] fps=60,0 frame=4,18ms draw=15 prim=179582 obj=623 vram=196,9MB tex=87,8MB | veg: full=0 lod1=0 hide=13821 instVis=25817 instHide=13821 chunks=14
[PERF] fps=60,0 frame=3,20ms draw=15 prim=179582 obj=623 vram=196,9MB tex=87,8MB | veg: full=0 lod1=0 hide=13821 instVis=25817 instHide=13821 chunks=14
[PERF] fps=60,0 frame=4,24ms draw=15 prim=179582 obj=623 vram=196,9MB tex=87,8MB | veg: full=0 lod1=0 hide=13821 instVis=25817 instHide=13821 chunks=14
[PERF] fps=60,0 frame=5,78ms draw=15 prim=179582 obj=623 vram=196,9MB tex=87,8MB | veg: full=0 lod1=0 hide=13821 instVis=25817 instHide=13821 chunks=14
