ColoringBook — журнал запуска 2026-08-20 22:03:12
[bootstrap] каталог логов: D:/Godot/ColoringBook/logs
PlantCatalog ready: 9 variants x kinds
=== ColoringBook Bootstrap | BUILD STAMP: 2026-08-19-V372 (Fill-Spill-Merge: уровень озера по объёму воды — крупнейшее 222 -> 77 км²)
[shaders] res://assets/shaders/terrain.gdshader — ок
[shaders] res://assets/shaders/water.gdshader — ок
[shaders] res://assets/shaders/foliage.gdshader — ок
[shaders] res://assets/shaders/impostor.gdshader — ок
[shaders] res://assets/shaders/sketch_id.gdshader — ок
[shaders] res://assets/shaders/sketch_depth.gdshader — ок
[shaders] res://assets/shaders/sketch_normal.gdshader — ок
[bootstrap] MaxFps=60, VSync=Disabled
[устройство] стол, поле полное, уровень при запуске, журнал в res://logs, ядер 8
[bootstrap] StartupMode = Level
[разведка] поле 241x241 за 19862 мс, место (9,1, -50,9) км от середины территории
[нрав] поднятие 8,7 м (разброс 1,78, период 17 км), врез 22, осыпание 0,007, итераций 905
[фон-эрозия] поле 961x961 за 356127 мс
[высоты] размах поля 8964 м, дно 800 м, верх 10124 м
[высоты] p10 2164 м, медиана 3567, p90 4833, разница p10-p90 2670 м (в Альпах 2000-2500)
[вода] 0,0% площади (норма Альп 1.5-6)
[озёра] 0 крупнее 0.05 км²
[острова] 0
[плитка] 5 км, ячейка 30 м, за 6024 мс
[маршруты] окно 20 км: опор 89, рёбер 41, сеть 93,8 км, за 2068 мс
[пояса] лес 0,362, редколесье 0,461, альпика 0,532, осыпь 0,583, скала 0,637, снег 0,692
[пояса] пределы выборки 108,7..1004,3 ед (1160..10115 м), смещение 7,2 ед
[фон-материал] шейдер рельефа, размах высот 116,0..1011,5 ед
[рельеф вокруг игрока] средний уклон 13,3°, p95 32,5°, перепад 5940 м, круче 35° 4%, доля дна 23%, шпилей 251  <-- ПОЛОГО  <-- ШПИЛИ
[рельеф вся территория] средний уклон 13,3°, p95 32,5°, перепад 5940 м, круче 35° 4%, доля дна 23%, шпилей 251  <-- ПОЛОГО  <-- ШПИЛИ
[старт] пояс Forest, высота 5043 м
[старт] опора сети: вид 82%, (684, 387), сток 1, в 7,9 км от середины поля при пределе 172,8; опор всего 89
[дыра] высоты в точке старта: поле 5043 м, меш 7498 м, разница -2455 м; накрывает кольцо 0, ячейка 120 м
[дыра] камера обхода садится на высоту ПОЛЯ, а видит меш: камера ПОД ПОВЕРХНОСТЬЮ на 2455 м
[дыра] треугольников рельефа вокруг точки: в 100 м — 5, в 500 м — 110, в 2000 м — 1741
[дыра] место разведки (9,1, -50,9) км от середины территории; игрок в 7859 м от середины ПОЛЯ
[дыра] половины колец, км: 0:57,6
[покров] по площади (13271 км²): Water 1,7%, Grassland 25,6%, Forest 16,9%, Shrubland 12,1%, Alpine 8,0%, Scree 13,8%, Rock 14,5%, Snow 7,3%
[вода] ячеек покрова по кольцам: 120м:15795
[дренаж] сетка 961, область 115 км, 1555 мс
[рельеф-отчёт] D:/Godot/ColoringBook/logs\20260820_221004_terrain.json
[рельеф-сетки] D:/Godot/ColoringBook/logs\20260820_221004_terrain.bin
[журнал] D:/Godot/ColoringBook/logs\20260820_220312_session.log
[фон-щели] одиночных рёбер 3840, из них на внешнем крае есть; радиусы от 5760 до 5760 ед (границы колец: 5760)
[фон-меш] рельеф: граней вверх 1843200, вниз 0 (0,0%), вырожденных 0 | расхождение на стыке колец 0,0 м
[фон-пандус] наибольший уклон переходной полосы 0,0°, ширина полосы 8 ячеек (960..480 м)
[фон] колец 1, шаг 120..120 м, область 115 км, четырёхугольников 921600, треугольников 1843200
[растительность] ОТКЛЮЧЕНА (LevelView3D.VegetationOn = false)
[время] рельеф и меш: 411502 мс
--- Seed 42 | Season Summer ---
уровень из колец, сид 42
[камера] обзор на (684, 387), наклон 35°, удаление 2,2 км
[bootstrap] mode=Level (main scene). P = switch to plant gallery.
[bootstrap] galleryActive=False regions=0 | terrain: mesh=null visible=True | rivers: mesh=null visible=True | water: mesh=null visible=True | vegRoot: children=0 visible=True | galleryRoot=none
[PERF] fps=60,0 frame=2,59ms draw=7 prim=1844348 obj=575 vram=363,2MB tex=68,3MB | veg: full=0 lod1=0 hide=0 instVis=0 instHide=0 chunks=0
[PERF] fps=60,0 frame=5,55ms draw=7 prim=1844348 obj=575 vram=363,2MB tex=68,3MB | veg: full=0 lod1=0 hide=0 instVis=0 instHide=0 chunks=0
[PERF] fps=56,0 frame=5,73ms draw=7 prim=1844344 obj=573 vram=425,8MB tex=82,5MB | veg: full=0 lod1=0 hide=0 instVis=0 instHide=0 chunks=0
[PERF] fps=60,0 frame=2,09ms draw=7 prim=1844348 obj=575 vram=425,8MB tex=82,5MB | veg: full=0 lod1=0 hide=0 instVis=0 instHide=0 chunks=0
[PERF] fps=60,0 frame=1,68ms draw=7 prim=1844352 obj=577 vram=425,8MB tex=82,5MB | veg: full=0 lod1=0 hide=0 instVis=0 instHide=0 chunks=0
[PERF] fps=60,0 frame=2,07ms draw=7 prim=1844348 obj=575 vram=425,8MB tex=82,5MB | veg: full=0 lod1=0 hide=0 instVis=0 instHide=0 chunks=0
[PERF] fps=60,0 frame=2,22ms draw=7 prim=1844356 obj=579 vram=425,8MB tex=82,5MB | veg: full=0 lod1=0 hide=0 instVis=0 instHide=0 chunks=0
[PERF] fps=60,0 frame=2,28ms draw=7 prim=1844364 obj=583 vram=425,8MB tex=82,5MB | veg: full=0 lod1=0 hide=0 instVis=0 instHide=0 chunks=0
[PERF] fps=60,0 frame=2,89ms draw=7 prim=1844360 obj=581 vram=425,8MB tex=82,5MB | veg: full=0 lod1=0 hide=0 instVis=0 instHide=0 chunks=0
[PERF] fps=60,0 frame=2,27ms draw=7 prim=1844360 obj=581 vram=425,8MB tex=82,5MB | veg: full=0 lod1=0 hide=0 instVis=0 instHide=0 chunks=0
[PERF] fps=60,0 frame=1,79ms draw=7 prim=1844360 obj=581 vram=425,8MB tex=82,5MB | veg: full=0 lod1=0 hide=0 instVis=0 instHide=0 chunks=0
[PERF] fps=60,0 frame=1,77ms draw=7 prim=1844360 obj=581 vram=425,8MB tex=82,5MB | veg: full=0 lod1=0 hide=0 instVis=0 instHide=0 chunks=0
[PERF] fps=60,0 frame=1,79ms draw=7 prim=1844360 obj=581 vram=425,8MB tex=82,5MB | veg: full=0 lod1=0 hide=0 instVis=0 instHide=0 chunks=0
[PERF] fps=60,0 frame=1,96ms draw=7 prim=1844360 obj=581 vram=425,8MB tex=82,5MB | veg: full=0 lod1=0 hide=0 instVis=0 instHide=0 chunks=0
[PERF] fps=60,0 frame=1,84ms draw=7 prim=1844360 obj=581 vram=425,8MB tex=82,5MB | veg: full=0 lod1=0 hide=0 instVis=0 instHide=0 chunks=0
[PERF] fps=60,0 frame=2,27ms draw=7 prim=1844360 obj=581 vram=425,8MB tex=82,5MB | veg: full=0 lod1=0 hide=0 instVis=0 instHide=0 chunks=0
[PERF] fps=60,0 frame=7,50ms draw=7 prim=1844360 obj=581 vram=425,8MB tex=82,5MB | veg: full=0 lod1=0 hide=0 instVis=0 instHide=0 chunks=0
[PERF] fps=60,0 frame=3,96ms draw=7 prim=1844360 obj=581 vram=425,8MB tex=82,5MB | veg: full=0 lod1=0 hide=0 instVis=0 instHide=0 chunks=0
[PERF] fps=57,0 frame=10,55ms draw=7 prim=1844364 obj=583 vram=425,8MB tex=82,5MB | veg: full=0 lod1=0 hide=0 instVis=0 instHide=0 chunks=0
[PERF] fps=60,0 frame=2,65ms draw=7 prim=1844360 obj=581 vram=425,8MB tex=82,5MB | veg: full=0 lod1=0 hide=0 instVis=0 instHide=0 chunks=0
[PERF] fps=60,0 frame=16,37ms draw=7 prim=1844364 obj=583 vram=425,8MB tex=82,5MB | veg: full=0 lod1=0 hide=0 instVis=0 instHide=0 chunks=0
[PERF] fps=60,0 frame=2,30ms draw=7 prim=1844360 obj=581 vram=425,8MB tex=82,5MB | veg: full=0 lod1=0 hide=0 instVis=0 instHide=0 chunks=0
[PERF] fps=60,0 frame=2,55ms draw=7 prim=1844356 obj=579 vram=425,8MB tex=82,5MB | veg: full=0 lod1=0 hide=0 instVis=0 instHide=0 chunks=0
[PERF] fps=60,0 frame=2,35ms draw=7 prim=1844360 obj=581 vram=425,8MB tex=82,5MB | veg: full=0 lod1=0 hide=0 instVis=0 instHide=0 chunks=0
[PERF] fps=60,0 frame=2,26ms draw=7 prim=1844360 obj=581 vram=425,8MB tex=82,5MB | veg: full=0 lod1=0 hide=0 instVis=0 instHide=0 chunks=0
[PERF] fps=60,0 frame=2,22ms draw=7 prim=1844364 obj=583 vram=425,8MB tex=82,5MB | veg: full=0 lod1=0 hide=0 instVis=0 instHide=0 chunks=0
[PERF] fps=60,0 frame=1,75ms draw=7 prim=1844364 obj=583 vram=425,8MB tex=82,5MB | veg: full=0 lod1=0 hide=0 instVis=0 instHide=0 chunks=0
[PERF] fps=60,0 frame=3,16ms draw=7 prim=1844364 obj=583 vram=425,8MB tex=82,5MB | veg: full=0 lod1=0 hide=0 instVis=0 instHide=0 chunks=0
[PERF] fps=60,0 frame=2,65ms draw=7 prim=1844364 obj=583 vram=425,8MB tex=82,5MB | veg: full=0 lod1=0 hide=0 instVis=0 instHide=0 chunks=0
[PERF] fps=60,0 frame=2,96ms draw=7 prim=1844364 obj=583 vram=425,8MB tex=82,5MB | veg: full=0 lod1=0 hide=0 instVis=0 instHide=0 chunks=0
[PERF] fps=56,0 frame=5,11ms draw=7 prim=1844364 obj=583 vram=425,8MB tex=82,5MB | veg: full=0 lod1=0 hide=0 instVis=0 instHide=0 chunks=0
[PERF] fps=60,0 frame=2,79ms draw=7 prim=1844364 obj=583 vram=425,8MB tex=82,5MB | veg: full=0 lod1=0 hide=0 instVis=0 instHide=0 chunks=0
[PERF] fps=61,0 frame=2,65ms draw=7 prim=1844364 obj=583 vram=425,8MB tex=82,5MB | veg: full=0 lod1=0 hide=0 instVis=0 instHide=0 chunks=0
[PERF] fps=60,0 frame=2,09ms draw=7 prim=1844364 obj=583 vram=425,8MB tex=82,5MB | veg: full=0 lod1=0 hide=0 instVis=0 instHide=0 chunks=0
[PERF] fps=60,0 frame=6,04ms draw=7 prim=1844364 obj=583 vram=425,8MB tex=82,5MB | veg: full=0 lod1=0 hide=0 instVis=0 instHide=0 chunks=0
[обход] 18 поз: весь уровень, четверти, глаз из (684, 387), шар
[telemetry] обход уровня записан: D:/Godot/ColoringBook/logs\20260820_191153_seed42_sweep.json
[обход] 18 поз: весь уровень, четверти, глаз из (684, 387), шар
[кадр] весь уровень сверху: неба 51%, пятен 8, крупнейшее 32%, ПУСТОТЫ 44% (в нижней половине 44%)
[sketch] шаблон: областей 1, из них удобных без увеличения 0, крупных заливок 1, непригодных 0; самая большая занимает 100% кадра, чернил 0,0%
[sketch] обход весь уровень сверху: шаблон: областей 1, из них удобных без увеличения 0, крупных заливок 1, непригодных 0; самая большая занимает 100% кадра, чернил 0,0%
[кадр] весь уровень косо 0°: неба 43%, пятен 7, крупнейшее 48%, ПУСТОТЫ 37% (в нижней половине 3%)
[sketch] шаблон: областей 1, из них удобных без увеличения 0, крупных заливок 1, непригодных 0; самая большая занимает 100% кадра, чернил 0,0%
[sketch] обход весь уровень косо 0°: шаблон: областей 1, из них удобных без увеличения 0, крупных заливок 1, непригодных 0; самая большая занимает 100% кадра, чернил 0,0%
[кадр] весь уровень косо 120°: неба 40%, пятен 7, крупнейшее 53%, ПУСТОТЫ 36% (в нижней половине 3%)
[sketch] шаблон: областей 1, из них удобных без увеличения 0, крупных заливок 1, непригодных 0; самая большая занимает 100% кадра, чернил 0,0%
[sketch] обход весь уровень косо 120°: шаблон: областей 1, из них удобных без увеличения 0, крупных заливок 1, непригодных 0; самая большая занимает 100% кадра, чернил 0,0%
[кадр] весь уровень косо 240°: неба 49%, пятен 8, крупнейшее 44%, ПУСТОТЫ 36% (в нижней половине 2%)
[sketch] шаблон: областей 1, из них удобных без увеличения 0, крупных заливок 1, непригодных 0; самая большая занимает 100% кадра, чернил 0,0%
[sketch] обход весь уровень косо 240°: шаблон: областей 1, из них удобных без увеличения 0, крупных заливок 1, непригодных 0; самая большая занимает 100% кадра, чернил 0,0%
[кадр] четверть 1: неба 29%, пятен 9, крупнейшее 27%, ПУСТОТЫ 25% (в нижней половине 0%)
[sketch] шаблон: областей 1, из них удобных без увеличения 0, крупных заливок 1, непригодных 0; самая большая занимает 100% кадра, чернил 0,0%
[sketch] обход четверть 1: шаблон: областей 1, из них удобных без увеличения 0, крупных заливок 1, непригодных 0; самая большая занимает 100% кадра, чернил 0,0%
[PERF] fps=2,0 frame=543,89ms draw=8 prim=3687564 obj=584 vram=463,1MB tex=113,5MB | veg: full=0 lod1=0 hide=0 instVis=0 instHide=0 chunks=0
[кадр] четверть 2: неба 38%, пятен 10, крупнейшее 52%, ПУСТОТЫ 26% (в нижней половине 0%)
[sketch] шаблон: областей 1, из них удобных без увеличения 0, крупных заливок 1, непригодных 0; самая большая занимает 100% кадра, чернил 0,0%
[sketch] обход четверть 2: шаблон: областей 1, из них удобных без увеличения 0, крупных заливок 1, непригодных 0; самая большая занимает 100% кадра, чернил 0,0%
[кадр] четверть 3: неба 37%, пятен 6, крупнейшее 59%, ПУСТОТЫ 34% (в нижней половине 4%)
[sketch] шаблон: областей 1, из них удобных без увеличения 0, крупных заливок 1, непригодных 0; самая большая занимает 100% кадра, чернил 0,0%
[sketch] обход четверть 3: шаблон: областей 1, из них удобных без увеличения 0, крупных заливок 1, непригодных 0; самая большая занимает 100% кадра, чернил 0,0%
[кадр] четверть 4: неба 36%, пятен 9, крупнейшее 58%, ПУСТОТЫ 30% (в нижней половине 0%)
[sketch] шаблон: областей 1, из них удобных без увеличения 0, крупных заливок 1, непригодных 0; самая большая занимает 100% кадра, чернил 0,0%
[sketch] обход четверть 4: шаблон: областей 1, из них удобных без увеличения 0, крупных заливок 1, непригодных 0; самая большая занимает 100% кадра, чернил 0,0%
[кадр] глаз 0°: неба 50%, пятен 6, крупнейшее 50%, ПУСТОТЫ 51% (в нижней половине 98%)
[sketch] шаблон: областей 2, из них удобных без увеличения 0, крупных заливок 2, непригодных 0; самая большая занимает 80% кадра, чернил 0,6%
[sketch] обход глаз 0°: шаблон: областей 2, из них удобных без увеличения 0, крупных заливок 2, непригодных 0; самая большая занимает 80% кадра, чернил 0,6%
[кадр] глаз 45°: неба 49%, пятен 3, крупнейшее 50%, ПУСТОТЫ 50% (в нижней половине 99%)
[sketch] шаблон: областей 2, из них удобных без увеличения 0, крупных заливок 2, непригодных 0; самая большая занимает 84% кадра, чернил 0,5%
[sketch] обход глаз 45°: шаблон: областей 2, из них удобных без увеличения 0, крупных заливок 2, непригодных 0; самая большая занимает 84% кадра, чернил 0,5%
[кадр] глаз 90°: неба 50%, пятен 4, крупнейшее 50%, ПУСТОТЫ 52% (в нижней половине 98%)
[sketch] шаблон: областей 2, из них удобных без увеличения 0, крупных заливок 2, непригодных 0; самая большая занимает 82% кадра, чернил 0,5%
[sketch] обход глаз 90°: шаблон: областей 2, из них удобных без увеличения 0, крупных заливок 2, непригодных 0; самая большая занимает 82% кадра, чернил 0,5%
[кадр] глаз 135°: неба 51%, пятен 5, крупнейшее 50%, ПУСТОТЫ 51% (в нижней половине 99%)
[sketch] шаблон: областей 2, из них удобных без увеличения 0, крупных заливок 2, непригодных 0; самая большая занимает 81% кадра, чернил 0,5%
[sketch] обход глаз 135°: шаблон: областей 2, из них удобных без увеличения 0, крупных заливок 2, непригодных 0; самая большая занимает 81% кадра, чернил 0,5%
[кадр] глаз 180°: неба 51%, пятен 4, крупнейшее 50%, ПУСТОТЫ 51% (в нижней половине 100%)
[sketch] шаблон: областей 3, из них удобных без увеличения 1, крупных заливок 2, непригодных 0; самая большая занимает 80% кадра, чернил 0,5%
[sketch] обход глаз 180°: шаблон: областей 3, из них удобных без увеличения 1, крупных заливок 2, непригодных 0; самая большая занимает 80% кадра, чернил 0,5%
[кадр] глаз 225°: неба 51%, пятен 3, крупнейшее 49%, ПУСТОТЫ 50% (в нижней половине 99%)
[sketch] шаблон: областей 2, из них удобных без увеличения 0, крупных заливок 2, непригодных 0; самая большая занимает 83% кадра, чернил 0,5%
[sketch] обход глаз 225°: шаблон: областей 2, из них удобных без увеличения 0, крупных заливок 2, непригодных 0; самая большая занимает 83% кадра, чернил 0,5%
[PERF] fps=6,0 frame=1486,07ms draw=8 prim=3687572 obj=588 vram=463,1MB tex=113,5MB | veg: full=0 lod1=0 hide=0 instVis=0 instHide=0 chunks=0
[кадр] глаз 270°: неба 50%, пятен 5, крупнейшее 51%, ПУСТОТЫ 51% (в нижней половине 100%)
[sketch] шаблон: областей 2, из них удобных без увеличения 0, крупных заливок 2, непригодных 0; самая большая занимает 78% кадра, чернил 0,6%
[sketch] обход глаз 270°: шаблон: областей 2, из них удобных без увеличения 0, крупных заливок 2, непригодных 0; самая большая занимает 78% кадра, чернил 0,6%
[кадр] глаз 315°: неба 50%, пятен 6, крупнейшее 51%, ПУСТОТЫ 51% (в нижней половине 99%)
[sketch] шаблон: областей 2, из них удобных без увеличения 0, крупных заливок 2, непригодных 0; самая большая занимает 78% кадра, чернил 0,6%
[sketch] обход глаз 315°: шаблон: областей 2, из них удобных без увеличения 0, крупных заливок 2, непригодных 0; самая большая занимает 78% кадра, чернил 0,6%
[кадр] шар 0°: неба 60%, пятен 2, крупнейшее 61%, ПУСТОТЫ 62% (в нижней половине 100%)
[sketch] шаблон: областей 2, из них удобных без увеличения 0, крупных заливок 2, непригодных 0; самая большая занимает 84% кадра, чернил 0,6%
[sketch] обход шар 0°: шаблон: областей 2, из них удобных без увеличения 0, крупных заливок 2, непригодных 0; самая большая занимает 84% кадра, чернил 0,6%
[кадр] шар 180°: неба 63%, пятен 2, крупнейшее 62%, ПУСТОТЫ 63% (в нижней половине 100%)
[sketch] шаблон: областей 3, из них удобных без увеличения 1, крупных заливок 2, непригодных 0; самая большая занимает 85% кадра, чернил 0,5%
[sketch] обход шар 180°: шаблон: областей 3, из них удобных без увеличения 1, крупных заливок 2, непригодных 0; самая большая занимает 85% кадра, чернил 0,5%
[telemetry] снимков сохранено: 18 в D:/Godot/ColoringBook/logs\20260820_191153_seed42_sweep_shots
[PERF] fps=61,0 frame=5,05ms draw=7 prim=1844360 obj=581 vram=431,7MB tex=82,5MB | veg: full=0 lod1=0 hide=0 instVis=0 instHide=0 chunks=0
[PERF] fps=60,0 frame=4,02ms draw=7 prim=1844360 obj=581 vram=431,7MB tex=82,5MB | veg: full=0 lod1=0 hide=0 instVis=0 instHide=0 chunks=0
[PERF] fps=60,0 frame=2,82ms draw=7 prim=1844360 obj=581 vram=431,7MB tex=82,5MB | veg: full=0 lod1=0 hide=0 instVis=0 instHide=0 chunks=0
[PERF] fps=60,0 frame=2,51ms draw=7 prim=1844360 obj=581 vram=431,7MB tex=82,5MB | veg: full=0 lod1=0 hide=0 instVis=0 instHide=0 chunks=0
[PERF] fps=60,0 frame=2,51ms draw=7 prim=1844360 obj=581 vram=431,7MB tex=82,5MB | veg: full=0 lod1=0 hide=0 instVis=0 instHide=0 chunks=0
[PERF] fps=60,0 frame=3,48ms draw=7 prim=1844360 obj=581 vram=431,7MB tex=82,5MB | veg: full=0 lod1=0 hide=0 instVis=0 instHide=0 chunks=0
[PERF] fps=60,0 frame=2,94ms draw=7 prim=1844360 obj=581 vram=431,7MB tex=82,5MB | veg: full=0 lod1=0 hide=0 instVis=0 instHide=0 chunks=0
[PERF] fps=60,0 frame=2,47ms draw=7 prim=1844360 obj=581 vram=431,7MB tex=82,5MB | veg: full=0 lod1=0 hide=0 instVis=0 instHide=0 chunks=0
[PERF] fps=60,0 frame=2,88ms draw=7 prim=1844360 obj=581 vram=431,7MB tex=82,5MB | veg: full=0 lod1=0 hide=0 instVis=0 instHide=0 chunks=0
[PERF] fps=60,0 frame=2,89ms draw=7 prim=1844360 obj=581 vram=431,7MB tex=82,5MB | veg: full=0 lod1=0 hide=0 instVis=0 instHide=0 chunks=0
