ColoringBook — журнал запуска 2026-08-18 19:21:16
[bootstrap] каталог логов: D:/Godot/ColoringBook/logs
PlantCatalog ready: 9 variants x kinds
=== ColoringBook Bootstrap | BUILD STAMP: 2026-08-18-V354 (осыпание ослаблено ради гребней; работа на стенде без прогона)
[shaders] res://assets/shaders/terrain.gdshader — ок
[shaders] res://assets/shaders/water.gdshader — ок
[shaders] res://assets/shaders/foliage.gdshader — ок
[shaders] res://assets/shaders/impostor.gdshader — ок
[shaders] res://assets/shaders/sketch_id.gdshader — ок
[shaders] res://assets/shaders/sketch_depth.gdshader — ок
[shaders] res://assets/shaders/sketch_normal.gdshader — ок
[bootstrap] MaxFps=60, VSync=Disabled
[устройство] стол, поле полное, уровень при запуске, журнал в res://logs, ядер 8
[bootstrap] StartupMode = Level
[разведка] поле 241x241 за 10346 мс, место (-27,8, -48,5) км от середины территории
[нрав] поднятие 10,9 м (разброс 2,38, период 6 км), врез 31, осыпание 0,010, итераций 365
[фон-эрозия] поле 961x961 за 203163 мс
[высоты] размах поля 6478 м, дно 800 м, верх 7278 м
[озёра] залитых ячеек 38130 из 923521 (4,1% поля)
[плитка] 5 км, ячейка 30 м, за 6190 мс
[маршруты] окно 20 км: опор 71, рёбер 25, сеть 55,4 км, за 2259 мс
[пояса] лес 0,373, редколесье 0,470, альпика 0,532, осыпь 0,572, скала 0,620, снег 0,668
[пояса] пределы выборки 86,7..699,3 ед (821..6947 м), смещение -4,5 ед
[фон-материал] шейдер рельефа, размах высот 82,1..694,7 ед
[рельеф] средний уклон 23,8°, p95 52,1°, перепад 5833 м, круче 35° 22%, доля дна 23%, шпилей 400  <-- ШПИЛИ
[старт] пояс Forest, высота 3246 м
[старт] опора сети: вид 70%, (-63, -774), сток 1, в 7,8 км от середины поля при пределе 172,8; опор всего 71
[дыра] высоты в точке старта: поле 3246 м, меш 3243 м, разница 3 м; накрывает кольцо 0, ячейка 120 м
[дыра] камера обхода садится на высоту ПОЛЯ, а видит меш: камера НАД поверхностью на 3 м
[дыра] треугольников рельефа вокруг точки: в 100 м — 3, в 500 м — 108, в 2000 м — 1747
[дыра] место разведки (-27,8, -48,5) км от середины территории; игрок в 7766 м от середины ПОЛЯ
[дыра] половины колец, км: 0:57,6
[покров] по площади (13271 км²): Water 5,8%, Grassland 16,6%, Forest 20,2%, Shrubland 13,7%, Alpine 9,5%, Scree 12,8%, Rock 15,0%, Snow 6,3%
[вода] ячеек покрова по кольцам: 120м:53608
[дренаж] сетка 241, область 115 км, 79 мс
[рельеф-отчёт] D:/Godot/ColoringBook/logs\20260818_192534_terrain.json
[рельеф-сетки] D:/Godot/ColoringBook/logs\20260818_192534_terrain.bin
[журнал] D:/Godot/ColoringBook/logs\20260818_192116_session.log
[фон-щели] одиночных рёбер 3840, из них на внешнем крае есть; радиусы от 5760 до 5760 ед (границы колец: 5760)
[фон-меш] рельеф: граней вверх 1843200, вниз 0 (0,0%), вырожденных 0 | расхождение на стыке колец 0,0 м
[фон-пандус] наибольший уклон переходной полосы 0,0°, ширина полосы 8 ячеек (960..480 м)
[фон] колец 1, шаг 120..120 м, область 115 км, четырёхугольников 921600, треугольников 1843200
[растительность] ОТКЛЮЧЕНА (LevelView3D.VegetationOn = false)
[время] рельеф и меш: 257672 мс
--- Seed 42 | Season Summer ---
уровень из колец, сид 42
[камера] обзор на (-63, -774), наклон 35°, удаление 2,2 км
[bootstrap] mode=Level (main scene). P = switch to plant gallery.
[bootstrap] galleryActive=False regions=0 | terrain: mesh=null visible=True | rivers: mesh=null visible=True | water: mesh=null visible=True | vegRoot: children=0 visible=True | galleryRoot=none
[PERF] fps=60,0 frame=2,03ms draw=7 prim=1844380 obj=591 vram=384,6MB tex=81,8MB | veg: full=0 lod1=0 hide=0 instVis=0 instHide=0 chunks=0
[PERF] fps=60,0 frame=1,73ms draw=7 prim=1844368 obj=585 vram=384,6MB tex=81,8MB | veg: full=0 lod1=0 hide=0 instVis=0 instHide=0 chunks=0
[PERF] fps=60,0 frame=1,74ms draw=7 prim=1844376 obj=589 vram=384,6MB tex=81,8MB | veg: full=0 lod1=0 hide=0 instVis=0 instHide=0 chunks=0
[PERF] fps=60,0 frame=1,79ms draw=7 prim=1844384 obj=593 vram=384,6MB tex=81,8MB | veg: full=0 lod1=0 hide=0 instVis=0 instHide=0 chunks=0
[обход] 18 поз: весь уровень, четверти, глаз из (-63, -774), шар
[telemetry] обход уровня записан: D:/Godot/ColoringBook/logs\20260818_162552_seed42_sweep.json
[обход] 18 поз: весь уровень, четверти, глаз из (-63, -774), шар
[кадр] весь уровень сверху: неба 51%, пятен 3, крупнейшее 55%, ПУСТОТЫ 47% (в нижней половине 46%)
[sketch] шаблон: областей 1, из них удобных без увеличения 0, крупных заливок 1, непригодных 0; самая большая занимает 100% кадра, чернил 0,0%
[sketch] обход весь уровень сверху: шаблон: областей 1, из них удобных без увеличения 0, крупных заливок 1, непригодных 0; самая большая занимает 100% кадра, чернил 0,0%
[кадр] весь уровень косо 0°: неба 44%, пятен 7, крупнейшее 50%, ПУСТОТЫ 39% (в нижней половине 5%)
[PERF] fps=4,0 frame=1280,98ms draw=7 prim=1844384 obj=593 vram=419,4MB tex=112,8MB | veg: full=0 lod1=0 hide=0 instVis=0 instHide=0 chunks=0
[sketch] шаблон: областей 1, из них удобных без увеличения 0, крупных заливок 1, непригодных 0; самая большая занимает 100% кадра, чернил 0,0%
[sketch] обход весь уровень косо 0°: шаблон: областей 1, из них удобных без увеличения 0, крупных заливок 1, непригодных 0; самая большая занимает 100% кадра, чернил 0,0%
[кадр] весь уровень косо 120°: неба 41%, пятен 5, крупнейшее 58%, ПУСТОТЫ 37% (в нижней половине 3%)
[sketch] шаблон: областей 1, из них удобных без увеличения 0, крупных заливок 1, непригодных 0; самая большая занимает 100% кадра, чернил 0,0%
[sketch] обход весь уровень косо 120°: шаблон: областей 1, из них удобных без увеличения 0, крупных заливок 1, непригодных 0; самая большая занимает 100% кадра, чернил 0,0%
[кадр] весь уровень косо 240°: неба 54%, пятен 10, крупнейшее 42%, ПУСТОТЫ 38% (в нижней половине 3%)
[sketch] шаблон: областей 1, из них удобных без увеличения 0, крупных заливок 1, непригодных 0; самая большая занимает 100% кадра, чернил 0,0%
[sketch] обход весь уровень косо 240°: шаблон: областей 1, из них удобных без увеличения 0, крупных заливок 1, непригодных 0; самая большая занимает 100% кадра, чернил 0,0%
[кадр] четверть 1: неба 35%, пятен 11, крупнейшее 29%, ПУСТОТЫ 30% (в нижней половине 3%)
[sketch] шаблон: областей 1, из них удобных без увеличения 0, крупных заливок 1, непригодных 0; самая большая занимает 100% кадра, чернил 0,0%
[sketch] обход четверть 1: шаблон: областей 1, из них удобных без увеличения 0, крупных заливок 1, непригодных 0; самая большая занимает 100% кадра, чернил 0,0%
[кадр] четверть 2: неба 37%, пятен 12, крупнейшее 48%, ПУСТОТЫ 30% (в нижней половине 2%)
[sketch] шаблон: областей 1, из них удобных без увеличения 0, крупных заливок 1, непригодных 0; самая большая занимает 100% кадра, чернил 0,0%
[sketch] обход четверть 2: шаблон: областей 1, из них удобных без увеличения 0, крупных заливок 1, непригодных 0; самая большая занимает 100% кадра, чернил 0,0%
[кадр] четверть 3: неба 37%, пятен 4, крупнейшее 54%, ПУСТОТЫ 36% (в нижней половине 4%)
[sketch] шаблон: областей 1, из них удобных без увеличения 0, крупных заливок 1, непригодных 0; самая большая занимает 100% кадра, чернил 0,0%
[sketch] обход четверть 3: шаблон: областей 1, из них удобных без увеличения 0, крупных заливок 1, непригодных 0; самая большая занимает 100% кадра, чернил 0,0%
[кадр] четверть 4: неба 45%, пятен 9, крупнейшее 43%, ПУСТОТЫ 32% (в нижней половине 1%)
[sketch] шаблон: областей 1, из них удобных без увеличения 0, крупных заливок 1, непригодных 0; самая большая занимает 100% кадра, чернил 0,0%
[sketch] обход четверть 4: шаблон: областей 1, из них удобных без увеличения 0, крупных заливок 1, непригодных 0; самая большая занимает 100% кадра, чернил 0,0%
[кадр] глаз 0°: неба 27%, пятен 7, крупнейшее 31%, ПУСТОТЫ 27% (в нижней половине 0%)
[sketch] шаблон: областей 14, из них удобных без увеличения 5, крупных заливок 4, непригодных 0; самая большая занимает 30% кадра, чернил 3,4%
[sketch] обход глаз 0°: шаблон: областей 14, из них удобных без увеличения 5, крупных заливок 4, непригодных 0; самая большая занимает 30% кадра, чернил 3,4%
[кадр] глаз 45°: неба 17%, пятен 6, крупнейшее 33%, ПУСТОТЫ 17% (в нижней половине 0%)
[sketch] шаблон: областей 10, из них удобных без увеличения 5, крупных заливок 3, непригодных 0; самая большая занимает 32% кадра, чернил 2,9%
[sketch] обход глаз 45°: шаблон: областей 10, из них удобных без увеличения 5, крупных заливок 3, непригодных 0; самая большая занимает 32% кадра, чернил 2,9%
[кадр] глаз 90°: неба 19%, пятен 5, крупнейшее 32%, ПУСТОТЫ 16% (в нижней половине 0%)
[PERF] fps=4,0 frame=1553,44ms draw=8 prim=3687580 obj=592 vram=421,6MB tex=112,8MB | veg: full=0 lod1=0 hide=0 instVis=0 instHide=0 chunks=0
[sketch] шаблон: областей 11, из них удобных без увеличения 5, крупных заливок 3, непригодных 0; самая большая занимает 34% кадра, чернил 4,2%
[sketch] обход глаз 90°: шаблон: областей 11, из них удобных без увеличения 5, крупных заливок 3, непригодных 0; самая большая занимает 34% кадра, чернил 4,2%
[кадр] глаз 135°: неба 18%, пятен 4, крупнейшее 33%, ПУСТОТЫ 16% (в нижней половине 0%)
[sketch] шаблон: областей 9, из них удобных без увеличения 3, крупных заливок 4, непригодных 0; самая большая занимает 36% кадра, чернил 3,6%
[sketch] обход глаз 135°: шаблон: областей 9, из них удобных без увеличения 3, крупных заливок 4, непригодных 0; самая большая занимает 36% кадра, чернил 3,6%
[кадр] глаз 180°: неба 22%, пятен 4, крупнейшее 33%, ПУСТОТЫ 19% (в нижней половине 0%)
[sketch] шаблон: областей 10, из них удобных без увеличения 3, крупных заливок 4, непригодных 0; самая большая занимает 36% кадра, чернил 4,5%
[sketch] обход глаз 180°: шаблон: областей 10, из них удобных без увеличения 3, крупных заливок 4, непригодных 0; самая большая занимает 36% кадра, чернил 4,5%
[кадр] глаз 225°: неба 27%, пятен 3, крупнейшее 33%, ПУСТОТЫ 24% (в нижней половине 0%)
[sketch] шаблон: областей 9, из них удобных без увеличения 3, крупных заливок 4, непригодных 0; самая большая занимает 35% кадра, чернил 3,0%
[sketch] обход глаз 225°: шаблон: областей 9, из них удобных без увеличения 3, крупных заливок 4, непригодных 0; самая большая занимает 35% кадра, чернил 3,0%
[кадр] глаз 270°: неба 33%, пятен 4, крупнейшее 33%, ПУСТОТЫ 31% (в нижней половине 0%)
[sketch] шаблон: областей 14, из них удобных без увеличения 7, крупных заливок 3, непригодных 0; самая большая занимает 37% кадра, чернил 2,5%
[sketch] обход глаз 270°: шаблон: областей 14, из них удобных без увеличения 7, крупных заливок 3, непригодных 0; самая большая занимает 37% кадра, чернил 2,5%
[кадр] глаз 315°: неба 24%, пятен 4, крупнейшее 33%, ПУСТОТЫ 23% (в нижней половине 0%)
[sketch] шаблон: областей 13, из них удобных без увеличения 4, крупных заливок 4, непригодных 0; самая большая занимает 30% кадра, чернил 2,8%
[sketch] обход глаз 315°: шаблон: областей 13, из них удобных без увеличения 4, крупных заливок 4, непригодных 0; самая большая занимает 30% кадра, чернил 2,8%
[кадр] шар 0°: неба 26%, пятен 6, крупнейшее 33%, ПУСТОТЫ 25% (в нижней половине 0%)
[sketch] шаблон: областей 3, из них удобных без увеличения 1, крупных заливок 2, непригодных 0; самая большая занимает 64% кадра, чернил 0,6%
[sketch] обход шар 0°: шаблон: областей 3, из них удобных без увеличения 1, крупных заливок 2, непригодных 0; самая большая занимает 64% кадра, чернил 0,6%
[кадр] шар 180°: неба 21%, пятен 8, крупнейшее 31%, ПУСТОТЫ 16% (в нижней половине 0%)
[sketch] шаблон: областей 2, из них удобных без увеличения 0, крупных заливок 2, непригодных 0; самая большая занимает 80% кадра, чернил 0,5%
[sketch] обход шар 180°: шаблон: областей 2, из них удобных без увеличения 0, крупных заливок 2, непригодных 0; самая большая занимает 80% кадра, чернил 0,5%
[telemetry] снимков сохранено: 18 в D:/Godot/ColoringBook/logs\20260818_162552_seed42_sweep_shots
[PERF] fps=4,0 frame=1309,75ms draw=7 prim=1844376 obj=589 vram=390,1MB tex=81,8MB | veg: full=0 lod1=0 hide=0 instVis=0 instHide=0 chunks=0
[PERF] fps=60,0 frame=2,32ms draw=7 prim=1844372 obj=587 vram=390,1MB tex=81,8MB | veg: full=0 lod1=0 hide=0 instVis=0 instHide=0 chunks=0
[PERF] fps=60,0 frame=1,78ms draw=7 prim=1844372 obj=587 vram=390,1MB tex=81,8MB | veg: full=0 lod1=0 hide=0 instVis=0 instHide=0 chunks=0
[PERF] fps=60,0 frame=2,29ms draw=7 prim=1844372 obj=587 vram=390,1MB tex=81,8MB | veg: full=0 lod1=0 hide=0 instVis=0 instHide=0 chunks=0
[PERF] fps=60,0 frame=3,31ms draw=7 prim=1844372 obj=587 vram=390,1MB tex=81,8MB | veg: full=0 lod1=0 hide=0 instVis=0 instHide=0 chunks=0
[PERF] fps=60,0 frame=2,29ms draw=7 prim=1844372 obj=587 vram=390,1MB tex=81,8MB | veg: full=0 lod1=0 hide=0 instVis=0 instHide=0 chunks=0
[PERF] fps=59,0 frame=6,79ms draw=7 prim=1844376 obj=589 vram=390,1MB tex=81,8MB | veg: full=0 lod1=0 hide=0 instVis=0 instHide=0 chunks=0
