ColoringBook — журнал запуска 2026-08-20 19:17:31
[bootstrap] каталог логов: D:/Godot/ColoringBook/logs
PlantCatalog ready: 9 variants x kinds
=== ColoringBook Bootstrap | BUILD STAMP: 2026-08-19-V371 (чаши: урез воды долей глубины вместо предела в метрах — ободок 5.5 -> 2.2%)
[shaders] res://assets/shaders/terrain.gdshader — ок
[shaders] res://assets/shaders/water.gdshader — ок
[shaders] res://assets/shaders/foliage.gdshader — ок
[shaders] res://assets/shaders/impostor.gdshader — ок
[shaders] res://assets/shaders/sketch_id.gdshader — ок
[shaders] res://assets/shaders/sketch_depth.gdshader — ок
[shaders] res://assets/shaders/sketch_normal.gdshader — ок
[bootstrap] MaxFps=60, VSync=Disabled
[устройство] стол, поле полное, уровень при запуске, журнал в res://logs, ядер 8
[bootstrap] StartupMode = Level
[разведка] поле 241x241 за 21259 мс, место (10,1, -51,8) км от середины территории
[нрав] поднятие 8,7 м (разброс 1,78, период 17 км), врез 22, осыпание 0,007, итераций 905
[фон-эрозия] поле 961x961 за 394183 мс
[высоты] размах поля 8865 м, дно 800 м, верх 10048 м
[высоты] p10 2071 м, медиана 3576, p90 4790, разница p10-p90 2719 м (в Альпах 2000-2500)
[вода] 5,4% площади (норма Альп 1.5-6)
[озёра] 24 крупнее 0.05 км², крупнейшее 222,7 км²
[острова] 0
[плитка] 5 км, ячейка 30 м, за 7285 мс
[маршруты] окно 20 км: опор 102, рёбер 44, сеть 85,3 км, за 1916 мс
[пояса] лес 0,360, редколесье 0,463, альпика 0,534, осыпь 0,579, скала 0,631, снег 0,686
[пояса] пределы выборки 118,6..1003,1 ед (1184..10030 м), смещение -0,1 ед
[фон-материал] шейдер рельефа, размах высот 118,4..1003,0 ед
[рельеф вокруг игрока] средний уклон 13,7°, p95 32,8°, перепад 5838 м, круче 35° 4%, доля дна 24%, шпилей 273  <-- ПОЛОГО  <-- ШПИЛИ
[рельеф вся территория] средний уклон 13,7°, p95 32,8°, перепад 5838 м, круче 35° 4%, доля дна 24%, шпилей 273  <-- ПОЛОГО  <-- ШПИЛИ
[старт] пояс Forest, высота 5141 м
[старт] опора сети: вид 82%, (-216, -873), сток 1, в 9,0 км от середины поля при пределе 172,8; опор всего 102
[дыра] высоты в точке старта: поле 5141 м, меш 7599 м, разница -2458 м; накрывает кольцо 0, ячейка 120 м
[дыра] камера обхода садится на высоту ПОЛЯ, а видит меш: камера ПОД ПОВЕРХНОСТЬЮ на 2458 м
[дыра] треугольников рельефа вокруг точки: в 100 м — 5, в 500 м — 110, в 2000 м — 1741
[дыра] место разведки (10,1, -51,8) км от середины территории; игрок в 8993 м от середины ПОЛЯ
[дыра] половины колец, км: 0:57,6
[покров] по площади (13271 км²): Water 6,8%, Grassland 21,9%, Forest 16,4%, Shrubland 11,7%, Alpine 7,6%, Scree 13,5%, Rock 15,2%, Snow 7,0%
[вода] ячеек покрова по кольцам: 120м:62910
[дренаж] сетка 961, область 115 км, 1945 мс
[рельеф-отчёт] D:/Godot/ColoringBook/logs\20260820_192506_terrain.json
[рельеф-сетки] D:/Godot/ColoringBook/logs\20260820_192506_terrain.bin
[журнал] D:/Godot/ColoringBook/logs\20260820_191731_session.log
[фон-щели] одиночных рёбер 3840, из них на внешнем крае есть; радиусы от 5760 до 5760 ед (границы колец: 5760)
[фон-меш] рельеф: граней вверх 1843200, вниз 0 (0,0%), вырожденных 0 | расхождение на стыке колец 0,0 м
[фон-пандус] наибольший уклон переходной полосы 0,0°, ширина полосы 8 ячеек (960..480 м)
[фон] колец 1, шаг 120..120 м, область 115 км, четырёхугольников 921600, треугольников 1843200
[растительность] ОТКЛЮЧЕНА (LevelView3D.VegetationOn = false)
[время] рельеф и меш: 454154 мс
--- Seed 42 | Season Summer ---
уровень из колец, сид 42
[камера] обзор на (-216, -873), наклон 35°, удаление 2,2 км
[bootstrap] mode=Level (main scene). P = switch to plant gallery.
[bootstrap] galleryActive=False regions=0 | terrain: mesh=null visible=True | rivers: mesh=null visible=True | water: mesh=null visible=True | vegRoot: children=0 visible=True | galleryRoot=none
[PERF] fps=60,0 frame=2,79ms draw=7 prim=1844388 obj=595 vram=387,1MB tex=81,8MB | veg: full=0 lod1=0 hide=0 instVis=0 instHide=0 chunks=0
[PERF] fps=60,0 frame=1,80ms draw=7 prim=1844388 obj=595 vram=387,1MB tex=81,8MB | veg: full=0 lod1=0 hide=0 instVis=0 instHide=0 chunks=0
[PERF] fps=60,0 frame=2,20ms draw=7 prim=1844384 obj=593 vram=387,1MB tex=81,8MB | veg: full=0 lod1=0 hide=0 instVis=0 instHide=0 chunks=0
[PERF] fps=60,0 frame=1,78ms draw=7 prim=1844380 obj=591 vram=387,1MB tex=81,8MB | veg: full=0 lod1=0 hide=0 instVis=0 instHide=0 chunks=0
[PERF] fps=60,0 frame=1,85ms draw=7 prim=1844380 obj=591 vram=387,1MB tex=81,8MB | veg: full=0 lod1=0 hide=0 instVis=0 instHide=0 chunks=0
[PERF] fps=60,0 frame=1,77ms draw=7 prim=1844384 obj=593 vram=387,1MB tex=81,8MB | veg: full=0 lod1=0 hide=0 instVis=0 instHide=0 chunks=0
[PERF] fps=60,0 frame=2,34ms draw=7 prim=1844384 obj=593 vram=387,1MB tex=81,8MB | veg: full=0 lod1=0 hide=0 instVis=0 instHide=0 chunks=0
[PERF] fps=60,0 frame=1,75ms draw=7 prim=1844384 obj=593 vram=387,1MB tex=81,8MB | veg: full=0 lod1=0 hide=0 instVis=0 instHide=0 chunks=0
[PERF] fps=60,0 frame=2,08ms draw=7 prim=1844384 obj=593 vram=387,1MB tex=81,8MB | veg: full=0 lod1=0 hide=0 instVis=0 instHide=0 chunks=0
[PERF] fps=60,0 frame=2,42ms draw=7 prim=1844384 obj=593 vram=387,1MB tex=81,8MB | veg: full=0 lod1=0 hide=0 instVis=0 instHide=0 chunks=0
[PERF] fps=60,0 frame=2,21ms draw=7 prim=1844384 obj=593 vram=387,1MB tex=81,8MB | veg: full=0 lod1=0 hide=0 instVis=0 instHide=0 chunks=0
[PERF] fps=60,0 frame=1,81ms draw=7 prim=1844384 obj=593 vram=387,1MB tex=81,8MB | veg: full=0 lod1=0 hide=0 instVis=0 instHide=0 chunks=0
[PERF] fps=60,0 frame=2,83ms draw=7 prim=1844384 obj=593 vram=387,1MB tex=81,8MB | veg: full=0 lod1=0 hide=0 instVis=0 instHide=0 chunks=0
[PERF] fps=60,0 frame=1,78ms draw=7 prim=1844384 obj=593 vram=387,1MB tex=81,8MB | veg: full=0 lod1=0 hide=0 instVis=0 instHide=0 chunks=0
[PERF] fps=60,0 frame=1,77ms draw=7 prim=1844384 obj=593 vram=387,1MB tex=81,8MB | veg: full=0 lod1=0 hide=0 instVis=0 instHide=0 chunks=0
[PERF] fps=60,0 frame=1,76ms draw=7 prim=1844384 obj=593 vram=387,1MB tex=81,8MB | veg: full=0 lod1=0 hide=0 instVis=0 instHide=0 chunks=0
[PERF] fps=60,0 frame=1,73ms draw=7 prim=1844384 obj=593 vram=387,1MB tex=81,8MB | veg: full=0 lod1=0 hide=0 instVis=0 instHide=0 chunks=0
[PERF] fps=60,0 frame=1,85ms draw=7 prim=1844384 obj=593 vram=387,1MB tex=81,8MB | veg: full=0 lod1=0 hide=0 instVis=0 instHide=0 chunks=0
[PERF] fps=60,0 frame=2,21ms draw=7 prim=1844384 obj=593 vram=387,1MB tex=81,8MB | veg: full=0 lod1=0 hide=0 instVis=0 instHide=0 chunks=0
[обход] 18 поз: весь уровень, четверти, глаз из (-216, -873), шар
[telemetry] обход уровня записан: D:/Godot/ColoringBook/logs\20260820_162607_seed42_sweep.json
[обход] 18 поз: весь уровень, четверти, глаз из (-216, -873), шар
[кадр] весь уровень сверху: неба 50%, пятен 7, крупнейшее 31%, ПУСТОТЫ 44% (в нижней половине 44%)
[sketch] шаблон: областей 1, из них удобных без увеличения 0, крупных заливок 1, непригодных 0; самая большая занимает 100% кадра, чернил 0,0%
[sketch] обход весь уровень сверху: шаблон: областей 1, из них удобных без увеличения 0, крупных заливок 1, непригодных 0; самая большая занимает 100% кадра, чернил 0,0%
[кадр] весь уровень косо 0°: неба 40%, пятен 6, крупнейшее 45%, ПУСТОТЫ 37% (в нижней половине 3%)
[sketch] шаблон: областей 1, из них удобных без увеличения 0, крупных заливок 1, непригодных 0; самая большая занимает 100% кадра, чернил 0,0%
[sketch] обход весь уровень косо 0°: шаблон: областей 1, из них удобных без увеличения 0, крупных заливок 1, непригодных 0; самая большая занимает 100% кадра, чернил 0,0%
[кадр] весь уровень косо 120°: неба 41%, пятен 7, крупнейшее 55%, ПУСТОТЫ 36% (в нижней половине 2%)
[sketch] шаблон: областей 1, из них удобных без увеличения 0, крупных заливок 1, непригодных 0; самая большая занимает 100% кадра, чернил 0,0%
[sketch] обход весь уровень косо 120°: шаблон: областей 1, из них удобных без увеличения 0, крупных заливок 1, непригодных 0; самая большая занимает 100% кадра, чернил 0,0%
[кадр] весь уровень косо 240°: неба 50%, пятен 8, крупнейшее 46%, ПУСТОТЫ 36% (в нижней половине 2%)
[sketch] шаблон: областей 1, из них удобных без увеличения 0, крупных заливок 1, непригодных 0; самая большая занимает 100% кадра, чернил 0,0%
[sketch] обход весь уровень косо 240°: шаблон: областей 1, из них удобных без увеличения 0, крупных заливок 1, непригодных 0; самая большая занимает 100% кадра, чернил 0,0%
[кадр] четверть 1: неба 31%, пятен 10, крупнейшее 25%, ПУСТОТЫ 25% (в нижней половине 0%)
[sketch] шаблон: областей 1, из них удобных без увеличения 0, крупных заливок 1, непригодных 0; самая большая занимает 100% кадра, чернил 0,0%
[sketch] обход четверть 1: шаблон: областей 1, из них удобных без увеличения 0, крупных заливок 1, непригодных 0; самая большая занимает 100% кадра, чернил 0,0%
[PERF] fps=6,0 frame=1180,17ms draw=8 prim=3687596 obj=600 vram=424,9MB tex=112,8MB | veg: full=0 lod1=0 hide=0 instVis=0 instHide=0 chunks=0
[кадр] четверть 2: неба 31%, пятен 6, крупнейшее 29%, ПУСТОТЫ 26% (в нижней половине 0%)
[sketch] шаблон: областей 1, из них удобных без увеличения 0, крупных заливок 1, непригодных 0; самая большая занимает 100% кадра, чернил 0,0%
[sketch] обход четверть 2: шаблон: областей 1, из них удобных без увеличения 0, крупных заливок 1, непригодных 0; самая большая занимает 100% кадра, чернил 0,0%
[кадр] четверть 3: неба 38%, пятен 6, крупнейшее 50%, ПУСТОТЫ 34% (в нижней половине 4%)
[sketch] шаблон: областей 1, из них удобных без увеличения 0, крупных заливок 1, непригодных 0; самая большая занимает 100% кадра, чернил 0,0%
[sketch] обход четверть 3: шаблон: областей 1, из них удобных без увеличения 0, крупных заливок 1, непригодных 0; самая большая занимает 100% кадра, чернил 0,0%
[кадр] четверть 4: неба 37%, пятен 11, крупнейшее 58%, ПУСТОТЫ 30% (в нижней половине 0%)
[sketch] шаблон: областей 1, из них удобных без увеличения 0, крупных заливок 1, непригодных 0; самая большая занимает 100% кадра, чернил 0,0%
[sketch] обход четверть 4: шаблон: областей 1, из них удобных без увеличения 0, крупных заливок 1, непригодных 0; самая большая занимает 100% кадра, чернил 0,0%
[кадр] глаз 0°: неба 49%, пятен 6, крупнейшее 51%, ПУСТОТЫ 51% (в нижней половине 99%)
[sketch] шаблон: областей 2, из них удобных без увеличения 0, крупных заливок 2, непригодных 0; самая большая занимает 78% кадра, чернил 0,6%
[sketch] обход глаз 0°: шаблон: областей 2, из них удобных без увеличения 0, крупных заливок 2, непригодных 0; самая большая занимает 78% кадра, чернил 0,6%
[кадр] глаз 45°: неба 51%, пятен 4, крупнейшее 52%, ПУСТОТЫ 52% (в нижней половине 100%)
[sketch] шаблон: областей 2, из них удобных без увеличения 0, крупных заливок 2, непригодных 0; самая большая занимает 81% кадра, чернил 0,5%
[sketch] обход глаз 45°: шаблон: областей 2, из них удобных без увеличения 0, крупных заливок 2, непригодных 0; самая большая занимает 81% кадра, чернил 0,5%
[кадр] глаз 90°: неба 52%, пятен 5, крупнейшее 51%, ПУСТОТЫ 51% (в нижней половине 99%)
[sketch] шаблон: областей 4, из них удобных без увеличения 0, крупных заливок 3, непригодных 0; самая большая занимает 84% кадра, чернил 0,5%
[sketch] обход глаз 90°: шаблон: областей 4, из них удобных без увеличения 0, крупных заливок 3, непригодных 0; самая большая занимает 84% кадра, чернил 0,5%
[кадр] глаз 135°: неба 51%, пятен 5, крупнейшее 51%, ПУСТОТЫ 51% (в нижней половине 98%)
[sketch] шаблон: областей 4, из них удобных без увеличения 1, крупных заливок 3, непригодных 0; самая большая занимает 79% кадра, чернил 0,7%
[sketch] обход глаз 135°: шаблон: областей 4, из них удобных без увеличения 1, крупных заливок 3, непригодных 0; самая большая занимает 79% кадра, чернил 0,7%
[кадр] глаз 180°: неба 53%, пятен 5, крупнейшее 49%, ПУСТОТЫ 49% (в нижней половине 97%)
[sketch] шаблон: областей 3, из них удобных без увеличения 1, крупных заливок 2, непригодных 0; самая большая занимает 75% кадра, чернил 0,6%
[sketch] обход глаз 180°: шаблон: областей 3, из них удобных без увеличения 1, крупных заливок 2, непригодных 0; самая большая занимает 75% кадра, чернил 0,6%
[кадр] глаз 225°: неба 49%, пятен 6, крупнейшее 57%, ПУСТОТЫ 48% (в нижней половине 96%)
[PERF] fps=6,0 frame=1351,08ms draw=8 prim=3687596 obj=600 vram=424,1MB tex=112,8MB | veg: full=0 lod1=0 hide=0 instVis=0 instHide=0 chunks=0
[sketch] шаблон: областей 3, из них удобных без увеличения 0, крупных заливок 3, непригодных 0; самая большая занимает 66% кадра, чернил 0,6%
[sketch] обход глаз 225°: шаблон: областей 3, из них удобных без увеличения 0, крупных заливок 3, непригодных 0; самая большая занимает 66% кадра, чернил 0,6%
[кадр] глаз 270°: неба 52%, пятен 6, крупнейшее 55%, ПУСТОТЫ 49% (в нижней половине 97%)
[sketch] шаблон: областей 2, из них удобных без увеличения 0, крупных заливок 2, непригодных 0; самая большая занимает 69% кадра, чернил 0,5%
[sketch] обход глаз 270°: шаблон: областей 2, из них удобных без увеличения 0, крупных заливок 2, непригодных 0; самая большая занимает 69% кадра, чернил 0,5%
[кадр] глаз 315°: неба 49%, пятен 5, крупнейшее 53%, ПУСТОТЫ 50% (в нижней половине 98%)
[sketch] шаблон: областей 1, из них удобных без увеличения 0, крупных заливок 1, непригодных 0; самая большая занимает 99% кадра, чернил 0,6%
[sketch] обход глаз 315°: шаблон: областей 1, из них удобных без увеличения 0, крупных заливок 1, непригодных 0; самая большая занимает 99% кадра, чернил 0,6%
[кадр] шар 0°: неба 61%, пятен 4, крупнейшее 62%, ПУСТОТЫ 62% (в нижней половине 100%)
[sketch] шаблон: областей 2, из них удобных без увеличения 0, крупных заливок 2, непригодных 0; самая большая занимает 83% кадра, чернил 0,6%
[sketch] обход шар 0°: шаблон: областей 2, из них удобных без увеличения 0, крупных заливок 2, непригодных 0; самая большая занимает 83% кадра, чернил 0,6%
[кадр] шар 180°: неба 62%, пятен 5, крупнейшее 59%, ПУСТОТЫ 60% (в нижней половине 100%)
[sketch] шаблон: областей 4, из них удобных без увеличения 0, крупных заливок 3, непригодных 0; самая большая занимает 77% кадра, чернил 0,7%
[sketch] обход шар 180°: шаблон: областей 4, из них удобных без увеличения 0, крупных заливок 3, непригодных 0; самая большая занимает 77% кадра, чернил 0,7%
[telemetry] снимков сохранено: 18 в D:/Godot/ColoringBook/logs\20260820_162607_seed42_sweep_shots
[PERF] fps=60,0 frame=2,21ms draw=7 prim=1844384 obj=593 vram=393,5MB tex=81,8MB | veg: full=0 lod1=0 hide=0 instVis=0 instHide=0 chunks=0
[PERF] fps=60,0 frame=2,01ms draw=7 prim=1844376 obj=589 vram=393,5MB tex=81,8MB | veg: full=0 lod1=0 hide=0 instVis=0 instHide=0 chunks=0
[PERF] fps=60,0 frame=2,31ms draw=7 prim=1844380 obj=591 vram=393,5MB tex=81,8MB | veg: full=0 lod1=0 hide=0 instVis=0 instHide=0 chunks=0
[PERF] fps=60,0 frame=1,71ms draw=7 prim=1844384 obj=593 vram=393,5MB tex=81,8MB | veg: full=0 lod1=0 hide=0 instVis=0 instHide=0 chunks=0
[PERF] fps=60,0 frame=2,68ms draw=7 prim=1844380 obj=591 vram=393,5MB tex=81,8MB | veg: full=0 lod1=0 hide=0 instVis=0 instHide=0 chunks=0
[PERF] fps=60,0 frame=3,02ms draw=7 prim=1844384 obj=593 vram=393,5MB tex=81,8MB | veg: full=0 lod1=0 hide=0 instVis=0 instHide=0 chunks=0
[PERF] fps=60,0 frame=1,76ms draw=7 prim=1844384 obj=593 vram=393,5MB tex=81,8MB | veg: full=0 lod1=0 hide=0 instVis=0 instHide=0 chunks=0
[PERF] fps=60,0 frame=1,82ms draw=7 prim=1844380 obj=591 vram=393,5MB tex=81,8MB | veg: full=0 lod1=0 hide=0 instVis=0 instHide=0 chunks=0
[PERF] fps=60,0 frame=2,58ms draw=7 prim=1844388 obj=595 vram=393,5MB tex=81,8MB | veg: full=0 lod1=0 hide=0 instVis=0 instHide=0 chunks=0
[PERF] fps=60,0 frame=2,85ms draw=7 prim=1844384 obj=593 vram=393,5MB tex=81,8MB | veg: full=0 lod1=0 hide=0 instVis=0 instHide=0 chunks=0
[PERF] fps=60,0 frame=2,89ms draw=7 prim=1844384 obj=593 vram=393,5MB tex=81,8MB | veg: full=0 lod1=0 hide=0 instVis=0 instHide=0 chunks=0
[PERF] fps=60,0 frame=2,36ms draw=7 prim=1844384 obj=593 vram=393,5MB tex=81,8MB | veg: full=0 lod1=0 hide=0 instVis=0 instHide=0 chunks=0
[PERF] fps=60,0 frame=1,80ms draw=7 prim=1844384 obj=593 vram=393,5MB tex=81,8MB | veg: full=0 lod1=0 hide=0 instVis=0 instHide=0 chunks=0
[PERF] fps=60,0 frame=2,51ms draw=7 prim=1844384 obj=593 vram=393,5MB tex=81,8MB | veg: full=0 lod1=0 hide=0 instVis=0 instHide=0 chunks=0
[PERF] fps=60,0 frame=3,03ms draw=7 prim=1844384 obj=593 vram=393,5MB tex=81,8MB | veg: full=0 lod1=0 hide=0 instVis=0 instHide=0 chunks=0
[PERF] fps=60,0 frame=3,34ms draw=7 prim=1844384 obj=593 vram=393,5MB tex=81,8MB | veg: full=0 lod1=0 hide=0 instVis=0 instHide=0 chunks=0
[PERF] fps=60,0 frame=2,37ms draw=7 prim=1844384 obj=593 vram=393,5MB tex=81,8MB | veg: full=0 lod1=0 hide=0 instVis=0 instHide=0 chunks=0
[PERF] fps=60,0 frame=1,76ms draw=7 prim=1844384 obj=593 vram=393,5MB tex=81,8MB | veg: full=0 lod1=0 hide=0 instVis=0 instHide=0 chunks=0
[PERF] fps=60,0 frame=1,94ms draw=7 prim=1844384 obj=593 vram=393,5MB tex=81,8MB | veg: full=0 lod1=0 hide=0 instVis=0 instHide=0 chunks=0
[PERF] fps=60,0 frame=2,82ms draw=7 prim=1844384 obj=593 vram=393,5MB tex=81,8MB | veg: full=0 lod1=0 hide=0 instVis=0 instHide=0 chunks=0
[PERF] fps=60,0 frame=2,03ms draw=7 prim=1844388 obj=595 vram=393,5MB tex=81,8MB | veg: full=0 lod1=0 hide=0 instVis=0 instHide=0 chunks=0
[PERF] fps=60,0 frame=2,17ms draw=7 prim=1844388 obj=595 vram=393,5MB tex=81,8MB | veg: full=0 lod1=0 hide=0 instVis=0 instHide=0 chunks=0
[PERF] fps=60,0 frame=1,99ms draw=7 prim=1844388 obj=595 vram=393,5MB tex=81,8MB | veg: full=0 lod1=0 hide=0 instVis=0 instHide=0 chunks=0
[PERF] fps=60,0 frame=1,82ms draw=7 prim=1844388 obj=595 vram=393,5MB tex=81,8MB | veg: full=0 lod1=0 hide=0 instVis=0 instHide=0 chunks=0
[PERF] fps=60,0 frame=2,16ms draw=7 prim=1844388 obj=595 vram=393,5MB tex=81,8MB | veg: full=0 lod1=0 hide=0 instVis=0 instHide=0 chunks=0
[PERF] fps=59,0 frame=47,22ms draw=7 prim=1844392 obj=597 vram=393,5MB tex=81,8MB | veg: full=0 lod1=0 hide=0 instVis=0 instHide=0 chunks=0
[PERF] fps=60,0 frame=3,11ms draw=7 prim=1844388 obj=595 vram=393,5MB tex=81,8MB | veg: full=0 lod1=0 hide=0 instVis=0 instHide=0 chunks=0
[PERF] fps=60,0 frame=2,39ms draw=7 prim=1844388 obj=595 vram=393,5MB tex=81,8MB | veg: full=0 lod1=0 hide=0 instVis=0 instHide=0 chunks=0
[PERF] fps=60,0 frame=2,19ms draw=7 prim=1844388 obj=595 vram=393,5MB tex=81,8MB | veg: full=0 lod1=0 hide=0 instVis=0 instHide=0 chunks=0
[PERF] fps=60,0 frame=2,75ms draw=7 prim=1844388 obj=595 vram=393,5MB tex=81,8MB | veg: full=0 lod1=0 hide=0 instVis=0 instHide=0 chunks=0
[PERF] fps=60,0 frame=2,24ms draw=7 prim=1844388 obj=595 vram=393,5MB tex=81,8MB | veg: full=0 lod1=0 hide=0 instVis=0 instHide=0 chunks=0
[PERF] fps=60,0 frame=2,05ms draw=7 prim=1844388 obj=595 vram=393,5MB tex=81,8MB | veg: full=0 lod1=0 hide=0 instVis=0 instHide=0 chunks=0
[PERF] fps=60,0 frame=2,77ms draw=7 prim=1844384 obj=593 vram=393,5MB tex=81,8MB | veg: full=0 lod1=0 hide=0 instVis=0 instHide=0 chunks=0
[PERF] fps=60,0 frame=2,69ms draw=7 prim=1844384 obj=593 vram=392,6MB tex=81,8MB | veg: full=0 lod1=0 hide=0 instVis=0 instHide=0 chunks=0
[PERF] fps=60,0 frame=1,72ms draw=7 prim=1844388 obj=595 vram=392,6MB tex=81,8MB | veg: full=0 lod1=0 hide=0 instVis=0 instHide=0 chunks=0
[PERF] fps=60,0 frame=1,76ms draw=7 prim=1844384 obj=593 vram=392,6MB tex=81,8MB | veg: full=0 lod1=0 hide=0 instVis=0 instHide=0 chunks=0
[PERF] fps=60,0 frame=1,90ms draw=7 prim=1844380 obj=591 vram=392,6MB tex=81,8MB | veg: full=0 lod1=0 hide=0 instVis=0 instHide=0 chunks=0
[PERF] fps=60,0 frame=1,71ms draw=7 prim=1844384 obj=593 vram=392,6MB tex=81,8MB | veg: full=0 lod1=0 hide=0 instVis=0 instHide=0 chunks=0
[PERF] fps=60,0 frame=1,72ms draw=7 prim=1844384 obj=593 vram=392,6MB tex=81,8MB | veg: full=0 lod1=0 hide=0 instVis=0 instHide=0 chunks=0
[PERF] fps=60,0 frame=2,19ms draw=7 prim=1844384 obj=593 vram=392,6MB tex=81,8MB | veg: full=0 lod1=0 hide=0 instVis=0 instHide=0 chunks=0
[PERF] fps=60,0 frame=1,66ms draw=7 prim=1844380 obj=591 vram=392,6MB tex=81,8MB | veg: full=0 lod1=0 hide=0 instVis=0 instHide=0 chunks=0
[PERF] fps=60,0 frame=1,74ms draw=7 prim=1844380 obj=591 vram=392,6MB tex=81,8MB | veg: full=0 lod1=0 hide=0 instVis=0 instHide=0 chunks=0
[PERF] fps=60,0 frame=1,49ms draw=7 prim=1844384 obj=593 vram=392,6MB tex=81,8MB | veg: full=0 lod1=0 hide=0 instVis=0 instHide=0 chunks=0
[PERF] fps=60,0 frame=2,33ms draw=7 prim=1844376 obj=589 vram=392,6MB tex=81,8MB | veg: full=0 lod1=0 hide=0 instVis=0 instHide=0 chunks=0
[PERF] fps=60,0 frame=1,75ms draw=7 prim=1844376 obj=589 vram=392,6MB tex=81,8MB | veg: full=0 lod1=0 hide=0 instVis=0 instHide=0 chunks=0
[PERF] fps=60,0 frame=2,60ms draw=7 prim=1844376 obj=589 vram=392,6MB tex=81,8MB | veg: full=0 lod1=0 hide=0 instVis=0 instHide=0 chunks=0
[PERF] fps=60,0 frame=1,95ms draw=7 prim=1844376 obj=589 vram=392,6MB tex=81,8MB | veg: full=0 lod1=0 hide=0 instVis=0 instHide=0 chunks=0
[PERF] fps=60,0 frame=3,14ms draw=7 prim=1844376 obj=589 vram=392,6MB tex=81,8MB | veg: full=0 lod1=0 hide=0 instVis=0 instHide=0 chunks=0
[PERF] fps=60,0 frame=2,07ms draw=7 prim=1844376 obj=589 vram=392,6MB tex=81,8MB | veg: full=0 lod1=0 hide=0 instVis=0 instHide=0 chunks=0
[PERF] fps=60,0 frame=2,35ms draw=7 prim=1844376 obj=589 vram=392,6MB tex=81,8MB | veg: full=0 lod1=0 hide=0 instVis=0 instHide=0 chunks=0
[PERF] fps=59,0 frame=3,44ms draw=7 prim=1844380 obj=591 vram=392,6MB tex=81,8MB | veg: full=0 lod1=0 hide=0 instVis=0 instHide=0 chunks=0
[PERF] fps=60,0 frame=2,15ms draw=7 prim=1844376 obj=589 vram=392,6MB tex=81,8MB | veg: full=0 lod1=0 hide=0 instVis=0 instHide=0 chunks=0
[PERF] fps=60,0 frame=1,86ms draw=7 prim=1844376 obj=589 vram=392,6MB tex=81,8MB | veg: full=0 lod1=0 hide=0 instVis=0 instHide=0 chunks=0
[PERF] fps=60,0 frame=3,58ms draw=7 prim=1844376 obj=589 vram=392,6MB tex=81,8MB | veg: full=0 lod1=0 hide=0 instVis=0 instHide=0 chunks=0
[PERF] fps=60,0 frame=2,52ms draw=7 prim=1844376 obj=589 vram=392,6MB tex=81,8MB | veg: full=0 lod1=0 hide=0 instVis=0 instHide=0 chunks=0
[PERF] fps=60,0 frame=3,08ms draw=7 prim=1844376 obj=589 vram=392,6MB tex=81,8MB | veg: full=0 lod1=0 hide=0 instVis=0 instHide=0 chunks=0
[PERF] fps=60,0 frame=13,28ms draw=7 prim=1844380 obj=591 vram=392,6MB tex=81,8MB | veg: full=0 lod1=0 hide=0 instVis=0 instHide=0 chunks=0
[PERF] fps=60,0 frame=8,72ms draw=7 prim=1844376 obj=589 vram=392,6MB tex=81,8MB | veg: full=0 lod1=0 hide=0 instVis=0 instHide=0 chunks=0
[PERF] fps=60,0 frame=2,19ms draw=7 prim=1844380 obj=591 vram=392,6MB tex=81,8MB | veg: full=0 lod1=0 hide=0 instVis=0 instHide=0 chunks=0
[PERF] fps=60,0 frame=2,28ms draw=7 prim=1844376 obj=589 vram=392,6MB tex=81,8MB | veg: full=0 lod1=0 hide=0 instVis=0 instHide=0 chunks=0
[PERF] fps=60,0 frame=2,30ms draw=7 prim=1844376 obj=589 vram=392,6MB tex=81,8MB | veg: full=0 lod1=0 hide=0 instVis=0 instHide=0 chunks=0
[PERF] fps=60,0 frame=1,98ms draw=7 prim=1844376 obj=589 vram=392,6MB tex=81,8MB | veg: full=0 lod1=0 hide=0 instVis=0 instHide=0 chunks=0
