ColoringBook — журнал запуска 2026-08-18 14:28:13
[bootstrap] каталог логов: D:/Godot/ColoringBook/logs
PlantCatalog ready: 9 variants x kinds
=== ColoringBook Bootstrap | BUILD STAMP: 2026-08-18-V340 (пояса по ВЫСОТЕ в метрах, а не по долям площади; размах 3000)
[shaders] res://assets/shaders/terrain.gdshader — ок
[shaders] res://assets/shaders/water.gdshader — ок
[shaders] res://assets/shaders/foliage.gdshader — ок
[shaders] res://assets/shaders/impostor.gdshader — ок
[shaders] res://assets/shaders/sketch_id.gdshader — ок
[shaders] res://assets/shaders/sketch_depth.gdshader — ок
[shaders] res://assets/shaders/sketch_normal.gdshader — ок
[bootstrap] MaxFps=60, VSync=Disabled
[устройство] Windows, построение полное, уровень при запуске, журнал в res://logs, ядер 8
[bootstrap] StartupMode = Level
[разведка] поле 241x241 за 9593 мс, место (31,7, 55,7) км от середины территории
[нрав] поднятие 15,5 м (разброс 1,19, период 17 км), врез 31, осыпание 0,014, итераций 365
[фон-эрозия] поле 961x961 за 177313 мс
[высоты] размах поля 8124 м, сжатие 0,37, дно 1000 м, верх 4000 м
[озёра] залитых ячеек 73500 из 923521 (8,0% поля)
[плитка] 5 км, ячейка 30 м, за 5636 мс
[маршруты] окно 20 км: опор 59, рёбер 60, сеть 149,8 км, за 3303 мс
[пояса] лес 0,340, редколесье 0,476, альпика 0,578, осыпь 0,646, скала 0,714, снег 0,680
[пояса] пределы выборки 46,1..340,4 ед (1000..3943 м), смещение 53,9 ед
[фон-материал] шейдер рельефа, размах высот 100,0..394,3 ед
[рельеф] средний уклон 10,2°, p95 22,4°, перепад 1444 м, круче 35° 0%, доля дна 43%, шпилей 179  <-- ПОЛОГО  <-- ШПИЛИ
[старт] пояс Forest, высота 2348 м
[старт] опора сети: вид 82%, (810, 144), сток 1, в 8,2 км от середины поля при пределе 172,8; опор всего 59
[дыра] высоты в точке старта: поле 2348 м, меш 2272 м, разница 76 м; накрывает кольцо 0, ячейка 120 м
[дыра] камера обхода садится на высоту ПОЛЯ, а видит меш: камера НАД поверхностью на 76 м
[дыра] треугольников рельефа вокруг точки: в 100 м — 4, в 500 м — 108, в 2000 м — 1740
[дыра] место разведки (31,7, 55,7) км от середины территории; игрок в 8227 м от середины ПОЛЯ
[дыра] половины колец, км: 0:57,6
[покров] по площади (13271 км²): Water 9,5%, Grassland 4,9%, Forest 13,9%, Shrubland 17,0%, Alpine 13,2%, Scree 7,2%, Rock 0,4%, Snow 34,1%
[вода] ячеек покрова по кольцам: 120м:87776
[дренаж] сетка 241, область 115 км, 75 мс
[рельеф-отчёт] D:/Godot/ColoringBook/logs\20260818_143202_terrain.json
[рельеф-сетки] D:/Godot/ColoringBook/logs\20260818_143202_terrain.bin
[журнал] D:/Godot/ColoringBook/logs\20260818_142813_session.log
[фон-щели] одиночных рёбер 3840, из них на внешнем крае есть; радиусы от 5760 до 5760 ед (границы колец: 5760)
[фон-меш] рельеф: граней вверх 1843200, вниз 0 (0,0%), вырожденных 0 | расхождение на стыке колец 0,0 м
[фон-пандус] наибольший уклон переходной полосы 0,0°, ширина полосы 8 ячеек (960..480 м)
[фон] колец 1, шаг 120..120 м, область 115 км, четырёхугольников 921600, треугольников 1843200
[растительность] ОТКЛЮЧЕНА (LevelView3D.VegetationOn = false)
[время] рельеф и меш: 228589 мс
--- Seed 42 | Season Summer ---
уровень из колец, сид 42
[камера] обзор на (810, 144), наклон 35°, удаление 2,2 км
[bootstrap] mode=Level (main scene). P = switch to plant gallery.
[bootstrap] galleryActive=False regions=0 | terrain: mesh=null visible=True | rivers: mesh=null visible=True | water: mesh=null visible=True | vegRoot: children=0 visible=True | galleryRoot=none
[PERF] fps=60,0 frame=2,18ms draw=7 prim=1844360 obj=581 vram=387,6MB tex=81,8MB | veg: full=0 lod1=0 hide=0 instVis=0 instHide=0 chunks=0
[PERF] fps=60,0 frame=1,78ms draw=7 prim=1844368 obj=585 vram=387,6MB tex=81,8MB | veg: full=0 lod1=0 hide=0 instVis=0 instHide=0 chunks=0
[PERF] fps=60,0 frame=2,03ms draw=7 prim=1844364 obj=583 vram=387,6MB tex=81,8MB | veg: full=0 lod1=0 hide=0 instVis=0 instHide=0 chunks=0
[PERF] fps=60,0 frame=2,49ms draw=7 prim=1844364 obj=583 vram=387,6MB tex=81,8MB | veg: full=0 lod1=0 hide=0 instVis=0 instHide=0 chunks=0
[PERF] fps=60,0 frame=1,95ms draw=7 prim=1844364 obj=583 vram=387,6MB tex=81,8MB | veg: full=0 lod1=0 hide=0 instVis=0 instHide=0 chunks=0
[PERF] fps=60,0 frame=2,67ms draw=7 prim=1844364 obj=583 vram=387,6MB tex=81,8MB | veg: full=0 lod1=0 hide=0 instVis=0 instHide=0 chunks=0
[PERF] fps=60,0 frame=2,65ms draw=7 prim=1844364 obj=583 vram=387,6MB tex=81,8MB | veg: full=0 lod1=0 hide=0 instVis=0 instHide=0 chunks=0
[PERF] fps=60,0 frame=3,26ms draw=7 prim=1844364 obj=583 vram=387,6MB tex=81,8MB | veg: full=0 lod1=0 hide=0 instVis=0 instHide=0 chunks=0
[PERF] fps=60,0 frame=2,42ms draw=7 prim=1844364 obj=583 vram=387,6MB tex=81,8MB | veg: full=0 lod1=0 hide=0 instVis=0 instHide=0 chunks=0
[PERF] fps=60,0 frame=2,26ms draw=7 prim=1844364 obj=583 vram=387,6MB tex=81,8MB | veg: full=0 lod1=0 hide=0 instVis=0 instHide=0 chunks=0
[PERF] fps=60,0 frame=2,84ms draw=7 prim=1844364 obj=583 vram=387,6MB tex=81,8MB | veg: full=0 lod1=0 hide=0 instVis=0 instHide=0 chunks=0
[PERF] fps=60,0 frame=2,32ms draw=7 prim=1844364 obj=583 vram=387,6MB tex=81,8MB | veg: full=0 lod1=0 hide=0 instVis=0 instHide=0 chunks=0
[PERF] fps=60,0 frame=1,98ms draw=7 prim=1844364 obj=583 vram=387,6MB tex=81,8MB | veg: full=0 lod1=0 hide=0 instVis=0 instHide=0 chunks=0
[PERF] fps=60,0 frame=3,88ms draw=7 prim=1844364 obj=583 vram=387,6MB tex=81,8MB | veg: full=0 lod1=0 hide=0 instVis=0 instHide=0 chunks=0
[PERF] fps=60,0 frame=2,08ms draw=7 prim=1844364 obj=583 vram=387,6MB tex=81,8MB | veg: full=0 lod1=0 hide=0 instVis=0 instHide=0 chunks=0
[PERF] fps=60,0 frame=3,63ms draw=7 prim=1844364 obj=583 vram=387,6MB tex=81,8MB | veg: full=0 lod1=0 hide=0 instVis=0 instHide=0 chunks=0
[PERF] fps=60,0 frame=2,19ms draw=7 prim=1844364 obj=583 vram=387,6MB tex=81,8MB | veg: full=0 lod1=0 hide=0 instVis=0 instHide=0 chunks=0
[PERF] fps=60,0 frame=2,06ms draw=7 prim=1844364 obj=583 vram=387,6MB tex=81,8MB | veg: full=0 lod1=0 hide=0 instVis=0 instHide=0 chunks=0
[PERF] fps=60,0 frame=2,03ms draw=7 prim=1844364 obj=583 vram=387,6MB tex=81,8MB | veg: full=0 lod1=0 hide=0 instVis=0 instHide=0 chunks=0
[PERF] fps=60,0 frame=2,83ms draw=7 prim=1844364 obj=583 vram=387,6MB tex=81,8MB | veg: full=0 lod1=0 hide=0 instVis=0 instHide=0 chunks=0
[PERF] fps=60,0 frame=2,16ms draw=7 prim=1844364 obj=583 vram=387,6MB tex=81,8MB | veg: full=0 lod1=0 hide=0 instVis=0 instHide=0 chunks=0
[PERF] fps=58,0 frame=8,61ms draw=7 prim=1844364 obj=583 vram=387,6MB tex=81,8MB | veg: full=0 lod1=0 hide=0 instVis=0 instHide=0 chunks=0
[обход] 18 поз: весь уровень, четверти, глаз из (810, 144), шар
[telemetry] обход уровня записан: D:/Godot/ColoringBook/logs\20260818_113310_seed42_sweep.json
[обход] 18 поз: весь уровень, четверти, глаз из (810, 144), шар
[кадр] весь уровень сверху: неба 68%, пятен 6, крупнейшее 44%, ПУСТОТЫ 48% (в нижней половине 47%)
[sketch] шаблон: областей 1, из них удобных без увеличения 0, крупных заливок 1, непригодных 0; самая большая занимает 100% кадра, чернил 0,0%
[sketch] обход весь уровень сверху: шаблон: областей 1, из них удобных без увеличения 0, крупных заливок 1, непригодных 0; самая большая занимает 100% кадра, чернил 0,0%
[кадр] весь уровень косо 0°: неба 71%, пятен 4, крупнейшее 59%, ПУСТОТЫ 41% (в нижней половине 6%)
[sketch] шаблон: областей 1, из них удобных без увеличения 0, крупных заливок 1, непригодных 0; самая большая занимает 100% кадра, чернил 0,0%
[sketch] обход весь уровень косо 0°: шаблон: областей 1, из них удобных без увеличения 0, крупных заливок 1, непригодных 0; самая большая занимает 100% кадра, чернил 0,0%
[кадр] весь уровень косо 120°: неба 53%, пятен 6, крупнейшее 50%, ПУСТОТЫ 39% (в нижней половине 4%)
[sketch] шаблон: областей 1, из них удобных без увеличения 0, крупных заливок 1, непригодных 0; самая большая занимает 100% кадра, чернил 0,0%
[sketch] обход весь уровень косо 120°: шаблон: областей 1, из них удобных без увеличения 0, крупных заливок 1, непригодных 0; самая большая занимает 100% кадра, чернил 0,0%
[кадр] весь уровень косо 240°: неба 66%, пятен 7, крупнейшее 38%, ПУСТОТЫ 39% (в нижней половине 4%)
[sketch] шаблон: областей 1, из них удобных без увеличения 0, крупных заливок 1, непригодных 0; самая большая занимает 100% кадра, чернил 0,0%
[sketch] обход весь уровень косо 240°: шаблон: областей 1, из них удобных без увеличения 0, крупных заливок 1, непригодных 0; самая большая занимает 100% кадра, чернил 0,0%
[кадр] четверть 1: неба 63%, пятен 7, крупнейшее 30%, ПУСТОТЫ 30% (в нижней половине 3%)
[sketch] шаблон: областей 1, из них удобных без увеличения 0, крупных заливок 1, непригодных 0; самая большая занимает 100% кадра, чернил 0,0%
[sketch] обход четверть 1: шаблон: областей 1, из них удобных без увеличения 0, крупных заливок 1, непригодных 0; самая большая занимает 100% кадра, чернил 0,0%
[кадр] четверть 2: неба 75%, пятен 5, крупнейшее 38%, ПУСТОТЫ 30% (в нижней половине 2%)
[sketch] шаблон: областей 1, из них удобных без увеличения 0, крупных заливок 1, непригодных 0; самая большая занимает 100% кадра, чернил 0,0%
[sketch] обход четверть 2: шаблон: областей 1, из них удобных без увеличения 0, крупных заливок 1, непригодных 0; самая большая занимает 100% кадра, чернил 0,0%
[кадр] четверть 3: неба 43%, пятен 8, крупнейшее 49%, ПУСТОТЫ 36% (в нижней половине 3%)
[sketch] шаблон: областей 1, из них удобных без увеличения 0, крупных заливок 1, непригодных 0; самая большая занимает 100% кадра, чернил 0,0%
[sketch] обход четверть 3: шаблон: областей 1, из них удобных без увеличения 0, крупных заливок 1, непригодных 0; самая большая занимает 100% кадра, чернил 0,0%
[кадр] четверть 4: неба 52%, пятен 6, крупнейшее 49%, ПУСТОТЫ 36% (в нижней половине 2%)
[sketch] шаблон: областей 1, из них удобных без увеличения 0, крупных заливок 1, непригодных 0; самая большая занимает 100% кадра, чернил 0,0%
[sketch] обход четверть 4: шаблон: областей 1, из них удобных без увеличения 0, крупных заливок 1, непригодных 0; самая большая занимает 100% кадра, чернил 0,0%
[PERF] fps=2,0 frame=490,38ms draw=8 prim=3687576 obj=590 vram=424,6MB tex=112,8MB | veg: full=0 lod1=0 hide=0 instVis=0 instHide=0 chunks=0
[кадр] глаз 0°: неба 42%, пятен 3, крупнейшее 65%, ПУСТОТЫ 42% (в нижней половине 0%)
[sketch] шаблон: областей 5, из них удобных без увеличения 1, крупных заливок 2, непригодных 0; самая большая занимает 48% кадра, чернил 1,0%
[sketch] обход глаз 0°: шаблон: областей 5, из них удобных без увеличения 1, крупных заливок 2, непригодных 0; самая большая занимает 48% кадра, чернил 1,0%
[кадр] глаз 45°: неба 43%, пятен 4, крупнейшее 42%, ПУСТОТЫ 42% (в нижней половине 0%)
[sketch] шаблон: областей 6, из них удобных без увеличения 2, крупных заливок 2, непригодных 0; самая большая занимает 45% кадра, чернил 1,2%
[sketch] обход глаз 45°: шаблон: областей 6, из них удобных без увеличения 2, крупных заливок 2, непригодных 0; самая большая занимает 45% кадра, чернил 1,2%
[кадр] глаз 90°: неба 44%, пятен 3, крупнейшее 65%, ПУСТОТЫ 43% (в нижней половине 0%)
[sketch] шаблон: областей 4, из них удобных без увеличения 2, крупных заливок 2, непригодных 0; самая большая занимает 45% кадра, чернил 1,1%
[sketch] обход глаз 90°: шаблон: областей 4, из них удобных без увеличения 2, крупных заливок 2, непригодных 0; самая большая занимает 45% кадра, чернил 1,1%
[кадр] глаз 135°: неба 45%, пятен 4, крупнейшее 64%, ПУСТОТЫ 44% (в нижней половине 0%)
[sketch] шаблон: областей 3, из них удобных без увеличения 1, крупных заливок 1, непригодных 0; самая большая занимает 92% кадра, чернил 0,9%
[sketch] обход глаз 135°: шаблон: областей 3, из них удобных без увеличения 1, крупных заливок 1, непригодных 0; самая большая занимает 92% кадра, чернил 0,9%
[кадр] глаз 180°: неба 45%, пятен 3, крупнейшее 64%, ПУСТОТЫ 43% (в нижней половине 0%)
[sketch] шаблон: областей 4, из них удобных без увеличения 2, крупных заливок 2, непригодных 0; самая большая занимает 46% кадра, чернил 0,9%
[sketch] обход глаз 180°: шаблон: областей 4, из них удобных без увеличения 2, крупных заливок 2, непригодных 0; самая большая занимает 46% кадра, чернил 0,9%
[кадр] глаз 225°: неба 45%, пятен 3, крупнейшее 64%, ПУСТОТЫ 44% (в нижней половине 0%)
[sketch] шаблон: областей 3, из них удобных без увеличения 2, крупных заливок 1, непригодных 0; самая большая занимает 90% кадра, чернил 1,3%
[sketch] обход глаз 225°: шаблон: областей 3, из них удобных без увеличения 2, крупных заливок 1, непригодных 0; самая большая занимает 90% кадра, чернил 1,3%
[кадр] глаз 270°: неба 44%, пятен 4, крупнейшее 66%, ПУСТОТЫ 44% (в нижней половине 0%)
[sketch] шаблон: областей 4, из них удобных без увеличения 3, крупных заливок 1, непригодных 0; самая большая занимает 89% кадра, чернил 1,2%
[sketch] обход глаз 270°: шаблон: областей 4, из них удобных без увеличения 3, крупных заливок 1, непригодных 0; самая большая занимает 89% кадра, чернил 1,2%
[кадр] глаз 315°: неба 43%, пятен 4, крупнейшее 65%, ПУСТОТЫ 42% (в нижней половине 0%)
[sketch] шаблон: областей 3, из них удобных без увеличения 1, крупных заливок 2, непригодных 0; самая большая занимает 45% кадра, чернил 0,9%
[sketch] обход глаз 315°: шаблон: областей 3, из них удобных без увеличения 1, крупных заливок 2, непригодных 0; самая большая занимает 45% кадра, чернил 0,9%
[кадр] шар 0°: неба 33%, пятен 3, крупнейшее 33%, ПУСТОТЫ 31% (в нижней половине 0%)
[PERF] fps=4,0 frame=1255,60ms draw=8 prim=3687576 obj=590 vram=424,6MB tex=112,8MB | veg: full=0 lod1=0 hide=0 instVis=0 instHide=0 chunks=0
[sketch] шаблон: областей 2, из них удобных без увеличения 0, крупных заливок 2, непригодных 0; самая большая занимает 60% кадра, чернил 0,4%
[sketch] обход шар 0°: шаблон: областей 2, из них удобных без увеличения 0, крупных заливок 2, непригодных 0; самая большая занимает 60% кадра, чернил 0,4%
[кадр] шар 180°: неба 35%, пятен 4, крупнейшее 32%, ПУСТОТЫ 32% (в нижней половине 0%)
[sketch] шаблон: областей 2, из них удобных без увеличения 0, крупных заливок 2, непригодных 0; самая большая занимает 57% кадра, чернил 0,4%
[sketch] обход шар 180°: шаблон: областей 2, из них удобных без увеличения 0, крупных заливок 2, непригодных 0; самая большая занимает 57% кадра, чернил 0,4%
[telemetry] снимков сохранено: 18 в D:/Godot/ColoringBook/logs\20260818_113310_seed42_sweep_shots
[PERF] fps=60,0 frame=2,07ms draw=7 prim=1844364 obj=583 vram=393,1MB tex=81,8MB | veg: full=0 lod1=0 hide=0 instVis=0 instHide=0 chunks=0
[PERF] fps=60,0 frame=2,63ms draw=7 prim=1844364 obj=583 vram=393,1MB tex=81,8MB | veg: full=0 lod1=0 hide=0 instVis=0 instHide=0 chunks=0
[PERF] fps=60,0 frame=2,23ms draw=7 prim=1844364 obj=583 vram=393,1MB tex=81,8MB | veg: full=0 lod1=0 hide=0 instVis=0 instHide=0 chunks=0
[PERF] fps=60,0 frame=1,81ms draw=7 prim=1844364 obj=583 vram=393,1MB tex=81,8MB | veg: full=0 lod1=0 hide=0 instVis=0 instHide=0 chunks=0
[PERF] fps=60,0 frame=1,89ms draw=7 prim=1844364 obj=583 vram=393,1MB tex=81,8MB | veg: full=0 lod1=0 hide=0 instVis=0 instHide=0 chunks=0
[PERF] fps=60,0 frame=2,25ms draw=7 prim=1844364 obj=583 vram=393,1MB tex=81,8MB | veg: full=0 lod1=0 hide=0 instVis=0 instHide=0 chunks=0
