ColoringBook — журнал запуска 2026-08-21 11:36:25
[bootstrap] каталог логов: D:/Godot/ColoringBook/logs
PlantCatalog ready: 9 variants x kinds
=== ColoringBook Bootstrap | BUILD STAMP: 2026-08-21-V381 (в журнал: положение камеры по каждому кадру — беда со снимками под уровнем станет видна числом)
[shaders] res://assets/shaders/terrain.gdshader — ок
[shaders] res://assets/shaders/water.gdshader — ок
[shaders] res://assets/shaders/foliage.gdshader — ок
[shaders] res://assets/shaders/impostor.gdshader — ок
[shaders] res://assets/shaders/sketch_id.gdshader — ок
[shaders] res://assets/shaders/sketch_depth.gdshader — ок
[shaders] res://assets/shaders/sketch_normal.gdshader — ок
[bootstrap] MaxFps=60, VSync=Disabled
[устройство] стол, поле полное, уровень при запуске, журнал в res://logs, ядер 8
[bootstrap] StartupMode = Level
[разведка] поле 241x241 за 19913 мс, место (-32,6, 17,3) км от середины территории
[нрав] поднятие 8,7 м (разброс 1,78, период 17 км), врез 22, осыпание 0,007, итераций 905
[фон-эрозия] поле 961x961 за 384505 мс
[высоты] размах поля 9488 м, дно 800 м, верх 10628 м
[плитка] 5 км, ячейка 30 м, за 6049 мс
[высоты] p10 1948 м, медиана 3293, p90 4500, разница p10-p90 2551 м (в Альпах 2000-2500)
[вода] 2,3% площади (норма Альп 1.5-6)
[озёра] 29 крупнее 0.05 км², крупнейшее 17,7 км²
[острова] 0
[озёра-подробно] впадин 24 крупнее 1 км², ячеек во впадинах 65842 (7,1% поля), сжатие 0,63
  чаша км² | глубина м | залито %
     327,3 |       249 |        8   <- вода лужей на дне
     115,8 |       476 |       18   <- вода лужей на дне
      78,1 |       304 |       20   <- вода лужей на дне
      72,6 |        36 |        0   <- вода лужей на дне
      66,6 |       208 |       14   <- вода лужей на дне
      59,8 |       229 |        7   <- вода лужей на дне
      50,4 |       107 |        7   <- вода лужей на дне
      42,4 |        32 |        0   <- вода лужей на дне
[русла] прямых отрезков 372, медиана 600 м, p90 1440 м, наибольший 4440 м (в природе прямой участок до 1-2 км)
[проверка] 10 из 17 в норме
  НАРУШЕНО [рельеф] разница высот p10-p90: 2551,2 м (норма 2000,0..2500,0) — альпийская норма
  НАРУШЕНО [рельеф] медиана высоты: 3293,4 м (норма 1500,0..2800,0) — в Альпах около 1800
  НАРУШЕНО [рельеф] гребни: 5,8% (норма 6,0..10,0)
  НАРУШЕНО [вода] сухая кайма дальше 240 м от воды: 4,7% (норма 0,0..2,0) — берег должен быть узким
  НАРУШЕНО [озёра] в вереницах: 14,0 (норма 0,0..9,0) — цепочки естественны, но не для половины
  НАРУШЕНО [русла] наибольший прямой: 7320,0 м (норма 0,0..4000,0)
  НАРУШЕНО [острова] число: 0,0 (норма 1,0..30,0)
  годно [рельеф] уклон на ячейке поля: 25,3°
  годно [рельеф] отклонение форм: 12,6
  годно [рельеф] ровные места: 38,1%
  годно [вода] доля площади: 2,2%
  годно [вода] русло ПОВЕРХ озера: 0,1%
  годно [озёра] число крупнее 0.05 км²: 27,0
  годно [озёра] крупнейшее: 17,3 км²
  годно [озёра] вытянутых втрое и более: 0,0
  годно [русла] прямой участок p90: 960,0 м
  годно [русла] доля площади: 1,3%
[озёра-поштучно] км² | глубина м | вытянут | залито чаши %
     17,3 |       249 |     1,2 |           100
     15,3 |       304 |     1,7 |           100
     11,3 |       143 |     1,2 |           100
      6,9 |       476 |     1,7 |           100
      5,5 |        90 |     1,3 |           100
      5,4 |       208 |     1,4 |           100
      5,4 |       314 |     1,5 |           100
      5,3 |        78 |     1,4 |           100
      5,3 |       374 |     1,0 |           100
      4,9 |       330 |     1,3 |           100
[области] сетка 8x8, клетка 14,4 км
  клетка | высота м | уклон | вода% | озёр | русло%
  0,0    |     3010 |  20,5 |   0,7 |    0 |    0,4
  1,0    |     3855 |  25,5 |   0,5 |    1 |    1,1
  2,0    |     3814 |  33,9 |   0,0 |    0 |    0,9
  3,0    |     2486 |  24,8 |   0,0 |    0 |    1,4
  4,0    |     1613 |  16,5 |   0,0 |    0 |    3,2
  5,0    |     1797 |  24,4 |   5,6 |    1 |    1,3
  6,0    |     1956 |  17,5 |   2,6 |    1 |    2,5
  7,0    |     3488 |  36,3 |   0,0 |    0 |    1,2
  0,1    |     3732 |  30,3 |   0,1 |    0 |    0,2
  1,1    |     3160 |  17,5 |   0,6 |    2 |    1,7
  2,1    |     3755 |  29,9 |   0,0 |    0 |    1,1
  3,1    |     2716 |  29,7 |   0,0 |    0 |    2,6
  4,1    |     2634 |  30,2 |   0,0 |    0 |    1,8
  5,1    |     3168 |  33,9 |   0,0 |    0 |    0,5
  6,1    |     2923 |  30,9 |   0,0 |    0 |    2,1
  7,1    |     3630 |  30,4 |   0,0 |    0 |    1,9
  0,2    |     2968 |  20,2 |   0,9 |    2 |    1,5
  1,2    |     2666 |  16,7 |   7,5 |    1 |    1,2
  2,2    |     3415 |  19,5 |   0,0 |    0 |    1,8
  3,2    |     4130 |  31,8 |   0,0 |    0 |    0,9
  4,2    |     4121 |  32,6 |   0,0 |    0 |    0,5
  5,2    |     3419 |  24,5 |   1,7 |    1 |    1,6
  6,2    |     4163 |  30,9 |   0,0 |    0 |    1,2
  7,2    |     5053 |  37,9 |   0,0 |    0 |    0,2
  0,3    |     2384 |  15,8 |   2,6 |    1 |    0,8
  1,3    |     2965 |  15,0 |   0,0 |    0 |    1,6
  2,3    |     3910 |  31,6 |   0,0 |    0 |    0,5
  3,3    |     3230 |  21,9 |   0,8 |    1 |    1,0
  4,3    |     3365 |  24,9 |   1,0 |    1 |    1,0
  5,3    |     3545 |  18,5 |   0,0 |    0 |    1,2
  6,3    |     4430 |  24,9 |   0,1 |    1 |    1,6
  7,3    |     4270 |  23,9 |   0,1 |    1 |    1,3
  0,4    |     2610 |  18,6 |   0,0 |    0 |    1,8
  1,4    |     3177 |  22,8 |   0,0 |    0 |    1,6
  2,4    |     3777 |  29,0 |   0,0 |    0 |    0,4
  3,4    |     2946 |  16,8 |   4,3 |    2 |    0,8
  4,4    |     2559 |  17,7 |  10,3 |    2 |    0,5
  5,4    |     3409 |  19,2 |   0,0 |    0 |    1,3
  6,4    |     4662 |  25,4 |   0,0 |    0 |    0,6
  7,4    |     4173 |  20,5 |   0,0 |    1 |    0,5
  0,5    |     2115 |  21,8 |   2,4 |    1 |    1,6
  1,5    |     3162 |  27,4 |   0,0 |    0 |    1,3
  2,5    |     3598 |  23,8 |   2,0 |    1 |    1,7
  3,5    |     3528 |  24,6 |   0,1 |    0 |    1,0
  4,5    |     3308 |  20,4 |   0,0 |    0 |    0,3
  5,5    |     3306 |  21,3 |   0,0 |    0 |    1,9
  6,5    |     4488 |  34,2 |   0,0 |    0 |    0,4
  7,5    |     3544 |  28,5 |   0,0 |    0 |    1,9
  0,6    |     1914 |  13,8 |   2,5 |    1 |    1,6
  1,6    |     3091 |  30,5 |   0,0 |    0 |    1,3
  2,6    |     4511 |  36,4 |   0,0 |    0 |    0,3
  3,6    |     4094 |  29,8 |   0,0 |    0 |    1,0
  4,6    |     2879 |  20,7 |   4,0 |    1 |    1,7
  5,6    |     2599 |  17,1 |   6,3 |    3 |    1,7
  6,6    |     3290 |  35,2 |   0,0 |    0 |    1,0
  7,6    |     2362 |  23,8 |   0,3 |    1 |    2,5
  0,7    |     2848 |  29,7 |   0,0 |    0 |    1,5
  1,7    |     3897 |  33,5 |   0,0 |    0 |    1,9
  2,7    |     4894 |  32,5 |   0,0 |    0 |    1,1
  3,7    |     3894 |  27,8 |   0,0 |    0 |    2,3
  4,7    |     3398 |  29,9 |   0,0 |    0 |    1,4
  5,7    |     2818 |  28,0 |   0,0 |    0 |    1,5
  6,7    |     1987 |  19,9 |   0,0 |    0 |    2,5
  7,7    |     1575 |  14,2 |   0,0 |    0 |    0,7
[маршруты] окно 20 км: опор 48, рёбер 40, сеть 96,8 км, за 2299 мс
[пояса] лес 0,338, редколесье 0,415, альпика 0,472, осыпь 0,520, скала 0,579, снег 0,635
[пояса] пределы выборки 92,4..1040,9 ед (1140..10625 м), смещение 21,5 ед
[фон-материал] шейдер рельефа, размах высот 114,0..1062,5 ед
[рельеф вокруг игрока] средний уклон 12,4°, p95 29,3°, перепад 5773 м, круче 35° 2%, доля дна 28%, шпилей 270  <-- ПОЛОГО  <-- ШПИЛИ
[рельеф вся территория] средний уклон 12,4°, p95 29,3°, перепад 5773 м, круче 35° 2%, доля дна 28%, шпилей 270  <-- ПОЛОГО  <-- ШПИЛИ
[старт] пояс Grassland, высота 3057 м
[старт] опора сети: вид 50%, (360, -945), сток 3, в 10,1 км от середины поля при пределе 172,8; опор всего 48
[дыра] высоты в точке старта: поле 3057 м, меш 4691 м, разница -1633 м; накрывает кольцо 0, ячейка 120 м
[дыра] камера обхода садится на высоту ПОЛЯ, а видит меш: камера ПОД ПОВЕРХНОСТЬЮ на 1633 м
[дыра] треугольников рельефа вокруг точки: в 100 м — 5, в 500 м — 110, в 2000 м — 1741
[дыра] место разведки (-32,6, 17,3) км от середины территории; игрок в 10112 м от середины ПОЛЯ
[дыра] половины колец, км: 0:57,6
[покров] по площади (13271 км²): Water 2,3%, Grassland 24,4%, Forest 18,4%, Shrubland 12,2%, Alpine 7,5%, Scree 12,2%, Rock 16,3%, Snow 6,6%
[вода] ячеек покрова по кольцам: 120м:21093
[дренаж] сетка 961, область 115 км, 1885 мс
[рельеф-отчёт] D:/Godot/ColoringBook/logs\20260821_114350_terrain.json
[рельеф-сетки] D:/Godot/ColoringBook/logs\20260821_114350_terrain.bin
[журнал] D:/Godot/ColoringBook/logs\20260821_113625_session.log
[фон-щели] одиночных рёбер 3840, из них на внешнем крае есть; радиусы от 5760 до 5760 ед (границы колец: 5760)
[фон-меш] рельеф: граней вверх 1843200, вниз 0 (0,0%), вырожденных 0 | расхождение на стыке колец 0,0 м
[фон-пандус] наибольший уклон переходной полосы 0,0°, ширина полосы 8 ячеек (960..480 м)
[фон] колец 1, шаг 120..120 м, область 115 км, четырёхугольников 921600, треугольников 1843200
[растительность] ОТКЛЮЧЕНА (LevelView3D.VegetationOn = false)
[время] рельеф и меш: 444303 мс
--- Seed 42 | Season Summer ---
уровень из колец, сид 42
[камера] обзор на (360, -945), наклон 35°, удаление 2,2 км
[bootstrap] mode=Level (main scene). P = switch to plant gallery.
[bootstrap] galleryActive=False regions=0 | terrain: mesh=null visible=True | rivers: mesh=null visible=True | water: mesh=null visible=True | vegRoot: children=0 visible=True | galleryRoot=none
[PERF] fps=60,0 frame=3,08ms draw=7 prim=1844364 obj=583 vram=387,6MB tex=81,8MB | veg: full=0 lod1=0 hide=0 instVis=0 instHide=0 chunks=0
[PERF] fps=60,0 frame=1,88ms draw=7 prim=1844364 obj=583 vram=387,6MB tex=81,8MB | veg: full=0 lod1=0 hide=0 instVis=0 instHide=0 chunks=0
[PERF] fps=60,0 frame=2,03ms draw=7 prim=1844364 obj=583 vram=387,6MB tex=81,8MB | veg: full=0 lod1=0 hide=0 instVis=0 instHide=0 chunks=0
[PERF] fps=60,0 frame=2,08ms draw=7 prim=1844364 obj=583 vram=387,6MB tex=81,8MB | veg: full=0 lod1=0 hide=0 instVis=0 instHide=0 chunks=0
[PERF] fps=60,0 frame=2,58ms draw=7 prim=1844364 obj=583 vram=387,6MB tex=81,8MB | veg: full=0 lod1=0 hide=0 instVis=0 instHide=0 chunks=0
[PERF] fps=60,0 frame=4,34ms draw=7 prim=1844364 obj=583 vram=387,6MB tex=81,8MB | veg: full=0 lod1=0 hide=0 instVis=0 instHide=0 chunks=0
[PERF] fps=60,0 frame=2,36ms draw=7 prim=1844364 obj=583 vram=387,6MB tex=81,8MB | veg: full=0 lod1=0 hide=0 instVis=0 instHide=0 chunks=0
[PERF] fps=60,0 frame=1,77ms draw=7 prim=1844364 obj=583 vram=387,6MB tex=81,8MB | veg: full=0 lod1=0 hide=0 instVis=0 instHide=0 chunks=0
[PERF] fps=60,0 frame=8,64ms draw=7 prim=1844364 obj=583 vram=387,6MB tex=81,8MB | veg: full=0 lod1=0 hide=0 instVis=0 instHide=0 chunks=0
[PERF] fps=60,0 frame=2,46ms draw=7 prim=1844364 obj=583 vram=387,6MB tex=81,8MB | veg: full=0 lod1=0 hide=0 instVis=0 instHide=0 chunks=0
[PERF] fps=60,0 frame=2,59ms draw=7 prim=1844364 obj=583 vram=387,6MB tex=81,8MB | veg: full=0 lod1=0 hide=0 instVis=0 instHide=0 chunks=0
[PERF] fps=60,0 frame=2,20ms draw=7 prim=1844360 obj=581 vram=387,6MB tex=81,8MB | veg: full=0 lod1=0 hide=0 instVis=0 instHide=0 chunks=0
[PERF] fps=60,0 frame=2,02ms draw=7 prim=1844372 obj=587 vram=387,6MB tex=81,8MB | veg: full=0 lod1=0 hide=0 instVis=0 instHide=0 chunks=0
[PERF] fps=60,0 frame=1,62ms draw=7 prim=1844376 obj=589 vram=387,6MB tex=81,8MB | veg: full=0 lod1=0 hide=0 instVis=0 instHide=0 chunks=0
[обход] 18 поз: весь уровень, четверти, глаз из (360, -945), шар
[telemetry] обход уровня записан: D:/Godot/ColoringBook/logs\20260821_084514_seed42_sweep.json
[обход] 18 поз: весь уровень, четверти, глаз из (360, -945), шар
[кадр 000] весь уровень сверху: камера (0,0, 0,0) км, над землёй 78622 м, взгляд вниз 100%
[кадр] весь уровень сверху: неба 51%, пятен 6, крупнейшее 31%, ПУСТОТЫ 45% (в нижней половине 44%)
[sketch] шаблон: областей 1, из них удобных без увеличения 0, крупных заливок 1, непригодных 0; самая большая занимает 100% кадра, чернил 0,0%
[sketch] обход весь уровень сверху: шаблон: областей 1, из них удобных без увеличения 0, крупных заливок 1, непригодных 0; самая большая занимает 100% кадра, чернил 0,0%
[кадр 001] весь уровень косо 0°: камера (-0,0, -49,9) км, над землёй 37130 м, взгляд вниз 62%
[PERF] fps=43,0 frame=296,97ms draw=8 prim=3687580 obj=592 vram=422,8MB tex=112,8MB | veg: full=0 lod1=0 hide=0 instVis=0 instHide=0 chunks=0
[кадр] весь уровень косо 0°: неба 43%, пятен 5, крупнейшее 51%, ПУСТОТЫ 37% (в нижней половине 3%)
[sketch] шаблон: областей 1, из них удобных без увеличения 0, крупных заливок 1, непригодных 0; самая большая занимает 100% кадра, чернил 0,0%
[sketch] обход весь уровень косо 0°: шаблон: областей 1, из них удобных без увеличения 0, крупных заливок 1, непригодных 0; самая большая занимает 100% кадра, чернил 0,0%
[кадр 002] весь уровень косо 120°: камера (-43,2, 25,0) км, над землёй 36623 м, взгляд вниз 62%
[кадр] весь уровень косо 120°: неба 42%, пятен 7, крупнейшее 50%, ПУСТОТЫ 36% (в нижней половине 2%)
[sketch] шаблон: областей 1, из них удобных без увеличения 0, крупных заливок 1, непригодных 0; самая большая занимает 100% кадра, чернил 0,0%
[sketch] обход весь уровень косо 120°: шаблон: областей 1, из них удобных без увеличения 0, крупных заливок 1, непригодных 0; самая большая занимает 100% кадра, чернил 0,0%
[кадр 003] весь уровень косо 240°: камера (43,2, 25,0) км, над землёй 34879 м, взгляд вниз 62%
[кадр] весь уровень косо 240°: неба 56%, пятен 7, крупнейшее 41%, ПУСТОТЫ 36% (в нижней половине 2%)
[sketch] шаблон: областей 1, из них удобных без увеличения 0, крупных заливок 1, непригодных 0; самая большая занимает 100% кадра, чернил 0,0%
[sketch] обход весь уровень косо 240°: шаблон: областей 1, из них удобных без увеличения 0, крупных заливок 1, непригодных 0; самая большая занимает 100% кадра, чернил 0,0%
[кадр 004] четверть 1: камера (-25,3, -51,8) км, над землёй 17027 м, взгляд вниз 57%
[кадр] четверть 1: неба 30%, пятен 8, крупнейшее 29%, ПУСТОТЫ 26% (в нижней половине 0%)
[sketch] шаблон: областей 1, из них удобных без увеличения 0, крупных заливок 1, непригодных 0; самая большая занимает 100% кадра, чернил 0,0%
[sketch] обход четверть 1: шаблон: областей 1, из них удобных без увеличения 0, крупных заливок 1, непригодных 0; самая большая занимает 100% кадра, чернил 0,0%
[кадр 005] четверть 2: камера (25,3, -51,8) км, над землёй 20626 м, взгляд вниз 57%
[кадр] четверть 2: неба 31%, пятен 7, крупнейшее 28%, ПУСТОТЫ 25% (в нижней половине 0%)
[sketch] шаблон: областей 1, из них удобных без увеличения 0, крупных заливок 1, непригодных 0; самая большая занимает 100% кадра, чернил 0,0%
[sketch] обход четверть 2: шаблон: областей 1, из них удобных без увеличения 0, крупных заливок 1, непригодных 0; самая большая занимает 100% кадра, чернил 0,0%
[кадр 006] четверть 3: камера (-25,3, -1,1) км, над землёй 17830 м, взгляд вниз 57%
[кадр] четверть 3: неба 36%, пятен 8, крупнейшее 60%, ПУСТОТЫ 34% (в нижней половине 3%)
[sketch] шаблон: областей 1, из них удобных без увеличения 0, крупных заливок 1, непригодных 0; самая большая занимает 100% кадра, чернил 0,0%
[sketch] обход четверть 3: шаблон: областей 1, из них удобных без увеличения 0, крупных заливок 1, непригодных 0; самая большая занимает 100% кадра, чернил 0,0%
[кадр 007] четверть 4: камера (25,3, -1,1) км, над землёй 18531 м, взгляд вниз 57%
[кадр] четверть 4: неба 46%, пятен 7, крупнейшее 46%, ПУСТОТЫ 33% (в нижней половине 1%)
[sketch] шаблон: областей 1, из них удобных без увеличения 0, крупных заливок 1, непригодных 0; самая большая занимает 100% кадра, чернил 0,0%
[sketch] обход четверть 4: шаблон: областей 1, из них удобных без увеличения 0, крупных заливок 1, непригодных 0; самая большая занимает 100% кадра, чернил 0,0%
[кадр 008] глаз 0°: камера (3,6, -9,4) км, над землёй 2 м, взгляд вниз 5%
[кадр] глаз 0°: неба 52%, пятен 5, крупнейшее 57%, ПУСТОТЫ 54% (в нижней половине 100%)
[sketch] шаблон: областей 2, из них удобных без увеличения 0, крупных заливок 2, непригодных 0; самая большая занимает 83% кадра, чернил 0,5%
[sketch] обход глаз 0°: шаблон: областей 2, из них удобных без увеличения 0, крупных заливок 2, непригодных 0; самая большая занимает 83% кадра, чернил 0,5%
[кадр 009] глаз 45°: камера (3,6, -9,4) км, над землёй 2 м, взгляд вниз 5%
[кадр] глаз 45°: неба 55%, пятен 5, крупнейшее 56%, ПУСТОТЫ 56% (в нижней половине 100%)
[sketch] шаблон: областей 6, из них удобных без увеличения 2, крупных заливок 2, непригодных 0; самая большая занимает 89% кадра, чернил 0,5%
[sketch] обход глаз 45°: шаблон: областей 6, из них удобных без увеличения 2, крупных заливок 2, непригодных 0; самая большая занимает 89% кадра, чернил 0,5%
[кадр 010] глаз 90°: камера (3,6, -9,4) км, над землёй 2 м, взгляд вниз 5%
[PERF] fps=6,0 frame=1411,92ms draw=8 prim=3687588 obj=596 vram=424,6MB tex=112,8MB | veg: full=0 lod1=0 hide=0 instVis=0 instHide=0 chunks=0
[кадр] глаз 90°: неба 53%, пятен 3, крупнейшее 55%, ПУСТОТЫ 54% (в нижней половине 100%)
[sketch] шаблон: областей 3, из них удобных без увеличения 2, крупных заливок 1, непригодных 0; самая большая занимает 92% кадра, чернил 0,5%
[sketch] обход глаз 90°: шаблон: областей 3, из них удобных без увеличения 2, крупных заливок 1, непригодных 0; самая большая занимает 92% кадра, чернил 0,5%
[кадр 011] глаз 135°: камера (3,6, -9,4) км, над землёй 2 м, взгляд вниз 5%
[кадр] глаз 135°: неба 54%, пятен 4, крупнейшее 56%, ПУСТОТЫ 54% (в нижней половине 100%)
[sketch] шаблон: областей 2, из них удобных без увеличения 1, крупных заливок 1, непригодных 0; самая большая занимает 93% кадра, чернил 0,5%
[sketch] обход глаз 135°: шаблон: областей 2, из них удобных без увеличения 1, крупных заливок 1, непригодных 0; самая большая занимает 93% кадра, чернил 0,5%
[кадр 012] глаз 180°: камера (3,6, -9,4) км, над землёй 2 м, взгляд вниз 5%
[кадр] глаз 180°: неба 54%, пятен 3, крупнейшее 64%, ПУСТОТЫ 53% (в нижней половине 100%)
[sketch] шаблон: областей 3, из них удобных без увеличения 2, крупных заливок 1, непригодных 0; самая большая занимает 95% кадра, чернил 0,4%
[sketch] обход глаз 180°: шаблон: областей 3, из них удобных без увеличения 2, крупных заливок 1, непригодных 0; самая большая занимает 95% кадра, чернил 0,4%
[кадр 013] глаз 225°: камера (3,6, -9,4) км, над землёй 2 м, взгляд вниз 5%
[кадр] глаз 225°: неба 53%, пятен 3, крупнейшее 64%, ПУСТОТЫ 53% (в нижней половине 100%)
[sketch] шаблон: областей 5, из них удобных без увеличения 3, крупных заливок 2, непригодных 0; самая большая занимает 92% кадра, чернил 0,4%
[sketch] обход глаз 225°: шаблон: областей 5, из них удобных без увеличения 3, крупных заливок 2, непригодных 0; самая большая занимает 92% кадра, чернил 0,4%
[кадр 014] глаз 270°: камера (3,6, -9,4) км, над землёй 2 м, взгляд вниз 5%
[кадр] глаз 270°: неба 54%, пятен 2, крупнейшее 64%, ПУСТОТЫ 54% (в нижней половине 100%)
[sketch] шаблон: областей 2, из них удобных без увеличения 0, крупных заливок 2, непригодных 0; самая большая занимает 85% кадра, чернил 0,4%
[sketch] обход глаз 270°: шаблон: областей 2, из них удобных без увеличения 0, крупных заливок 2, непригодных 0; самая большая занимает 85% кадра, чернил 0,4%
[кадр 015] глаз 315°: камера (3,6, -9,4) км, над землёй 2 м, взгляд вниз 5%
[кадр] глаз 315°: неба 53%, пятен 2, крупнейшее 63%, ПУСТОТЫ 54% (в нижней половине 100%)
[sketch] шаблон: областей 2, из них удобных без увеличения 0, крупных заливок 2, непригодных 0; самая большая занимает 79% кадра, чернил 0,4%
[sketch] обход глаз 315°: шаблон: областей 2, из них удобных без увеличения 0, крупных заливок 2, непригодных 0; самая большая занимает 79% кадра, чернил 0,4%
[кадр 016] шар 0°: камера (3,6, -9,4) км, над землёй 500 м, взгляд вниз 24%
[кадр] шар 0°: неба 65%, пятен 2, крупнейшее 66%, ПУСТОТЫ 66% (в нижней половине 100%)
[sketch] шаблон: областей 2, из них удобных без увеличения 1, крупных заливок 1, непригодных 0; самая большая занимает 88% кадра, чернил 0,5%
[sketch] обход шар 0°: шаблон: областей 2, из них удобных без увеличения 1, крупных заливок 1, непригодных 0; самая большая занимает 88% кадра, чернил 0,5%
[кадр 017] шар 180°: камера (3,6, -9,4) км, над землёй 500 м, взгляд вниз 24%
[кадр] шар 180°: неба 66%, пятен 2, крупнейшее 64%, ПУСТОТЫ 65% (в нижней половине 100%)
[sketch] шаблон: областей 4, из них удобных без увеличения 2, крупных заливок 1, непригодных 0; самая большая занимает 99% кадра, чернил 0,1%
[sketch] обход шар 180°: шаблон: областей 4, из них удобных без увеличения 2, крупных заливок 1, непригодных 0; самая большая занимает 99% кадра, чернил 0,1%
[кадр 018] озеро с берега 0°: камера (6,6, 2,3) км, над землёй 2 м, взгляд вниз 12%
[кадр] озеро с берега 0°: неба 60%, пятен 4, крупнейшее 63%, ПУСТОТЫ 61% (в нижней половине 100%)
[sketch] шаблон: областей 1, из них удобных без увеличения 0, крупных заливок 1, непригодных 0; самая большая занимает 100% кадра, чернил 0,0%
[sketch] обход озеро с берега 0°: шаблон: областей 1, из них удобных без увеличения 0, крупных заливок 1, непригодных 0; самая большая занимает 100% кадра, чернил 0,0%
[кадр 019] озеро с берега 180°: камера (6,6, 2,3) км, над землёй 2 м, взгляд вниз 12%
[PERF] fps=6,0 frame=1574,25ms draw=8 prim=3687588 obj=596 vram=424,6MB tex=112,8MB | veg: full=0 lod1=0 hide=0 instVis=0 instHide=0 chunks=0
[кадр] озеро с берега 180°: неба 60%, пятен 2, крупнейшее 63%, ПУСТОТЫ 60% (в нижней половине 100%)
[sketch] шаблон: областей 1, из них удобных без увеличения 0, крупных заливок 1, непригодных 0; самая большая занимает 100% кадра, чернил 0,0%
[sketch] обход озеро с берега 180°: шаблон: областей 1, из них удобных без увеличения 0, крупных заливок 1, непригодных 0; самая большая занимает 100% кадра, чернил 0,0%
[кадр 020] озеро сверху: камера (6,6, 2,3) км, над землёй 9000 м, взгляд вниз 96%
[кадр] озеро сверху: неба 5%, пятен 11, крупнейшее 26%, ПУСТОТЫ 0% (в нижней половине 0%)
[sketch] шаблон: областей 1, из них удобных без увеличения 0, крупных заливок 1, непригодных 0; самая большая занимает 100% кадра, чернил 0,0%
[sketch] обход озеро сверху: шаблон: областей 1, из них удобных без увеличения 0, крупных заливок 1, непригодных 0; самая большая занимает 100% кадра, чернил 0,0%
[кадр 021] русло сверху: камера (31,4, -38,4) км, над землёй 2500 м, взгляд вниз 98%
[кадр] русло сверху: неба 0%, пятен 7, крупнейшее 31%, ПУСТОТЫ 0% (в нижней половине 0%)
[sketch] шаблон: областей 2, из них удобных без увеличения 1, крупных заливок 1, непригодных 0; самая большая занимает 99% кадра, чернил 0,1%
[sketch] обход русло сверху: шаблон: областей 2, из них удобных без увеличения 1, крупных заливок 1, непригодных 0; самая большая занимает 99% кадра, чернил 0,1%
[кадр 022] русло с берега: камера (31,4, -38,4) км, над землёй 2 м, взгляд вниз 8%
[кадр] русло с берега: неба 60%, пятен 2, крупнейшее 65%, ПУСТОТЫ 60% (в нижней половине 100%)
[sketch] шаблон: областей 5, из них удобных без увеличения 2, крупных заливок 2, непригодных 0; самая большая занимает 90% кадра, чернил 0,5%
[sketch] обход русло с берега: шаблон: областей 5, из них удобных без увеличения 2, крупных заливок 2, непригодных 0; самая большая занимает 90% кадра, чернил 0,5%
[telemetry] снимков сохранено: 23 в D:/Godot/ColoringBook/logs\20260821_084514_seed42_sweep_shots
[PERF] fps=59,0 frame=7,02ms draw=7 prim=1844380 obj=591 vram=393,1MB tex=81,8MB | veg: full=0 lod1=0 hide=0 instVis=0 instHide=0 chunks=0
