ColoringBook — журнал запуска 2026-08-22 14:19:55
[bootstrap] каталог логов: D:/Godot/ColoringBook/logs
PlantCatalog ready: 9 variants x kinds
=== ColoringBook Bootstrap | BUILD STAMP: 2026-08-22-V394 (поле поднятия из линий разлома; настройки разломов в журнал)
[shaders] res://assets/shaders/terrain.gdshader — ок
[shaders] res://assets/shaders/water.gdshader — ок
[shaders] res://assets/shaders/foliage.gdshader — ок
[shaders] res://assets/shaders/impostor.gdshader — ок
[shaders] res://assets/shaders/sketch_id.gdshader — ок
[shaders] res://assets/shaders/sketch_depth.gdshader — ок
[shaders] res://assets/shaders/sketch_normal.gdshader — ок
[bootstrap] MaxFps=60, VSync=Disabled
[устройство] стол, поле полное, уровень при запуске, журнал в res://logs, ядер 8
[bootstrap] StartupMode = Level
[разведка] поле 241x241 за 20009 мс, место (45,6, -16,8) км от середины территории
[нрав] поднятие 8,7 м (разброс 1,01, период 9 км), врез 22, осыпание 0,003, итераций 905
[разломы] 9 линий на 100 км, полоса 6,0 км, излом 0,50, разброс направлений 0,60, перекос 1,60, искажение области 0,30
[фон-эрозия] поле 961x961 за 310196 мс
[высоты] размах поля 4953 м, дно 800 м, верх 5753 м
[плитка] 5 км, ячейка 30 м, за 6301 мс
[высоты] p10 1657 м, медиана 2577, p90 3749, разница p10-p90 2092 м (в Альпах 2000-2500)
[вода] 2,3% площади (норма Альп 1.5-6)
[озёра] 5 крупнее 0.05 км², крупнейшее 100,5 км²
[острова] 3, крупнейший 0,06 км²
[озёра-подробно] впадин 16 крупнее 1 км², ячеек во впадинах 103343 (11,2% поля), сжатие 1,00
  чаша км² | глубина м | залито %
     594,2 |         2 |        0   <- вода лужей на дне
     475,3 |         0 |        0   <- вода лужей на дне
     186,8 |         0 |        0   <- вода лужей на дне
     124,9 |       227 |       81
      53,8 |       186 |       58
      12,6 |         0 |        0   <- вода лужей на дне
      12,4 |         0 |        0   <- вода лужей на дне
       5,2 |         1 |        0   <- вода лужей на дне
[русла] прямых отрезков 283, медиана 600 м, p90 1800 м, наибольший 6720 м (в природе прямой участок до 1-2 км)
[проверка] 14 из 21 в норме
  НАРУШЕНО [рельеф] отклонение форм: 21,4 (норма 0,0..18,0)
  НАРУШЕНО [рельеф] гребни: 4,3% (норма 6,0..10,0)
  НАРУШЕНО [рельеф] ровные места: 46,0% (норма 33,0..43,0)
  НАРУШЕНО [озёра] крупнейшее: 100,5 км² (норма 0,0..50,0) — горные озёра 0.01-20 км²
  НАРУШЕНО [русла] наибольший прямой: 4560,0 м (норма 0,0..4000,0)
  НАРУШЕНО [русла] обрывков короче 3 км: 7,0 (норма 0,0..5,0)
  НАРУШЕНО [русла] извилистость: 1,2 (норма 1,3..3,0) — у природной реки 1.3-3.0, у прямой единица
  годно [рельеф] разница высот p10-p90: 2092,2 м
  годно [рельеф] медиана высоты: 2576,7 м
  годно [рельеф] уклон на ячейке поля: 20,4°
  годно [вода] доля площади: 2,3%
  годно [вода] русло ПОВЕРХ озера: 0,0%
  годно [вода] сухая кайма дальше 240 м от воды: 0,0%
  годно [озёра] число крупнее 0.05 км²: 5,0
  годно [озёра] вытянутых втрое и более: 1,0
  годно [озёра] в вереницах: 0,0
  годно [русла] прямой участок p90: 960,0 м
  годно [русла] доля площади: 1,3%
  годно [русла] кусков сети: 14,0
  годно [русла] параллельные пары: 0,1%
  годно [острова] число: 3,0
[чаши-поштучно] чаша км² | под водой % | глубина м | вытянут
     115,1 |          87 |       227 |     1,8
      31,4 |         100 |       186 |     1,0
       1,6 |         100 |        78 |     2,2
       1,2 |         100 |        68 |     2,3
[области] сетка 8x8, клетка 14,4 км
  клетка | высота м | уклон | вода% | озёр | русло%
  0,0    |     3362 |  24,7 |   0,0 |    0 |    0,0
  1,0    |     2885 |  22,4 |   0,0 |    0 |    0,4
  2,0    |     2777 |  21,1 |   0,0 |    0 |    1,2
  3,0    |     2234 |  10,9 |   0,0 |    0 |    2,0
  4,0    |     2003 |  30,8 |   0,0 |    1 |    1,6
  5,0    |     1235 |  10,7 |   0,0 |    0 |    3,0
  6,0    |     1725 |  14,8 |   0,0 |    0 |    2,1
  7,0    |     3284 |  34,3 |   0,0 |    0 |    0,8
  0,1    |     3010 |  24,6 |   0,0 |    0 |    0,0
  1,1    |     2421 |  10,9 |   0,0 |    0 |    2,2
  2,1    |     2813 |  24,4 |   0,0 |    0 |    0,9
  3,1    |     2656 |  17,7 |   0,0 |    0 |    1,6
  4,1    |     2424 |  27,8 |   0,0 |    0 |    1,2
  5,1    |     1728 |  12,8 |   0,0 |    0 |    2,4
  6,1    |     3063 |  34,9 |   0,0 |    0 |    0,5
  7,1    |     2685 |  12,9 |   0,0 |    0 |    2,1
  0,2    |     2800 |  23,5 |   0,0 |    0 |    0,7
  1,2    |     2158 |   1,1 |   0,0 |    0 |    2,0
  2,2    |     2829 |  25,4 |   0,0 |    0 |    0,7
  3,2    |     3074 |  27,1 |   0,2 |    1 |    1,1
  4,2    |     2598 |  27,7 |   0,3 |    0 |    1,8
  5,2    |     3116 |  31,4 |   1,6 |    0 |    1,0
  6,2    |     3039 |  17,7 |   0,0 |    0 |    1,1
  7,2    |     2432 |   3,6 |   0,0 |    0 |    1,8
  0,3    |     2298 |  16,5 |   0,0 |    0 |    1,4
  1,3    |     2210 |   4,6 |   0,0 |    0 |    2,1
  2,3    |     3126 |  33,3 |   0,0 |    0 |    0,8
  3,3    |     3057 |  16,7 |   0,0 |    0 |    0,8
  4,3    |     3307 |  37,7 |   1,8 |    0 |    0,9
  5,3    |     3435 |  25,2 |  24,6 |    1 |    0,8
  6,3    |     2561 |   2,7 |   0,0 |    0 |    1,7
  7,3    |     2557 |   4,7 |   0,0 |    0 |    0,8
  0,4    |     1717 |  10,2 |   0,0 |    0 |    1,5
  1,4    |     2113 |  19,8 |   0,0 |    0 |    1,3
  2,4    |     3356 |  31,0 |   0,0 |    0 |    0,7
  3,4    |     2996 |  11,8 |   0,0 |    0 |    0,4
  4,4    |     3763 |  32,6 |  17,5 |    0 |    1,1
  5,4    |     2979 |  18,2 |   2,9 |    0 |    1,1
  6,4    |     2527 |   0,5 |   0,0 |    0 |    2,3
  7,4    |     3152 |  25,2 |   0,0 |    0 |    1,1
  0,5    |     1273 |  10,7 |   0,0 |    0 |    2,4
  1,5    |     2209 |  28,0 |   0,0 |    0 |    1,5
  2,5    |     3005 |  11,5 |   0,0 |    0 |    0,8
  3,5    |     3411 |  23,1 |   0,0 |    0 |    0,0
  4,5    |     3448 |  31,2 |   0,0 |    0 |    0,6
  5,5    |     2545 |   1,6 |   0,0 |    0 |    1,3
  6,5    |     2635 |   6,6 |   0,0 |    0 |    1,8
  7,5    |     3691 |  38,1 |   0,0 |    0 |    0,6
  0,6    |     1288 |  11,8 |   0,0 |    0 |    2,5
  1,6    |     2613 |  34,3 |   0,0 |    0 |    0,9
  2,6    |     2843 |   3,6 |   0,0 |    0 |    0,8
  3,6    |     3707 |  37,6 |   0,8 |    1 |    1,1
  4,6    |     2553 |  11,8 |   0,0 |    0 |    1,6
  5,6    |     2406 |   3,2 |   0,0 |    0 |    2,1
  6,6    |     2832 |  30,1 |   0,0 |    0 |    0,3
  7,6    |     2877 |  30,8 |   0,0 |    0 |    1,6
  0,7    |     1783 |  19,4 |   0,0 |    0 |    1,9
  1,7    |     3139 |  33,3 |   0,0 |    0 |    0,8
  2,7    |     3535 |  25,0 |   0,0 |    0 |    0,6
  3,7    |     3804 |  35,1 |   0,0 |    0 |    1,0
  4,7    |     2479 |  13,6 |  12,7 |    1 |    2,6
  5,7    |     2251 |  26,0 |   2,5 |    0 |    1,5
  6,7    |     1935 |  31,8 |   0,0 |    0 |    1,9
  7,7    |     2599 |  23,3 |   0,0 |    0 |    0,4
[маршруты] окно 20 км: опор 88, рёбер 84, сеть 172,0 км, за 2994 мс
[пояса] лес 0,310, редколесье 0,358, альпика 0,417, осыпь 0,476, скала 0,549, снег 0,618
[пояса] пределы выборки 128,0..623,4 ед (800..5753 м), смещение -48,0 ед
[кольца] построено 1 за 8238 мс: высоты и покров 7773 мс, прочее 465 мс
[фон-материал] шейдер рельефа, размах высот 80,0..575,3 ед
[рельеф вокруг игрока] средний уклон 10,2°, p95 30,4°, перепад 4692 м, круче 35° 3%, доля дна 31%, шпилей 219  <-- ПОЛОГО  <-- ШПИЛИ
[рельеф вся территория] средний уклон 10,2°, p95 30,4°, перепад 4692 м, круче 35° 3%, доля дна 31%, шпилей 219  <-- ПОЛОГО  <-- ШПИЛИ
[старт] пояс Forest, высота 2581 м
[старт] опора сети: вид 70%, (693, -612), сток 147, в 9,2 км от середины поля при пределе 172,8; опор всего 88
[дыра] высоты в точке старта: поле 2581 м, меш 2567 м, разница 14 м; накрывает кольцо 0, ячейка 120 м
[дыра] камера обхода садится на высоту ПОЛЯ, а видит меш: камера НАД поверхностью на 14 м
[дыра] треугольников рельефа вокруг точки: в 100 м — 5, в 500 м — 110, в 2000 м — 1741
[дыра] место разведки (45,6, -16,8) км от середины территории; игрок в 9246 м от середины ПОЛЯ
[дыра] половины колец, км: 0:57,6
[покров] по площади (13271 км²): Water 2,3%, Grassland 28,9%, Forest 15,3%, Shrubland 16,2%, Alpine 9,9%, Scree 8,7%, Rock 12,3%, Snow 6,4%
[вода] ячеек покрова по кольцам: 120м:21270
[дренаж] сетка 961, область 115 км, 1832 мс
[рельеф-отчёт] D:/Godot/ColoringBook/logs\20260822_142606_terrain.json
[рельеф-сетки] D:/Godot/ColoringBook/logs\20260822_142606_terrain.bin
[журнал] D:/Godot/ColoringBook/logs\20260822_141955_session.log
[фон-щели] одиночных рёбер 3840, из них на внешнем крае есть; радиусы от 5760 до 5760 ед (границы колец: 5760)
[фон-меш] рельеф: граней вверх 1843200, вниз 0 (0,0%), вырожденных 0 | расхождение на стыке колец 0,0 м
[фон-пандус] наибольший уклон переходной полосы 0,0°, ширина полосы 8 ячеек (960..480 м)
[фон] колец 1, шаг 120..120 м, область 115 км, четырёхугольников 921600, треугольников 1843200
[растительность] ОТКЛЮЧЕНА (LevelView3D.VegetationOn = false)
[время] рельеф и меш: 370060 мс
--- Seed 42 | Season Summer ---
уровень из колец, сид 42
[камера] обзор на (693, -612), наклон 35°, удаление 76,0 км
[bootstrap] mode=Level (main scene). P = switch to plant gallery.
[bootstrap] galleryActive=False regions=0 | terrain: mesh=null visible=True | rivers: mesh=null visible=True | water: mesh=null visible=True | vegRoot: children=0 visible=True | galleryRoot=none
[PERF] fps=60,0 frame=3,82ms draw=7 prim=1844376 obj=589 vram=386,6MB tex=81,8MB | veg: full=0 lod1=0 hide=0 instVis=0 instHide=0 chunks=0
[PERF] fps=60,0 frame=3,04ms draw=7 prim=1844372 obj=587 vram=386,6MB tex=81,8MB | veg: full=0 lod1=0 hide=0 instVis=0 instHide=0 chunks=0
[PERF] fps=60,0 frame=2,36ms draw=7 prim=1844372 obj=587 vram=386,6MB tex=81,8MB | veg: full=0 lod1=0 hide=0 instVis=0 instHide=0 chunks=0
[PERF] fps=60,0 frame=2,54ms draw=7 prim=1844372 obj=587 vram=386,6MB tex=81,8MB | veg: full=0 lod1=0 hide=0 instVis=0 instHide=0 chunks=0
[PERF] fps=60,0 frame=2,92ms draw=7 prim=1844372 obj=587 vram=386,6MB tex=81,8MB | veg: full=0 lod1=0 hide=0 instVis=0 instHide=0 chunks=0
[PERF] fps=60,0 frame=1,70ms draw=7 prim=1844372 obj=587 vram=386,6MB tex=81,8MB | veg: full=0 lod1=0 hide=0 instVis=0 instHide=0 chunks=0
[PERF] fps=60,0 frame=2,14ms draw=7 prim=1844372 obj=587 vram=386,6MB tex=81,8MB | veg: full=0 lod1=0 hide=0 instVis=0 instHide=0 chunks=0
[обход] 8 поз: весь уровень, четверти, глаз из (693, -612), шар
[telemetry] обход уровня записан: D:/Godot/ColoringBook/logs\20260822_112632_seed42_sweep.json
[обход] 8 поз: весь уровень, четверти, глаз из (693, -612), шар
[кадр 000] весь уровень сверху: камера (0,0, 0,0) км, над землёй 76818 м, взгляд вниз 100%, охват 117,9 км
[кадр] весь уровень сверху: неба 54%, пятен 6, крупнейшее 57%, ПУСТОТЫ 48% (в нижней половине 48%)
[sketch] шаблон: областей 1, из них удобных без увеличения 0, крупных заливок 1, непригодных 0; самая большая занимает 100% кадра, чернил 0,0%
[sketch] обход весь уровень сверху: шаблон: областей 1, из них удобных без увеличения 0, крупных заливок 1, непригодных 0; самая большая занимает 100% кадра, чернил 0,0%
[кадр 001] весь уровень косо 0°: камера (-0,0, -49,9) км, над землёй 36864 м, взгляд вниз 62%, охват 56,6 км
[кадр] весь уровень косо 0°: неба 45%, пятен 9, крупнейшее 55%, ПУСТОТЫ 40% (в нижней половине 6%)
[sketch] шаблон: областей 1, из них удобных без увеличения 0, крупных заливок 1, непригодных 0; самая большая занимает 100% кадра, чернил 0,0%
[sketch] обход весь уровень косо 0°: шаблон: областей 1, из них удобных без увеличения 0, крупных заливок 1, непригодных 0; самая большая занимает 100% кадра, чернил 0,0%
[кадр 002] весь уровень косо 120°: камера (-43,2, 25,0) км, над землёй 37640 м, взгляд вниз 62%, охват 57,8 км
[кадр] весь уровень косо 120°: неба 48%, пятен 7, крупнейшее 55%, ПУСТОТЫ 39% (в нижней половине 4%)
[sketch] шаблон: областей 1, из них удобных без увеличения 0, крупных заливок 1, непригодных 0; самая большая занимает 100% кадра, чернил 0,0%
[sketch] обход весь уровень косо 120°: шаблон: областей 1, из них удобных без увеличения 0, крупных заливок 1, непригодных 0; самая большая занимает 100% кадра, чернил 0,0%
[кадр 003] весь уровень косо 240°: камера (43,2, 25,0) км, над землёй 35811 м, взгляд вниз 62%, охват 55,0 км
[кадр] весь уровень косо 240°: неба 49%, пятен 4, крупнейшее 56%, ПУСТОТЫ 39% (в нижней половине 4%)
[sketch] шаблон: областей 1, из них удобных без увеличения 0, крупных заливок 1, непригодных 0; самая большая занимает 100% кадра, чернил 0,0%
[sketch] обход весь уровень косо 240°: шаблон: областей 1, из них удобных без увеличения 0, крупных заливок 1, непригодных 0; самая большая занимает 100% кадра, чернил 0,0%
[кадр 004] четверть 1: камера (-25,3, -51,8) км, над землёй 18605 м, взгляд вниз 57%, охват 28,6 км
[PERF] fps=3,0 frame=412,17ms draw=7 prim=1844380 obj=591 vram=408,0MB tex=96,8MB | veg: full=0 lod1=0 hide=0 instVis=0 instHide=0 chunks=0
[кадр] четверть 1: неба 31%, пятен 14, крупнейшее 29%, ПУСТОТЫ 29% (в нижней половине 2%)
[sketch] шаблон: областей 1, из них удобных без увеличения 0, крупных заливок 1, непригодных 0; самая большая занимает 100% кадра, чернил 0,0%
[sketch] обход четверть 1: шаблон: областей 1, из них удобных без увеличения 0, крупных заливок 1, непригодных 0; самая большая занимает 100% кадра, чернил 0,0%
[кадр 005] четверть 2: камера (25,3, -51,8) км, над землёй 21203 м, взгляд вниз 57%, охват 32,5 км
[кадр] четверть 2: неба 40%, пятен 9, крупнейшее 45%, ПУСТОТЫ 31% (в нижней половине 4%)
[sketch] шаблон: областей 1, из них удобных без увеличения 0, крупных заливок 1, непригодных 0; самая большая занимает 100% кадра, чернил 0,0%
[sketch] обход четверть 2: шаблон: областей 1, из них удобных без увеличения 0, крупных заливок 1, непригодных 0; самая большая занимает 100% кадра, чернил 0,0%
[кадр 006] четверть 3: камера (-25,3, -1,1) км, над землёй 17990 м, взгляд вниз 57%, охват 27,6 км
[кадр] четверть 3: неба 42%, пятен 6, крупнейшее 58%, ПУСТОТЫ 36% (в нижней половине 4%)
[sketch] шаблон: областей 1, из них удобных без увеличения 0, крупных заливок 1, непригодных 0; самая большая занимает 100% кадра, чернил 0,0%
[sketch] обход четверть 3: шаблон: областей 1, из них удобных без увеличения 0, крупных заливок 1, непригодных 0; самая большая занимает 100% кадра, чернил 0,0%
[кадр 007] четверть 4: камера (25,3, -1,1) км, над землёй 18254 м, взгляд вниз 57%, охват 28,0 км
[кадр] четверть 4: неба 45%, пятен 4, крупнейшее 55%, ПУСТОТЫ 34% (в нижней половине 1%)
[sketch] шаблон: областей 1, из них удобных без увеличения 0, крупных заливок 1, непригодных 0; самая большая занимает 100% кадра, чернил 0,0%
[sketch] обход четверть 4: шаблон: областей 1, из них удобных без увеличения 0, крупных заливок 1, непригодных 0; самая большая занимает 100% кадра, чернил 0,0%
[кадр 008] четверть 0,0 сверху: камера (-28,8, -28,8) км, над землёй 41286 м, взгляд вниз 100%, охват 63,4 км
[кадр] четверть 0,0 сверху: неба 34%, пятен 9, крупнейшее 29%, ПУСТОТЫ 27% (в нижней половине 24%)
[sketch] шаблон: областей 1, из них удобных без увеличения 0, крупных заливок 1, непригодных 0; самая большая занимает 100% кадра, чернил 0,0%
[sketch] обход четверть 0,0 сверху: шаблон: областей 1, из них удобных без увеличения 0, крупных заливок 1, непригодных 0; самая большая занимает 100% кадра, чернил 0,0%
[кадр 009] четверть 1,0 сверху: камера (28,8, -28,8) км, над землёй 41286 м, взгляд вниз 100%, охват 63,4 км
[кадр] четверть 1,0 сверху: неба 40%, пятен 6, крупнейшее 56%, ПУСТОТЫ 30% (в нижней половине 35%)
[sketch] шаблон: областей 1, из них удобных без увеличения 0, крупных заливок 1, непригодных 0; самая большая занимает 100% кадра, чернил 0,0%
[sketch] обход четверть 1,0 сверху: шаблон: областей 1, из них удобных без увеличения 0, крупных заливок 1, непригодных 0; самая большая занимает 100% кадра, чернил 0,0%
[кадр 010] четверть 0,1 сверху: камера (-28,8, 28,8) км, над землёй 41286 м, взгляд вниз 100%, охват 63,4 км
[кадр] четверть 0,1 сверху: неба 41%, пятен 7, крупнейшее 52%, ПУСТОТЫ 29% (в нижней половине 24%)
[sketch] шаблон: областей 1, из них удобных без увеличения 0, крупных заливок 1, непригодных 0; самая большая занимает 100% кадра, чернил 0,0%
[sketch] обход четверть 0,1 сверху: шаблон: областей 1, из них удобных без увеличения 0, крупных заливок 1, непригодных 0; самая большая занимает 100% кадра, чернил 0,0%
[кадр 011] четверть 1,1 сверху: камера (28,8, 28,8) км, над землёй 41286 м, взгляд вниз 100%, охват 63,4 км
[кадр] четверть 1,1 сверху: неба 40%, пятен 7, крупнейшее 49%, ПУСТОТЫ 28% (в нижней половине 31%)
[sketch] шаблон: областей 1, из них удобных без увеличения 0, крупных заливок 1, непригодных 0; самая большая занимает 100% кадра, чернил 0,0%
[sketch] обход четверть 1,1 сверху: шаблон: областей 1, из них удобных без увеличения 0, крупных заливок 1, непригодных 0; самая большая занимает 100% кадра, чернил 0,0%
[кадр 012] клетка 0,0 из 3x3: камера (-38,4, -38,4) км, над землёй 27524 м, взгляд вниз 100%, охват 42,2 км
[кадр] клетка 0,0 из 3x3: неба 32%, пятен 8, крупнейшее 31%, ПУСТОТЫ 26% (в нижней половине 24%)
[PERF] fps=4,0 frame=1256,77ms draw=7 prim=1844376 obj=589 vram=423,6MB tex=112,8MB | veg: full=0 lod1=0 hide=0 instVis=0 instHide=0 chunks=0
[sketch] шаблон: областей 1, из них удобных без увеличения 0, крупных заливок 1, непригодных 0; самая большая занимает 100% кадра, чернил 0,0%
[sketch] обход клетка 0,0 из 3x3: шаблон: областей 1, из них удобных без увеличения 0, крупных заливок 1, непригодных 0; самая большая занимает 100% кадра, чернил 0,0%
[кадр 013] клетка 1,0 из 3x3: камера (0,0, -38,4) км, над землёй 27524 м, взгляд вниз 100%, охват 42,2 км
[кадр] клетка 1,0 из 3x3: неба 36%, пятен 6, крупнейшее 52%, ПУСТОТЫ 26% (в нижней половине 25%)
[sketch] шаблон: областей 1, из них удобных без увеличения 0, крупных заливок 1, непригодных 0; самая большая занимает 100% кадра, чернил 0,0%
[sketch] обход клетка 1,0 из 3x3: шаблон: областей 1, из них удобных без увеличения 0, крупных заливок 1, непригодных 0; самая большая занимает 100% кадра, чернил 0,0%
[кадр 014] клетка 2,0 из 3x3: камера (38,4, -38,4) км, над землёй 27524 м, взгляд вниз 100%, охват 42,2 км
[кадр] клетка 2,0 из 3x3: неба 39%, пятен 4, крупнейшее 56%, ПУСТОТЫ 31% (в нижней половине 35%)
[sketch] шаблон: областей 1, из них удобных без увеличения 0, крупных заливок 1, непригодных 0; самая большая занимает 100% кадра, чернил 0,0%
[sketch] обход клетка 2,0 из 3x3: шаблон: областей 1, из них удобных без увеличения 0, крупных заливок 1, непригодных 0; самая большая занимает 100% кадра, чернил 0,0%
[кадр 015] клетка 0,1 из 3x3: камера (-38,4, 0,0) км, над землёй 27524 м, взгляд вниз 100%, охват 42,2 км
[кадр] клетка 0,1 из 3x3: неба 9%, пятен 11, крупнейшее 21%, ПУСТОТЫ 5% (в нижней половине 0%)
[sketch] шаблон: областей 1, из них удобных без увеличения 0, крупных заливок 1, непригодных 0; самая большая занимает 100% кадра, чернил 0,0%
[sketch] обход клетка 0,1 из 3x3: шаблон: областей 1, из них удобных без увеличения 0, крупных заливок 1, непригодных 0; самая большая занимает 100% кадра, чернил 0,0%
[кадр 016] клетка 1,1 из 3x3: камера (0,0, 0,0) км, над землёй 27524 м, взгляд вниз 100%, охват 42,2 км
[кадр] клетка 1,1 из 3x3: неба 23%, пятен 12, крупнейшее 29%, ПУСТОТЫ 0% (в нижней половине 0%)
[sketch] шаблон: областей 1, из них удобных без увеличения 0, крупных заливок 1, непригодных 0; самая большая занимает 100% кадра, чернил 0,0%
[sketch] обход клетка 1,1 из 3x3: шаблон: областей 1, из них удобных без увеличения 0, крупных заливок 1, непригодных 0; самая большая занимает 100% кадра, чернил 0,0%
[кадр 017] клетка 2,1 из 3x3: камера (38,4, 0,0) км, над землёй 27524 м, взгляд вниз 100%, охват 42,2 км
[кадр] клетка 2,1 из 3x3: неба 16%, пятен 10, крупнейшее 26%, ПУСТОТЫ 3% (в нижней половине 7%)
[sketch] шаблон: областей 1, из них удобных без увеличения 0, крупных заливок 1, непригодных 0; самая большая занимает 100% кадра, чернил 0,0%
[sketch] обход клетка 2,1 из 3x3: шаблон: областей 1, из них удобных без увеличения 0, крупных заливок 1, непригодных 0; самая большая занимает 100% кадра, чернил 0,0%
[кадр 018] клетка 0,2 из 3x3: камера (-38,4, 38,4) км, над землёй 27524 м, взгляд вниз 100%, охват 42,2 км
[кадр] клетка 0,2 из 3x3: неба 33%, пятен 8, крупнейшее 30%, ПУСТОТЫ 28% (в нижней половине 23%)
[sketch] шаблон: областей 1, из них удобных без увеличения 0, крупных заливок 1, непригодных 0; самая большая занимает 100% кадра, чернил 0,0%
[sketch] обход клетка 0,2 из 3x3: шаблон: областей 1, из них удобных без увеличения 0, крупных заливок 1, непригодных 0; самая большая занимает 100% кадра, чернил 0,0%
[кадр 019] клетка 1,2 из 3x3: камера (0,0, 38,4) км, над землёй 27524 м, взгляд вниз 100%, охват 42,2 км
[кадр] клетка 1,2 из 3x3: неба 47%, пятен 10, крупнейшее 28%, ПУСТОТЫ 25% (в нижней половине 25%)
[sketch] шаблон: областей 1, из них удобных без увеличения 0, крупных заливок 1, непригодных 0; самая большая занимает 100% кадра, чернил 0,0%
[sketch] обход клетка 1,2 из 3x3: шаблон: областей 1, из них удобных без увеличения 0, крупных заливок 1, непригодных 0; самая большая занимает 100% кадра, чернил 0,0%
[кадр 020] клетка 2,2 из 3x3: камера (38,4, 38,4) км, над землёй 27524 м, взгляд вниз 100%, охват 42,2 км
[кадр] клетка 2,2 из 3x3: неба 35%, пятен 10, крупнейшее 33%, ПУСТОТЫ 28% (в нижней половине 31%)
[sketch] шаблон: областей 1, из них удобных без увеличения 0, крупных заливок 1, непригодных 0; самая большая занимает 100% кадра, чернил 0,0%
[sketch] обход клетка 2,2 из 3x3: шаблон: областей 1, из них удобных без увеличения 0, крупных заливок 1, непригодных 0; самая большая занимает 100% кадра, чернил 0,0%
[кадр 021] озеро 1,2 км²: камера (-0,0, -26,8) км, над землёй 4645 м, взгляд вниз 100%, охват 7,1 км
[кадр] озеро 1,2 км²: неба 30%, пятен 8, крупнейшее 28%, ПУСТОТЫ 0% (в нижней половине 0%)
[PERF] fps=6,0 frame=1300,78ms draw=8 prim=3687584 obj=594 vram=425,4MB tex=112,8MB | veg: full=0 lod1=0 hide=0 instVis=0 instHide=0 chunks=0
[sketch] шаблон: областей 10, из них удобных без увеличения 4, крупных заливок 2, непригодных 0; самая большая занимает 82% кадра, чернил 1,9%
[sketch] обход озеро 1,2 км²: шаблон: областей 10, из них удобных без увеличения 4, крупных заливок 2, непригодных 0; самая большая занимает 82% кадра, чернил 1,9%
[кадр 022] озеро 100,5 км²: камера (15,4, -1,6) км, над землёй 37580 м, взгляд вниз 100%, охват 57,7 км
[кадр] озеро 100,5 км²: неба 23%, пятен 10, крупнейшее 25%, ПУСТОТЫ 4% (в нижней половине 0%)
[sketch] шаблон: областей 1, из них удобных без увеличения 0, крупных заливок 1, непригодных 0; самая большая занимает 100% кадра, чернил 0,0%
[sketch] обход озеро 100,5 км²: шаблон: областей 1, из них удобных без увеличения 0, крупных заливок 1, непригодных 0; самая большая занимает 100% кадра, чернил 0,0%
[кадр 023] озеро 1,6 км²: камера (-4,6, 32,9) км, над землёй 4504 м, взгляд вниз 100%, охват 6,9 км
[кадр] озеро 1,6 км²: неба 86%, пятен 18, крупнейшее 22%, ПУСТОТЫ 0% (в нижней половине 0%)
[sketch] шаблон: областей 8, из них удобных без увеличения 3, крупных заливок 4, непригодных 0; самая большая занимает 57% кадра, чернил 2,6%
[sketch] обход озеро 1,6 км²: шаблон: областей 8, из них удобных без увеличения 3, крупных заливок 4, непригодных 0; самая большая занимает 57% кадра, чернил 2,6%
[кадр 024] озеро 31,4 км²: камера (12,3, 48,9) км, над землёй 10556 м, взгляд вниз 100%, охват 16,2 км
[кадр] озеро 31,4 км²: неба 10%, пятен 12, крупнейшее 14%, ПУСТОТЫ 9% (в нижней половине 0%)
[sketch] шаблон: областей 1, из них удобных без увеличения 0, крупных заливок 1, непригодных 0; самая большая занимает 100% кадра, чернил 0,0%
[sketch] обход озеро 31,4 км²: шаблон: областей 1, из них удобных без увеличения 0, крупных заливок 1, непригодных 0; самая большая занимает 100% кадра, чернил 0,0%
[telemetry] снимков сохранено: 25 в D:/Godot/ColoringBook/logs\20260822_112632_seed42_sweep_shots
[PERF] fps=60,0 frame=2,19ms draw=7 prim=1844372 obj=587 vram=393,9MB tex=81,8MB | veg: full=0 lod1=0 hide=0 instVis=0 instHide=0 chunks=0
[PERF] fps=60,0 frame=2,81ms draw=7 prim=1844372 obj=587 vram=393,9MB tex=81,8MB | veg: full=0 lod1=0 hide=0 instVis=0 instHide=0 chunks=0
[PERF] fps=60,0 frame=2,16ms draw=7 prim=1844372 obj=587 vram=393,9MB tex=81,8MB | veg: full=0 lod1=0 hide=0 instVis=0 instHide=0 chunks=0
[PERF] fps=60,0 frame=2,04ms draw=7 prim=1844372 obj=587 vram=393,9MB tex=81,8MB | veg: full=0 lod1=0 hide=0 instVis=0 instHide=0 chunks=0
[PERF] fps=60,0 frame=4,02ms draw=7 prim=1844372 obj=587 vram=393,9MB tex=81,8MB | veg: full=0 lod1=0 hide=0 instVis=0 instHide=0 chunks=0
[PERF] fps=60,0 frame=3,42ms draw=7 prim=1844372 obj=587 vram=393,9MB tex=81,8MB | veg: full=0 lod1=0 hide=0 instVis=0 instHide=0 chunks=0
[PERF] fps=60,0 frame=3,36ms draw=7 prim=1844372 obj=587 vram=393,9MB tex=81,8MB | veg: full=0 lod1=0 hide=0 instVis=0 instHide=0 chunks=0
[PERF] fps=60,0 frame=3,04ms draw=7 prim=1844372 obj=587 vram=393,9MB tex=81,8MB | veg: full=0 lod1=0 hide=0 instVis=0 instHide=0 chunks=0
[PERF] fps=60,0 frame=2,91ms draw=7 prim=1844372 obj=587 vram=393,9MB tex=81,8MB | veg: full=0 lod1=0 hide=0 instVis=0 instHide=0 chunks=0
[PERF] fps=60,0 frame=3,15ms draw=7 prim=1844372 obj=587 vram=393,9MB tex=81,8MB | veg: full=0 lod1=0 hide=0 instVis=0 instHide=0 chunks=0
[PERF] fps=60,0 frame=3,99ms draw=7 prim=1844372 obj=587 vram=393,9MB tex=81,8MB | veg: full=0 lod1=0 hide=0 instVis=0 instHide=0 chunks=0
[PERF] fps=60,0 frame=4,04ms draw=7 prim=1844372 obj=587 vram=393,9MB tex=81,8MB | veg: full=0 lod1=0 hide=0 instVis=0 instHide=0 chunks=0
[PERF] fps=60,0 frame=3,21ms draw=7 prim=1844372 obj=587 vram=393,9MB tex=81,8MB | veg: full=0 lod1=0 hide=0 instVis=0 instHide=0 chunks=0
