ColoringBook — журнал запуска 2026-08-18 17:06:09
[bootstrap] каталог логов: D:/Godot/ColoringBook/logs
PlantCatalog ready: 9 variants x kinds
=== ColoringBook Bootstrap | BUILD STAMP: 2026-08-18-V346 (СЖАТИЕ УБРАНО: разница высот 1217 -> 2335 м, в альпийской норме; отчёт рельефа врал)
[shaders] res://assets/shaders/terrain.gdshader — ок
[shaders] res://assets/shaders/water.gdshader — ок
[shaders] res://assets/shaders/foliage.gdshader — ок
[shaders] res://assets/shaders/impostor.gdshader — ок
[shaders] res://assets/shaders/sketch_id.gdshader — ок
[shaders] res://assets/shaders/sketch_depth.gdshader — ок
[shaders] res://assets/shaders/sketch_normal.gdshader — ок
[bootstrap] MaxFps=60, VSync=Disabled
[устройство] Windows, построение полное, уровень при запуске, журнал в res://logs, ядер 8
[bootstrap] StartupMode = Level
[разведка] поле 241x241 за 12064 мс, место (19,7, -47,0) км от середины территории
[нрав] поднятие 10,9 м (разброс 2,38, период 6 км), врез 31, осыпание 0,014, итераций 365
[фон-эрозия] поле 961x961 за 202765 мс
[высоты] размах поля 6823 м, сжатие 1,00, дно 800 м, верх 7623 м
[озёра] залитых ячеек 173725 из 923521 (18,8% поля)
[плитка] 5 км, ячейка 30 м, за 6266 мс
[маршруты] окно 20 км: опор 69, рёбер 49, сеть 131,4 км, за 2821 мс
[пояса] лес 0,175, редколесье 0,237, альпика 0,284, осыпь 0,315, скала 0,346, снег 0,331
[пояса] пределы выборки 80,9..723,5 ед (876..7302 м), смещение 6,6 ед
[фон-материал] шейдер рельефа, размах высот 87,6..730,2 ед
[рельеф] средний уклон 23,9°, p95 51,6°, перепад 6316 м, круче 35° 22%, доля дна 20%, шпилей 369  <-- ШПИЛИ
[старт] пояс Rock, высота 2954 м
[старт] опора сети: вид 62%, (36, 27), сток 3203, в 0,4 км от середины поля при пределе 172,8; опор всего 69
[дыра] высоты в точке старта: поле 2954 м, меш 4118 м, разница -1164 м; накрывает кольцо 0, ячейка 120 м
[дыра] камера обхода садится на высоту ПОЛЯ, а видит меш: камера ПОД ПОВЕРХНОСТЬЮ на 1164 м
[дыра] треугольников рельефа вокруг точки: в 100 м — 5, в 500 м — 110, в 2000 м — 1741
[дыра] место разведки (19,7, -47,0) км от середины территории; игрок в 450 м от середины ПОЛЯ
[дыра] половины колец, км: 0:57,6
[покров] по площади (13271 км²): Water 20,2%, Grassland 1,2%, Forest 0,8%, Shrubland 1,3%, Alpine 1,3%, Scree 1,4%, Rock 16,4%, Snow 57,3%
[вода] ячеек покрова по кольцам: 120м:186274
[дренаж] сетка 241, область 115 км, 100 мс
[рельеф-отчёт] D:/Godot/ColoringBook/logs\20260818_171026_terrain.json
[рельеф-сетки] D:/Godot/ColoringBook/logs\20260818_171026_terrain.bin
[журнал] D:/Godot/ColoringBook/logs\20260818_170609_session.log
[фон-щели] одиночных рёбер 3840, из них на внешнем крае есть; радиусы от 5760 до 5760 ед (границы колец: 5760)
[фон-меш] рельеф: граней вверх 1843200, вниз 0 (0,0%), вырожденных 0 | расхождение на стыке колец 0,0 м
[фон-пандус] наибольший уклон переходной полосы 0,0°, ширина полосы 8 ячеек (960..480 м)
[фон] колец 1, шаг 120..120 м, область 115 км, четырёхугольников 921600, треугольников 1843200
[растительность] ОТКЛЮЧЕНА (LevelView3D.VegetationOn = false)
[время] рельеф и меш: 256310 мс
--- Seed 42 | Season Summer ---
уровень из колец, сид 42
[камера] обзор на (36, 27), наклон 35°, удаление 2,2 км
[bootstrap] mode=Level (main scene). P = switch to plant gallery.
[bootstrap] galleryActive=False regions=0 | terrain: mesh=null visible=True | rivers: mesh=null visible=True | water: mesh=null visible=True | vegRoot: children=0 visible=True | galleryRoot=none
[PERF] fps=60,0 frame=3,25ms draw=7 prim=1844356 obj=579 vram=386,1MB tex=81,8MB | veg: full=0 lod1=0 hide=0 instVis=0 instHide=0 chunks=0
[PERF] fps=60,0 frame=1,92ms draw=7 prim=1844356 obj=579 vram=386,1MB tex=81,8MB | veg: full=0 lod1=0 hide=0 instVis=0 instHide=0 chunks=0
[обход] 18 поз: весь уровень, четверти, глаз из (36, 27), шар
[telemetry] обход уровня записан: D:/Godot/ColoringBook/logs\20260818_141035_seed42_sweep.json
[обход] 18 поз: весь уровень, четверти, глаз из (36, 27), шар
[кадр] весь уровень сверху: неба 83%, пятен 3, крупнейшее 32%, ПУСТОТЫ 47% (в нижней половине 46%)
[sketch] шаблон: областей 1, из них удобных без увеличения 0, крупных заливок 1, непригодных 0; самая большая занимает 100% кадра, чернил 0,0%
[sketch] обход весь уровень сверху: шаблон: областей 1, из них удобных без увеличения 0, крупных заливок 1, непригодных 0; самая большая занимает 100% кадра, чернил 0,0%
[кадр] весь уровень косо 0°: неба 73%, пятен 6, крупнейшее 59%, ПУСТОТЫ 39% (в нижней половине 5%)
[sketch] шаблон: областей 1, из них удобных без увеличения 0, крупных заливок 1, непригодных 0; самая большая занимает 100% кадра, чернил 0,0%
[sketch] обход весь уровень косо 0°: шаблон: областей 1, из них удобных без увеличения 0, крупных заливок 1, непригодных 0; самая большая занимает 100% кадра, чернил 0,0%
[кадр] весь уровень косо 120°: неба 80%, пятен 7, крупнейшее 39%, ПУСТОТЫ 37% (в нижней половине 3%)
[sketch] шаблон: областей 1, из них удобных без увеличения 0, крупных заливок 1, непригодных 0; самая большая занимает 100% кадра, чернил 0,0%
[sketch] обход весь уровень косо 120°: шаблон: областей 1, из них удобных без увеличения 0, крупных заливок 1, непригодных 0; самая большая занимает 100% кадра, чернил 0,0%
[кадр] весь уровень косо 240°: неба 86%, пятен 8, крупнейшее 38%, ПУСТОТЫ 38% (в нижней половине 3%)
[sketch] шаблон: областей 1, из них удобных без увеличения 0, крупных заливок 1, непригодных 0; самая большая занимает 100% кадра, чернил 0,0%
[sketch] обход весь уровень косо 240°: шаблон: областей 1, из них удобных без увеличения 0, крупных заливок 1, непригодных 0; самая большая занимает 100% кадра, чернил 0,0%
[кадр] четверть 1: неба 65%, пятен 10, крупнейшее 29%, ПУСТОТЫ 31% (в нижней половине 3%)
[sketch] шаблон: областей 1, из них удобных без увеличения 0, крупных заливок 1, непригодных 0; самая большая занимает 100% кадра, чернил 0,0%
[sketch] обход четверть 1: шаблон: областей 1, из них удобных без увеличения 0, крупных заливок 1, непригодных 0; самая большая занимает 100% кадра, чернил 0,0%
[кадр] четверть 2: неба 66%, пятен 10, крупнейшее 27%, ПУСТОТЫ 28% (в нижней половине 1%)
[sketch] шаблон: областей 1, из них удобных без увеличения 0, крупных заливок 1, непригодных 0; самая большая занимает 100% кадра, чернил 0,0%
[sketch] обход четверть 2: шаблон: областей 1, из них удобных без увеличения 0, крупных заливок 1, непригодных 0; самая большая занимает 100% кадра, чернил 0,0%
[PERF] fps=2,0 frame=361,54ms draw=8 prim=3687568 obj=586 vram=423,5MB tex=112,8MB | veg: full=0 lod1=0 hide=0 instVis=0 instHide=0 chunks=0
[кадр] четверть 3: неба 66%, пятен 9, крупнейшее 34%, ПУСТОТЫ 35% (в нижней половине 3%)
[sketch] шаблон: областей 1, из них удобных без увеличения 0, крупных заливок 1, непригодных 0; самая большая занимает 100% кадра, чернил 0,0%
[sketch] обход четверть 3: шаблон: областей 1, из них удобных без увеличения 0, крупных заливок 1, непригодных 0; самая большая занимает 100% кадра, чернил 0,0%
[кадр] четверть 4: неба 76%, пятен 8, крупнейшее 48%, ПУСТОТЫ 38% (в нижней половине 4%)
[sketch] шаблон: областей 1, из них удобных без увеличения 0, крупных заливок 1, непригодных 0; самая большая занимает 100% кадра, чернил 0,0%
[sketch] обход четверть 4: шаблон: областей 1, из них удобных без увеличения 0, крупных заливок 1, непригодных 0; самая большая занимает 100% кадра, чернил 0,0%
[кадр] глаз 0°: неба 69%, пятен 3, крупнейшее 83%, ПУСТОТЫ 53% (в нижней половине 100%)
[sketch] шаблон: областей 2, из них удобных без увеличения 0, крупных заливок 2, непригодных 0; самая большая занимает 74% кадра, чернил 0,4%
[sketch] обход глаз 0°: шаблон: областей 2, из них удобных без увеличения 0, крупных заливок 2, непригодных 0; самая большая занимает 74% кадра, чернил 0,4%
[кадр] глаз 45°: неба 58%, пятен 3, крупнейшее 60%, ПУСТОТЫ 53% (в нижней половине 100%)
[sketch] шаблон: областей 2, из них удобных без увеличения 0, крупных заливок 2, непригодных 0; самая большая занимает 72% кадра, чернил 0,4%
[sketch] обход глаз 45°: шаблон: областей 2, из них удобных без увеличения 0, крупных заливок 2, непригодных 0; самая большая занимает 72% кадра, чернил 0,4%
[кадр] глаз 90°: неба 69%, пятен 6, крупнейшее 51%, ПУСТОТЫ 53% (в нижней половине 100%)
[sketch] шаблон: областей 3, из них удобных без увеличения 0, крупных заливок 2, непригодных 0; самая большая занимает 75% кадра, чернил 0,4%
[sketch] обход глаз 90°: шаблон: областей 3, из них удобных без увеличения 0, крупных заливок 2, непригодных 0; самая большая занимает 75% кадра, чернил 0,4%
[кадр] глаз 135°: неба 67%, пятен 4, крупнейшее 51%, ПУСТОТЫ 53% (в нижней половине 100%)
[sketch] шаблон: областей 2, из них удобных без увеличения 0, крупных заливок 2, непригодных 0; самая большая занимает 79% кадра, чернил 0,5%
[sketch] обход глаз 135°: шаблон: областей 2, из них удобных без увеличения 0, крупных заливок 2, непригодных 0; самая большая занимает 79% кадра, чернил 0,5%
[кадр] глаз 180°: неба 71%, пятен 5, крупнейшее 79%, ПУСТОТЫ 53% (в нижней половине 100%)
[sketch] шаблон: областей 2, из них удобных без увеличения 0, крупных заливок 2, непригодных 0; самая большая занимает 89% кадра, чернил 0,5%
[sketch] обход глаз 180°: шаблон: областей 2, из них удобных без увеличения 0, крупных заливок 2, непригодных 0; самая большая занимает 89% кадра, чернил 0,5%
[кадр] глаз 225°: неба 74%, пятен 3, крупнейшее 78%, ПУСТОТЫ 53% (в нижней половине 100%)
[sketch] шаблон: областей 2, из них удобных без увеличения 0, крупных заливок 2, непригодных 0; самая большая занимает 81% кадра, чернил 0,5%
[sketch] обход глаз 225°: шаблон: областей 2, из них удобных без увеличения 0, крупных заливок 2, непригодных 0; самая большая занимает 81% кадра, чернил 0,5%
[кадр] глаз 270°: неба 79%, пятен 3, крупнейшее 72%, ПУСТОТЫ 53% (в нижней половине 100%)
[sketch] шаблон: областей 2, из них удобных без увеличения 0, крупных заливок 2, непригодных 0; самая большая занимает 80% кадра, чернил 0,5%
[sketch] обход глаз 270°: шаблон: областей 2, из них удобных без увеличения 0, крупных заливок 2, непригодных 0; самая большая занимает 80% кадра, чернил 0,5%
[PERF] fps=4,0 frame=1331,56ms draw=8 prim=3687568 obj=586 vram=423,1MB tex=112,8MB | veg: full=0 lod1=0 hide=0 instVis=0 instHide=0 chunks=0
[кадр] глаз 315°: неба 81%, пятен 3, крупнейшее 71%, ПУСТОТЫ 53% (в нижней половине 100%)
[sketch] шаблон: областей 2, из них удобных без увеличения 0, крупных заливок 2, непригодных 0; самая большая занимает 77% кадра, чернил 0,4%
[sketch] обход глаз 315°: шаблон: областей 2, из них удобных без увеличения 0, крупных заливок 2, непригодных 0; самая большая занимает 77% кадра, чернил 0,4%
[кадр] шар 0°: неба 77%, пятен 3, крупнейшее 88%, ПУСТОТЫ 65% (в нижней половине 100%)
[sketch] шаблон: областей 2, из них удобных без увеличения 0, крупных заливок 2, непригодных 0; самая большая занимает 78% кадра, чернил 0,4%
[sketch] обход шар 0°: шаблон: областей 2, из них удобных без увеличения 0, крупных заливок 2, непригодных 0; самая большая занимает 78% кадра, чернил 0,4%
[кадр] шар 180°: неба 79%, пятен 5, крупнейшее 84%, ПУСТОТЫ 65% (в нижней половине 100%)
[sketch] шаблон: областей 2, из них удобных без увеличения 0, крупных заливок 2, непригодных 0; самая большая занимает 91% кадра, чернил 0,5%
[sketch] обход шар 180°: шаблон: областей 2, из них удобных без увеличения 0, крупных заливок 2, непригодных 0; самая большая занимает 91% кадра, чернил 0,5%
[telemetry] снимков сохранено: 18 в D:/Godot/ColoringBook/logs\20260818_141035_seed42_sweep_shots
[PERF] fps=60,0 frame=2,31ms draw=7 prim=1844360 obj=581 vram=391,6MB tex=81,8MB | veg: full=0 lod1=0 hide=0 instVis=0 instHide=0 chunks=0
[PERF] fps=60,0 frame=2,62ms draw=7 prim=1844356 obj=579 vram=391,6MB tex=81,8MB | veg: full=0 lod1=0 hide=0 instVis=0 instHide=0 chunks=0
[PERF] fps=60,0 frame=2,01ms draw=7 prim=1844356 obj=579 vram=391,6MB tex=81,8MB | veg: full=0 lod1=0 hide=0 instVis=0 instHide=0 chunks=0
[PERF] fps=60,0 frame=2,43ms draw=7 prim=1844356 obj=579 vram=391,6MB tex=81,8MB | veg: full=0 lod1=0 hide=0 instVis=0 instHide=0 chunks=0
[PERF] fps=60,0 frame=1,88ms draw=7 prim=1844356 obj=579 vram=391,6MB tex=81,8MB | veg: full=0 lod1=0 hide=0 instVis=0 instHide=0 chunks=0
[PERF] fps=60,0 frame=1,86ms draw=7 prim=1844356 obj=579 vram=391,6MB tex=81,8MB | veg: full=0 lod1=0 hide=0 instVis=0 instHide=0 chunks=0
[PERF] fps=60,0 frame=2,58ms draw=7 prim=1844356 obj=579 vram=391,6MB tex=81,8MB | veg: full=0 lod1=0 hide=0 instVis=0 instHide=0 chunks=0
[PERF] fps=60,0 frame=2,80ms draw=7 prim=1844356 obj=579 vram=391,6MB tex=81,8MB | veg: full=0 lod1=0 hide=0 instVis=0 instHide=0 chunks=0
[PERF] fps=60,0 frame=2,19ms draw=7 prim=1844356 obj=579 vram=391,6MB tex=81,8MB | veg: full=0 lod1=0 hide=0 instVis=0 instHide=0 chunks=0
[PERF] fps=60,0 frame=3,70ms draw=7 prim=1844356 obj=579 vram=391,6MB tex=81,8MB | veg: full=0 lod1=0 hide=0 instVis=0 instHide=0 chunks=0
[PERF] fps=60,0 frame=2,00ms draw=7 prim=1844356 obj=579 vram=391,6MB tex=81,8MB | veg: full=0 lod1=0 hide=0 instVis=0 instHide=0 chunks=0
[PERF] fps=60,0 frame=1,80ms draw=7 prim=1844356 obj=579 vram=391,6MB tex=81,8MB | veg: full=0 lod1=0 hide=0 instVis=0 instHide=0 chunks=0
[PERF] fps=60,0 frame=1,97ms draw=7 prim=1844356 obj=579 vram=391,6MB tex=81,8MB | veg: full=0 lod1=0 hide=0 instVis=0 instHide=0 chunks=0
[PERF] fps=60,0 frame=3,06ms draw=7 prim=1844356 obj=579 vram=391,6MB tex=81,8MB | veg: full=0 lod1=0 hide=0 instVis=0 instHide=0 chunks=0
[PERF] fps=60,0 frame=1,97ms draw=7 prim=1844356 obj=579 vram=391,6MB tex=81,8MB | veg: full=0 lod1=0 hide=0 instVis=0 instHide=0 chunks=0
[PERF] fps=60,0 frame=2,71ms draw=7 prim=1844356 obj=579 vram=391,6MB tex=81,8MB | veg: full=0 lod1=0 hide=0 instVis=0 instHide=0 chunks=0
[PERF] fps=59,0 frame=7,53ms draw=7 prim=1844356 obj=579 vram=391,6MB tex=81,8MB | veg: full=0 lod1=0 hide=0 instVis=0 instHide=0 chunks=0
