ColoringBook — журнал запуска 2026-08-19 16:01:32
[bootstrap] каталог логов: D:/Godot/ColoringBook/logs
PlantCatalog ready: 9 variants x kinds
=== ColoringBook Bootstrap | BUILD STAMP: 2026-08-19-V364 (стенд сведён с игрой; растения и кольца отключены для оценки)
[shaders] res://assets/shaders/terrain.gdshader — ок
[shaders] res://assets/shaders/water.gdshader — ок
[shaders] res://assets/shaders/foliage.gdshader — ок
[shaders] res://assets/shaders/impostor.gdshader — ок
[shaders] res://assets/shaders/sketch_id.gdshader — ок
[shaders] res://assets/shaders/sketch_depth.gdshader — ок
[shaders] res://assets/shaders/sketch_normal.gdshader — ок
[bootstrap] MaxFps=60, VSync=Disabled
[устройство] стол, поле полное, уровень при запуске, журнал в res://logs, ядер 8
[bootstrap] StartupMode = Level
[разведка] поле 241x241 за 19595 мс, место (9,6, -53,8) км от середины территории
[нрав] поднятие 8,7 м (разброс 1,78, период 17 км), врез 31, осыпание 0,007, итераций 905
[фон-эрозия] поле 961x961 за 351398 мс
[высоты] размах поля 8550 м, дно 800 м, верх 9703 м
[высоты] p10 2112 м, медиана 3368, p90 4409, разница p10-p90 2298 м (в Альпах 2000-2500)
[вода] 8,2% площади (норма Альп 1.5-6)
[озёра] 23 крупнее 0.05 км², крупнейшее 260,6 км²
[острова] 0
[плитка] 5 км, ячейка 30 м, за 6200 мс
[маршруты] окно 20 км: опор 88, рёбер 68, сеть 146,9 км, за 3112 мс
[пояса] лес 0,348, редколесье 0,430, альпика 0,493, осыпь 0,532, скала 0,576, снег 0,619
[пояса] пределы выборки 118,5..969,0 ед (1155..9659 м), смещение -3,1 ед
[фон-материал] шейдер рельефа, размах высот 115,5..965,9 ед
[рельеф вокруг игрока] средний уклон 9,9°, p95 27,9°, перепад 5721 м, круче 35° 3%, доля дна 25%, шпилей 113  <-- ПОЛОГО  <-- ШПИЛИ
[рельеф вся территория] средний уклон 9,9°, p95 27,9°, перепад 5721 м, круче 35° 3%, доля дна 25%, шпилей 113  <-- ПОЛОГО  <-- ШПИЛИ
[старт] пояс Forest, высота 4117 м
[старт] опора сети: вид 58%, (-225, -387), сток 5, в 4,5 км от середины поля при пределе 172,8; опор всего 88
[дыра] высоты в точке старта: поле 4117 м, меш 5877 м, разница -1760 м; накрывает кольцо 0, ячейка 120 м
[дыра] камера обхода садится на высоту ПОЛЯ, а видит меш: камера ПОД ПОВЕРХНОСТЬЮ на 1760 м
[дыра] треугольников рельефа вокруг точки: в 100 м — 5, в 500 м — 106, в 2000 м — 1751
[дыра] место разведки (9,6, -53,8) км от середины территории; игрок в 4477 м от середины ПОЛЯ
[дыра] половины колец, км: 0:57,6
[покров] по площади (13271 км²): Water 13,3%, Grassland 20,4%, Forest 16,7%, Shrubland 13,5%, Alpine 8,7%, Scree 10,7%, Rock 8,9%, Snow 7,9%
[вода] ячеек покрова по кольцам: 120м:122588
[дренаж] сетка 961, область 115 км, 1636 мс
[рельеф-отчёт] D:/Godot/ColoringBook/logs\20260819_160822_terrain.json
[рельеф-сетки] D:/Godot/ColoringBook/logs\20260819_160822_terrain.bin
[журнал] D:/Godot/ColoringBook/logs\20260819_160131_session.log
[фон-щели] одиночных рёбер 3840, из них на внешнем крае есть; радиусы от 5760 до 5760 ед (границы колец: 5760)
[фон-меш] рельеф: граней вверх 1843200, вниз 0 (0,0%), вырожденных 0 | расхождение на стыке колец 0,0 м
[фон-пандус] наибольший уклон переходной полосы 0,0°, ширина полосы 8 ячеек (960..480 м)
[фон] колец 1, шаг 120..120 м, область 115 км, четырёхугольников 921600, треугольников 1843200
[растительность] ОТКЛЮЧЕНА (LevelView3D.VegetationOn = false)
[время] рельеф и меш: 410069 мс
--- Seed 42 | Season Summer ---
уровень из колец, сид 42
[камера] обзор на (-225, -387), наклон 35°, удаление 2,2 км
[bootstrap] mode=Level (main scene). P = switch to plant gallery.
[bootstrap] galleryActive=False regions=0 | terrain: mesh=null visible=True | rivers: mesh=null visible=True | water: mesh=null visible=True | vegRoot: children=0 visible=True | galleryRoot=none
[PERF] fps=60,0 frame=2,37ms draw=7 prim=1844388 obj=595 vram=388,4MB tex=81,8MB | veg: full=0 lod1=0 hide=0 instVis=0 instHide=0 chunks=0
[PERF] fps=60,0 frame=2,12ms draw=7 prim=1844388 obj=595 vram=388,4MB tex=81,8MB | veg: full=0 lod1=0 hide=0 instVis=0 instHide=0 chunks=0
[PERF] fps=60,0 frame=2,78ms draw=7 prim=1844384 obj=593 vram=388,4MB tex=81,8MB | veg: full=0 lod1=0 hide=0 instVis=0 instHide=0 chunks=0
[PERF] fps=60,0 frame=2,33ms draw=7 prim=1844380 obj=591 vram=388,4MB tex=81,8MB | veg: full=0 lod1=0 hide=0 instVis=0 instHide=0 chunks=0
[PERF] fps=60,0 frame=2,31ms draw=7 prim=1844388 obj=595 vram=388,4MB tex=81,8MB | veg: full=0 lod1=0 hide=0 instVis=0 instHide=0 chunks=0
[PERF] fps=60,0 frame=1,77ms draw=7 prim=1844384 obj=593 vram=388,4MB tex=81,8MB | veg: full=0 lod1=0 hide=0 instVis=0 instHide=0 chunks=0
[PERF] fps=60,0 frame=1,82ms draw=7 prim=1844388 obj=595 vram=388,4MB tex=81,8MB | veg: full=0 lod1=0 hide=0 instVis=0 instHide=0 chunks=0
[PERF] fps=60,0 frame=1,75ms draw=7 prim=1844388 obj=595 vram=388,4MB tex=81,8MB | veg: full=0 lod1=0 hide=0 instVis=0 instHide=0 chunks=0
[PERF] fps=60,0 frame=1,99ms draw=7 prim=1844384 obj=593 vram=388,4MB tex=81,8MB | veg: full=0 lod1=0 hide=0 instVis=0 instHide=0 chunks=0
[PERF] fps=60,0 frame=1,95ms draw=7 prim=1844384 obj=593 vram=388,4MB tex=81,8MB | veg: full=0 lod1=0 hide=0 instVis=0 instHide=0 chunks=0
[PERF] fps=60,0 frame=2,06ms draw=7 prim=1844384 obj=593 vram=388,4MB tex=81,8MB | veg: full=0 lod1=0 hide=0 instVis=0 instHide=0 chunks=0
[PERF] fps=60,0 frame=1,69ms draw=7 prim=1844384 obj=593 vram=388,4MB tex=81,8MB | veg: full=0 lod1=0 hide=0 instVis=0 instHide=0 chunks=0
[обход] 18 поз: весь уровень, четверти, глаз из (-225, -387), шар
[telemetry] обход уровня записан: D:/Godot/ColoringBook/logs\20260819_130902_seed42_sweep.json
[обход] 18 поз: весь уровень, четверти, глаз из (-225, -387), шар
[кадр] весь уровень сверху: неба 51%, пятен 5, крупнейшее 54%, ПУСТОТЫ 45% (в нижней половине 45%)
[sketch] шаблон: областей 1, из них удобных без увеличения 0, крупных заливок 1, непригодных 0; самая большая занимает 100% кадра, чернил 0,0%
[sketch] обход весь уровень сверху: шаблон: областей 1, из них удобных без увеличения 0, крупных заливок 1, непригодных 0; самая большая занимает 100% кадра, чернил 0,0%
[кадр] весь уровень косо 0°: неба 41%, пятен 4, крупнейшее 59%, ПУСТОТЫ 38% (в нижней половине 3%)
[sketch] шаблон: областей 1, из них удобных без увеличения 0, крупных заливок 1, непригодных 0; самая большая занимает 100% кадра, чернил 0,0%
[sketch] обход весь уровень косо 0°: шаблон: областей 1, из них удобных без увеличения 0, крупных заливок 1, непригодных 0; самая большая занимает 100% кадра, чернил 0,0%
[кадр] весь уровень косо 120°: неба 42%, пятен 4, крупнейшее 57%, ПУСТОТЫ 36% (в нижней половине 2%)
[sketch] шаблон: областей 1, из них удобных без увеличения 0, крупных заливок 1, непригодных 0; самая большая занимает 100% кадра, чернил 0,0%
[sketch] обход весь уровень косо 120°: шаблон: областей 1, из них удобных без увеличения 0, крупных заливок 1, непригодных 0; самая большая занимает 100% кадра, чернил 0,0%
[кадр] весь уровень косо 240°: неба 49%, пятен 7, крупнейшее 48%, ПУСТОТЫ 36% (в нижней половине 2%)
[PERF] fps=6,0 frame=1247,42ms draw=8 prim=3687592 obj=598 vram=424,9MB tex=112,8MB | veg: full=0 lod1=0 hide=0 instVis=0 instHide=0 chunks=0
[sketch] шаблон: областей 1, из них удобных без увеличения 0, крупных заливок 1, непригодных 0; самая большая занимает 100% кадра, чернил 0,0%
[sketch] обход весь уровень косо 240°: шаблон: областей 1, из них удобных без увеличения 0, крупных заливок 1, непригодных 0; самая большая занимает 100% кадра, чернил 0,0%
[кадр] четверть 1: неба 33%, пятен 10, крупнейшее 27%, ПУСТОТЫ 26% (в нижней половине 0%)
[sketch] шаблон: областей 1, из них удобных без увеличения 0, крупных заливок 1, непригодных 0; самая большая занимает 100% кадра, чернил 0,0%
[sketch] обход четверть 1: шаблон: областей 1, из них удобных без увеличения 0, крупных заливок 1, непригодных 0; самая большая занимает 100% кадра, чернил 0,0%
[кадр] четверть 2: неба 30%, пятен 9, крупнейшее 30%, ПУСТОТЫ 27% (в нижней половине 1%)
[sketch] шаблон: областей 1, из них удобных без увеличения 0, крупных заливок 1, непригодных 0; самая большая занимает 100% кадра, чернил 0,0%
[sketch] обход четверть 2: шаблон: областей 1, из них удобных без увеличения 0, крупных заливок 1, непригодных 0; самая большая занимает 100% кадра, чернил 0,0%
[кадр] четверть 3: неба 36%, пятен 7, крупнейшее 54%, ПУСТОТЫ 32% (в нижней половине 3%)
[sketch] шаблон: областей 1, из них удобных без увеличения 0, крупных заливок 1, непригодных 0; самая большая занимает 100% кадра, чернил 0,0%
[sketch] обход четверть 3: шаблон: областей 1, из них удобных без увеличения 0, крупных заливок 1, непригодных 0; самая большая занимает 100% кадра, чернил 0,0%
[кадр] четверть 4: неба 37%, пятен 10, крупнейшее 59%, ПУСТОТЫ 31% (в нижней половине 0%)
[sketch] шаблон: областей 1, из них удобных без увеличения 0, крупных заливок 1, непригодных 0; самая большая занимает 100% кадра, чернил 0,0%
[sketch] обход четверть 4: шаблон: областей 1, из них удобных без увеличения 0, крупных заливок 1, непригодных 0; самая большая занимает 100% кадра, чернил 0,0%
[кадр] глаз 0°: неба 51%, пятен 4, крупнейшее 52%, ПУСТОТЫ 52% (в нижней половине 100%)
[sketch] шаблон: областей 2, из них удобных без увеличения 0, крупных заливок 2, непригодных 0; самая большая занимает 85% кадра, чернил 0,5%
[sketch] обход глаз 0°: шаблон: областей 2, из них удобных без увеличения 0, крупных заливок 2, непригодных 0; самая большая занимает 85% кадра, чернил 0,5%
[кадр] глаз 45°: неба 53%, пятен 3, крупнейшее 53%, ПУСТОТЫ 54% (в нижней половине 100%)
[sketch] шаблон: областей 2, из них удобных без увеличения 0, крупных заливок 2, непригодных 0; самая большая занимает 87% кадра, чернил 0,5%
[sketch] обход глаз 45°: шаблон: областей 2, из них удобных без увеличения 0, крупных заливок 2, непригодных 0; самая большая занимает 87% кадра, чернил 0,5%
[кадр] глаз 90°: неба 56%, пятен 4, крупнейшее 51%, ПУСТОТЫ 53% (в нижней половине 100%)
[sketch] шаблон: областей 3, из них удобных без увеличения 2, крупных заливок 1, непригодных 0; самая большая занимает 92% кадра, чернил 0,4%
[sketch] обход глаз 90°: шаблон: областей 3, из них удобных без увеличения 2, крупных заливок 1, непригодных 0; самая большая занимает 92% кадра, чернил 0,4%
[кадр] глаз 135°: неба 55%, пятен 3, крупнейшее 52%, ПУСТОТЫ 53% (в нижней половине 100%)
[sketch] шаблон: областей 3, из них удобных без увеличения 2, крупных заливок 1, непригодных 0; самая большая занимает 91% кадра, чернил 0,5%
[sketch] обход глаз 135°: шаблон: областей 3, из них удобных без увеличения 2, крупных заливок 1, непригодных 0; самая большая занимает 91% кадра, чернил 0,5%
[кадр] глаз 180°: неба 56%, пятен 4, крупнейшее 51%, ПУСТОТЫ 52% (в нижней половине 100%)
[PERF] fps=4,0 frame=1371,81ms draw=8 prim=3687596 obj=600 vram=424,9MB tex=112,8MB | veg: full=0 lod1=0 hide=0 instVis=0 instHide=0 chunks=0
[sketch] шаблон: областей 4, из них удобных без увеличения 2, крупных заливок 2, непригодных 0; самая большая занимает 87% кадра, чернил 0,5%
[sketch] обход глаз 180°: шаблон: областей 4, из них удобных без увеличения 2, крупных заливок 2, непригодных 0; самая большая занимает 87% кадра, чернил 0,5%
[кадр] глаз 225°: неба 51%, пятен 5, крупнейшее 52%, ПУСТОТЫ 52% (в нижней половине 100%)
[sketch] шаблон: областей 2, из них удобных без увеличения 0, крупных заливок 2, непригодных 0; самая большая занимает 80% кадра, чернил 0,5%
[sketch] обход глаз 225°: шаблон: областей 2, из них удобных без увеличения 0, крупных заливок 2, непригодных 0; самая большая занимает 80% кадра, чернил 0,5%
[кадр] глаз 270°: неба 51%, пятен 4, крупнейшее 52%, ПУСТОТЫ 52% (в нижней половине 100%)
[sketch] шаблон: областей 1, из них удобных без увеличения 0, крупных заливок 1, непригодных 0; самая большая занимает 100% кадра, чернил 0,5%
[sketch] обход глаз 270°: шаблон: областей 1, из них удобных без увеличения 0, крупных заливок 1, непригодных 0; самая большая занимает 100% кадра, чернил 0,5%
[кадр] глаз 315°: неба 52%, пятен 5, крупнейшее 53%, ПУСТОТЫ 53% (в нижней половине 100%)
[sketch] шаблон: областей 2, из них удобных без увеличения 0, крупных заливок 2, непригодных 0; самая большая занимает 81% кадра, чернил 0,5%
[sketch] обход глаз 315°: шаблон: областей 2, из них удобных без увеличения 0, крупных заливок 2, непригодных 0; самая большая занимает 81% кадра, чернил 0,5%
[кадр] шар 0°: неба 63%, пятен 2, крупнейшее 64%, ПУСТОТЫ 64% (в нижней половине 100%)
[sketch] шаблон: областей 2, из них удобных без увеличения 1, крупных заливок 1, непригодных 0; самая большая занимает 90% кадра, чернил 0,5%
[sketch] обход шар 0°: шаблон: областей 2, из них удобных без увеличения 1, крупных заливок 1, непригодных 0; самая большая занимает 90% кадра, чернил 0,5%
[кадр] шар 180°: неба 65%, пятен 3, крупнейшее 62%, ПУСТОТЫ 63% (в нижней половине 100%)
[sketch] шаблон: областей 5, из них удобных без увеличения 4, крупных заливок 1, непригодных 0; самая большая занимает 92% кадра, чернил 0,3%
[sketch] обход шар 180°: шаблон: областей 5, из них удобных без увеличения 4, крупных заливок 1, непригодных 0; самая большая занимает 92% кадра, чернил 0,3%
[telemetry] снимков сохранено: 18 в D:/Godot/ColoringBook/logs\20260819_130902_seed42_sweep_shots
[PERF] fps=60,0 frame=2,97ms draw=7 prim=1844380 obj=591 vram=394,8MB tex=81,8MB | veg: full=0 lod1=0 hide=0 instVis=0 instHide=0 chunks=0
[PERF] fps=60,0 frame=2,49ms draw=7 prim=1844384 obj=593 vram=394,8MB tex=81,8MB | veg: full=0 lod1=0 hide=0 instVis=0 instHide=0 chunks=0
[PERF] fps=60,0 frame=1,99ms draw=7 prim=1844384 obj=593 vram=394,8MB tex=81,8MB | veg: full=0 lod1=0 hide=0 instVis=0 instHide=0 chunks=0
[PERF] fps=60,0 frame=2,70ms draw=7 prim=1844384 obj=593 vram=394,8MB tex=81,8MB | veg: full=0 lod1=0 hide=0 instVis=0 instHide=0 chunks=0
[PERF] fps=60,0 frame=2,68ms draw=7 prim=1844384 obj=593 vram=394,8MB tex=81,8MB | veg: full=0 lod1=0 hide=0 instVis=0 instHide=0 chunks=0
[PERF] fps=60,0 frame=3,96ms draw=7 prim=1844384 obj=593 vram=394,8MB tex=81,8MB | veg: full=0 lod1=0 hide=0 instVis=0 instHide=0 chunks=0
[PERF] fps=60,0 frame=2,35ms draw=7 prim=1844384 obj=593 vram=394,8MB tex=81,8MB | veg: full=0 lod1=0 hide=0 instVis=0 instHide=0 chunks=0
