ColoringBook — журнал запуска 2026-08-18 21:15:58
[bootstrap] каталог логов: D:/Godot/ColoringBook/logs
PlantCatalog ready: 9 variants x kinds
=== ColoringBook Bootstrap | BUILD STAMP: 2026-08-18-V357 (перебором сочетаний: отклонение форм и склон вошли в норму на трёх мирах)
[shaders] res://assets/shaders/terrain.gdshader — ок
[shaders] res://assets/shaders/water.gdshader — ок
[shaders] res://assets/shaders/foliage.gdshader — ок
[shaders] res://assets/shaders/impostor.gdshader — ок
[shaders] res://assets/shaders/sketch_id.gdshader — ок
[shaders] res://assets/shaders/sketch_depth.gdshader — ок
[shaders] res://assets/shaders/sketch_normal.gdshader — ок
[bootstrap] MaxFps=60, VSync=Disabled
[устройство] стол, поле полное, уровень при запуске, журнал в res://logs, ядер 8
[bootstrap] StartupMode = Level
[разведка] поле 241x241 за 9994 мс, место (22,1, -34,6) км от середины территории
[нрав] поднятие 13,1 м (разброс 1,19, период 11 км), врез 23, осыпание 0,010, итераций 365
[фон-эрозия] поле 961x961 за 195837 мс
[высоты] размах поля 7721 м, дно 800 м, верх 8521 м
[озёра] залитых ячеек 6782 из 923521 (0,7% поля)
[плитка] 5 км, ячейка 30 м, за 6506 мс
[маршруты] окно 20 км: опор 143, рёбер 185, сеть 279,8 км, за 4001 мс
[пояса] лес 0,528, редколесье 0,643, альпика 0,689, осыпь 0,721, скала 0,759, снег 0,796
[пояса] пределы выборки 89,0..850,0 ед (800..8411 м), смещение -9,0 ед
[фон-материал] шейдер рельефа, размах высот 80,0..841,1 ед
[рельеф] средний уклон 19,4°, p95 42,9°, перепад 7612 м, круче 35° 11%, доля дна 6%, шпилей 269  <-- ШПИЛИ
[старт] пояс Rock, высота 6370 м
[старт] опора сети: вид 50%, (261, -693), сток 2, в 7,4 км от середины поля при пределе 172,8; опор всего 143
[дыра] высоты в точке старта: поле 6370 м, меш 6364 м, разница 6 м; накрывает кольцо 0, ячейка 120 м
[дыра] камера обхода садится на высоту ПОЛЯ, а видит меш: камера НАД поверхностью на 6 м
[дыра] треугольников рельефа вокруг точки: в 100 м — 5, в 500 м — 106, в 2000 м — 1751
[дыра] место разведки (22,1, -34,6) км от середины территории; игрок в 7405 м от середины ПОЛЯ
[дыра] половины колец, км: 0:57,6
[покров] по площади (13271 км²): Water 2,6%, Grassland 19,4%, Forest 19,8%, Shrubland 15,9%, Alpine 9,9%, Scree 13,8%, Rock 10,9%, Snow 7,7%
[вода] ячеек покрова по кольцам: 120м:24344
[дренаж] сетка 241, область 115 км, 91 мс
[рельеф-отчёт] D:/Godot/ColoringBook/logs\20260818_212012_terrain.json
[рельеф-сетки] D:/Godot/ColoringBook/logs\20260818_212012_terrain.bin
[журнал] D:/Godot/ColoringBook/logs\20260818_211558_session.log
[фон-щели] одиночных рёбер 3840, из них на внешнем крае есть; радиусы от 5760 до 5760 ед (границы колец: 5760)
[фон-меш] рельеф: граней вверх 1843200, вниз 0 (0,0%), вырожденных 0 | расхождение на стыке колец 0,0 м
[фон-пандус] наибольший уклон переходной полосы 0,0°, ширина полосы 8 ячеек (960..480 м)
[фон] колец 1, шаг 120..120 м, область 115 км, четырёхугольников 921600, треугольников 1843200
[растительность] ОТКЛЮЧЕНА (LevelView3D.VegetationOn = false)
[время] рельеф и меш: 253223 мс
--- Seed 42 | Season Summer ---
уровень из колец, сид 42
[камера] обзор на (261, -693), наклон 35°, удаление 2,2 км
[bootstrap] mode=Level (main scene). P = switch to plant gallery.
[bootstrap] galleryActive=False regions=0 | terrain: mesh=null visible=True | rivers: mesh=null visible=True | water: mesh=null visible=True | vegRoot: children=0 visible=True | galleryRoot=none
[PERF] fps=60,0 frame=2,72ms draw=7 prim=1844364 obj=583 vram=427,8MB tex=82,5MB | veg: full=0 lod1=0 hide=0 instVis=0 instHide=0 chunks=0
[PERF] fps=60,0 frame=1,74ms draw=7 prim=1844372 obj=587 vram=427,8MB tex=82,5MB | veg: full=0 lod1=0 hide=0 instVis=0 instHide=0 chunks=0
[PERF] fps=60,0 frame=2,10ms draw=7 prim=1844376 obj=589 vram=427,8MB tex=82,5MB | veg: full=0 lod1=0 hide=0 instVis=0 instHide=0 chunks=0
[PERF] fps=60,0 frame=2,11ms draw=7 prim=1844368 obj=585 vram=427,8MB tex=82,5MB | veg: full=0 lod1=0 hide=0 instVis=0 instHide=0 chunks=0
[PERF] fps=60,0 frame=1,76ms draw=7 prim=1844364 obj=583 vram=427,8MB tex=82,5MB | veg: full=0 lod1=0 hide=0 instVis=0 instHide=0 chunks=0
[обход] 18 поз: весь уровень, четверти, глаз из (261, -693), шар
[telemetry] обход уровня записан: D:/Godot/ColoringBook/logs\20260818_182040_seed42_sweep.json
[обход] 18 поз: весь уровень, четверти, глаз из (261, -693), шар
[кадр] весь уровень сверху: неба 51%, пятен 5, крупнейшее 27%, ПУСТОТЫ 44% (в нижней половине 44%)
[sketch] шаблон: областей 1, из них удобных без увеличения 0, крупных заливок 1, непригодных 0; самая большая занимает 100% кадра, чернил 0,0%
[sketch] обход весь уровень сверху: шаблон: областей 1, из них удобных без увеличения 0, крупных заливок 1, непригодных 0; самая большая занимает 100% кадра, чернил 0,0%
[кадр] весь уровень косо 0°: неба 43%, пятен 4, крупнейшее 58%, ПУСТОТЫ 37% (в нижней половине 3%)
[sketch] шаблон: областей 1, из них удобных без увеличения 0, крупных заливок 1, непригодных 0; самая большая занимает 100% кадра, чернил 0,0%
[sketch] обход весь уровень косо 0°: шаблон: областей 1, из них удобных без увеличения 0, крупных заливок 1, непригодных 0; самая большая занимает 100% кадра, чернил 0,0%
[кадр] весь уровень косо 120°: неба 44%, пятен 9, крупнейшее 51%, ПУСТОТЫ 36% (в нижней половине 2%)
[sketch] шаблон: областей 1, из них удобных без увеличения 0, крупных заливок 1, непригодных 0; самая большая занимает 100% кадра, чернил 0,0%
[sketch] обход весь уровень косо 120°: шаблон: областей 1, из них удобных без увеличения 0, крупных заливок 1, непригодных 0; самая большая занимает 100% кадра, чернил 0,0%
[кадр] весь уровень косо 240°: неба 48%, пятен 7, крупнейшее 52%, ПУСТОТЫ 36% (в нижней половине 2%)
[sketch] шаблон: областей 1, из них удобных без увеличения 0, крупных заливок 1, непригодных 0; самая большая занимает 100% кадра, чернил 0,0%
[sketch] обход весь уровень косо 240°: шаблон: областей 1, из них удобных без увеличения 0, крупных заливок 1, непригодных 0; самая большая занимает 100% кадра, чернил 0,0%
[кадр] четверть 1: неба 40%, пятен 5, крупнейшее 48%, ПУСТОТЫ 30% (в нижней половине 2%)
[sketch] шаблон: областей 1, из них удобных без увеличения 0, крупных заливок 1, непригодных 0; самая большая занимает 100% кадра, чернил 0,0%
[sketch] обход четверть 1: шаблон: областей 1, из них удобных без увеличения 0, крупных заливок 1, непригодных 0; самая большая занимает 100% кадра, чернил 0,0%
[кадр] четверть 2: неба 34%, пятен 6, крупнейшее 30%, ПУСТОТЫ 31% (в нижней половине 4%)
[sketch] шаблон: областей 1, из них удобных без увеличения 0, крупных заливок 1, непригодных 0; самая большая занимает 100% кадра, чернил 0,0%
[sketch] обход четверть 2: шаблон: областей 1, из них удобных без увеличения 0, крупных заливок 1, непригодных 0; самая большая занимает 100% кадра, чернил 0,0%
[кадр] четверть 3: неба 46%, пятен 7, крупнейшее 47%, ПУСТОТЫ 37% (в нижней половине 5%)
[sketch] шаблон: областей 1, из них удобных без увеличения 0, крупных заливок 1, непригодных 0; самая большая занимает 100% кадра, чернил 0,0%
[sketch] обход четверть 3: шаблон: областей 1, из них удобных без увеличения 0, крупных заливок 1, непригодных 0; самая большая занимает 100% кадра, чернил 0,0%
[кадр] четверть 4: неба 46%, пятен 10, крупнейшее 50%, ПУСТОТЫ 37% (в нижней половине 3%)
[sketch] шаблон: областей 1, из них удобных без увеличения 0, крупных заливок 1, непригодных 0; самая большая занимает 100% кадра, чернил 0,0%
[sketch] обход четверть 4: шаблон: областей 1, из них удобных без увеличения 0, крупных заливок 1, непригодных 0; самая большая занимает 100% кадра, чернил 0,0%
[PERF] fps=6,0 frame=1278,79ms draw=7 prim=1844376 obj=589 vram=450,0MB tex=97,5MB | veg: full=0 lod1=0 hide=0 instVis=0 instHide=0 chunks=0
[кадр] глаз 0°: неба 25%, пятен 6, крупнейшее 33%, ПУСТОТЫ 24% (в нижней половине 0%)
[sketch] шаблон: областей 13, из них удобных без увеличения 6, крупных заливок 4, непригодных 0; самая большая занимает 24% кадра, чернил 4,6%
[sketch] обход глаз 0°: шаблон: областей 13, из них удобных без увеличения 6, крупных заливок 4, непригодных 0; самая большая занимает 24% кадра, чернил 4,6%
[кадр] глаз 45°: неба 19%, пятен 5, крупнейшее 32%, ПУСТОТЫ 19% (в нижней половине 0%)
[sketch] шаблон: областей 13, из них удобных без увеличения 6, крупных заливок 4, непригодных 0; самая большая занимает 28% кадра, чернил 3,2%
[sketch] обход глаз 45°: шаблон: областей 13, из них удобных без увеличения 6, крупных заливок 4, непригодных 0; самая большая занимает 28% кадра, чернил 3,2%
[кадр] глаз 90°: неба 14%, пятен 6, крупнейшее 30%, ПУСТОТЫ 13% (в нижней половине 0%)
[sketch] шаблон: областей 9, из них удобных без увеличения 4, крупных заливок 3, непригодных 0; самая большая занимает 44% кадра, чернил 3,6%
[sketch] обход глаз 90°: шаблон: областей 9, из них удобных без увеличения 4, крупных заливок 3, непригодных 0; самая большая занимает 44% кадра, чернил 3,6%
[кадр] глаз 135°: неба 9%, пятен 5, крупнейшее 30%, ПУСТОТЫ 5% (в нижней половине 0%)
[sketch] шаблон: областей 12, из них удобных без увеличения 4, крупных заливок 4, непригодных 0; самая большая занимает 46% кадра, чернил 2,9%
[sketch] обход глаз 135°: шаблон: областей 12, из них удобных без увеличения 4, крупных заливок 4, непригодных 0; самая большая занимает 46% кадра, чернил 2,9%
[кадр] глаз 180°: неба 30%, пятен 4, крупнейшее 33%, ПУСТОТЫ 17% (в нижней половине 0%)
[sketch] шаблон: областей 7, из них удобных без увеличения 3, крупных заливок 3, непригодных 0; самая большая занимает 32% кадра, чернил 4,0%
[sketch] обход глаз 180°: шаблон: областей 7, из них удобных без увеличения 3, крупных заливок 3, непригодных 0; самая большая занимает 32% кадра, чернил 4,0%
[кадр] глаз 225°: неба 49%, пятен 7, крупнейшее 52%, ПУСТОТЫ 30% (в нижней половине 0%)
[sketch] шаблон: областей 7, из них удобных без увеличения 1, крупных заливок 4, непригодных 0; самая большая занимает 34% кадра, чернил 5,0%
[sketch] обход глаз 225°: шаблон: областей 7, из них удобных без увеличения 1, крупных заливок 4, непригодных 0; самая большая занимает 34% кадра, чернил 5,0%
[кадр] глаз 270°: неба 55%, пятен 6, крупнейшее 37%, ПУСТОТЫ 39% (в нижней половине 0%)
[sketch] шаблон: областей 8, из них удобных без увеличения 3, крупных заливок 3, непригодных 0; самая большая занимает 41% кадра, чернил 4,9%
[sketch] обход глаз 270°: шаблон: областей 8, из них удобных без увеличения 3, крупных заливок 3, непригодных 0; самая большая занимает 41% кадра, чернил 4,9%
[кадр] глаз 315°: неба 40%, пятен 4, крупнейшее 61%, ПУСТОТЫ 33% (в нижней половине 0%)
[sketch] шаблон: областей 10, из них удобных без увеличения 3, крупных заливок 4, непригодных 0; самая большая занимает 36% кадра, чернил 3,5%
[sketch] обход глаз 315°: шаблон: областей 10, из них удобных без увеличения 3, крупных заливок 4, непригодных 0; самая большая занимает 36% кадра, чернил 3,5%
[кадр] шар 0°: неба 32%, пятен 5, крупнейшее 33%, ПУСТОТЫ 28% (в нижней половине 0%)
[PERF] fps=4,0 frame=1465,48ms draw=8 prim=3687576 obj=590 vram=464,3MB tex=113,5MB | veg: full=0 lod1=0 hide=0 instVis=0 instHide=0 chunks=0
[sketch] шаблон: областей 5, из них удобных без увеличения 2, крупных заливок 3, непригодных 0; самая большая занимает 50% кадра, чернил 1,2%
[sketch] обход шар 0°: шаблон: областей 5, из них удобных без увеличения 2, крупных заливок 3, непригодных 0; самая большая занимает 50% кадра, чернил 1,2%
[кадр] шар 180°: неба 40%, пятен 4, крупнейшее 33%, ПУСТОТЫ 26% (в нижней половине 0%)
[sketch] шаблон: областей 3, из них удобных без увеличения 1, крупных заливок 2, непригодных 0; самая большая занимает 64% кадра, чернил 0,6%
[sketch] обход шар 180°: шаблон: областей 3, из них удобных без увеличения 1, крупных заливок 2, непригодных 0; самая большая занимает 64% кадра, чернил 0,6%
[telemetry] снимков сохранено: 18 в D:/Godot/ColoringBook/logs\20260818_182040_seed42_sweep_shots
[PERF] fps=60,0 frame=2,69ms draw=7 prim=1844364 obj=583 vram=433,7MB tex=82,5MB | veg: full=0 lod1=0 hide=0 instVis=0 instHide=0 chunks=0
[PERF] fps=60,0 frame=2,13ms draw=7 prim=1844364 obj=583 vram=433,7MB tex=82,5MB | veg: full=0 lod1=0 hide=0 instVis=0 instHide=0 chunks=0
[PERF] fps=60,0 frame=2,21ms draw=7 prim=1844364 obj=583 vram=433,7MB tex=82,5MB | veg: full=0 lod1=0 hide=0 instVis=0 instHide=0 chunks=0
[PERF] fps=60,0 frame=2,49ms draw=7 prim=1844364 obj=583 vram=433,7MB tex=82,5MB | veg: full=0 lod1=0 hide=0 instVis=0 instHide=0 chunks=0
[PERF] fps=60,0 frame=2,66ms draw=7 prim=1844364 obj=583 vram=433,7MB tex=82,5MB | veg: full=0 lod1=0 hide=0 instVis=0 instHide=0 chunks=0
