ColoringBook — журнал запуска 2026-08-22 12:12:50
[bootstrap] каталог логов: D:/Godot/ColoringBook/logs
PlantCatalog ready: 9 variants x kinds
=== ColoringBook Bootstrap | BUILD STAMP: 2026-08-22-V391 (осадки на саму чашу: полупустые озёра наполнились; убраны чаши-гиганты)
[shaders] res://assets/shaders/terrain.gdshader — ок
[shaders] res://assets/shaders/water.gdshader — ок
[shaders] res://assets/shaders/foliage.gdshader — ок
[shaders] res://assets/shaders/impostor.gdshader — ок
[shaders] res://assets/shaders/sketch_id.gdshader — ок
[shaders] res://assets/shaders/sketch_depth.gdshader — ок
[shaders] res://assets/shaders/sketch_normal.gdshader — ок
[bootstrap] MaxFps=60, VSync=Disabled
[устройство] стол, поле полное, уровень при запуске, журнал в res://logs, ядер 8
[bootstrap] StartupMode = Level
[разведка] поле 241x241 за 20164 мс, место (-16,3, -32,6) км от середины территории
[нрав] поднятие 8,7 м (разброс 1,01, период 17 км), врез 22, осыпание 0,003, итераций 905
[фон-эрозия] поле 961x961 за 318419 мс
[высоты] размах поля 5880 м, дно 800 м, верх 6680 м
[плитка] 5 км, ячейка 30 м, за 6089 мс
[высоты] p10 2123 м, медиана 3620, p90 4741, разница p10-p90 2617 м (в Альпах 2000-2500)
[вода] 3,2% площади (норма Альп 1.5-6)
[озёра] 13 крупнее 0.05 км², крупнейшее 56,5 км²
[острова] 0
[озёра-подробно] впадин 20 крупнее 1 км², ячеек во впадинах 34417 (3,7% поля), сжатие 1,00
  чаша км² | глубина м | залито %
     119,5 |      1454 |       20   <- вода лужей на дне
      88,8 |      1197 |       64
      68,6 |      1180 |       14   <- вода лужей на дне
      35,5 |        72 |       78
      34,4 |      1512 |       39   <- вода лужей на дне
      33,5 |        82 |       91
      26,5 |        51 |       58
      22,1 |        53 |       70
[русла] прямых отрезков 410, медиана 600 м, p90 2040 м, наибольший 7080 м (в природе прямой участок до 1-2 км)
[проверка] 12 из 19 в норме
  НАРУШЕНО [рельеф] разница высот p10-p90: 2617,4 м (норма 2000,0..2500,0) — альпийская норма
  НАРУШЕНО [рельеф] медиана высоты: 3620,1 м (норма 1500,0..2800,0) — в Альпах около 1800
  НАРУШЕНО [озёра] крупнейшее: 56,5 км² (норма 0,0..50,0) — горные озёра 0.01-20 км²
  НАРУШЕНО [русла] наибольший прямой: 7440,0 м (норма 0,0..4000,0)
  НАРУШЕНО [русла] кусков сети: 44,0 (норма 1,0..20,0) — река должна быть единой нитью
  НАРУШЕНО [русла] обрывков короче 3 км: 7,0 (норма 0,0..5,0)
  НАРУШЕНО [острова] число: 0,0 (норма 1,0..30,0)
  годно [рельеф] уклон на ячейке поля: 26,5°
  годно [рельеф] отклонение форм: 15,8
  годно [рельеф] гребни: 6,2%
  годно [рельеф] ровные места: 35,8%
  годно [вода] доля площади: 3,2%
  годно [вода] русло ПОВЕРХ озера: 0,0%
  годно [вода] сухая кайма дальше 240 м от воды: 0,4%
  годно [озёра] число крупнее 0.05 км²: 13,0
  годно [озёра] вытянутых втрое и более: 0,0
  годно [озёра] в вереницах: 1,0
  годно [русла] прямой участок p90: 1080,0 м
  годно [русла] доля площади: 1,7%
[чаши-поштучно] чаша км² | под водой % | глубина м | вытянут
      56,5 |         100 |      1197 |     1,4
      30,4 |         100 |        82 |     1,2
      29,7 |          93 |        72 |     1,0
      26,7 |          51 |      1512 |     1,4
      26,1 |          43 |      1453 |     2,4   <- ПОЛУПУСТАЯ
      24,6 |          52 |      1454 |     1,3
      20,3 |          48 |      1180 |     1,1   <- ПОЛУПУСТАЯ
      15,5 |         100 |        53 |     1,0
      15,4 |         100 |        51 |     1,8
      11,9 |         100 |        43 |     1,2
       4,4 |           0 |         0 |     1,2   <- ПОЛУПУСТАЯ
       3,4 |           0 |         0 |     2,0   <- ПОЛУПУСТАЯ
[области] сетка 8x8, клетка 14,4 км
  клетка | высота м | уклон | вода% | озёр | русло%
  0,0    |     4402 |  27,8 |   0,0 |    0 |    1,1
  1,0    |     4211 |  32,0 |   0,0 |    0 |    1,0
  2,0    |     3185 |  27,6 |   0,4 |    0 |    1,3
  3,0    |     2630 |  22,6 |   0,8 |    1 |    1,4
  4,0    |     1798 |  20,3 |   4,9 |    1 |    2,2
  5,0    |     1492 |  22,2 |   0,7 |    0 |    2,1
  6,0    |     2535 |  31,9 |   0,0 |    0 |    1,6
  7,0    |     3912 |  27,9 |   0,0 |    0 |    0,6
  0,1    |     4561 |  27,8 |   0,0 |    0 |    1,0
  1,1    |     3555 |  26,6 |   0,0 |    0 |    1,4
  2,1    |     2545 |  14,1 |  17,6 |    2 |    3,6
  3,1    |     2433 |  15,0 |   9,0 |    0 |    0,6
  4,1    |     1914 |  19,0 |   0,0 |    0 |    2,1
  5,1    |     2506 |  31,3 |   0,0 |    0 |    1,9
  6,1    |     3029 |  25,0 |   0,0 |    0 |    1,5
  7,1    |     3251 |  21,8 |   0,0 |    0 |    2,3
  0,2    |     4166 |  27,4 |   0,0 |    0 |    1,3
  1,2    |     3226 |  17,4 |   7,3 |    1 |    2,5
  2,2    |     3100 |  22,8 |   0,5 |    0 |    2,3
  3,2    |     3200 |  32,9 |   0,0 |    0 |    0,8
  4,2    |     2911 |  34,0 |   0,0 |    0 |    1,9
  5,2    |     3542 |  34,1 |   0,0 |    0 |    1,1
  6,2    |     3595 |  23,0 |   0,0 |    0 |    2,5
  7,2    |     3689 |  29,8 |   0,0 |    0 |    1,8
  0,3    |     3536 |  37,8 |   0,0 |    0 |    1,2
  1,3    |     4266 |  36,0 |   0,0 |    0 |    0,5
  2,3    |     4069 |  28,6 |   0,0 |    0 |    1,2
  3,3    |     3961 |  20,5 |  14,5 |    1 |    1,4
  4,3    |     4139 |  27,9 |   6,3 |    1 |    1,3
  5,3    |     4285 |  21,5 |   1,0 |    0 |    0,9
  6,3    |     4788 |  36,8 |   0,0 |    0 |    1,3
  7,3    |     4849 |  31,6 |   0,0 |    0 |    0,4
  0,4    |     2398 |  25,7 |   0,0 |    0 |    2,4
  1,4    |     3683 |  37,7 |   0,0 |    0 |    1,4
  2,4    |     3911 |  15,9 |   7,5 |    1 |    1,5
  3,4    |     4207 |  21,8 |   0,3 |    0 |    1,2
  4,4    |     4702 |  28,7 |   0,0 |    0 |    0,8
  5,4    |     4244 |  18,7 |   4,4 |    1 |    3,5
  6,4    |     4820 |  29,0 |   0,0 |    0 |    1,1
  7,4    |     3860 |  23,5 |   4,4 |    0 |    2,3
  0,5    |     1639 |  17,6 |   0,0 |    0 |    2,9
  1,5    |     2554 |  30,4 |   0,0 |    0 |    2,4
  2,5    |     4111 |  33,1 |   0,0 |    0 |    0,7
  3,5    |     5029 |  33,2 |   0,0 |    0 |    0,5
  4,5    |     4381 |  24,0 |   0,0 |    0 |    2,0
  5,5    |     4675 |  33,4 |   0,0 |    0 |    0,6
  6,5    |     4736 |  32,7 |   0,0 |    0 |    0,7
  7,5    |     3796 |  23,7 |   8,8 |    1 |    2,2
  0,6    |     1964 |  22,4 |   0,0 |    0 |    2,0
  1,6    |     2681 |  29,2 |   0,0 |    0 |    2,3
  2,6    |     3873 |  31,4 |   0,0 |    0 |    1,2
  3,6    |     4413 |  24,4 |   0,0 |    0 |    1,5
  4,6    |     3562 |  17,3 |   6,7 |    1 |    3,1
  5,6    |     3581 |  30,0 |   0,0 |    0 |    1,4
  6,6    |     3306 |  35,7 |   0,0 |    0 |    2,8
  7,6    |     3872 |  29,4 |   0,0 |    0 |    1,2
  0,7    |     2659 |  23,9 |   0,0 |    0 |    1,9
  1,7    |     4193 |  33,8 |   0,0 |    0 |    0,4
  2,7    |     3563 |  14,9 |   0,0 |    0 |    2,1
  3,7    |     3511 |  18,9 |   4,9 |    1 |    1,7
  4,7    |     3528 |  24,4 |   0,9 |    1 |    1,4
  5,7    |     2637 |  24,5 |   0,0 |    0 |    2,2
  6,7    |     2071 |  20,0 |   0,0 |    0 |    3,5
  7,7    |     3119 |  30,3 |   0,0 |    0 |    1,4
[маршруты] окно 20 км: опор 94, рёбер 67, сеть 140,1 км, за 3249 мс
[пояса] лес 0,367, редколесье 0,482, альпика 0,550, осыпь 0,591, скала 0,642, снег 0,690
[пояса] пределы выборки 131,8..715,9 ед (800..6641 м), смещение -51,8 ед
[кольца] построено 1 за 8031 мс: высоты и покров 7618 мс, прочее 414 мс
[фон-материал] шейдер рельефа, размах высот 80,0..664,1 ед
[рельеф вокруг игрока] средний уклон 11,8°, p95 24,9°, перепад 5716 м, круче 35° 1%, доля дна 23%, шпилей 298  <-- ПОЛОГО  <-- ШПИЛИ
[рельеф вся территория] средний уклон 11,8°, p95 24,9°, перепад 5716 м, круче 35° 1%, доля дна 23%, шпилей 298  <-- ПОЛОГО  <-- ШПИЛИ
[старт] пояс Rock, высота 4960 м
[старт] опора сети: вид 50%, (243, -756), сток 1, в 7,9 км от середины поля при пределе 172,8; опор всего 94
[дыра] высоты в точке старта: поле 4960 м, меш 4951 м, разница 9 м; накрывает кольцо 0, ячейка 120 м
[дыра] камера обхода садится на высоту ПОЛЯ, а видит меш: камера НАД поверхностью на 9 м
[дыра] треугольников рельефа вокруг точки: в 100 м — 5, в 500 м — 110, в 2000 м — 1741
[дыра] место разведки (-16,3, -32,6) км от середины территории; игрок в 7941 м от середины ПОЛЯ
[дыра] половины колец, км: 0:57,6
[покров] по площади (13271 км²): Water 3,2%, Grassland 27,3%, Forest 18,7%, Shrubland 13,5%, Alpine 8,8%, Scree 11,7%, Rock 8,9%, Snow 8,0%
[вода] ячеек покрова по кольцам: 120м:29486
[дренаж] сетка 961, область 115 км, 1710 мс
[рельеф-отчёт] D:/Godot/ColoringBook/logs\20260822_121907_terrain.json
[рельеф-сетки] D:/Godot/ColoringBook/logs\20260822_121907_terrain.bin
[журнал] D:/Godot/ColoringBook/logs\20260822_121250_session.log
[фон-щели] одиночных рёбер 3840, из них на внешнем крае есть; радиусы от 5760 до 5760 ед (границы колец: 5760)
[фон-меш] рельеф: граней вверх 1843200, вниз 0 (0,0%), вырожденных 0 | расхождение на стыке колец 0,0 м
[фон-пандус] наибольший уклон переходной полосы 0,0°, ширина полосы 8 ячеек (960..480 м)
[фон] колец 1, шаг 120..120 м, область 115 км, четырёхугольников 921600, треугольников 1843200
[растительность] ОТКЛЮЧЕНА (LevelView3D.VegetationOn = false)
[время] рельеф и меш: 376475 мс
--- Seed 42 | Season Summer ---
уровень из колец, сид 42
[камера] обзор на (243, -756), наклон 35°, удаление 76,0 км
[bootstrap] mode=Level (main scene). P = switch to plant gallery.
[bootstrap] galleryActive=False regions=0 | terrain: mesh=null visible=True | rivers: mesh=null visible=True | water: mesh=null visible=True | vegRoot: children=0 visible=True | galleryRoot=none
[PERF] fps=60,0 frame=2,15ms draw=7 prim=1844380 obj=591 vram=385,6MB tex=81,8MB | veg: full=0 lod1=0 hide=0 instVis=0 instHide=0 chunks=0
[PERF] fps=60,0 frame=1,85ms draw=7 prim=1844380 obj=591 vram=385,6MB tex=81,8MB | veg: full=0 lod1=0 hide=0 instVis=0 instHide=0 chunks=0
[PERF] fps=60,0 frame=2,69ms draw=7 prim=1844364 obj=583 vram=385,6MB tex=81,8MB | veg: full=0 lod1=0 hide=0 instVis=0 instHide=0 chunks=0
[PERF] fps=60,0 frame=2,04ms draw=7 prim=1844376 obj=589 vram=385,6MB tex=81,8MB | veg: full=0 lod1=0 hide=0 instVis=0 instHide=0 chunks=0
[PERF] fps=60,0 frame=2,10ms draw=7 prim=1844376 obj=589 vram=385,6MB tex=81,8MB | veg: full=0 lod1=0 hide=0 instVis=0 instHide=0 chunks=0
[PERF] fps=60,0 frame=1,98ms draw=7 prim=1844376 obj=589 vram=385,6MB tex=81,8MB | veg: full=0 lod1=0 hide=0 instVis=0 instHide=0 chunks=0
[PERF] fps=60,0 frame=1,79ms draw=7 prim=1844368 obj=585 vram=385,6MB tex=81,8MB | veg: full=0 lod1=0 hide=0 instVis=0 instHide=0 chunks=0
[PERF] fps=60,0 frame=2,50ms draw=7 prim=1844372 obj=587 vram=385,6MB tex=81,8MB | veg: full=0 lod1=0 hide=0 instVis=0 instHide=0 chunks=0
[обход] 8 поз: весь уровень, четверти, глаз из (243, -756), шар
[telemetry] обход уровня записан: D:/Godot/ColoringBook/logs\20260822_091936_seed42_sweep.json
[обход] 8 поз: весь уровень, четверти, глаз из (243, -756), шар
[кадр 000] весь уровень сверху: камера (0,0, 0,0) км, над землёй 76684 м, взгляд вниз 100%, охват 117,7 км
[кадр] весь уровень сверху: неба 53%, пятен 5, крупнейшее 56%, ПУСТОТЫ 47% (в нижней половине 46%)
[sketch] шаблон: областей 1, из них удобных без увеличения 0, крупных заливок 1, непригодных 0; самая большая занимает 100% кадра, чернил 0,0%
[sketch] обход весь уровень сверху: шаблон: областей 1, из них удобных без увеличения 0, крупных заливок 1, непригодных 0; самая большая занимает 100% кадра, чернил 0,0%
[кадр 001] весь уровень косо 0°: камера (-0,0, -49,9) км, над землёй 36761 м, взгляд вниз 62%, охват 56,4 км
[кадр] весь уровень косо 0°: неба 42%, пятен 6, крупнейшее 51%, ПУСТОТЫ 39% (в нижней половине 4%)
[sketch] шаблон: областей 1, из них удобных без увеличения 0, крупных заливок 1, непригодных 0; самая большая занимает 100% кадра, чернил 0,0%
[sketch] обход весь уровень косо 0°: шаблон: областей 1, из них удобных без увеличения 0, крупных заливок 1, непригодных 0; самая большая занимает 100% кадра, чернил 0,0%
[кадр 002] весь уровень косо 120°: камера (-43,2, 25,0) км, над землёй 37241 м, взгляд вниз 62%, охват 57,2 км
[кадр] весь уровень косо 120°: неба 45%, пятен 6, крупнейшее 51%, ПУСТОТЫ 38% (в нижней половине 4%)
[sketch] шаблон: областей 1, из них удобных без увеличения 0, крупных заливок 1, непригодных 0; самая большая занимает 100% кадра, чернил 0,0%
[sketch] обход весь уровень косо 120°: шаблон: областей 1, из них удобных без увеличения 0, крупных заливок 1, непригодных 0; самая большая занимает 100% кадра, чернил 0,0%
[кадр 003] весь уровень косо 240°: камера (43,2, 25,0) км, над землёй 33769 м, взгляд вниз 62%, охват 51,8 км
[кадр] весь уровень косо 240°: неба 55%, пятен 7, крупнейшее 46%, ПУСТОТЫ 39% (в нижней половине 4%)
[sketch] шаблон: областей 1, из них удобных без увеличения 0, крупных заливок 1, непригодных 0; самая большая занимает 100% кадра, чернил 0,0%
[sketch] обход весь уровень косо 240°: шаблон: областей 1, из них удобных без увеличения 0, крупных заливок 1, непригодных 0; самая большая занимает 100% кадра, чернил 0,0%
[кадр 004] четверть 1: камера (-25,3, -51,8) км, над землёй 17767 м, взгляд вниз 57%, охват 27,3 км
[кадр] четверть 1: неба 31%, пятен 6, крупнейшее 30%, ПУСТОТЫ 28% (в нижней половине 1%)
[PERF] fps=6,0 frame=1176,01ms draw=8 prim=3687584 obj=594 vram=423,5MB tex=112,8MB | veg: full=0 lod1=0 hide=0 instVis=0 instHide=0 chunks=0
[sketch] шаблон: областей 1, из них удобных без увеличения 0, крупных заливок 1, непригодных 0; самая большая занимает 100% кадра, чернил 0,0%
[sketch] обход четверть 1: шаблон: областей 1, из них удобных без увеличения 0, крупных заливок 1, непригодных 0; самая большая занимает 100% кадра, чернил 0,0%
[кадр 005] четверть 2: камера (25,3, -51,8) км, над землёй 20277 м, взгляд вниз 57%, охват 31,1 км
[кадр] четверть 2: неба 31%, пятен 6, крупнейшее 32%, ПУСТОТЫ 29% (в нижней половине 2%)
[sketch] шаблон: областей 1, из них удобных без увеличения 0, крупных заливок 1, непригодных 0; самая большая занимает 100% кадра, чернил 0,0%
[sketch] обход четверть 2: шаблон: областей 1, из них удобных без увеличения 0, крупных заливок 1, непригодных 0; самая большая занимает 100% кадра, чернил 0,0%
[кадр 006] четверть 3: камера (-25,3, -1,1) км, над землёй 17728 м, взгляд вниз 57%, охват 27,2 км
[кадр] четверть 3: неба 43%, пятен 6, крупнейшее 55%, ПУСТОТЫ 37% (в нижней половине 4%)
[sketch] шаблон: областей 1, из них удобных без увеличения 0, крупных заливок 1, непригодных 0; самая большая занимает 100% кадра, чернил 0,0%
[sketch] обход четверть 3: шаблон: областей 1, из них удобных без увеличения 0, крупных заливок 1, непригодных 0; самая большая занимает 100% кадра, чернил 0,0%
[кадр 007] четверть 4: камера (25,3, -1,1) км, над землёй 18142 м, взгляд вниз 57%, охват 27,8 км
[кадр] четверть 4: неба 57%, пятен 9, крупнейшее 38%, ПУСТОТЫ 37% (в нижней половине 3%)
[sketch] шаблон: областей 1, из них удобных без увеличения 0, крупных заливок 1, непригодных 0; самая большая занимает 100% кадра, чернил 0,0%
[sketch] обход четверть 4: шаблон: областей 1, из них удобных без увеличения 0, крупных заливок 1, непригодных 0; самая большая занимает 100% кадра, чернил 0,0%
[кадр 008] четверть 0,0 сверху: камера (-28,8, -28,8) км, над землёй 41286 м, взгляд вниз 100%, охват 63,4 км
[кадр] четверть 0,0 сверху: неба 33%, пятен 7, крупнейшее 30%, ПУСТОТЫ 27% (в нижней половине 24%)
[sketch] шаблон: областей 1, из них удобных без увеличения 0, крупных заливок 1, непригодных 0; самая большая занимает 100% кадра, чернил 0,0%
[sketch] обход четверть 0,0 сверху: шаблон: областей 1, из них удобных без увеличения 0, крупных заливок 1, непригодных 0; самая большая занимает 100% кадра, чернил 0,0%
[кадр 009] четверть 1,0 сверху: камера (28,8, -28,8) км, над землёй 41286 м, взгляд вниз 100%, охват 63,4 км
[кадр] четверть 1,0 сверху: неба 40%, пятен 5, крупнейшее 52%, ПУСТОТЫ 29% (в нижней половине 31%)
[sketch] шаблон: областей 1, из них удобных без увеличения 0, крупных заливок 1, непригодных 0; самая большая занимает 100% кадра, чернил 0,0%
[sketch] обход четверть 1,0 сверху: шаблон: областей 1, из них удобных без увеличения 0, крупных заливок 1, непригодных 0; самая большая занимает 100% кадра, чернил 0,0%
[кадр 010] четверть 0,1 сверху: камера (-28,8, 28,8) км, над землёй 41286 м, взгляд вниз 100%, охват 63,4 км
[кадр] четверть 0,1 сверху: неба 38%, пятен 8, крупнейшее 48%, ПУСТОТЫ 29% (в нижней половине 25%)
[sketch] шаблон: областей 1, из них удобных без увеличения 0, крупных заливок 1, непригодных 0; самая большая занимает 100% кадра, чернил 0,0%
[sketch] обход четверть 0,1 сверху: шаблон: областей 1, из них удобных без увеличения 0, крупных заливок 1, непригодных 0; самая большая занимает 100% кадра, чернил 0,0%
[кадр 011] четверть 1,1 сверху: камера (28,8, 28,8) км, над землёй 41286 м, взгляд вниз 100%, охват 63,4 км
[кадр] четверть 1,1 сверху: неба 44%, пятен 8, крупнейшее 46%, ПУСТОТЫ 29% (в нижней половине 33%)
[sketch] шаблон: областей 1, из них удобных без увеличения 0, крупных заливок 1, непригодных 0; самая большая занимает 100% кадра, чернил 0,0%
[sketch] обход четверть 1,1 сверху: шаблон: областей 1, из них удобных без увеличения 0, крупных заливок 1, непригодных 0; самая большая занимает 100% кадра, чернил 0,0%
[кадр 012] клетка 0,0 из 3x3: камера (-38,4, -38,4) км, над землёй 27524 м, взгляд вниз 100%, охват 42,2 км
[кадр] клетка 0,0 из 3x3: неба 35%, пятен 5, крупнейшее 32%, ПУСТОТЫ 26% (в нижней половине 24%)
[sketch] шаблон: областей 1, из них удобных без увеличения 0, крупных заливок 1, непригодных 0; самая большая занимает 100% кадра, чернил 0,0%
[sketch] обход клетка 0,0 из 3x3: шаблон: областей 1, из них удобных без увеличения 0, крупных заливок 1, непригодных 0; самая большая занимает 100% кадра, чернил 0,0%
[кадр 013] клетка 1,0 из 3x3: камера (0,0, -38,4) км, над землёй 27524 м, взгляд вниз 100%, охват 42,2 км
[кадр] клетка 1,0 из 3x3: неба 26%, пятен 6, крупнейшее 27%, ПУСТОТЫ 24% (в нижней половине 23%)
[PERF] fps=6,0 frame=1187,80ms draw=7 prim=1844380 obj=591 vram=423,1MB tex=112,8MB | veg: full=0 lod1=0 hide=0 instVis=0 instHide=0 chunks=0
[sketch] шаблон: областей 1, из них удобных без увеличения 0, крупных заливок 1, непригодных 0; самая большая занимает 100% кадра, чернил 0,0%
[sketch] обход клетка 1,0 из 3x3: шаблон: областей 1, из них удобных без увеличения 0, крупных заливок 1, непригодных 0; самая большая занимает 100% кадра, чернил 0,0%
[кадр 014] клетка 2,0 из 3x3: камера (38,4, -38,4) км, над землёй 27524 м, взгляд вниз 100%, охват 42,2 км
[кадр] клетка 2,0 из 3x3: неба 31%, пятен 8, крупнейшее 28%, ПУСТОТЫ 25% (в нижней половине 25%)
[sketch] шаблон: областей 1, из них удобных без увеличения 0, крупных заливок 1, непригодных 0; самая большая занимает 100% кадра, чернил 0,0%
[sketch] обход клетка 2,0 из 3x3: шаблон: областей 1, из них удобных без увеличения 0, крупных заливок 1, непригодных 0; самая большая занимает 100% кадра, чернил 0,0%
[кадр 015] клетка 0,1 из 3x3: камера (-38,4, 0,0) км, над землёй 27524 м, взгляд вниз 100%, охват 42,2 км
[кадр] клетка 0,1 из 3x3: неба 11%, пятен 11, крупнейшее 16%, ПУСТОТЫ 7% (в нижней половине 0%)
[sketch] шаблон: областей 1, из них удобных без увеличения 0, крупных заливок 1, непригодных 0; самая большая занимает 100% кадра, чернил 0,0%
[sketch] обход клетка 0,1 из 3x3: шаблон: областей 1, из них удобных без увеличения 0, крупных заливок 1, непригодных 0; самая большая занимает 100% кадра, чернил 0,0%
[кадр 016] клетка 1,1 из 3x3: камера (0,0, 0,0) км, над землёй 27524 м, взгляд вниз 100%, охват 42,2 км
[кадр] клетка 1,1 из 3x3: неба 20%, пятен 14, крупнейшее 22%, ПУСТОТЫ 0% (в нижней половине 0%)
[sketch] шаблон: областей 1, из них удобных без увеличения 0, крупных заливок 1, непригодных 0; самая большая занимает 100% кадра, чернил 0,0%
[sketch] обход клетка 1,1 из 3x3: шаблон: областей 1, из них удобных без увеличения 0, крупных заливок 1, непригодных 0; самая большая занимает 100% кадра, чернил 0,0%
[кадр 017] клетка 2,1 из 3x3: камера (38,4, 0,0) км, над землёй 27524 м, взгляд вниз 100%, охват 42,2 км
[кадр] клетка 2,1 из 3x3: неба 28%, пятен 9, крупнейшее 32%, ПУСТОТЫ 6% (в нижней половине 12%)
[sketch] шаблон: областей 1, из них удобных без увеличения 0, крупных заливок 1, непригодных 0; самая большая занимает 100% кадра, чернил 0,0%
[sketch] обход клетка 2,1 из 3x3: шаблон: областей 1, из них удобных без увеличения 0, крупных заливок 1, непригодных 0; самая большая занимает 100% кадра, чернил 0,0%
[кадр 018] клетка 0,2 из 3x3: камера (-38,4, 38,4) км, над землёй 27524 м, взгляд вниз 100%, охват 42,2 км
[кадр] клетка 0,2 из 3x3: неба 31%, пятен 7, крупнейшее 31%, ПУСТОТЫ 28% (в нижней половине 23%)
[sketch] шаблон: областей 1, из них удобных без увеличения 0, крупных заливок 1, непригодных 0; самая большая занимает 100% кадра, чернил 0,0%
[sketch] обход клетка 0,2 из 3x3: шаблон: областей 1, из них удобных без увеличения 0, крупных заливок 1, непригодных 0; самая большая занимает 100% кадра, чернил 0,0%
[кадр 019] клетка 1,2 из 3x3: камера (0,0, 38,4) км, над землёй 27524 м, взгляд вниз 100%, охват 42,2 км
[кадр] клетка 1,2 из 3x3: неба 46%, пятен 9, крупнейшее 25%, ПУСТОТЫ 25% (в нижней половине 25%)
[sketch] шаблон: областей 1, из них удобных без увеличения 0, крупных заливок 1, непригодных 0; самая большая занимает 100% кадра, чернил 0,0%
[sketch] обход клетка 1,2 из 3x3: шаблон: областей 1, из них удобных без увеличения 0, крупных заливок 1, непригодных 0; самая большая занимает 100% кадра, чернил 0,0%
[кадр 020] клетка 2,2 из 3x3: камера (38,4, 38,4) км, над землёй 27524 м, взгляд вниз 100%, охват 42,2 км
[кадр] клетка 2,2 из 3x3: неба 42%, пятен 7, крупнейшее 43%, ПУСТОТЫ 27% (в нижней половине 29%)
[sketch] шаблон: областей 1, из них удобных без увеличения 0, крупных заливок 1, непригодных 0; самая большая занимает 100% кадра, чернил 0,0%
[sketch] обход клетка 2,2 из 3x3: шаблон: областей 1, из них удобных без увеличения 0, крупных заливок 1, непригодных 0; самая большая занимает 100% кадра, чернил 0,0%
[кадр 021] озеро 0,4 км²: камера (-12,7, -47,2) км, над землёй 985 м, взгляд вниз 100%, охват 1,5 км
[кадр] озеро 0,4 км²: неба 0%, пятен 9, крупнейшее 28%, ПУСТОТЫ 0% (в нижней половине 0%)
[sketch] шаблон: областей 1, из них удобных без увеличения 0, крупных заливок 1, непригодных 0; самая большая занимает 100% кадра, чернил 0,0%
[sketch] обход озеро 0,4 км²: шаблон: областей 1, из них удобных без увеличения 0, крупных заливок 1, непригодных 0; самая большая занимает 100% кадра, чернил 0,0%
[кадр 022] озеро 11,9 км²: камера (13,1, -45,1) км, над землёй 5208 м, взгляд вниз 100%, охват 8,0 км
[кадр] озеро 11,9 км²: неба 0%, пятен 16, крупнейшее 25%, ПУСТОТЫ 0% (в нижней половине 0%)
[PERF] fps=4,0 frame=1117,81ms draw=7 prim=1844380 obj=591 vram=406,1MB tex=96,8MB | veg: full=0 lod1=0 hide=0 instVis=0 instHide=0 chunks=0
[sketch] шаблон: областей 1, из них удобных без увеличения 0, крупных заливок 1, непригодных 0; самая большая занимает 100% кадра, чернил 0,0%
[sketch] обход озеро 11,9 км²: шаблон: областей 1, из них удобных без увеличения 0, крупных заливок 1, непригодных 0; самая большая занимает 100% кадра, чернил 0,0%
[кадр 023] озеро 56,5 км²: камера (-16,0, -39,1) км, над землёй 14638 м, взгляд вниз 100%, охват 22,5 км
[кадр] озеро 56,5 км²: неба 0%, пятен 10, крупнейшее 22%, ПУСТОТЫ 0% (в нижней половине 1%)
[sketch] шаблон: областей 1, из них удобных без увеличения 0, крупных заливок 1, непригодных 0; самая большая занимает 100% кадра, чернил 0,0%
[sketch] обход озеро 56,5 км²: шаблон: областей 1, из них удобных без увеличения 0, крупных заливок 1, непригодных 0; самая большая занимает 100% кадра, чернил 0,0%
[кадр 024] озеро 2,2 км²: камера (-17,6, -29,0) км, над землёй 1970 м, взгляд вниз 100%, охват 3,0 км
[кадр] озеро 2,2 км²: неба 0%, пятен 9, крупнейшее 33%, ПУСТОТЫ 0% (в нижней половине 0%)
[sketch] шаблон: областей 1, из них удобных без увеличения 0, крупных заливок 1, непригодных 0; самая большая занимает 100% кадра, чернил 0,0%
[sketch] обход озеро 2,2 км²: шаблон: областей 1, из них удобных без увеличения 0, крупных заливок 1, непригодных 0; самая большая занимает 100% кадра, чернил 0,0%
[кадр 025] озеро 15,5 км²: камера (-31,4, -23,5) км, над землёй 6615 м, взгляд вниз 100%, охват 10,2 км
[кадр] озеро 15,5 км²: неба 0%, пятен 17, крупнейшее 27%, ПУСТОТЫ 0% (в нижней половине 0%)
[sketch] шаблон: областей 1, из них удобных без увеличения 0, крупных заливок 1, непригодных 0; самая большая занимает 100% кадра, чернил 0,0%
[sketch] обход озеро 15,5 км²: шаблон: областей 1, из них удобных без увеличения 0, крупных заливок 1, непригодных 0; самая большая занимает 100% кадра, чернил 0,0%
[кадр 026] озеро 30,4 км²: камера (-5,5, -4,0) км, над землёй 9430 м, взгляд вниз 100%, охват 14,5 км
[кадр] озеро 30,4 км²: неба 9%, пятен 15, крупнейшее 22%, ПУСТОТЫ 0% (в нижней половине 0%)
[sketch] шаблон: областей 1, из них удобных без увеличения 0, крупных заливок 1, непригодных 0; самая большая занимает 100% кадра, чернил 0,0%
[sketch] обход озеро 30,4 км²: шаблон: областей 1, из них удобных без увеличения 0, крупных заливок 1, непригодных 0; самая большая занимает 100% кадра, чернил 0,0%
[кадр 027] озеро 12,7 км²: камера (10,6, -3,2) км, над землёй 5067 м, взгляд вниз 100%, охват 7,8 км
[кадр] озеро 12,7 км²: неба 11%, пятен 7, крупнейшее 32%, ПУСТОТЫ 0% (в нижней половине 0%)
[sketch] шаблон: областей 1, из них удобных без увеличения 0, крупных заливок 1, непригодных 0; самая большая занимает 100% кадра, чернил 0,0%
[sketch] обход озеро 12,7 км²: шаблон: областей 1, из них удобных без увеличения 0, крупных заливок 1, непригодных 0; самая большая занимает 100% кадра, чернил 0,0%
[кадр 028] озеро 11,3 км²: камера (18,8, 1,2) км, над землёй 5489 м, взгляд вниз 100%, охват 8,4 км
[кадр] озеро 11,3 км²: неба 1%, пятен 14, крупнейшее 25%, ПУСТОТЫ 0% (в нижней половине 0%)
[sketch] шаблон: областей 1, из них удобных без увеличения 0, крупных заливок 1, непригодных 0; самая большая занимает 100% кадра, чернил 0,0%
[sketch] обход озеро 11,3 км²: шаблон: областей 1, из них удобных без увеличения 0, крупных заливок 1, непригодных 0; самая большая занимает 100% кадра, чернил 0,0%
[кадр 029] озеро 15,4 км²: камера (-20,6, 7,2) км, над землёй 7460 м, взгляд вниз 100%, охват 11,4 км
[кадр] озеро 15,4 км²: неба 4%, пятен 14, крупнейшее 27%, ПУСТОТЫ 0% (в нижней половине 0%)
[sketch] шаблон: областей 1, из них удобных без увеличения 0, крупных заливок 1, непригодных 0; самая большая занимает 100% кадра, чернил 0,0%
[sketch] обход озеро 15,4 км²: шаблон: областей 1, из них удобных без увеличения 0, крупных заливок 1, непригодных 0; самая большая занимает 100% кадра, чернил 0,0%
[кадр 030] озеро 27,6 км²: камера (52,0, 15,4) км, над землёй 7882 м, взгляд вниз 100%, охват 12,1 км
[кадр] озеро 27,6 км²: неба 15%, пятен 9, крупнейшее 33%, ПУСТОТЫ 13% (в нижней половине 0%)
[sketch] шаблон: областей 1, из них удобных без увеличения 0, крупных заливок 1, непригодных 0; самая большая занимает 100% кадра, чернил 0,0%
[sketch] обход озеро 27,6 км²: шаблон: областей 1, из них удобных без увеличения 0, крупных заливок 1, непригодных 0; самая большая занимает 100% кадра, чернил 0,0%
[кадр 031] озеро 13,6 км²: камера (10,5, 34,3) км, над землёй 6474 м, взгляд вниз 100%, охват 9,9 км
[PERF] fps=2,0 frame=477,55ms draw=8 prim=3687576 obj=590 vram=423,9MB tex=112,8MB | veg: full=0 lod1=0 hide=0 instVis=0 instHide=0 chunks=0
[кадр] озеро 13,6 км²: неба 0%, пятен 14, крупнейшее 23%, ПУСТОТЫ 0% (в нижней половине 0%)
[sketch] шаблон: областей 1, из них удобных без увеличения 0, крупных заливок 1, непригодных 0; самая большая занимает 100% кадра, чернил 0,0%
[sketch] обход озеро 13,6 км²: шаблон: областей 1, из них удобных без увеличения 0, крупных заливок 1, непригодных 0; самая большая занимает 100% кадра, чернил 0,0%
[кадр 032] озеро 9,7 км²: камера (-12,6, 52,6) км, над землёй 4363 м, взгляд вниз 100%, охват 6,7 км
[кадр] озеро 9,7 км²: неба 0%, пятен 6, крупнейшее 32%, ПУСТОТЫ 0% (в нижней половине 0%)
[sketch] шаблон: областей 1, из них удобных без увеличения 0, крупных заливок 1, непригодных 0; самая большая занимает 100% кадра, чернил 0,0%
[sketch] обход озеро 9,7 км²: шаблон: областей 1, из них удобных без увеличения 0, крупных заливок 1, непригодных 0; самая большая занимает 100% кадра, чернил 0,0%
[кадр 033] озеро 2,2 км²: камера (0,5, 53,3) км, над землёй 2111 м, взгляд вниз 100%, охват 3,2 км
[кадр] озеро 2,2 км²: неба 0%, пятен 5, крупнейшее 33%, ПУСТОТЫ 0% (в нижней половине 0%)
[sketch] шаблон: областей 1, из них удобных без увеличения 0, крупных заливок 1, непригодных 0; самая большая занимает 100% кадра, чернил 0,0%
[sketch] обход озеро 2,2 км²: шаблон: областей 1, из них удобных без увеличения 0, крупных заливок 1, непригодных 0; самая большая занимает 100% кадра, чернил 0,0%
[telemetry] снимков сохранено: 34 в D:/Godot/ColoringBook/logs\20260822_091936_seed42_sweep_shots
[PERF] fps=60,0 frame=1,96ms draw=7 prim=1844372 obj=587 vram=391,6MB tex=81,8MB | veg: full=0 lod1=0 hide=0 instVis=0 instHide=0 chunks=0
[PERF] fps=60,0 frame=2,20ms draw=7 prim=1844372 obj=587 vram=391,6MB tex=81,8MB | veg: full=0 lod1=0 hide=0 instVis=0 instHide=0 chunks=0
[PERF] fps=61,0 frame=2,49ms draw=7 prim=1844372 obj=587 vram=391,6MB tex=81,8MB | veg: full=0 lod1=0 hide=0 instVis=0 instHide=0 chunks=0
[PERF] fps=60,0 frame=2,04ms draw=7 prim=1844372 obj=587 vram=391,6MB tex=81,8MB | veg: full=0 lod1=0 hide=0 instVis=0 instHide=0 chunks=0
[PERF] fps=61,0 frame=2,11ms draw=7 prim=1844372 obj=587 vram=391,6MB tex=81,8MB | veg: full=0 lod1=0 hide=0 instVis=0 instHide=0 chunks=0
[PERF] fps=60,0 frame=2,78ms draw=7 prim=1844372 obj=587 vram=391,6MB tex=81,8MB | veg: full=0 lod1=0 hide=0 instVis=0 instHide=0 chunks=0
