ColoringBook — журнал запуска 2026-08-18 16:17:21
[bootstrap] каталог логов: D:/Godot/ColoringBook/logs
PlantCatalog ready: 9 variants x kinds
=== ColoringBook Bootstrap | BUILD STAMP: 2026-08-18-V344 (откат: снял защиту сжатия и получил плоский уровень; круг поднятие-сжатие назван)
[shaders] res://assets/shaders/terrain.gdshader — ок
[shaders] res://assets/shaders/water.gdshader — ок
[shaders] res://assets/shaders/foliage.gdshader — ок
[shaders] res://assets/shaders/impostor.gdshader — ок
[shaders] res://assets/shaders/sketch_id.gdshader — ок
[shaders] res://assets/shaders/sketch_depth.gdshader — ок
[shaders] res://assets/shaders/sketch_normal.gdshader — ок
[bootstrap] MaxFps=60, VSync=Disabled
[устройство] Windows, построение полное, уровень при запуске, журнал в res://logs, ядер 8
[bootstrap] StartupMode = Level
[разведка] поле 241x241 за 10258 мс, место (10,6, -52,3) км от середины территории
[нрав] поднятие 7,8 м (разброс 2,38, период 17 км), врез 31, осыпание 0,014, итераций 365
[фон-эрозия] поле 961x961 за 189629 мс
[высоты] размах поля 6128 м, сжатие 0,49, дно 1000 м, верх 4000 м
[озёра] залитых ячеек 157301 из 923521 (17,0% поля)
[плитка] 5 км, ячейка 30 м, за 6098 мс
[маршруты] окно 20 км: опор 62, рёбер 56, сеть 144,3 км, за 3697 мс
[пояса] лес 0,343, редколесье 0,482, альпика 0,586, осыпь 0,655, скала 0,725, снег 0,690
[пояса] пределы выборки 44,1..332,0 ед (1014..3893 м), смещение 57,2 ед
[фон-материал] шейдер рельефа, размах высот 101,4..389,3 ед
[рельеф] средний уклон 10,2°, p95 22,4°, перепад 1444 м, круче 35° 0%, доля дна 43%, шпилей 179  <-- ПОЛОГО  <-- ШПИЛИ
[старт] пояс Lake, высота 2343 м
[старт] опора сети: вид 75%, (594, -459), сток 6, в 7,5 км от середины поля при пределе 172,8; опор всего 62
[дыра] высоты в точке старта: поле 2343 м, меш 2395 м, разница -52 м; накрывает кольцо 0, ячейка 120 м
[дыра] камера обхода садится на высоту ПОЛЯ, а видит меш: камера ПОД ПОВЕРХНОСТЬЮ на 52 м
[дыра] треугольников рельефа вокруг точки: в 100 м — 3, в 500 м — 108, в 2000 м — 1747
[дыра] место разведки (10,6, -52,3) км от середины территории; игрок в 7507 м от середины ПОЛЯ
[дыра] половины колец, км: 0:57,6
[покров] по площади (13271 км²): Water 18,0%, Grassland 18,5%, Forest 23,8%, Shrubland 20,4%, Alpine 9,9%, Scree 3,6%, Rock 0,4%, Snow 5,4%
[вода] ячеек покрова по кольцам: 120м:166349
[дренаж] сетка 241, область 115 км, 77 мс
[рельеф-отчёт] D:/Godot/ColoringBook/logs\20260818_162127_terrain.json
[рельеф-сетки] D:/Godot/ColoringBook/logs\20260818_162127_terrain.bin
[журнал] D:/Godot/ColoringBook/logs\20260818_161721_session.log
[фон-щели] одиночных рёбер 3840, из них на внешнем крае есть; радиусы от 5760 до 5760 ед (границы колец: 5760)
[фон-меш] рельеф: граней вверх 1843200, вниз 0 (0,0%), вырожденных 0 | расхождение на стыке колец 0,0 м
[фон-пандус] наибольший уклон переходной полосы 0,0°, ширина полосы 8 ячеек (960..480 м)
[фон] колец 1, шаг 120..120 м, область 115 км, четырёхугольников 921600, треугольников 1843200
[растительность] ОТКЛЮЧЕНА (LevelView3D.VegetationOn = false)
[время] рельеф и меш: 244683 мс
--- Seed 42 | Season Summer ---
уровень из колец, сид 42
[камера] обзор на (594, -459), наклон 35°, удаление 2,2 км
[bootstrap] mode=Level (main scene). P = switch to plant gallery.
[bootstrap] galleryActive=False regions=0 | terrain: mesh=null visible=True | rivers: mesh=null visible=True | water: mesh=null visible=True | vegRoot: children=0 visible=True | galleryRoot=none
[PERF] fps=60,0 frame=2,50ms draw=7 prim=1844376 obj=589 vram=385,6MB tex=81,8MB | veg: full=0 lod1=0 hide=0 instVis=0 instHide=0 chunks=0
[PERF] fps=60,0 frame=1,79ms draw=7 prim=1844376 obj=589 vram=385,6MB tex=81,8MB | veg: full=0 lod1=0 hide=0 instVis=0 instHide=0 chunks=0
[PERF] fps=60,0 frame=2,39ms draw=7 prim=1844376 obj=589 vram=385,6MB tex=81,8MB | veg: full=0 lod1=0 hide=0 instVis=0 instHide=0 chunks=0
[PERF] fps=60,0 frame=2,19ms draw=7 prim=1844360 obj=581 vram=385,6MB tex=81,8MB | veg: full=0 lod1=0 hide=0 instVis=0 instHide=0 chunks=0
[PERF] fps=60,0 frame=1,79ms draw=7 prim=1844364 obj=583 vram=385,6MB tex=81,8MB | veg: full=0 lod1=0 hide=0 instVis=0 instHide=0 chunks=0
[PERF] fps=60,0 frame=1,74ms draw=7 prim=1844368 obj=585 vram=385,6MB tex=81,8MB | veg: full=0 lod1=0 hide=0 instVis=0 instHide=0 chunks=0
[PERF] fps=60,0 frame=1,70ms draw=7 prim=1844368 obj=585 vram=385,6MB tex=81,8MB | veg: full=0 lod1=0 hide=0 instVis=0 instHide=0 chunks=0
[обход] 18 поз: весь уровень, четверти, глаз из (594, -459), шар
[telemetry] обход уровня записан: D:/Godot/ColoringBook/logs\20260818_132157_seed42_sweep.json
[обход] 18 поз: весь уровень, четверти, глаз из (594, -459), шар
[кадр] весь уровень сверху: неба 51%, пятен 4, крупнейшее 56%, ПУСТОТЫ 48% (в нижней половине 48%)
[sketch] шаблон: областей 1, из них удобных без увеличения 0, крупных заливок 1, непригодных 0; самая большая занимает 100% кадра, чернил 0,0%
[sketch] обход весь уровень сверху: шаблон: областей 1, из них удобных без увеличения 0, крупных заливок 1, непригодных 0; самая большая занимает 100% кадра, чернил 0,0%
[кадр] весь уровень косо 0°: неба 42%, пятен 6, крупнейшее 46%, ПУСТОТЫ 41% (в нижней половине 6%)
[sketch] шаблон: областей 1, из них удобных без увеличения 0, крупных заливок 1, непригодных 0; самая большая занимает 100% кадра, чернил 0,0%
[sketch] обход весь уровень косо 0°: шаблон: областей 1, из них удобных без увеличения 0, крупных заливок 1, непригодных 0; самая большая занимает 100% кадра, чернил 0,0%
[кадр] весь уровень косо 120°: неба 42%, пятен 6, крупнейшее 50%, ПУСТОТЫ 39% (в нижней половине 4%)
[sketch] шаблон: областей 1, из них удобных без увеличения 0, крупных заливок 1, непригодных 0; самая большая занимает 100% кадра, чернил 0,0%
[sketch] обход весь уровень косо 120°: шаблон: областей 1, из них удобных без увеличения 0, крупных заливок 1, непригодных 0; самая большая занимает 100% кадра, чернил 0,0%
[кадр] весь уровень косо 240°: неба 45%, пятен 5, крупнейшее 52%, ПУСТОТЫ 39% (в нижней половине 5%)
[sketch] шаблон: областей 1, из них удобных без увеличения 0, крупных заливок 1, непригодных 0; самая большая занимает 100% кадра, чернил 0,0%
[sketch] обход весь уровень косо 240°: шаблон: областей 1, из них удобных без увеличения 0, крупных заливок 1, непригодных 0; самая большая занимает 100% кадра, чернил 0,0%
[кадр] четверть 1: неба 34%, пятен 7, крупнейшее 28%, ПУСТОТЫ 28% (в нижней половине 1%)
[sketch] шаблон: областей 1, из них удобных без увеличения 0, крупных заливок 1, непригодных 0; самая большая занимает 100% кадра, чернил 0,0%
[sketch] обход четверть 1: шаблон: областей 1, из них удобных без увеличения 0, крупных заливок 1, непригодных 0; самая большая занимает 100% кадра, чернил 0,0%
[кадр] четверть 2: неба 32%, пятен 10, крупнейшее 30%, ПУСТОТЫ 29% (в нижней половине 2%)
[sketch] шаблон: областей 1, из них удобных без увеличения 0, крупных заливок 1, непригодных 0; самая большая занимает 100% кадра, чернил 0,0%
[sketch] обход четверть 2: шаблон: областей 1, из них удобных без увеличения 0, крупных заливок 1, непригодных 0; самая большая занимает 100% кадра, чернил 0,0%
[кадр] четверть 3: неба 36%, пятен 4, крупнейшее 61%, ПУСТОТЫ 35% (в нижней половине 3%)
[sketch] шаблон: областей 1, из них удобных без увеличения 0, крупных заливок 1, непригодных 0; самая большая занимает 100% кадра, чернил 0,0%
[sketch] обход четверть 3: шаблон: областей 1, из них удобных без увеличения 0, крупных заливок 1, непригодных 0; самая большая занимает 100% кадра, чернил 0,0%
[кадр] четверть 4: неба 37%, пятен 6, крупнейшее 49%, ПУСТОТЫ 34% (в нижней половине 1%)
[sketch] шаблон: областей 1, из них удобных без увеличения 0, крупных заливок 1, непригодных 0; самая большая занимает 100% кадра, чернил 0,0%
[sketch] обход четверть 4: шаблон: областей 1, из них удобных без увеличения 0, крупных заливок 1, непригодных 0; самая большая занимает 100% кадра, чернил 0,0%
[PERF] fps=4,0 frame=1156,71ms draw=8 prim=3687576 obj=590 vram=423,9MB tex=112,8MB | veg: full=0 lod1=0 hide=0 instVis=0 instHide=0 chunks=0
[кадр] глаз 0°: неба 50%, пятен 7, крупнейшее 51%, ПУСТОТЫ 51% (в нижней половине 100%)
[sketch] шаблон: областей 6, из них удобных без увеличения 4, крупных заливок 2, непригодных 0; самая большая занимает 55% кадра, чернил 2,3%
[sketch] обход глаз 0°: шаблон: областей 6, из них удобных без увеличения 4, крупных заливок 2, непригодных 0; самая большая занимает 55% кадра, чернил 2,3%
[кадр] глаз 45°: неба 51%, пятен 3, крупнейшее 55%, ПУСТОТЫ 52% (в нижней половине 100%)
[sketch] шаблон: областей 5, из них удобных без увеличения 4, крупных заливок 1, непригодных 0; самая большая занимает 76% кадра, чернил 2,0%
[sketch] обход глаз 45°: шаблон: областей 5, из них удобных без увеличения 4, крупных заливок 1, непригодных 0; самая большая занимает 76% кадра, чернил 2,0%
[кадр] глаз 90°: неба 51%, пятен 4, крупнейшее 55%, ПУСТОТЫ 52% (в нижней половине 100%)
[sketch] шаблон: областей 6, из них удобных без увеличения 4, крупных заливок 2, непригодных 0; самая большая занимает 54% кадра, чернил 2,1%
[sketch] обход глаз 90°: шаблон: областей 6, из них удобных без увеличения 4, крупных заливок 2, непригодных 0; самая большая занимает 54% кадра, чернил 2,1%
[кадр] глаз 135°: неба 51%, пятен 3, крупнейшее 55%, ПУСТОТЫ 52% (в нижней половине 100%)
[sketch] шаблон: областей 6, из них удобных без увеличения 4, крупных заливок 2, непригодных 0; самая большая занимает 54% кадра, чернил 2,1%
[sketch] обход глаз 135°: шаблон: областей 6, из них удобных без увеличения 4, крупных заливок 2, непригодных 0; самая большая занимает 54% кадра, чернил 2,1%
[кадр] глаз 180°: неба 51%, пятен 3, крупнейшее 52%, ПУСТОТЫ 52% (в нижней половине 100%)
[sketch] шаблон: областей 6, из них удобных без увеличения 4, крупных заливок 2, непригодных 0; самая большая занимает 55% кадра, чернил 2,1%
[sketch] обход глаз 180°: шаблон: областей 6, из них удобных без увеличения 4, крупных заливок 2, непригодных 0; самая большая занимает 55% кадра, чернил 2,1%
[кадр] глаз 225°: неба 51%, пятен 4, крупнейшее 52%, ПУСТОТЫ 52% (в нижней половине 100%)
[sketch] шаблон: областей 9, из них удобных без увеличения 5, крупных заливок 2, непригодных 0; самая большая занимает 55% кадра, чернил 2,1%
[sketch] обход глаз 225°: шаблон: областей 9, из них удобных без увеличения 5, крупных заливок 2, непригодных 0; самая большая занимает 55% кадра, чернил 2,1%
[кадр] глаз 270°: неба 50%, пятен 4, крупнейшее 51%, ПУСТОТЫ 52% (в нижней половине 100%)
[sketch] шаблон: областей 7, из них удобных без увеличения 5, крупных заливок 2, непригодных 0; самая большая занимает 55% кадра, чернил 2,3%
[sketch] обход глаз 270°: шаблон: областей 7, из них удобных без увеличения 5, крупных заливок 2, непригодных 0; самая большая занимает 55% кадра, чернил 2,3%
[кадр] глаз 315°: неба 51%, пятен 6, крупнейшее 52%, ПУСТОТЫ 52% (в нижней половине 100%)
[sketch] шаблон: областей 6, из них удобных без увеличения 4, крупных заливок 2, непригодных 0; самая большая занимает 55% кадра, чернил 2,1%
[sketch] обход глаз 315°: шаблон: областей 6, из них удобных без увеличения 4, крупных заливок 2, непригодных 0; самая большая занимает 55% кадра, чернил 2,1%
[кадр] шар 0°: неба 33%, пятен 6, крупнейшее 33%, ПУСТОТЫ 33% (в нижней половине 0%)
[sketch] шаблон: областей 2, из них удобных без увеличения 0, крупных заливок 2, непригодных 0; самая большая занимает 62% кадра, чернил 0,4%
[sketch] обход шар 0°: шаблон: областей 2, из них удобных без увеличения 0, крупных заливок 2, непригодных 0; самая большая занимает 62% кадра, чернил 0,4%
[PERF] fps=4,0 frame=1310,06ms draw=7 prim=1844376 obj=589 vram=406,6MB tex=96,8MB | veg: full=0 lod1=0 hide=0 instVis=0 instHide=0 chunks=0
[кадр] шар 180°: неба 35%, пятен 5, крупнейшее 63%, ПУСТОТЫ 32% (в нижней половине 0%)
[sketch] шаблон: областей 2, из них удобных без увеличения 0, крупных заливок 2, непригодных 0; самая большая занимает 63% кадра, чернил 0,4%
[sketch] обход шар 180°: шаблон: областей 2, из них удобных без увеличения 0, крупных заливок 2, непригодных 0; самая большая занимает 63% кадра, чернил 0,4%
[telemetry] снимков сохранено: 18 в D:/Godot/ColoringBook/logs\20260818_132157_seed42_sweep_shots
[PERF] fps=60,0 frame=1,78ms draw=7 prim=1844368 obj=585 vram=391,1MB tex=81,8MB | veg: full=0 lod1=0 hide=0 instVis=0 instHide=0 chunks=0
[PERF] fps=60,0 frame=1,70ms draw=7 prim=1844368 obj=585 vram=391,1MB tex=81,8MB | veg: full=0 lod1=0 hide=0 instVis=0 instHide=0 chunks=0
[PERF] fps=60,0 frame=1,72ms draw=7 prim=1844368 obj=585 vram=391,1MB tex=81,8MB | veg: full=0 lod1=0 hide=0 instVis=0 instHide=0 chunks=0
[PERF] fps=60,0 frame=1,81ms draw=7 prim=1844368 obj=585 vram=391,1MB tex=81,8MB | veg: full=0 lod1=0 hide=0 instVis=0 instHide=0 chunks=0
[PERF] fps=60,0 frame=1,77ms draw=7 prim=1844368 obj=585 vram=391,1MB tex=81,8MB | veg: full=0 lod1=0 hide=0 instVis=0 instHide=0 chunks=0
[PERF] fps=60,0 frame=1,72ms draw=7 prim=1844368 obj=585 vram=391,1MB tex=81,8MB | veg: full=0 lod1=0 hide=0 instVis=0 instHide=0 chunks=0
[PERF] fps=60,0 frame=1,72ms draw=7 prim=1844368 obj=585 vram=391,1MB tex=81,8MB | veg: full=0 lod1=0 hide=0 instVis=0 instHide=0 chunks=0
[PERF] fps=60,0 frame=1,76ms draw=7 prim=1844368 obj=585 vram=391,1MB tex=81,8MB | veg: full=0 lod1=0 hide=0 instVis=0 instHide=0 chunks=0
[PERF] fps=60,0 frame=1,91ms draw=7 prim=1844368 obj=585 vram=391,1MB tex=81,8MB | veg: full=0 lod1=0 hide=0 instVis=0 instHide=0 chunks=0
[PERF] fps=60,0 frame=1,75ms draw=7 prim=1844368 obj=585 vram=391,1MB tex=81,8MB | veg: full=0 lod1=0 hide=0 instVis=0 instHide=0 chunks=0
[PERF] fps=60,0 frame=2,90ms draw=7 prim=1844368 obj=585 vram=391,1MB tex=81,8MB | veg: full=0 lod1=0 hide=0 instVis=0 instHide=0 chunks=0
[PERF] fps=60,0 frame=1,91ms draw=7 prim=1844368 obj=585 vram=391,1MB tex=81,8MB | veg: full=0 lod1=0 hide=0 instVis=0 instHide=0 chunks=0
[PERF] fps=60,0 frame=1,83ms draw=7 prim=1844376 obj=589 vram=391,1MB tex=81,8MB | veg: full=0 lod1=0 hide=0 instVis=0 instHide=0 chunks=0
[PERF] fps=60,0 frame=1,98ms draw=7 prim=1844376 obj=589 vram=391,1MB tex=81,8MB | veg: full=0 lod1=0 hide=0 instVis=0 instHide=0 chunks=0
