ColoringBook — журнал запуска 2026-08-18 15:59:15
[bootstrap] каталог логов: D:/Godot/ColoringBook/logs
PlantCatalog ready: 9 variants x kinds
=== ColoringBook Bootstrap | BUILD STAMP: 2026-08-18-V343 (горные ручьи; предел сжатия опущен — снег 29% -> должен упасть)
[shaders] res://assets/shaders/terrain.gdshader — ок
[shaders] res://assets/shaders/water.gdshader — ок
[shaders] res://assets/shaders/foliage.gdshader — ок
[shaders] res://assets/shaders/impostor.gdshader — ок
[shaders] res://assets/shaders/sketch_id.gdshader — ок
[shaders] res://assets/shaders/sketch_depth.gdshader — ок
[shaders] res://assets/shaders/sketch_normal.gdshader — ок
[bootstrap] MaxFps=60, VSync=Disabled
[устройство] Windows, построение полное, уровень при запуске, журнал в res://logs, ядер 8
[bootstrap] StartupMode = Level
[разведка] поле 241x241 за 12332 мс, место (27,8, 40,8) км от середины территории
[нрав] поднятие 21,7 м (разброс 2,38, период 17 км), врез 31, осыпание 0,014, итераций 365
[фон-эрозия] поле 961x961 за 219571 мс
[высоты] размах поля 17549 м, сжатие 0,17, дно 1000 м, верх 4000 м
[озёра] залитых ячеек 92991 из 923521 (10,1% поля)
[плитка] 5 км, ячейка 30 м, за 6841 мс
[маршруты] окно 20 км: опор 36, рёбер 3, сеть 5,0 км, за 525 мс
[пояса] лес 0,341, редколесье 0,477, альпика 0,580, осыпь 0,648, скала 0,716, снег 0,682
[пояса] пределы выборки 12,2..305,5 ед (1000..3933 м), смещение 87,8 ед
[фон-материал] шейдер рельефа, размах высот 100,0..393,3 ед
[рельеф] средний уклон 10,2°, p95 22,4°, перепад 1444 м, круче 35° 0%, доля дна 43%, шпилей 179  <-- ПОЛОГО  <-- ШПИЛИ
[старт] пояс Forest, высота 2224 м
[старт] опора сети: вид 70%, (-297, -657), сток 1, в 7,2 км от середины поля при пределе 172,8; опор всего 36
[дыра] высоты в точке старта: поле 2224 м, меш 2223 м, разница 2 м; накрывает кольцо 0, ячейка 120 м
[дыра] камера обхода садится на высоту ПОЛЯ, а видит меш: камера НАД поверхностью на 2 м
[дыра] треугольников рельефа вокруг точки: в 100 м — 4, в 500 м — 114, в 2000 м — 1742
[дыра] место разведки (27,8, 40,8) км от середины территории; игрок в 7210 м от середины ПОЛЯ
[дыра] половины колец, км: 0:57,6
[покров] по площади (13271 км²): Water 11,3%, Grassland 46,7%, Forest 26,5%, Shrubland 10,6%, Alpine 2,3%, Scree 1,7%, Rock 0,3%, Snow 0,6%
[вода] ячеек покрова по кольцам: 120м:104340
[дренаж] сетка 241, область 115 км, 102 мс
[рельеф-отчёт] D:/Godot/ColoringBook/logs\20260818_160349_terrain.json
[рельеф-сетки] D:/Godot/ColoringBook/logs\20260818_160349_terrain.bin
[журнал] D:/Godot/ColoringBook/logs\20260818_155915_session.log
[фон-щели] одиночных рёбер 3840, из них на внешнем крае есть; радиусы от 5760 до 5760 ед (границы колец: 5760)
[фон-меш] рельеф: граней вверх 1843200, вниз 0 (0,0%), вырожденных 0 | расхождение на стыке колец 0,0 м
[фон-пандус] наибольший уклон переходной полосы 0,0°, ширина полосы 8 ячеек (960..480 м)
[фон] колец 1, шаг 120..120 м, область 115 км, четырёхугольников 921600, треугольников 1843200
[растительность] ОТКЛЮЧЕНА (LevelView3D.VegetationOn = false)
[время] рельеф и меш: 274118 мс
--- Seed 42 | Season Summer ---
уровень из колец, сид 42
[камера] обзор на (-297, -657), наклон 35°, удаление 2,2 км
[bootstrap] mode=Level (main scene). P = switch to plant gallery.
[bootstrap] galleryActive=False regions=0 | terrain: mesh=null visible=True | rivers: mesh=null visible=True | water: mesh=null visible=True | vegRoot: children=0 visible=True | galleryRoot=none
[PERF] fps=60,0 frame=2,59ms draw=7 prim=1844388 obj=595 vram=389,9MB tex=81,8MB | veg: full=0 lod1=0 hide=0 instVis=0 instHide=0 chunks=0
[PERF] fps=60,0 frame=1,90ms draw=7 prim=1844388 obj=595 vram=389,9MB tex=81,8MB | veg: full=0 lod1=0 hide=0 instVis=0 instHide=0 chunks=0
[PERF] fps=60,0 frame=2,51ms draw=7 prim=1844380 obj=591 vram=389,9MB tex=81,8MB | veg: full=0 lod1=0 hide=0 instVis=0 instHide=0 chunks=0
[PERF] fps=60,0 frame=2,30ms draw=7 prim=1844380 obj=591 vram=389,9MB tex=81,8MB | veg: full=0 lod1=0 hide=0 instVis=0 instHide=0 chunks=0
[обход] 18 поз: весь уровень, четверти, глаз из (-297, -657), шар
[telemetry] обход уровня записан: D:/Godot/ColoringBook/logs\20260818_130408_seed42_sweep.json
[обход] 18 поз: весь уровень, четверти, глаз из (-297, -657), шар
[кадр] весь уровень сверху: неба 48%, пятен 4, крупнейшее 57%, ПУСТОТЫ 49% (в нижней половине 49%)
[sketch] шаблон: областей 1, из них удобных без увеличения 0, крупных заливок 1, непригодных 0; самая большая занимает 100% кадра, чернил 0,0%
[sketch] обход весь уровень сверху: шаблон: областей 1, из них удобных без увеличения 0, крупных заливок 1, непригодных 0; самая большая занимает 100% кадра, чернил 0,0%
[кадр] весь уровень косо 0°: неба 41%, пятен 4, крупнейшее 59%, ПУСТОТЫ 41% (в нижней половине 7%)
[sketch] шаблон: областей 1, из них удобных без увеличения 0, крупных заливок 1, непригодных 0; самая большая занимает 100% кадра, чернил 0,0%
[sketch] обход весь уровень косо 0°: шаблон: областей 1, из них удобных без увеличения 0, крупных заливок 1, непригодных 0; самая большая занимает 100% кадра, чернил 0,0%
[кадр] весь уровень косо 120°: неба 39%, пятен 5, крупнейшее 59%, ПУСТОТЫ 40% (в нижней половине 5%)
[sketch] шаблон: областей 1, из них удобных без увеличения 0, крупных заливок 1, непригодных 0; самая большая занимает 100% кадра, чернил 0,0%
[sketch] обход весь уровень косо 120°: шаблон: областей 1, из них удобных без увеличения 0, крупных заливок 1, непригодных 0; самая большая занимает 100% кадра, чернил 0,0%
[кадр] весь уровень косо 240°: неба 40%, пятен 4, крупнейшее 62%, ПУСТОТЫ 40% (в нижней половине 5%)
[sketch] шаблон: областей 1, из них удобных без увеличения 0, крупных заливок 1, непригодных 0; самая большая занимает 100% кадра, чернил 0,0%
[sketch] обход весь уровень косо 240°: шаблон: областей 1, из них удобных без увеличения 0, крупных заливок 1, непригодных 0; самая большая занимает 100% кадра, чернил 0,0%
[PERF] fps=2,0 frame=421,54ms draw=8 prim=3687592 obj=598 vram=427,3MB tex=112,8MB | veg: full=0 lod1=0 hide=0 instVis=0 instHide=0 chunks=0
[кадр] четверть 1: неба 30%, пятен 8, крупнейшее 30%, ПУСТОТЫ 30% (в нижней половине 3%)
[sketch] шаблон: областей 1, из них удобных без увеличения 0, крупных заливок 1, непригодных 0; самая большая занимает 100% кадра, чернил 0,0%
[sketch] обход четверть 1: шаблон: областей 1, из них удобных без увеличения 0, крупных заливок 1, непригодных 0; самая большая занимает 100% кадра, чернил 0,0%
[кадр] четверть 2: неба 29%, пятен 7, крупнейшее 30%, ПУСТОТЫ 29% (в нижней половине 2%)
[sketch] шаблон: областей 1, из них удобных без увеличения 0, крупных заливок 1, непригодных 0; самая большая занимает 100% кадра, чернил 0,0%
[sketch] обход четверть 2: шаблон: областей 1, из них удобных без увеличения 0, крупных заливок 1, непригодных 0; самая большая занимает 100% кадра, чернил 0,0%
[кадр] четверть 3: неба 35%, пятен 4, крупнейшее 63%, ПУСТОТЫ 35% (в нижней половине 3%)
[sketch] шаблон: областей 1, из них удобных без увеличения 0, крупных заливок 1, непригодных 0; самая большая занимает 100% кадра, чернил 0,0%
[sketch] обход четверть 3: шаблон: областей 1, из них удобных без увеличения 0, крупных заливок 1, непригодных 0; самая большая занимает 100% кадра, чернил 0,0%
[кадр] четверть 4: неба 34%, пятен 3, крупнейшее 65%, ПУСТОТЫ 35% (в нижней половине 2%)
[sketch] шаблон: областей 1, из них удобных без увеличения 0, крупных заливок 1, непригодных 0; самая большая занимает 100% кадра, чернил 0,0%
[sketch] обход четверть 4: шаблон: областей 1, из них удобных без увеличения 0, крупных заливок 1, непригодных 0; самая большая занимает 100% кадра, чернил 0,0%
[кадр] глаз 0°: неба 34%, пятен 3, крупнейшее 57%, ПУСТОТЫ 35% (в нижней половине 71%)
[sketch] шаблон: областей 11, из них удобных без увеличения 4, крупных заливок 3, непригодных 0; самая большая занимает 41% кадра, чернил 1,8%
[sketch] обход глаз 0°: шаблон: областей 11, из них удобных без увеличения 4, крупных заливок 3, непригодных 0; самая большая занимает 41% кадра, чернил 1,8%
[кадр] глаз 45°: неба 35%, пятен 3, крупнейшее 57%, ПУСТОТЫ 36% (в нижней половине 72%)
[sketch] шаблон: областей 15, из них удобных без увеличения 8, крупных заливок 3, непригодных 0; самая большая занимает 43% кадра, чернил 2,0%
[sketch] обход глаз 45°: шаблон: областей 15, из них удобных без увеличения 8, крупных заливок 3, непригодных 0; самая большая занимает 43% кадра, чернил 2,0%
[кадр] глаз 90°: неба 34%, пятен 5, крупнейшее 55%, ПУСТОТЫ 36% (в нижней половине 71%)
[sketch] шаблон: областей 10, из них удобных без увеличения 4, крупных заливок 2, непригодных 0; самая большая занимает 47% кадра, чернил 1,6%
[sketch] обход глаз 90°: шаблон: областей 10, из них удобных без увеличения 4, крупных заливок 2, непригодных 0; самая большая занимает 47% кадра, чернил 1,6%
[кадр] глаз 135°: неба 37%, пятен 8, крупнейшее 47%, ПУСТОТЫ 38% (в нижней половине 75%)
[sketch] шаблон: областей 9, из них удобных без увеличения 3, крупных заливок 3, непригодных 0; самая большая занимает 50% кадра, чернил 1,3%
[sketch] обход глаз 135°: шаблон: областей 9, из них удобных без увеличения 3, крупных заливок 3, непригодных 0; самая большая занимает 50% кадра, чернил 1,3%
[кадр] глаз 180°: неба 38%, пятен 6, крупнейшее 48%, ПУСТОТЫ 39% (в нижней половине 78%)
[sketch] шаблон: областей 9, из них удобных без увеличения 5, крупных заливок 2, непригодных 0; самая большая занимает 48% кадра, чернил 1,4%
[sketch] обход глаз 180°: шаблон: областей 9, из них удобных без увеличения 5, крупных заливок 2, непригодных 0; самая большая занимает 48% кадра, чернил 1,4%
[PERF] fps=2,0 frame=339,42ms draw=8 prim=3687592 obj=598 vram=426,8MB tex=112,8MB | veg: full=0 lod1=0 hide=0 instVis=0 instHide=0 chunks=0
[кадр] глаз 225°: неба 35%, пятен 6, крупнейшее 49%, ПУСТОТЫ 36% (в нижней половине 72%)
[sketch] шаблон: областей 14, из них удобных без увеличения 9, крупных заливок 2, непригодных 0; самая большая занимает 44% кадра, чернил 2,2%
[sketch] обход глаз 225°: шаблон: областей 14, из них удобных без увеличения 9, крупных заливок 2, непригодных 0; самая большая занимает 44% кадра, чернил 2,2%
[кадр] глаз 270°: неба 28%, пятен 6, крупнейшее 32%, ПУСТОТЫ 29% (в нижней половине 58%)
[sketch] шаблон: областей 9, из них удобных без увеличения 4, крупных заливок 3, непригодных 0; самая большая занимает 42% кадра, чернил 2,0%
[sketch] обход глаз 270°: шаблон: областей 9, из них удобных без увеличения 4, крупных заливок 3, непригодных 0; самая большая занимает 42% кадра, чернил 2,0%
[кадр] глаз 315°: неба 32%, пятен 6, крупнейшее 33%, ПУСТОТЫ 33% (в нижней половине 67%)
[sketch] шаблон: областей 8, из них удобных без увеличения 4, крупных заливок 3, непригодных 0; самая большая занимает 44% кадра, чернил 1,7%
[sketch] обход глаз 315°: шаблон: областей 8, из них удобных без увеличения 4, крупных заливок 3, непригодных 0; самая большая занимает 44% кадра, чернил 1,7%
[кадр] шар 0°: неба 33%, пятен 6, крупнейшее 33%, ПУСТОТЫ 34% (в нижней половине 0%)
[sketch] шаблон: областей 2, из них удобных без увеличения 0, крупных заливок 2, непригодных 0; самая большая занимает 55% кадра, чернил 0,4%
[sketch] обход шар 0°: шаблон: областей 2, из них удобных без увеличения 0, крупных заливок 2, непригодных 0; самая большая занимает 55% кадра, чернил 0,4%
[кадр] шар 180°: неба 33%, пятен 5, крупнейшее 33%, ПУСТОТЫ 33% (в нижней половине 0%)
[sketch] шаблон: областей 2, из них удобных без увеличения 0, крупных заливок 2, непригодных 0; самая большая занимает 60% кадра, чернил 0,4%
[sketch] обход шар 180°: шаблон: областей 2, из них удобных без увеличения 0, крупных заливок 2, непригодных 0; самая большая занимает 60% кадра, чернил 0,4%
[telemetry] снимков сохранено: 18 в D:/Godot/ColoringBook/logs\20260818_130408_seed42_sweep_shots
[PERF] fps=60,0 frame=2,30ms draw=7 prim=1844376 obj=589 vram=396,3MB tex=81,8MB | veg: full=0 lod1=0 hide=0 instVis=0 instHide=0 chunks=0
[PERF] fps=60,0 frame=1,91ms draw=7 prim=1844384 obj=593 vram=396,3MB tex=81,8MB | veg: full=0 lod1=0 hide=0 instVis=0 instHide=0 chunks=0
[PERF] fps=60,0 frame=1,73ms draw=7 prim=1844380 obj=591 vram=396,3MB tex=81,8MB | veg: full=0 lod1=0 hide=0 instVis=0 instHide=0 chunks=0
[PERF] fps=60,0 frame=1,80ms draw=7 prim=1844380 obj=591 vram=396,3MB tex=81,8MB | veg: full=0 lod1=0 hide=0 instVis=0 instHide=0 chunks=0
[PERF] fps=60,0 frame=1,97ms draw=7 prim=1844380 obj=591 vram=396,3MB tex=81,8MB | veg: full=0 lod1=0 hide=0 instVis=0 instHide=0 chunks=0
[PERF] fps=60,0 frame=2,38ms draw=7 prim=1844380 obj=591 vram=396,3MB tex=81,8MB | veg: full=0 lod1=0 hide=0 instVis=0 instHide=0 chunks=0
[PERF] fps=60,0 frame=1,78ms draw=7 prim=1844380 obj=591 vram=396,3MB tex=81,8MB | veg: full=0 lod1=0 hide=0 instVis=0 instHide=0 chunks=0
