ColoringBook — журнал запуска 2026-08-18 18:28:29
[bootstrap] каталог логов: D:/Godot/ColoringBook/logs
PlantCatalog ready: 9 variants x kinds
=== ColoringBook Bootstrap | BUILD STAMP: 2026-08-18-V352 (проверка мёртвого кода врала: вычищала строки, теряя вызовы внутри них)
[shaders] res://assets/shaders/terrain.gdshader — ок
[shaders] res://assets/shaders/water.gdshader — ок
[shaders] res://assets/shaders/foliage.gdshader — ок
[shaders] res://assets/shaders/impostor.gdshader — ок
[shaders] res://assets/shaders/sketch_id.gdshader — ок
[shaders] res://assets/shaders/sketch_depth.gdshader — ок
[shaders] res://assets/shaders/sketch_normal.gdshader — ок
[bootstrap] MaxFps=60, VSync=Disabled
[устройство] стол, поле полное, уровень при запуске, журнал в res://logs, ядер 8
[bootstrap] StartupMode = Level
[разведка] поле 241x241 за 12500 мс, место (-18,7, 1,0) км от середины территории
[нрав] поднятие 10,9 м (разброс 2,38, период 6 км), врез 31, осыпание 0,014, итераций 365
[фон-эрозия] поле 961x961 за 204595 мс
[высоты] размах поля 5948 м, дно 800 м, верх 6748 м
[озёра] залитых ячеек 156952 из 923521 (17,0% поля)
[плитка] 5 км, ячейка 30 м, за 6136 мс
[маршруты] окно 20 км: опор 84, рёбер 48, сеть 106,1 км, за 2503 мс
[пояса] лес 0,364, редколесье 0,487, альпика 0,552, осыпь 0,595, скала 0,647, снег 0,699
[пояса] пределы выборки 88,9..661,3 ед (805..6529 м), смещение -8,4 ед
[фон-материал] шейдер рельефа, размах высот 80,5..652,9 ед
[рельеф] средний уклон 22,5°, p95 48,9°, перепад 5490 м, круче 35° 18%, доля дна 24%, шпилей 349  <-- ШПИЛИ
[старт] пояс Shrubland, высота 3838 м
[старт] опора сети: вид 62%, (-648, -153), сток 3, в 6,7 км от середины поля при пределе 172,8; опор всего 84
[дыра] высоты в точке старта: поле 3838 м, меш 3837 м, разница 0 м; накрывает кольцо 0, ячейка 120 м
[дыра] камера обхода садится на высоту ПОЛЯ, а видит меш: камера НАД поверхностью на 0 м
[дыра] треугольников рельефа вокруг точки: в 100 м — 5, в 500 м — 110, в 2000 м — 1741
[дыра] место разведки (-18,7, 1,0) км от середины территории; игрок в 6658 м от середины ПОЛЯ
[дыра] половины колец, км: 0:57,6
[покров] по площади (13271 км²): Water 18,3%, Grassland 14,8%, Forest 14,2%, Shrubland 11,2%, Alpine 8,3%, Scree 12,7%, Rock 13,8%, Snow 6,7%
[вода] ячеек покрова по кольцам: 120м:168638
[дренаж] сетка 241, область 115 км, 102 мс
[рельеф-отчёт] D:/Godot/ColoringBook/logs\20260818_183247_terrain.json
[рельеф-сетки] D:/Godot/ColoringBook/logs\20260818_183247_terrain.bin
[журнал] D:/Godot/ColoringBook/logs\20260818_182829_session.log
[фон-щели] одиночных рёбер 3840, из них на внешнем крае есть; радиусы от 5760 до 5760 ед (границы колец: 5760)
[фон-меш] рельеф: граней вверх 1843200, вниз 0 (0,0%), вырожденных 0 | расхождение на стыке колец 0,0 м
[фон-пандус] наибольший уклон переходной полосы 0,0°, ширина полосы 8 ячеек (960..480 м)
[фон] колец 1, шаг 120..120 м, область 115 км, четырёхугольников 921600, треугольников 1843200
[растительность] ОТКЛЮЧЕНА (LevelView3D.VegetationOn = false)
[время] рельеф и меш: 256635 мс
--- Seed 42 | Season Summer ---
уровень из колец, сид 42
[камера] обзор на (-648, -153), наклон 35°, удаление 2,2 км
[bootstrap] mode=Level (main scene). P = switch to plant gallery.
[bootstrap] galleryActive=False regions=0 | terrain: mesh=null visible=True | rivers: mesh=null visible=True | water: mesh=null visible=True | vegRoot: children=0 visible=True | galleryRoot=none
[PERF] fps=60,0 frame=2,42ms draw=7 prim=1844384 obj=593 vram=388,9MB tex=81,8MB | veg: full=0 lod1=0 hide=0 instVis=0 instHide=0 chunks=0
[обход] 18 поз: весь уровень, четверти, глаз из (-648, -153), шар
[telemetry] обход уровня записан: D:/Godot/ColoringBook/logs\20260818_153317_seed42_sweep.json
[обход] 18 поз: весь уровень, четверти, глаз из (-648, -153), шар
[кадр] весь уровень сверху: неба 52%, пятен 3, крупнейшее 55%, ПУСТОТЫ 47% (в нижней половине 46%)
[sketch] шаблон: областей 1, из них удобных без увеличения 0, крупных заливок 1, непригодных 0; самая большая занимает 100% кадра, чернил 0,0%
[sketch] обход весь уровень сверху: шаблон: областей 1, из них удобных без увеличения 0, крупных заливок 1, непригодных 0; самая большая занимает 100% кадра, чернил 0,0%
[кадр] весь уровень косо 0°: неба 46%, пятен 7, крупнейшее 41%, ПУСТОТЫ 39% (в нижней половине 4%)
[sketch] шаблон: областей 1, из них удобных без увеличения 0, крупных заливок 1, непригодных 0; самая большая занимает 100% кадра, чернил 0,0%
[sketch] обход весь уровень косо 0°: шаблон: областей 1, из них удобных без увеличения 0, крупных заливок 1, непригодных 0; самая большая занимает 100% кадра, чернил 0,0%
[кадр] весь уровень косо 120°: неба 46%, пятен 6, крупнейшее 53%, ПУСТОТЫ 38% (в нижней половине 4%)
[sketch] шаблон: областей 1, из них удобных без увеличения 0, крупных заливок 1, непригодных 0; самая большая занимает 100% кадра, чернил 0,0%
[sketch] обход весь уровень косо 120°: шаблон: областей 1, из них удобных без увеличения 0, крупных заливок 1, непригодных 0; самая большая занимает 100% кадра, чернил 0,0%
[кадр] весь уровень косо 240°: неба 50%, пятен 5, крупнейшее 47%, ПУСТОТЫ 38% (в нижней половине 4%)
[sketch] шаблон: областей 1, из них удобных без увеличения 0, крупных заливок 1, непригодных 0; самая большая занимает 100% кадра, чернил 0,0%
[sketch] обход весь уровень косо 240°: шаблон: областей 1, из них удобных без увеличения 0, крупных заливок 1, непригодных 0; самая большая занимает 100% кадра, чернил 0,0%
[кадр] четверть 1: неба 37%, пятен 9, крупнейшее 56%, ПУСТОТЫ 30% (в нижней половине 3%)
[sketch] шаблон: областей 1, из них удобных без увеличения 0, крупных заливок 1, непригодных 0; самая большая занимает 100% кадра, чернил 0,0%
[sketch] обход четверть 1: шаблон: областей 1, из них удобных без увеличения 0, крупных заливок 1, непригодных 0; самая большая занимает 100% кадра, чернил 0,0%
[PERF] fps=2,0 frame=481,89ms draw=8 prim=3687592 obj=598 vram=425,8MB tex=112,8MB | veg: full=0 lod1=0 hide=0 instVis=0 instHide=0 chunks=0
[кадр] четверть 2: неба 39%, пятен 7, крупнейшее 53%, ПУСТОТЫ 29% (в нижней половине 2%)
[sketch] шаблон: областей 1, из них удобных без увеличения 0, крупных заливок 1, непригодных 0; самая большая занимает 100% кадра, чернил 0,0%
[sketch] обход четверть 2: шаблон: областей 1, из них удобных без увеличения 0, крупных заливок 1, непригодных 0; самая большая занимает 100% кадра, чернил 0,0%
[кадр] четверть 3: неба 41%, пятен 3, крупнейшее 52%, ПУСТОТЫ 36% (в нижней половине 4%)
[sketch] шаблон: областей 1, из них удобных без увеличения 0, крупных заливок 1, непригодных 0; самая большая занимает 100% кадра, чернил 0,0%
[sketch] обход четверть 3: шаблон: областей 1, из них удобных без увеличения 0, крупных заливок 1, непригодных 0; самая большая занимает 100% кадра, чернил 0,0%
[кадр] четверть 4: неба 37%, пятен 8, крупнейшее 52%, ПУСТОТЫ 33% (в нижней половине 1%)
[sketch] шаблон: областей 1, из них удобных без увеличения 0, крупных заливок 1, непригодных 0; самая большая занимает 100% кадра, чернил 0,0%
[sketch] обход четверть 4: шаблон: областей 1, из них удобных без увеличения 0, крупных заливок 1, непригодных 0; самая большая занимает 100% кадра, чернил 0,0%
[кадр] глаз 0°: неба 34%, пятен 5, крупнейшее 64%, ПУСТОТЫ 34% (в нижней половине 0%)
[sketch] шаблон: областей 4, из них удобных без увеличения 1, крупных заливок 3, непригодных 0; самая большая занимает 45% кадра, чернил 1,6%
[sketch] обход глаз 0°: шаблон: областей 4, из них удобных без увеличения 1, крупных заливок 3, непригодных 0; самая большая занимает 45% кадра, чернил 1,6%
[кадр] глаз 45°: неба 33%, пятен 5, крупнейшее 33%, ПУСТОТЫ 34% (в нижней половине 0%)
[sketch] шаблон: областей 10, из них удобных без увеличения 2, крупных заливок 3, непригодных 0; самая большая занимает 47% кадра, чернил 1,8%
[sketch] обход глаз 45°: шаблон: областей 10, из них удобных без увеличения 2, крупных заливок 3, непригодных 0; самая большая занимает 47% кадра, чернил 1,8%
[кадр] глаз 90°: неба 33%, пятен 7, крупнейшее 33%, ПУСТОТЫ 31% (в нижней половине 0%)
[sketch] шаблон: областей 10, из них удобных без увеличения 5, крупных заливок 3, непригодных 0; самая большая занимает 50% кадра, чернил 1,4%
[sketch] обход глаз 90°: шаблон: областей 10, из них удобных без увеличения 5, крупных заливок 3, непригодных 0; самая большая занимает 50% кадра, чернил 1,4%
[кадр] глаз 135°: неба 40%, пятен 3, крупнейшее 59%, ПУСТОТЫ 36% (в нижней половине 0%)
[sketch] шаблон: областей 7, из них удобных без увеличения 3, крупных заливок 2, непригодных 0; самая большая занимает 49% кадра, чернил 1,4%
[sketch] обход глаз 135°: шаблон: областей 7, из них удобных без увеличения 3, крупных заливок 2, непригодных 0; самая большая занимает 49% кадра, чернил 1,4%
[кадр] глаз 180°: неба 41%, пятен 4, крупнейшее 59%, ПУСТОТЫ 32% (в нижней половине 0%)
[sketch] шаблон: областей 4, из них удобных без увеличения 1, крупных заливок 3, непригодных 0; самая большая занимает 48% кадра, чернил 1,3%
[sketch] обход глаз 180°: шаблон: областей 4, из них удобных без увеличения 1, крупных заливок 3, непригодных 0; самая большая занимает 48% кадра, чернил 1,3%
[кадр] глаз 225°: неба 42%, пятен 4, крупнейшее 61%, ПУСТОТЫ 36% (в нижней половине 0%)
[sketch] шаблон: областей 8, из них удобных без увеличения 5, крупных заливок 2, непригодных 0; самая большая занимает 46% кадра, чернил 1,7%
[sketch] обход глаз 225°: шаблон: областей 8, из них удобных без увеличения 5, крупных заливок 2, непригодных 0; самая большая занимает 46% кадра, чернил 1,7%
[PERF] fps=6,0 frame=1693,19ms draw=8 prim=3687596 obj=600 vram=425,8MB tex=112,8MB | veg: full=0 lod1=0 hide=0 instVis=0 instHide=0 chunks=0
[кадр] глаз 270°: неба 42%, пятен 3, крупнейшее 62%, ПУСТОТЫ 36% (в нижней половине 0%)
[sketch] шаблон: областей 6, из них удобных без увеличения 2, крупных заливок 3, непригодных 0; самая большая занимает 45% кадра, чернил 1,4%
[sketch] обход глаз 270°: шаблон: областей 6, из них удобных без увеличения 2, крупных заливок 3, непригодных 0; самая большая занимает 45% кадра, чернил 1,4%
[кадр] глаз 315°: неба 40%, пятен 2, крупнейшее 64%, ПУСТОТЫ 40% (в нижней половине 0%)
[sketch] шаблон: областей 6, из них удобных без увеличения 4, крупных заливок 2, непригодных 0; самая большая занимает 44% кадра, чернил 1,3%
[sketch] обход глаз 315°: шаблон: областей 6, из них удобных без увеличения 4, крупных заливок 2, непригодных 0; самая большая занимает 44% кадра, чернил 1,3%
[кадр] шар 0°: неба 28%, пятен 7, крупнейшее 31%, ПУСТОТЫ 26% (в нижней половине 0%)
[sketch] шаблон: областей 2, из них удобных без увеличения 1, крупных заливок 1, непригодных 0; самая большая занимает 99% кадра, чернил 0,5%
[sketch] обход шар 0°: шаблон: областей 2, из них удобных без увеличения 1, крупных заливок 1, непригодных 0; самая большая занимает 99% кадра, чернил 0,5%
[кадр] шар 180°: неба 34%, пятен 4, крупнейшее 33%, ПУСТОТЫ 23% (в нижней половине 0%)
[sketch] шаблон: областей 2, из них удобных без увеличения 0, крупных заливок 2, непригодных 0; самая большая занимает 65% кадра, чернил 0,5%
[sketch] обход шар 180°: шаблон: областей 2, из них удобных без увеличения 0, крупных заливок 2, непригодных 0; самая большая занимает 65% кадра, чернил 0,5%
[telemetry] снимков сохранено: 18 в D:/Godot/ColoringBook/logs\20260818_153317_seed42_sweep_shots
[PERF] fps=56,0 frame=16,27ms draw=7 prim=1844388 obj=595 vram=394,4MB tex=81,8MB | veg: full=0 lod1=0 hide=0 instVis=0 instHide=0 chunks=0
[PERF] fps=60,0 frame=1,75ms draw=7 prim=1844384 obj=593 vram=394,4MB tex=81,8MB | veg: full=0 lod1=0 hide=0 instVis=0 instHide=0 chunks=0
[PERF] fps=60,0 frame=2,00ms draw=7 prim=1844384 obj=593 vram=394,4MB tex=81,8MB | veg: full=0 lod1=0 hide=0 instVis=0 instHide=0 chunks=0
[PERF] fps=60,0 frame=2,14ms draw=7 prim=1844384 obj=593 vram=394,4MB tex=81,8MB | veg: full=0 lod1=0 hide=0 instVis=0 instHide=0 chunks=0
[PERF] fps=60,0 frame=2,71ms draw=7 prim=1844384 obj=593 vram=394,4MB tex=81,8MB | veg: full=0 lod1=0 hide=0 instVis=0 instHide=0 chunks=0
[PERF] fps=60,0 frame=1,79ms draw=7 prim=1844384 obj=593 vram=394,4MB tex=81,8MB | veg: full=0 lod1=0 hide=0 instVis=0 instHide=0 chunks=0
[PERF] fps=60,0 frame=2,02ms draw=7 prim=1844384 obj=593 vram=394,4MB tex=81,8MB | veg: full=0 lod1=0 hide=0 instVis=0 instHide=0 chunks=0
[PERF] fps=60,0 frame=1,96ms draw=7 prim=1844384 obj=593 vram=394,4MB tex=81,8MB | veg: full=0 lod1=0 hide=0 instVis=0 instHide=0 chunks=0
[PERF] fps=60,0 frame=2,19ms draw=7 prim=1844384 obj=593 vram=394,4MB tex=81,8MB | veg: full=0 lod1=0 hide=0 instVis=0 instHide=0 chunks=0
[PERF] fps=59,0 frame=7,22ms draw=7 prim=1844384 obj=593 vram=394,4MB tex=81,8MB | veg: full=0 lod1=0 hide=0 instVis=0 instHide=0 chunks=0
